MPLINK 4.00, Linker
Linker Map File - Created Sun Nov 06 22:50:15 2005

                                 Section Info
                  Section       Type    Address   Location Size(Bytes)
                ---------  ---------  ---------  ---------  ---------
               _entry_scn       code   0x000000    program   0x000006
              high_vector       code   0x000008    program   0x000006
                   .cinit    romdata   0x00002a    program   0x00001a
             .code_main.o       code   0x000044    program   0x000a00
              .code_cdc.o       code   0x000a44    program   0x00037a
             .code_usb9.o       code   0x000dbe    program   0x000308
       .code_usbctrltrf.o       code   0x0010c6    program   0x000302
           .code_usbdrv.o       code   0x0013c8    program   0x000174
        .romdata_usbdsc.o    romdata   0x00153c    program   0x0000cd
         .idata_c018i.o_i    romdata   0x001609    program   0x000000
        .idata_usbdsc.o_i    romdata   0x001609    program   0x000000
       .romdata_usbmmap.o    romdata   0x001609    program   0x000000
       .idata_usbmmap.o_i    romdata   0x001609    program   0x000000
        .romdata_usbdrv.o    romdata   0x001609    program   0x000000
        .idata_usbdrv.o_i    romdata   0x001609    program   0x000000
    .romdata_usbctrltrf.o    romdata   0x001609    program   0x000000
    .idata_usbctrltrf.o_i    romdata   0x001609    program   0x000000
          .romdata_usb9.o    romdata   0x001609    program   0x000000
          .idata_usb9.o_i    romdata   0x001609    program   0x000000
         .romdata_c018i.o    romdata   0x001609    program   0x000000
           .romdata_cdc.o    romdata   0x001609    program   0x000000
           .idata_cdc.o_i    romdata   0x001609    program   0x000000
          .romdata_main.o    romdata   0x001609    program   0x000000
               _cinit_scn       code   0x00160a    program   0x00009e
           .code_usbdsc.o       code   0x00160a    program   0x000000
          .code_usbmmap.o       code   0x00160a    program   0x000000
            .code_c018i.o       code   0x00160a    program   0x000000
                   STDLIB       code   0x0016a8    program   0x00003c
                     PROG       code   0x0016e4    program   0x00003c
             _startup_scn       code   0x001720    program   0x000018
             .stringtable    romdata   0x001738    program   0x000003
              SEED_DATA_i    romdata   0x00173b    program   0x000002
          .idata_main.o_i    romdata   0x00173d    program   0x00000b
    .config_300000_main.o    romdata   0x300000    program   0x000001
    .config_300001_main.o    romdata   0x300001    program   0x000001
    .config_300002_main.o    romdata   0x300002    program   0x000001
    .config_300003_main.o    romdata   0x300003    program   0x000001
    .config_300005_main.o    romdata   0x300005    program   0x000001
    .config_300006_main.o    romdata   0x300006    program   0x000001
                MATH_DATA      udata   0x000000       data   0x000014
           ISRProcess_tmp      udata   0x000014       data   0x000002
                 .tmpdata      udata   0x000016       data   0x000002
            .udata_main.o      udata   0x000060       data   0x00009c
         .udata_usbmmap.o      udata   0x0000fc       data   0x000004
             .udata_cdc.o      udata   0x000100       data   0x00001b
            .idata_main.o      idata   0x00011b       data   0x00000b
           .udata_c018i.o      udata   0x000126       data   0x00000a
      .udata_usbctrltrf.o      udata   0x000130       data   0x000008
                SEED_DATA      idata   0x000138       data   0x000002
          .udata_usbdrv.o      udata   0x00013a       data   0x000002
      .idata_usbctrltrf.o      idata   0x00013c       data   0x000000
            .idata_usb9.o      idata   0x00013c       data   0x000000
          .idata_usbdrv.o      idata   0x00013c       data   0x000000
            .udata_usb9.o      udata   0x00013c       data   0x000000
         .idata_usbmmap.o      idata   0x00013c       data   0x000000
          .udata_usbdsc.o      udata   0x00013c       data   0x000000
          .idata_usbdsc.o      idata   0x00013c       data   0x000000
             .idata_cdc.o      idata   0x00013c       data   0x000000
           .idata_c018i.o      idata   0x00013c       data   0x000000
                   .stack      udata   0x000300       data   0x000100
                  usbram4      udata   0x000400       data   0x000030
                 usbram5a      udata   0x000500       data   0x000088
            SFR_UNBANKED0      udata   0x000f66       data   0x00009a



                              Program Memory Usage 
                               Start         End      
                           ---------   ---------      
                            0x000000    0x000005      
                            0x000008    0x00000d      
                            0x00002a    0x001608      
                            0x00160a    0x001747      
                            0x300000    0x300003      
                            0x300005    0x300006      
            5935 out of 33048 program addresses used, program memory utilization is 17%



                              Symbols - Sorted by Name
                     Name    Address   Location    Storage File                     
                ---------  ---------  ---------  --------- ---------                
                CDCInitEP   0x000b08    program     extern E:\usb20\lighting2\system\usb\class\cdc\cdc.c
             CDCTxService   0x000cce    program     extern E:\usb20\lighting2\system\usb\class\cdc\cdc.c
          ClassReqHandler   0x001607    program     extern E:\usb20\lighting2\autofiles\usbdsc.c
               ClearArray   0x001512    program     extern E:\usb20\lighting2\system\usb\usbdrv\usbdrv.c
                   EERead   0x0008b2    program     extern E:\usb20\lighting2\main.c
                  EEWrite   0x000880    program     extern E:\usb20\lighting2\main.c
                 FXM1616U   0x0016e4    program     extern C:\MCC18\SRC\TRADIT~1\MATH\fxm1616u.asm
               ISRProcess   0x000044    program     extern E:\usb20\lighting2\main.c
               Illuminate   0x000318    program     extern E:\usb20\lighting2\main.c
               InitEEPROM   0x0008d2    program     extern E:\usb20\lighting2\main.c
                    Setup   0x00057c    program     extern E:\usb20\lighting2\main.c
        USBCheckBusStatus   0x0013c8    program     extern E:\usb20\lighting2\system\usb\usbdrv\usbdrv.c
       USBCheckCDCRequest   0x000a44    program     extern E:\usb20\lighting2\system\usb\class\cdc\cdc.c
       USBCheckStdRequest   0x000dbe    program     extern E:\usb20\lighting2\system\usb\usb9\usb9.c
         USBCtrlEPService   0x0010c6    program     extern E:\usb20\lighting2\system\usb\usbctrltrf\usbctrltrf.c
 USBCtrlEPServiceComplete   0x001320    program     extern E:\usb20\lighting2\system\usb\usbctrltrf\usbctrltrf.c
      USBCtrlTrfInHandler   0x001188    program     extern E:\usb20\lighting2\system\usb\usbctrltrf\usbctrltrf.c
     USBCtrlTrfOutHandler   0x001168    program     extern E:\usb20\lighting2\system\usb\usbctrltrf\usbctrltrf.c
      USBCtrlTrfRxService   0x0012a2    program     extern E:\usb20\lighting2\system\usb\usbctrltrf\usbctrltrf.c
   USBCtrlTrfSetupHandler   0x0010fc    program     extern E:\usb20\lighting2\system\usb\usbctrltrf\usbctrltrf.c
      USBCtrlTrfTxService   0x0011c2    program     extern E:\usb20\lighting2\system\usb\usbctrltrf\usbctrltrf.c
         USBDriverService   0x001406    program     extern E:\usb20\lighting2\system\usb\usbdrv\usbdrv.c
          USBErrorHandler   0x0014ca    program     extern E:\usb20\lighting2\system\usb\usbdrv\usbdrv.c
         USBModuleDisable   0x0013f8    program     extern E:\usb20\lighting2\system\usb\usbdrv\usbdrv.c
          USBModuleEnable   0x0013ea    program     extern E:\usb20\lighting2\system\usb\usbdrv\usbdrv.c
USBPrepareForNextSetupTrf   0x0013ac    program     extern E:\usb20\lighting2\system\usb\usbctrltrf\usbctrltrf.c
  USBProtocolResetHandler   0x0014ce    program     extern E:\usb20\lighting2\system\usb\usbdrv\usbdrv.c
          USBRemoteWakeup   0x001494    program     extern E:\usb20\lighting2\system\usb\usbdrv\usbdrv.c
            USBSoftDetach   0x001402    program     extern E:\usb20\lighting2\system\usb\usbdrv\usbdrv.c
          USBStallHandler   0x0014bc    program     extern E:\usb20\lighting2\system\usb\usbdrv\usbdrv.c
  USBStdFeatureReqHandler   0x001024    program     extern E:\usb20\lighting2\system\usb\usb9\usb9.c
      USBStdGetDscHandler   0x000e80    program     extern E:\usb20\lighting2\system\usb\usb9\usb9.c
   USBStdGetStatusHandler   0x000f88    program     extern E:\usb20\lighting2\system\usb\usb9\usb9.c
      USBStdSetCfgHandler   0x000f38    program     extern E:\usb20\lighting2\system\usb\usb9\usb9.c
               USBSuspend   0x001484    program     extern E:\usb20\lighting2\system\usb\usbdrv\usbdrv.c
       USBWakeFromSuspend   0x00148c    program     extern E:\usb20\lighting2\system\usb\usbdrv\usbdrv.c
               USB_CD_Ptr   0x0015fd    program     extern E:\usb20\lighting2\autofiles\usbdsc.c
               USB_SD_Ptr   0x001601    program     extern E:\usb20\lighting2\autofiles\usbdsc.c
          USB_SOF_Handler   0x0014b8    program     extern E:\usb20\lighting2\system\usb\usbdrv\usbdrv.c
       ___return_lbl00000   0x00000c    program     static                          
       ___return_lbl00000   0x000004    program     static                          
       ___return_lbl00001   0x001736    program     static                          
       ___return_lbl00002   0x0016a6    program     static                          
       ___return_lbl00042   0x001534    program     static                          
        ___while_lbl00043   0x001526    program     static                          
        ___while_lbl00044   0x001534    program     static                          
               __config_0   0x300000    program     static E:\usb20\lighting2\main.c
               __config_1   0x300001    program     static E:\usb20\lighting2\main.c
               __config_2   0x300002    program     static E:\usb20\lighting2\main.c
               __config_3   0x300003    program     static E:\usb20\lighting2\main.c
               __config_4   0x300005    program     static E:\usb20\lighting2\main.c
               __config_5   0x300006    program     static E:\usb20\lighting2\main.c
               __string_0   0x001738    program     static E:\usb20\lighting2\main.c
                _do_cinit   0x00160a    program     extern C:\MCC18\src\traditional\startup\c018i.c
                   _entry   0x000000    program     extern C:\MCC18\src\traditional\startup\c018i.c
                 _startup   0x001720    program     extern C:\MCC18\src\traditional\startup\c018i.c
                    cfg01   0x00154e    program     extern E:\usb20\lighting2\autofiles\usbdsc.c
                copy_loop   0x00167c    program     static                          
            copy_one_byte   0x001682    program     static                          
               device_dsc   0x00153c    program     extern E:\usb20\lighting2\autofiles\usbdsc.c
                     done   0x0016a6    program     static                          
             done_copying   0x001690    program     static                          
             getsUSBUSART   0x000b58    program     extern E:\usb20\lighting2\system\usb\class\cdc\cdc.c
 interrupt_at_high_vector   0x000008    program     extern E:\usb20\lighting2\main.c
                     loop   0x001730    program     static                          
                     main   0x000164    program     extern E:\usb20\lighting2\main.c
            putrsUSBUSART   0x000c52    program     extern E:\usb20\lighting2\system\usb\class\cdc\cdc.c
             putsUSBUSART   0x000bd8    program     extern E:\usb20\lighting2\system\usb\class\cdc\cdc.c
                     rand   0x0016b6    program     extern C:\MCC18\SRC\TRADIT~1\STDCLIB\rand.asm
                    sd000   0x001591    program     extern E:\usb20\lighting2\autofiles\usbdsc.c
                    sd001   0x001595    program     extern E:\usb20\lighting2\autofiles\usbdsc.c
                    sd002   0x0015c9    program     extern E:\usb20\lighting2\autofiles\usbdsc.c
                    srand   0x0016a8    program     extern C:\MCC18\SRC\TRADIT~1\STDCLIB\rand.asm
                     test   0x001624    program     static                          
                   AARGB0   0x000009       data     extern C:\MCC18\SRC\TRADIT~1\MATH\aarg.asm
                   AARGB1   0x000008       data     extern C:\MCC18\SRC\TRADIT~1\MATH\aarg.asm
                   AARGB2   0x000007       data     extern C:\MCC18\SRC\TRADIT~1\MATH\aarg.asm
                   AARGB3   0x000006       data     extern C:\MCC18\SRC\TRADIT~1\MATH\aarg.asm
                   AARGB4   0x000005       data     extern C:\MCC18\SRC\TRADIT~1\MATH\aarg.asm
                   AARGB5   0x000004       data     extern C:\MCC18\SRC\TRADIT~1\MATH\aarg.asm
                   AARGB6   0x000003       data     extern C:\MCC18\SRC\TRADIT~1\MATH\aarg.asm
                   AARGB7   0x000002       data     extern C:\MCC18\SRC\TRADIT~1\MATH\aarg.asm
                   ADCON0   0x000fc2       data     extern C:\MCC18\SRC\TRADIT~1\PROC\p18f2550.asm
               ADCON0bits   0x000fc2       data     extern C:\MCC18\SRC\TRADIT~1\PROC\p18f2550.asm
                   ADCON1   0x000fc1       data     extern C:\MCC18\SRC\TRADIT~1\PROC\p18f2550.asm
               ADCON1bits   0x000fc1       data     extern C:\MCC18\SRC\TRADIT~1\PROC\p18f2550.asm
                   ADCON2   0x000fc0       data     extern C:\MCC18\SRC\TRADIT~1\PROC\p18f2550.asm
               ADCON2bits   0x000fc0       data     extern C:\MCC18\SRC\TRADIT~1\PROC\p18f2550.asm
                    ADRES   0x000fc3       data     extern C:\MCC18\SRC\TRADIT~1\PROC\p18f2550.asm
                   ADRESH   0x000fc4       data     extern C:\MCC18\SRC\TRADIT~1\PROC\p18f2550.asm
                   ADRESL   0x000fc3       data     extern C:\MCC18\SRC\TRADIT~1\PROC\p18f2550.asm
                     AEXP   0x00000a       data     extern C:\MCC18\SRC\TRADIT~1\MATH\aarg.asm
                   BARGB0   0x00000e       data     extern C:\MCC18\SRC\TRADIT~1\MATH\barg.asm
                   BARGB1   0x00000d       data     extern C:\MCC18\SRC\TRADIT~1\MATH\barg.asm
                   BARGB2   0x00000c       data     extern C:\MCC18\SRC\TRADIT~1\MATH\barg.asm
                   BARGB3   0x00000b       data     extern C:\MCC18\SRC\TRADIT~1\MATH\barg.asm
                  BAUDCON   0x000fb8       data     extern C:\MCC18\SRC\TRADIT~1\PROC\p18f2550.asm
              BAUDCONbits   0x000fb8       data     extern C:\MCC18\SRC\TRADIT~1\PROC\p18f2550.asm
                     BEXP   0x00000f       data     extern C:\MCC18\SRC\TRADIT~1\MATH\barg.asm
                      BSR   0x000fe0       data     extern C:\MCC18\SRC\TRADIT~1\PROC\p18f2550.asm
                   CCP1AS   0x000fb6       data     extern C:\MCC18\SRC\TRADIT~1\PROC\p18f2550.asm
               CCP1ASbits   0x000fb6       data     extern C:\MCC18\SRC\TRADIT~1\PROC\p18f2550.asm
                  CCP1CON   0x000fbd       data     extern C:\MCC18\SRC\TRADIT~1\PROC\p18f2550.asm
              CCP1CONbits   0x000fbd       data     extern C:\MCC18\SRC\TRADIT~1\PROC\p18f2550.asm
                  CCP1DEL   0x000fb7       data     extern C:\MCC18\SRC\TRADIT~1\PROC\p18f2550.asm
              CCP1DELbits   0x000fb7       data     extern C:\MCC18\SRC\TRADIT~1\PROC\p18f2550.asm
                  CCP2CON   0x000fba       data     extern C:\MCC18\SRC\TRADIT~1\PROC\p18f2550.asm
              CCP2CONbits   0x000fba       data     extern C:\MCC18\SRC\TRADIT~1\PROC\p18f2550.asm
                    CCPR1   0x000fbe       data     extern C:\MCC18\SRC\TRADIT~1\PROC\p18f2550.asm
                   CCPR1H   0x000fbf       data     extern C:\MCC18\SRC\TRADIT~1\PROC\p18f2550.asm
                   CCPR1L   0x000fbe       data     extern C:\MCC18\SRC\TRADIT~1\PROC\p18f2550.asm
                    CCPR2   0x000fbb       data     extern C:\MCC18\SRC\TRADIT~1\PROC\p18f2550.asm
                   CCPR2H   0x000fbc       data     extern C:\MCC18\SRC\TRADIT~1\PROC\p18f2550.asm
                   CCPR2L   0x000fbb       data     extern C:\MCC18\SRC\TRADIT~1\PROC\p18f2550.asm
                    CMCON   0x000fb4       data     extern C:\MCC18\SRC\TRADIT~1\PROC\p18f2550.asm
                CMCONbits   0x000fb4       data     extern C:\MCC18\SRC\TRADIT~1\PROC\p18f2550.asm
                   CVRCON   0x000fb5       data     extern C:\MCC18\SRC\TRADIT~1\PROC\p18f2550.asm
               CVRCONbits   0x000fb5       data     extern C:\MCC18\SRC\TRADIT~1\PROC\p18f2550.asm
               ChangeFlag   0x000122       data     extern E:\usb20\lighting2\main.c
           ChangeInterval   0x000120       data     extern E:\usb20\lighting2\main.c
                    Color   0x0000f9       data     extern E:\usb20\lighting2\main.c
               ColorIndex   0x00011b       data     extern E:\usb20\lighting2\main.c
                    Count   0x0000f4       data     extern E:\usb20\lighting2\main.c
              CtrlTrfData   0x000428       data     extern E:\usb20\lighting2\system\usb\usbmmap.c
                     DDRA   0x000f92       data     extern C:\MCC18\SRC\TRADIT~1\PROC\p18f2550.asm
                 DDRAbits   0x000f92       data     extern C:\MCC18\SRC\TRADIT~1\PROC\p18f2550.asm
                     DDRB   0x000f93       data     extern C:\MCC18\SRC\TRADIT~1\PROC\p18f2550.asm
                 DDRBbits   0x000f93       data     extern C:\MCC18\SRC\TRADIT~1\PROC\p18f2550.asm
                     DDRC   0x000f94       data     extern C:\MCC18\SRC\TRADIT~1\PROC\p18f2550.asm
                 DDRCbits   0x000f94       data     extern C:\MCC18\SRC\TRADIT~1\PROC\p18f2550.asm
                    EEADR   0x000fa9       data     extern C:\MCC18\SRC\TRADIT~1\PROC\p18f2550.asm
                   EECON1   0x000fa6       data     extern C:\MCC18\SRC\TRADIT~1\PROC\p18f2550.asm
               EECON1bits   0x000fa6       data     extern C:\MCC18\SRC\TRADIT~1\PROC\p18f2550.asm
                   EECON2   0x000fa7       data     extern C:\MCC18\SRC\TRADIT~1\PROC\p18f2550.asm
                   EEDATA   0x000fa8       data     extern C:\MCC18\SRC\TRADIT~1\PROC\p18f2550.asm
                  FPFLAGS   0x000001       data     extern C:\MCC18\SRC\TRADIT~1\MATH\cmath18.asm
              FPFLAGSbits   0x000001       data     extern C:\MCC18\SRC\TRADIT~1\MATH\cmath18.asm
                     FSR0   0x000fe9       data     extern C:\MCC18\SRC\TRADIT~1\PROC\p18f2550.asm
                    FSR0H   0x000fea       data     extern C:\MCC18\SRC\TRADIT~1\PROC\p18f2550.asm
                    FSR0L   0x000fe9       data     extern C:\MCC18\SRC\TRADIT~1\PROC\p18f2550.asm
                     FSR1   0x000fe1       data     extern C:\MCC18\SRC\TRADIT~1\PROC\p18f2550.asm
                    FSR1H   0x000fe2       data     extern C:\MCC18\SRC\TRADIT~1\PROC\p18f2550.asm
                    FSR1L   0x000fe1       data     extern C:\MCC18\SRC\TRADIT~1\PROC\p18f2550.asm
                     FSR2   0x000fd9       data     extern C:\MCC18\SRC\TRADIT~1\PROC\p18f2550.asm
                    FSR2H   0x000fda       data     extern C:\MCC18\SRC\TRADIT~1\PROC\p18f2550.asm
                    FSR2L   0x000fd9       data     extern C:\MCC18\SRC\TRADIT~1\PROC\p18f2550.asm
                     Flag   0x0000f8       data     extern E:\usb20\lighting2\main.c
                  HLVDCON   0x000fd2       data     extern C:\MCC18\SRC\TRADIT~1\PROC\p18f2550.asm
              HLVDCONbits   0x000fd2       data     extern C:\MCC18\SRC\TRADIT~1\PROC\p18f2550.asm
                    INDF0   0x000fef       data     extern C:\MCC18\SRC\TRADIT~1\PROC\p18f2550.asm
                    INDF1   0x000fe7       data     extern C:\MCC18\SRC\TRADIT~1\PROC\p18f2550.asm
                    INDF2   0x000fdf       data     extern C:\MCC18\SRC\TRADIT~1\PROC\p18f2550.asm
                   INTCON   0x000ff2       data     extern C:\MCC18\SRC\TRADIT~1\PROC\p18f2550.asm
                  INTCON2   0x000ff1       data     extern C:\MCC18\SRC\TRADIT~1\PROC\p18f2550.asm
              INTCON2bits   0x000ff1       data     extern C:\MCC18\SRC\TRADIT~1\PROC\p18f2550.asm
                  INTCON3   0x000ff0       data     extern C:\MCC18\SRC\TRADIT~1\PROC\p18f2550.asm
              INTCON3bits   0x000ff0       data     extern C:\MCC18\SRC\TRADIT~1\PROC\p18f2550.asm
               INTCONbits   0x000ff2       data     extern C:\MCC18\SRC\TRADIT~1\PROC\p18f2550.asm
                     IPR1   0x000f9f       data     extern C:\MCC18\SRC\TRADIT~1\PROC\p18f2550.asm
                 IPR1bits   0x000f9f       data     extern C:\MCC18\SRC\TRADIT~1\PROC\p18f2550.asm
                     IPR2   0x000fa2       data     extern C:\MCC18\SRC\TRADIT~1\PROC\p18f2550.asm
                 IPR2bits   0x000fa2       data     extern C:\MCC18\SRC\TRADIT~1\PROC\p18f2550.asm
                 Interval   0x0000f6       data     extern E:\usb20\lighting2\main.c
                     LATA   0x000f89       data     extern C:\MCC18\SRC\TRADIT~1\PROC\p18f2550.asm
                 LATAbits   0x000f89       data     extern C:\MCC18\SRC\TRADIT~1\PROC\p18f2550.asm
                     LATB   0x000f8a       data     extern C:\MCC18\SRC\TRADIT~1\PROC\p18f2550.asm
                 LATBbits   0x000f8a       data     extern C:\MCC18\SRC\TRADIT~1\PROC\p18f2550.asm
                     LATC   0x000f8b       data     extern C:\MCC18\SRC\TRADIT~1\PROC\p18f2550.asm
                 LATCbits   0x000f8b       data     extern C:\MCC18\SRC\TRADIT~1\PROC\p18f2550.asm
                   LVDCON   0x000fd2       data     extern C:\MCC18\SRC\TRADIT~1\PROC\p18f2550.asm
               LVDCONbits   0x000fd2       data     extern C:\MCC18\SRC\TRADIT~1\PROC\p18f2550.asm
                      Max   0x00011c       data     extern E:\usb20\lighting2\main.c
                      Min   0x00011e       data     extern E:\usb20\lighting2\main.c
                    MsgOK   0x000123       data     extern E:\usb20\lighting2\main.c
                   OSCCON   0x000fd3       data     extern C:\MCC18\SRC\TRADIT~1\PROC\p18f2550.asm
               OSCCONbits   0x000fd3       data     extern C:\MCC18\SRC\TRADIT~1\PROC\p18f2550.asm
                  OSCTUNE   0x000f9b       data     extern C:\MCC18\SRC\TRADIT~1\PROC\p18f2550.asm
              OSCTUNEbits   0x000f9b       data     extern C:\MCC18\SRC\TRADIT~1\PROC\p18f2550.asm
                       PC   0x000ff9       data     extern C:\MCC18\SRC\TRADIT~1\PROC\p18f2550.asm
                      PCL   0x000ff9       data     extern C:\MCC18\SRC\TRADIT~1\PROC\p18f2550.asm
                   PCLATH   0x000ffa       data     extern C:\MCC18\SRC\TRADIT~1\PROC\p18f2550.asm
                   PCLATU   0x000ffb       data     extern C:\MCC18\SRC\TRADIT~1\PROC\p18f2550.asm
                     PIE1   0x000f9d       data     extern C:\MCC18\SRC\TRADIT~1\PROC\p18f2550.asm
                 PIE1bits   0x000f9d       data     extern C:\MCC18\SRC\TRADIT~1\PROC\p18f2550.asm
                     PIE2   0x000fa0       data     extern C:\MCC18\SRC\TRADIT~1\PROC\p18f2550.asm
                 PIE2bits   0x000fa0       data     extern C:\MCC18\SRC\TRADIT~1\PROC\p18f2550.asm
                     PIR1   0x000f9e       data     extern C:\MCC18\SRC\TRADIT~1\PROC\p18f2550.asm
                 PIR1bits   0x000f9e       data     extern C:\MCC18\SRC\TRADIT~1\PROC\p18f2550.asm
                     PIR2   0x000fa1       data     extern C:\MCC18\SRC\TRADIT~1\PROC\p18f2550.asm
                 PIR2bits   0x000fa1       data     extern C:\MCC18\SRC\TRADIT~1\PROC\p18f2550.asm
                   PLUSW0   0x000feb       data     extern C:\MCC18\SRC\TRADIT~1\PROC\p18f2550.asm
                   PLUSW1   0x000fe3       data     extern C:\MCC18\SRC\TRADIT~1\PROC\p18f2550.asm
                   PLUSW2   0x000fdb       data     extern C:\MCC18\SRC\TRADIT~1\PROC\p18f2550.asm
                    PORTA   0x000f80       data     extern C:\MCC18\SRC\TRADIT~1\PROC\p18f2550.asm
                PORTAbits   0x000f80       data     extern C:\MCC18\SRC\TRADIT~1\PROC\p18f2550.asm
                    PORTB   0x000f81       data     extern C:\MCC18\SRC\TRADIT~1\PROC\p18f2550.asm
                PORTBbits   0x000f81       data     extern C:\MCC18\SRC\TRADIT~1\PROC\p18f2550.asm
                    PORTC   0x000f82       data     extern C:\MCC18\SRC\TRADIT~1\PROC\p18f2550.asm
                PORTCbits   0x000f82       data     extern C:\MCC18\SRC\TRADIT~1\PROC\p18f2550.asm
                    PORTE   0x000f84       data     extern C:\MCC18\SRC\TRADIT~1\PROC\p18f2550.asm
                PORTEbits   0x000f84       data     extern C:\MCC18\SRC\TRADIT~1\PROC\p18f2550.asm
                 POSTDEC0   0x000fed       data     extern C:\MCC18\SRC\TRADIT~1\PROC\p18f2550.asm
                 POSTDEC1   0x000fe5       data     extern C:\MCC18\SRC\TRADIT~1\PROC\p18f2550.asm
                 POSTDEC2   0x000fdd       data     extern C:\MCC18\SRC\TRADIT~1\PROC\p18f2550.asm
                 POSTINC0   0x000fee       data     extern C:\MCC18\SRC\TRADIT~1\PROC\p18f2550.asm
                 POSTINC1   0x000fe6       data     extern C:\MCC18\SRC\TRADIT~1\PROC\p18f2550.asm
                 POSTINC2   0x000fde       data     extern C:\MCC18\SRC\TRADIT~1\PROC\p18f2550.asm
                      PR2   0x000fcb       data     extern C:\MCC18\SRC\TRADIT~1\PROC\p18f2550.asm
                  PREINC0   0x000fec       data     extern C:\MCC18\SRC\TRADIT~1\PROC\p18f2550.asm
                  PREINC1   0x000fe4       data     extern C:\MCC18\SRC\TRADIT~1\PROC\p18f2550.asm
                  PREINC2   0x000fdc       data     extern C:\MCC18\SRC\TRADIT~1\PROC\p18f2550.asm
                     PROD   0x000ff3       data     extern C:\MCC18\SRC\TRADIT~1\PROC\p18f2550.asm
                    PRODH   0x000ff4       data     extern C:\MCC18\SRC\TRADIT~1\PROC\p18f2550.asm
                    PRODL   0x000ff3       data     extern C:\MCC18\SRC\TRADIT~1\PROC\p18f2550.asm
                      PWM   0x0000e0       data     extern E:\usb20\lighting2\main.c
                   Period   0x0000f2       data     extern E:\usb20\lighting2\main.c
                     RCON   0x000fd0       data     extern C:\MCC18\SRC\TRADIT~1\PROC\p18f2550.asm
                 RCONbits   0x000fd0       data     extern C:\MCC18\SRC\TRADIT~1\PROC\p18f2550.asm
                    RCREG   0x000fae       data     extern C:\MCC18\SRC\TRADIT~1\PROC\p18f2550.asm
                    RCSTA   0x000fab       data     extern C:\MCC18\SRC\TRADIT~1\PROC\p18f2550.asm
                RCSTAbits   0x000fab       data     extern C:\MCC18\SRC\TRADIT~1\PROC\p18f2550.asm
                    REMB0   0x000005       data     extern C:\MCC18\SRC\TRADIT~1\MATH\aarg.asm
                    REMB1   0x000004       data     extern C:\MCC18\SRC\TRADIT~1\MATH\aarg.asm
                    REMB2   0x000003       data     extern C:\MCC18\SRC\TRADIT~1\MATH\aarg.asm
                    REMB3   0x000002       data     extern C:\MCC18\SRC\TRADIT~1\MATH\aarg.asm
                   Random   0x0000fa       data     extern E:\usb20\lighting2\main.c
                     SIGN   0x000000       data     extern C:\MCC18\SRC\TRADIT~1\MATH\cmath18.asm
                    SPBRG   0x000faf       data     extern C:\MCC18\SRC\TRADIT~1\PROC\p18f2550.asm
                   SPBRGH   0x000fb0       data     extern C:\MCC18\SRC\TRADIT~1\PROC\p18f2550.asm
                   SSPADD   0x000fc8       data     extern C:\MCC18\SRC\TRADIT~1\PROC\p18f2550.asm
                   SSPBUF   0x000fc9       data     extern C:\MCC18\SRC\TRADIT~1\PROC\p18f2550.asm
                  SSPCON1   0x000fc6       data     extern C:\MCC18\SRC\TRADIT~1\PROC\p18f2550.asm
              SSPCON1bits   0x000fc6       data     extern C:\MCC18\SRC\TRADIT~1\PROC\p18f2550.asm
                  SSPCON2   0x000fc5       data     extern C:\MCC18\SRC\TRADIT~1\PROC\p18f2550.asm
              SSPCON2bits   0x000fc5       data     extern C:\MCC18\SRC\TRADIT~1\PROC\p18f2550.asm
                  SSPSTAT   0x000fc7       data     extern C:\MCC18\SRC\TRADIT~1\PROC\p18f2550.asm
              SSPSTATbits   0x000fc7       data     extern C:\MCC18\SRC\TRADIT~1\PROC\p18f2550.asm
                   STATUS   0x000fd8       data     extern C:\MCC18\SRC\TRADIT~1\PROC\p18f2550.asm
               STATUSbits   0x000fd8       data     extern C:\MCC18\SRC\TRADIT~1\PROC\p18f2550.asm
                   STKPTR   0x000ffc       data     extern C:\MCC18\SRC\TRADIT~1\PROC\p18f2550.asm
               STKPTRbits   0x000ffc       data     extern C:\MCC18\SRC\TRADIT~1\PROC\p18f2550.asm
                     Seed   0x000138       data     static C:\MCC18\SRC\TRADIT~1\STDCLIB\rand.asm
                 SetupPkt   0x000420       data     extern E:\usb20\lighting2\system\usb\usbmmap.c
                    T0CON   0x000fd5       data     extern C:\MCC18\SRC\TRADIT~1\PROC\p18f2550.asm
                T0CONbits   0x000fd5       data     extern C:\MCC18\SRC\TRADIT~1\PROC\p18f2550.asm
                    T1CON   0x000fcd       data     extern C:\MCC18\SRC\TRADIT~1\PROC\p18f2550.asm
                T1CONbits   0x000fcd       data     extern C:\MCC18\SRC\TRADIT~1\PROC\p18f2550.asm
                    T2CON   0x000fca       data     extern C:\MCC18\SRC\TRADIT~1\PROC\p18f2550.asm
                T2CONbits   0x000fca       data     extern C:\MCC18\SRC\TRADIT~1\PROC\p18f2550.asm
                    T3CON   0x000fb1       data     extern C:\MCC18\SRC\TRADIT~1\PROC\p18f2550.asm
                T3CONbits   0x000fb1       data     extern C:\MCC18\SRC\TRADIT~1\PROC\p18f2550.asm
                   TABLAT   0x000ff5       data     extern C:\MCC18\SRC\TRADIT~1\PROC\p18f2550.asm
                   TBLPTR   0x000ff6       data     extern C:\MCC18\SRC\TRADIT~1\PROC\p18f2550.asm
                  TBLPTRH   0x000ff7       data     extern C:\MCC18\SRC\TRADIT~1\PROC\p18f2550.asm
                  TBLPTRL   0x000ff6       data     extern C:\MCC18\SRC\TRADIT~1\PROC\p18f2550.asm
                  TBLPTRU   0x000ff8       data     extern C:\MCC18\SRC\TRADIT~1\PROC\p18f2550.asm
                     TEMP   0x000013       data     extern C:\MCC18\SRC\TRADIT~1\MATH\temparg.asm
                   TEMPB0   0x000013       data     extern C:\MCC18\SRC\TRADIT~1\MATH\temparg.asm
                   TEMPB1   0x000012       data     extern C:\MCC18\SRC\TRADIT~1\MATH\temparg.asm
                   TEMPB2   0x000011       data     extern C:\MCC18\SRC\TRADIT~1\MATH\temparg.asm
                   TEMPB3   0x000010       data     extern C:\MCC18\SRC\TRADIT~1\MATH\temparg.asm
                    TMR0H   0x000fd7       data     extern C:\MCC18\SRC\TRADIT~1\PROC\p18f2550.asm
                    TMR0L   0x000fd6       data     extern C:\MCC18\SRC\TRADIT~1\PROC\p18f2550.asm
                    TMR1H   0x000fcf       data     extern C:\MCC18\SRC\TRADIT~1\PROC\p18f2550.asm
                    TMR1L   0x000fce       data     extern C:\MCC18\SRC\TRADIT~1\PROC\p18f2550.asm
                     TMR2   0x000fcc       data     extern C:\MCC18\SRC\TRADIT~1\PROC\p18f2550.asm
                    TMR3H   0x000fb3       data     extern C:\MCC18\SRC\TRADIT~1\PROC\p18f2550.asm
                    TMR3L   0x000fb2       data     extern C:\MCC18\SRC\TRADIT~1\PROC\p18f2550.asm
                      TOS   0x000ffd       data     extern C:\MCC18\SRC\TRADIT~1\PROC\p18f2550.asm
                     TOSH   0x000ffe       data     extern C:\MCC18\SRC\TRADIT~1\PROC\p18f2550.asm
                     TOSL   0x000ffd       data     extern C:\MCC18\SRC\TRADIT~1\PROC\p18f2550.asm
                     TOSU   0x000fff       data     extern C:\MCC18\SRC\TRADIT~1\PROC\p18f2550.asm
                    TRISA   0x000f92       data     extern C:\MCC18\SRC\TRADIT~1\PROC\p18f2550.asm
                TRISAbits   0x000f92       data     extern C:\MCC18\SRC\TRADIT~1\PROC\p18f2550.asm
                    TRISB   0x000f93       data     extern C:\MCC18\SRC\TRADIT~1\PROC\p18f2550.asm
                TRISBbits   0x000f93       data     extern C:\MCC18\SRC\TRADIT~1\PROC\p18f2550.asm
                    TRISC   0x000f94       data     extern C:\MCC18\SRC\TRADIT~1\PROC\p18f2550.asm
                TRISCbits   0x000f94       data     extern C:\MCC18\SRC\TRADIT~1\PROC\p18f2550.asm
                    TXREG   0x000fad       data     extern C:\MCC18\SRC\TRADIT~1\PROC\p18f2550.asm
                    TXSTA   0x000fac       data     extern C:\MCC18\SRC\TRADIT~1\PROC\p18f2550.asm
                TXSTAbits   0x000fac       data     extern C:\MCC18\SRC\TRADIT~1\PROC\p18f2550.asm
                    UADDR   0x000f6e       data     extern C:\MCC18\SRC\TRADIT~1\PROC\p18f2550.asm
                UADDRbits   0x000f6e       data     extern C:\MCC18\SRC\TRADIT~1\PROC\p18f2550.asm
                     UCFG   0x000f6f       data     extern C:\MCC18\SRC\TRADIT~1\PROC\p18f2550.asm
                 UCFGbits   0x000f6f       data     extern C:\MCC18\SRC\TRADIT~1\PROC\p18f2550.asm
                     UCON   0x000f6d       data     extern C:\MCC18\SRC\TRADIT~1\PROC\p18f2550.asm
                 UCONbits   0x000f6d       data     extern C:\MCC18\SRC\TRADIT~1\PROC\p18f2550.asm
                     UEIE   0x000f6b       data     extern C:\MCC18\SRC\TRADIT~1\PROC\p18f2550.asm
                 UEIEbits   0x000f6b       data     extern C:\MCC18\SRC\TRADIT~1\PROC\p18f2550.asm
                     UEIR   0x000f6a       data     extern C:\MCC18\SRC\TRADIT~1\PROC\p18f2550.asm
                 UEIRbits   0x000f6a       data     extern C:\MCC18\SRC\TRADIT~1\PROC\p18f2550.asm
                     UEP0   0x000f70       data     extern C:\MCC18\SRC\TRADIT~1\PROC\p18f2550.asm
                 UEP0bits   0x000f70       data     extern C:\MCC18\SRC\TRADIT~1\PROC\p18f2550.asm
                     UEP1   0x000f71       data     extern C:\MCC18\SRC\TRADIT~1\PROC\p18f2550.asm
                    UEP10   0x000f7a       data     extern C:\MCC18\SRC\TRADIT~1\PROC\p18f2550.asm
                UEP10bits   0x000f7a       data     extern C:\MCC18\SRC\TRADIT~1\PROC\p18f2550.asm
                    UEP11   0x000f7b       data     extern C:\MCC18\SRC\TRADIT~1\PROC\p18f2550.asm
                UEP11bits   0x000f7b       data     extern C:\MCC18\SRC\TRADIT~1\PROC\p18f2550.asm
                    UEP12   0x000f7c       data     extern C:\MCC18\SRC\TRADIT~1\PROC\p18f2550.asm
                UEP12bits   0x000f7c       data     extern C:\MCC18\SRC\TRADIT~1\PROC\p18f2550.asm
                    UEP13   0x000f7d       data     extern C:\MCC18\SRC\TRADIT~1\PROC\p18f2550.asm
                UEP13bits   0x000f7d       data     extern C:\MCC18\SRC\TRADIT~1\PROC\p18f2550.asm
                    UEP14   0x000f7e       data     extern C:\MCC18\SRC\TRADIT~1\PROC\p18f2550.asm
                UEP14bits   0x000f7e       data     extern C:\MCC18\SRC\TRADIT~1\PROC\p18f2550.asm
                    UEP15   0x000f7f       data     extern C:\MCC18\SRC\TRADIT~1\PROC\p18f2550.asm
                UEP15bits   0x000f7f       data     extern C:\MCC18\SRC\TRADIT~1\PROC\p18f2550.asm
                 UEP1bits   0x000f71       data     extern C:\MCC18\SRC\TRADIT~1\PROC\p18f2550.asm
                     UEP2   0x000f72       data     extern C:\MCC18\SRC\TRADIT~1\PROC\p18f2550.asm
                 UEP2bits   0x000f72       data     extern C:\MCC18\SRC\TRADIT~1\PROC\p18f2550.asm
                     UEP3   0x000f73       data     extern C:\MCC18\SRC\TRADIT~1\PROC\p18f2550.asm
                 UEP3bits   0x000f73       data     extern C:\MCC18\SRC\TRADIT~1\PROC\p18f2550.asm
                     UEP4   0x000f74       data     extern C:\MCC18\SRC\TRADIT~1\PROC\p18f2550.asm
                 UEP4bits   0x000f74       data     extern C:\MCC18\SRC\TRADIT~1\PROC\p18f2550.asm
                     UEP5   0x000f75       data     extern C:\MCC18\SRC\TRADIT~1\PROC\p18f2550.asm
                 UEP5bits   0x000f75       data     extern C:\MCC18\SRC\TRADIT~1\PROC\p18f2550.asm
                     UEP6   0x000f76       data     extern C:\MCC18\SRC\TRADIT~1\PROC\p18f2550.asm
                 UEP6bits   0x000f76       data     extern C:\MCC18\SRC\TRADIT~1\PROC\p18f2550.asm
                     UEP7   0x000f77       data     extern C:\MCC18\SRC\TRADIT~1\PROC\p18f2550.asm
                 UEP7bits   0x000f77       data     extern C:\MCC18\SRC\TRADIT~1\PROC\p18f2550.asm
                     UEP8   0x000f78       data     extern C:\MCC18\SRC\TRADIT~1\PROC\p18f2550.asm
                 UEP8bits   0x000f78       data     extern C:\MCC18\SRC\TRADIT~1\PROC\p18f2550.asm
                     UEP9   0x000f79       data     extern C:\MCC18\SRC\TRADIT~1\PROC\p18f2550.asm
                 UEP9bits   0x000f79       data     extern C:\MCC18\SRC\TRADIT~1\PROC\p18f2550.asm
                     UFRM   0x000f66       data     extern C:\MCC18\SRC\TRADIT~1\PROC\p18f2550.asm
                    UFRMH   0x000f67       data     extern C:\MCC18\SRC\TRADIT~1\PROC\p18f2550.asm
                    UFRML   0x000f66       data     extern C:\MCC18\SRC\TRADIT~1\PROC\p18f2550.asm
                      UIE   0x000f69       data     extern C:\MCC18\SRC\TRADIT~1\PROC\p18f2550.asm
                  UIEbits   0x000f69       data     extern C:\MCC18\SRC\TRADIT~1\PROC\p18f2550.asm
                      UIR   0x000f68       data     extern C:\MCC18\SRC\TRADIT~1\PROC\p18f2550.asm
                  UIRbits   0x000f68       data     extern C:\MCC18\SRC\TRADIT~1\PROC\p18f2550.asm
                    USTAT   0x000f6c       data     extern C:\MCC18\SRC\TRADIT~1\PROC\p18f2550.asm
                USTATbits   0x000f6c       data     extern C:\MCC18\SRC\TRADIT~1\PROC\p18f2550.asm
                   WDTCON   0x000fd1       data     extern C:\MCC18\SRC\TRADIT~1\PROC\p18f2550.asm
               WDTCONbits   0x000fd1       data     extern C:\MCC18\SRC\TRADIT~1\PROC\p18f2550.asm
                     WREG   0x000fe8       data     extern C:\MCC18\SRC\TRADIT~1\PROC\p18f2550.asm
                  __tmp_0   0x000016       data     static E:\usb20\lighting2\system\usb\class\cdc\cdc.c
                  __tmp_0   0x000016       data     static E:\usb20\lighting2\system\usb\usb9\usb9.c
                  __tmp_0   0x000016       data     static E:\usb20\lighting2\main.c
                  __tmp_0   0x000016       data     static E:\usb20\lighting2\system\usb\usbctrltrf\usbctrltrf.c
                  __tmp_1   0x000014       data     static E:\usb20\lighting2\main.c
              cdc_data_rx   0x000508       data     extern E:\usb20\lighting2\system\usb\usbmmap.c
              cdc_data_tx   0x000548       data     extern E:\usb20\lighting2\system\usb\usbmmap.c
             cdc_mem_type   0x000107       data     extern E:\usb20\lighting2\system\usb\class\cdc\cdc.c
               cdc_notice   0x000500       data     extern E:\usb20\lighting2\system\usb\usbmmap.c
               cdc_rx_len   0x000100       data     extern E:\usb20\lighting2\system\usb\class\cdc\cdc.c
            cdc_trf_state   0x000101       data     extern E:\usb20\lighting2\system\usb\class\cdc\cdc.c
               cdc_tx_len   0x000106       data     extern E:\usb20\lighting2\system\usb\class\cdc\cdc.c
    control_signal_bitmap   0x00010f       data     extern E:\usb20\lighting2\system\usb\class\cdc\cdc.c
   ctrl_trf_session_owner   0x000131       data     extern E:\usb20\lighting2\system\usb\usbctrltrf\usbctrltrf.c
           ctrl_trf_state   0x000130       data     extern E:\usb20\lighting2\system\usb\usbctrltrf\usbctrltrf.c
                curr_byte   0x000129       data     static C:\MCC18\src\traditional\startup\c018i.c
               curr_entry   0x00012b       data     static C:\MCC18\src\traditional\startup\c018i.c
                 data_ptr   0x00012d       data     static C:\MCC18\src\traditional\startup\c018i.c
              delay_count   0x00013a       data     static E:\usb20\lighting2\system\usb\usbdrv\usbdrv.c
dummy_encapsulated_cmd_response   0x000113       data     extern E:\usb20\lighting2\system\usb\class\cdc\cdc.c
                    ep0Bi   0x000404       data     extern E:\usb20\lighting2\system\usb\usbmmap.c
                    ep0Bo   0x000400       data     extern E:\usb20\lighting2\system\usb\usbmmap.c
                    ep1Bi   0x00040c       data     extern E:\usb20\lighting2\system\usb\usbmmap.c
                    ep1Bo   0x000408       data     extern E:\usb20\lighting2\system\usb\usbmmap.c
                    ep2Bi   0x000414       data     extern E:\usb20\lighting2\system\usb\usbmmap.c
                    ep2Bo   0x000410       data     extern E:\usb20\lighting2\system\usb\usbmmap.c
                    ep3Bi   0x00041c       data     extern E:\usb20\lighting2\system\usb\usbmmap.c
                    ep3Bo   0x000418       data     extern E:\usb20\lighting2\system\usb\usbmmap.c
             input_buffer   0x000060       data     extern E:\usb20\lighting2\main.c
              line_coding   0x000108       data     extern E:\usb20\lighting2\system\usb\class\cdc\cdc.c
            output_buffer   0x0000a0       data     extern E:\usb20\lighting2\main.c
                  pCDCDst   0x000104       data     extern E:\usb20\lighting2\system\usb\class\cdc\cdc.c
                  pCDCSrc   0x000102       data     extern E:\usb20\lighting2\system\usb\class\cdc\cdc.c
                     pDst   0x000134       data     extern E:\usb20\lighting2\system\usb\usbctrltrf\usbctrltrf.c
                     pSrc   0x000132       data     extern E:\usb20\lighting2\system\usb\usbctrltrf\usbctrltrf.c
                     prom   0x000126       data     static C:\MCC18\src\traditional\startup\c018i.c
           usb_active_cfg   0x0000fe       data     extern E:\usb20\lighting2\system\usb\usbmmap.c
             usb_alt_intf   0x0000ff       data     extern E:\usb20\lighting2\system\usb\usbmmap.c
         usb_device_state   0x0000fc       data     extern E:\usb20\lighting2\system\usb\usbmmap.c
                 usb_stat   0x0000fd       data     extern E:\usb20\lighting2\system\usb\usbmmap.c
                   wCount   0x000136       data     extern E:\usb20\lighting2\system\usb\usbctrltrf\usbctrltrf.c



                              Symbols - Sorted by Address
                     Name    Address   Location    Storage File                     
                ---------  ---------  ---------  --------- ---------                
                   _entry   0x000000    program     extern C:\MCC18\src\traditional\startup\c018i.c
       ___return_lbl00000   0x000004    program     static                          
 interrupt_at_high_vector   0x000008    program     extern E:\usb20\lighting2\main.c
       ___return_lbl00000   0x00000c    program     static                          
               ISRProcess   0x000044    program     extern E:\usb20\lighting2\main.c
                     main   0x000164    program     extern E:\usb20\lighting2\main.c
               Illuminate   0x000318    program     extern E:\usb20\lighting2\main.c
                    Setup   0x00057c    program     extern E:\usb20\lighting2\main.c
                  EEWrite   0x000880    program     extern E:\usb20\lighting2\main.c
                   EERead   0x0008b2    program     extern E:\usb20\lighting2\main.c
               InitEEPROM   0x0008d2    program     extern E:\usb20\lighting2\main.c
       USBCheckCDCRequest   0x000a44    program     extern E:\usb20\lighting2\system\usb\class\cdc\cdc.c
                CDCInitEP   0x000b08    program     extern E:\usb20\lighting2\system\usb\class\cdc\cdc.c
             getsUSBUSART   0x000b58    program     extern E:\usb20\lighting2\system\usb\class\cdc\cdc.c
             putsUSBUSART   0x000bd8    program     extern E:\usb20\lighting2\system\usb\class\cdc\cdc.c
            putrsUSBUSART   0x000c52    program     extern E:\usb20\lighting2\system\usb\class\cdc\cdc.c
             CDCTxService   0x000cce    program     extern E:\usb20\lighting2\system\usb\class\cdc\cdc.c
       USBCheckStdRequest   0x000dbe    program     extern E:\usb20\lighting2\system\usb\usb9\usb9.c
      USBStdGetDscHandler   0x000e80    program     extern E:\usb20\lighting2\system\usb\usb9\usb9.c
      USBStdSetCfgHandler   0x000f38    program     extern E:\usb20\lighting2\system\usb\usb9\usb9.c
   USBStdGetStatusHandler   0x000f88    program     extern E:\usb20\lighting2\system\usb\usb9\usb9.c
  USBStdFeatureReqHandler   0x001024    program     extern E:\usb20\lighting2\system\usb\usb9\usb9.c
         USBCtrlEPService   0x0010c6    program     extern E:\usb20\lighting2\system\usb\usbctrltrf\usbctrltrf.c
   USBCtrlTrfSetupHandler   0x0010fc    program     extern E:\usb20\lighting2\system\usb\usbctrltrf\usbctrltrf.c
     USBCtrlTrfOutHandler   0x001168    program     extern E:\usb20\lighting2\system\usb\usbctrltrf\usbctrltrf.c
      USBCtrlTrfInHandler   0x001188    program     extern E:\usb20\lighting2\system\usb\usbctrltrf\usbctrltrf.c
      USBCtrlTrfTxService   0x0011c2    program     extern E:\usb20\lighting2\system\usb\usbctrltrf\usbctrltrf.c
      USBCtrlTrfRxService   0x0012a2    program     extern E:\usb20\lighting2\system\usb\usbctrltrf\usbctrltrf.c
 USBCtrlEPServiceComplete   0x001320    program     extern E:\usb20\lighting2\system\usb\usbctrltrf\usbctrltrf.c
USBPrepareForNextSetupTrf   0x0013ac    program     extern E:\usb20\lighting2\system\usb\usbctrltrf\usbctrltrf.c
        USBCheckBusStatus   0x0013c8    program     extern E:\usb20\lighting2\system\usb\usbdrv\usbdrv.c
          USBModuleEnable   0x0013ea    program     extern E:\usb20\lighting2\system\usb\usbdrv\usbdrv.c
         USBModuleDisable   0x0013f8    program     extern E:\usb20\lighting2\system\usb\usbdrv\usbdrv.c
            USBSoftDetach   0x001402    program     extern E:\usb20\lighting2\system\usb\usbdrv\usbdrv.c
         USBDriverService   0x001406    program     extern E:\usb20\lighting2\system\usb\usbdrv\usbdrv.c
               USBSuspend   0x001484    program     extern E:\usb20\lighting2\system\usb\usbdrv\usbdrv.c
       USBWakeFromSuspend   0x00148c    program     extern E:\usb20\lighting2\system\usb\usbdrv\usbdrv.c
          USBRemoteWakeup   0x001494    program     extern E:\usb20\lighting2\system\usb\usbdrv\usbdrv.c
          USB_SOF_Handler   0x0014b8    program     extern E:\usb20\lighting2\system\usb\usbdrv\usbdrv.c
          USBStallHandler   0x0014bc    program     extern E:\usb20\lighting2\system\usb\usbdrv\usbdrv.c
          USBErrorHandler   0x0014ca    program     extern E:\usb20\lighting2\system\usb\usbdrv\usbdrv.c
  USBProtocolResetHandler   0x0014ce    program     extern E:\usb20\lighting2\system\usb\usbdrv\usbdrv.c
               ClearArray   0x001512    program     extern E:\usb20\lighting2\system\usb\usbdrv\usbdrv.c
        ___while_lbl00043   0x001526    program     static                          
       ___return_lbl00042   0x001534    program     static                          
        ___while_lbl00044   0x001534    program     static                          
               device_dsc   0x00153c    program     extern E:\usb20\lighting2\autofiles\usbdsc.c
                    cfg01   0x00154e    program     extern E:\usb20\lighting2\autofiles\usbdsc.c
                    sd000   0x001591    program     extern E:\usb20\lighting2\autofiles\usbdsc.c
                    sd001   0x001595    program     extern E:\usb20\lighting2\autofiles\usbdsc.c
                    sd002   0x0015c9    program     extern E:\usb20\lighting2\autofiles\usbdsc.c
               USB_CD_Ptr   0x0015fd    program     extern E:\usb20\lighting2\autofiles\usbdsc.c
               USB_SD_Ptr   0x001601    program     extern E:\usb20\lighting2\autofiles\usbdsc.c
          ClassReqHandler   0x001607    program     extern E:\usb20\lighting2\autofiles\usbdsc.c
                _do_cinit   0x00160a    program     extern C:\MCC18\src\traditional\startup\c018i.c
                     test   0x001624    program     static                          
                copy_loop   0x00167c    program     static                          
            copy_one_byte   0x001682    program     static                          
             done_copying   0x001690    program     static                          
                     done   0x0016a6    program     static                          
       ___return_lbl00002   0x0016a6    program     static                          
                    srand   0x0016a8    program     extern C:\MCC18\SRC\TRADIT~1\STDCLIB\rand.asm
                     rand   0x0016b6    program     extern C:\MCC18\SRC\TRADIT~1\STDCLIB\rand.asm
                 FXM1616U   0x0016e4    program     extern C:\MCC18\SRC\TRADIT~1\MATH\fxm1616u.asm
                 _startup   0x001720    program     extern C:\MCC18\src\traditional\startup\c018i.c
                     loop   0x001730    program     static                          
       ___return_lbl00001   0x001736    program     static                          
               __string_0   0x001738    program     static E:\usb20\lighting2\main.c
               __config_0   0x300000    program     static E:\usb20\lighting2\main.c
               __config_1   0x300001    program     static E:\usb20\lighting2\main.c
               __config_2   0x300002    program     static E:\usb20\lighting2\main.c
               __config_3   0x300003    program     static E:\usb20\lighting2\main.c
               __config_4   0x300005    program     static E:\usb20\lighting2\main.c
               __config_5   0x300006    program     static E:\usb20\lighting2\main.c
                     SIGN   0x000000       data     extern C:\MCC18\SRC\TRADIT~1\MATH\cmath18.asm
                  FPFLAGS   0x000001       data     extern C:\MCC18\SRC\TRADIT~1\MATH\cmath18.asm
              FPFLAGSbits   0x000001       data     extern C:\MCC18\SRC\TRADIT~1\MATH\cmath18.asm
                   AARGB7   0x000002       data     extern C:\MCC18\SRC\TRADIT~1\MATH\aarg.asm
                    REMB3   0x000002       data     extern C:\MCC18\SRC\TRADIT~1\MATH\aarg.asm
                   AARGB6   0x000003       data     extern C:\MCC18\SRC\TRADIT~1\MATH\aarg.asm
                    REMB2   0x000003       data     extern C:\MCC18\SRC\TRADIT~1\MATH\aarg.asm
                   AARGB5   0x000004       data     extern C:\MCC18\SRC\TRADIT~1\MATH\aarg.asm
                    REMB1   0x000004       data     extern C:\MCC18\SRC\TRADIT~1\MATH\aarg.asm
                   AARGB4   0x000005       data     extern C:\MCC18\SRC\TRADIT~1\MATH\aarg.asm
                    REMB0   0x000005       data     extern C:\MCC18\SRC\TRADIT~1\MATH\aarg.asm
                   AARGB3   0x000006       data     extern C:\MCC18\SRC\TRADIT~1\MATH\aarg.asm
                   AARGB2   0x000007       data     extern C:\MCC18\SRC\TRADIT~1\MATH\aarg.asm
                   AARGB1   0x000008       data     extern C:\MCC18\SRC\TRADIT~1\MATH\aarg.asm
                   AARGB0   0x000009       data     extern C:\MCC18\SRC\TRADIT~1\MATH\aarg.asm
                     AEXP   0x00000a       data     extern C:\MCC18\SRC\TRADIT~1\MATH\aarg.asm
                   BARGB3   0x00000b       data     extern C:\MCC18\SRC\TRADIT~1\MATH\barg.asm
                   BARGB2   0x00000c       data     extern C:\MCC18\SRC\TRADIT~1\MATH\barg.asm
                   BARGB1   0x00000d       data     extern C:\MCC18\SRC\TRADIT~1\MATH\barg.asm
                   BARGB0   0x00000e       data     extern C:\MCC18\SRC\TRADIT~1\MATH\barg.asm
                     BEXP   0x00000f       data     extern C:\MCC18\SRC\TRADIT~1\MATH\barg.asm
                   TEMPB3   0x000010       data     extern C:\MCC18\SRC\TRADIT~1\MATH\temparg.asm
                   TEMPB2   0x000011       data     extern C:\MCC18\SRC\TRADIT~1\MATH\temparg.asm
                   TEMPB1   0x000012       data     extern C:\MCC18\SRC\TRADIT~1\MATH\temparg.asm
                   TEMPB0   0x000013       data     extern C:\MCC18\SRC\TRADIT~1\MATH\temparg.asm
                     TEMP   0x000013       data     extern C:\MCC18\SRC\TRADIT~1\MATH\temparg.asm
                  __tmp_1   0x000014       data     static E:\usb20\lighting2\main.c
                  __tmp_0   0x000016       data     static E:\usb20\lighting2\system\usb\usbctrltrf\usbctrltrf.c
                  __tmp_0   0x000016       data     static E:\usb20\lighting2\main.c
                  __tmp_0   0x000016       data     static E:\usb20\lighting2\system\usb\usb9\usb9.c
                  __tmp_0   0x000016       data     static E:\usb20\lighting2\system\usb\class\cdc\cdc.c
             input_buffer   0x000060       data     extern E:\usb20\lighting2\main.c
            output_buffer   0x0000a0       data     extern E:\usb20\lighting2\main.c
                      PWM   0x0000e0       data     extern E:\usb20\lighting2\main.c
                   Period   0x0000f2       data     extern E:\usb20\lighting2\main.c
                    Count   0x0000f4       data     extern E:\usb20\lighting2\main.c
                 Interval   0x0000f6       data     extern E:\usb20\lighting2\main.c
                     Flag   0x0000f8       data     extern E:\usb20\lighting2\main.c
                    Color   0x0000f9       data     extern E:\usb20\lighting2\main.c
                   Random   0x0000fa       data     extern E:\usb20\lighting2\main.c
         usb_device_state   0x0000fc       data     extern E:\usb20\lighting2\system\usb\usbmmap.c
                 usb_stat   0x0000fd       data     extern E:\usb20\lighting2\system\usb\usbmmap.c
           usb_active_cfg   0x0000fe       data     extern E:\usb20\lighting2\system\usb\usbmmap.c
             usb_alt_intf   0x0000ff       data     extern E:\usb20\lighting2\system\usb\usbmmap.c
               cdc_rx_len   0x000100       data     extern E:\usb20\lighting2\system\usb\class\cdc\cdc.c
            cdc_trf_state   0x000101       data     extern E:\usb20\lighting2\system\usb\class\cdc\cdc.c
                  pCDCSrc   0x000102       data     extern E:\usb20\lighting2\system\usb\class\cdc\cdc.c
                  pCDCDst   0x000104       data     extern E:\usb20\lighting2\system\usb\class\cdc\cdc.c
               cdc_tx_len   0x000106       data     extern E:\usb20\lighting2\system\usb\class\cdc\cdc.c
             cdc_mem_type   0x000107       data     extern E:\usb20\lighting2\system\usb\class\cdc\cdc.c
              line_coding   0x000108       data     extern E:\usb20\lighting2\system\usb\class\cdc\cdc.c
    control_signal_bitmap   0x00010f       data     extern E:\usb20\lighting2\system\usb\class\cdc\cdc.c
dummy_encapsulated_cmd_response   0x000113       data     extern E:\usb20\lighting2\system\usb\class\cdc\cdc.c
               ColorIndex   0x00011b       data     extern E:\usb20\lighting2\main.c
                      Max   0x00011c       data     extern E:\usb20\lighting2\main.c
                      Min   0x00011e       data     extern E:\usb20\lighting2\main.c
           ChangeInterval   0x000120       data     extern E:\usb20\lighting2\main.c
               ChangeFlag   0x000122       data     extern E:\usb20\lighting2\main.c
                    MsgOK   0x000123       data     extern E:\usb20\lighting2\main.c
                     prom   0x000126       data     static C:\MCC18\src\traditional\startup\c018i.c
                curr_byte   0x000129       data     static C:\MCC18\src\traditional\startup\c018i.c
               curr_entry   0x00012b       data     static C:\MCC18\src\traditional\startup\c018i.c
                 data_ptr   0x00012d       data     static C:\MCC18\src\traditional\startup\c018i.c
           ctrl_trf_state   0x000130       data     extern E:\usb20\lighting2\system\usb\usbctrltrf\usbctrltrf.c
   ctrl_trf_session_owner   0x000131       data     extern E:\usb20\lighting2\system\usb\usbctrltrf\usbctrltrf.c
                     pSrc   0x000132       data     extern E:\usb20\lighting2\system\usb\usbctrltrf\usbctrltrf.c
                     pDst   0x000134       data     extern E:\usb20\lighting2\system\usb\usbctrltrf\usbctrltrf.c
                   wCount   0x000136       data     extern E:\usb20\lighting2\system\usb\usbctrltrf\usbctrltrf.c
                     Seed   0x000138       data     static C:\MCC18\SRC\TRADIT~1\STDCLIB\rand.asm
              delay_count   0x00013a       data     static E:\usb20\lighting2\system\usb\usbdrv\usbdrv.c
                    ep0Bo   0x000400       data     extern E:\usb20\lighting2\system\usb\usbmmap.c
                    ep0Bi   0x000404       data     extern E:\usb20\lighting2\system\usb\usbmmap.c
                    ep1Bo   0x000408       data     extern E:\usb20\lighting2\system\usb\usbmmap.c
                    ep1Bi   0x00040c       data     extern E:\usb20\lighting2\system\usb\usbmmap.c
                    ep2Bo   0x000410       data     extern E:\usb20\lighting2\system\usb\usbmmap.c
                    ep2Bi   0x000414       data     extern E:\usb20\lighting2\system\usb\usbmmap.c
                    ep3Bo   0x000418       data     extern E:\usb20\lighting2\system\usb\usbmmap.c
                    ep3Bi   0x00041c       data     extern E:\usb20\lighting2\system\usb\usbmmap.c
                 SetupPkt   0x000420       data     extern E:\usb20\lighting2\system\usb\usbmmap.c
              CtrlTrfData   0x000428       data     extern E:\usb20\lighting2\system\usb\usbmmap.c
               cdc_notice   0x000500       data     extern E:\usb20\lighting2\system\usb\usbmmap.c
              cdc_data_rx   0x000508       data     extern E:\usb20\lighting2\system\usb\usbmmap.c
              cdc_data_tx   0x000548       data     extern E:\usb20\lighting2\system\usb\usbmmap.c
                    UFRML   0x000f66       data     extern C:\MCC18\SRC\TRADIT~1\PROC\p18f2550.asm
                     UFRM   0x000f66       data     extern C:\MCC18\SRC\TRADIT~1\PROC\p18f2550.asm
                    UFRMH   0x000f67       data     extern C:\MCC18\SRC\TRADIT~1\PROC\p18f2550.asm
                  UIRbits   0x000f68       data     extern C:\MCC18\SRC\TRADIT~1\PROC\p18f2550.asm
                      UIR   0x000f68       data     extern C:\MCC18\SRC\TRADIT~1\PROC\p18f2550.asm
                  UIEbits   0x000f69       data     extern C:\MCC18\SRC\TRADIT~1\PROC\p18f2550.asm
                      UIE   0x000f69       data     extern C:\MCC18\SRC\TRADIT~1\PROC\p18f2550.asm
                 UEIRbits   0x000f6a       data     extern C:\MCC18\SRC\TRADIT~1\PROC\p18f2550.asm
                     UEIR   0x000f6a       data     extern C:\MCC18\SRC\TRADIT~1\PROC\p18f2550.asm
                     UEIE   0x000f6b       data     extern C:\MCC18\SRC\TRADIT~1\PROC\p18f2550.asm
                 UEIEbits   0x000f6b       data     extern C:\MCC18\SRC\TRADIT~1\PROC\p18f2550.asm
                    USTAT   0x000f6c       data     extern C:\MCC18\SRC\TRADIT~1\PROC\p18f2550.asm
                USTATbits   0x000f6c       data     extern C:\MCC18\SRC\TRADIT~1\PROC\p18f2550.asm
                     UCON   0x000f6d       data     extern C:\MCC18\SRC\TRADIT~1\PROC\p18f2550.asm
                 UCONbits   0x000f6d       data     extern C:\MCC18\SRC\TRADIT~1\PROC\p18f2550.asm
                UADDRbits   0x000f6e       data     extern C:\MCC18\SRC\TRADIT~1\PROC\p18f2550.asm
                    UADDR   0x000f6e       data     extern C:\MCC18\SRC\TRADIT~1\PROC\p18f2550.asm
                 UCFGbits   0x000f6f       data     extern C:\MCC18\SRC\TRADIT~1\PROC\p18f2550.asm
                     UCFG   0x000f6f       data     extern C:\MCC18\SRC\TRADIT~1\PROC\p18f2550.asm
                 UEP0bits   0x000f70       data     extern C:\MCC18\SRC\TRADIT~1\PROC\p18f2550.asm
                     UEP0   0x000f70       data     extern C:\MCC18\SRC\TRADIT~1\PROC\p18f2550.asm
                     UEP1   0x000f71       data     extern C:\MCC18\SRC\TRADIT~1\PROC\p18f2550.asm
                 UEP1bits   0x000f71       data     extern C:\MCC18\SRC\TRADIT~1\PROC\p18f2550.asm
                     UEP2   0x000f72       data     extern C:\MCC18\SRC\TRADIT~1\PROC\p18f2550.asm
                 UEP2bits   0x000f72       data     extern C:\MCC18\SRC\TRADIT~1\PROC\p18f2550.asm
                     UEP3   0x000f73       data     extern C:\MCC18\SRC\TRADIT~1\PROC\p18f2550.asm
                 UEP3bits   0x000f73       data     extern C:\MCC18\SRC\TRADIT~1\PROC\p18f2550.asm
                 UEP4bits   0x000f74       data     extern C:\MCC18\SRC\TRADIT~1\PROC\p18f2550.asm
                     UEP4   0x000f74       data     extern C:\MCC18\SRC\TRADIT~1\PROC\p18f2550.asm
                     UEP5   0x000f75       data     extern C:\MCC18\SRC\TRADIT~1\PROC\p18f2550.asm
                 UEP5bits   0x000f75       data     extern C:\MCC18\SRC\TRADIT~1\PROC\p18f2550.asm
                     UEP6   0x000f76       data     extern C:\MCC18\SRC\TRADIT~1\PROC\p18f2550.asm
                 UEP6bits   0x000f76       data     extern C:\MCC18\SRC\TRADIT~1\PROC\p18f2550.asm
                     UEP7   0x000f77       data     extern C:\MCC18\SRC\TRADIT~1\PROC\p18f2550.asm
                 UEP7bits   0x000f77       data     extern C:\MCC18\SRC\TRADIT~1\PROC\p18f2550.asm
                     UEP8   0x000f78       data     extern C:\MCC18\SRC\TRADIT~1\PROC\p18f2550.asm
                 UEP8bits   0x000f78       data     extern C:\MCC18\SRC\TRADIT~1\PROC\p18f2550.asm
                     UEP9   0x000f79       data     extern C:\MCC18\SRC\TRADIT~1\PROC\p18f2550.asm
                 UEP9bits   0x000f79       data     extern C:\MCC18\SRC\TRADIT~1\PROC\p18f2550.asm
                    UEP10   0x000f7a       data     extern C:\MCC18\SRC\TRADIT~1\PROC\p18f2550.asm
                UEP10bits   0x000f7a       data     extern C:\MCC18\SRC\TRADIT~1\PROC\p18f2550.asm
                    UEP11   0x000f7b       data     extern C:\MCC18\SRC\TRADIT~1\PROC\p18f2550.asm
                UEP11bits   0x000f7b       data     extern C:\MCC18\SRC\TRADIT~1\PROC\p18f2550.asm
                    UEP12   0x000f7c       data     extern C:\MCC18\SRC\TRADIT~1\PROC\p18f2550.asm
                UEP12bits   0x000f7c       data     extern C:\MCC18\SRC\TRADIT~1\PROC\p18f2550.asm
                    UEP13   0x000f7d       data     extern C:\MCC18\SRC\TRADIT~1\PROC\p18f2550.asm
                UEP13bits   0x000f7d       data     extern C:\MCC18\SRC\TRADIT~1\PROC\p18f2550.asm
                    UEP14   0x000f7e       data     extern C:\MCC18\SRC\TRADIT~1\PROC\p18f2550.asm
                UEP14bits   0x000f7e       data     extern C:\MCC18\SRC\TRADIT~1\PROC\p18f2550.asm
                    UEP15   0x000f7f       data     extern C:\MCC18\SRC\TRADIT~1\PROC\p18f2550.asm
                UEP15bits   0x000f7f       data     extern C:\MCC18\SRC\TRADIT~1\PROC\p18f2550.asm
                    PORTA   0x000f80       data     extern C:\MCC18\SRC\TRADIT~1\PROC\p18f2550.asm
                PORTAbits   0x000f80       data     extern C:\MCC18\SRC\TRADIT~1\PROC\p18f2550.asm
                    PORTB   0x000f81       data     extern C:\MCC18\SRC\TRADIT~1\PROC\p18f2550.asm
                PORTBbits   0x000f81       data     extern C:\MCC18\SRC\TRADIT~1\PROC\p18f2550.asm
                    PORTC   0x000f82       data     extern C:\MCC18\SRC\TRADIT~1\PROC\p18f2550.asm
                PORTCbits   0x000f82       data     extern C:\MCC18\SRC\TRADIT~1\PROC\p18f2550.asm
                    PORTE   0x000f84       data     extern C:\MCC18\SRC\TRADIT~1\PROC\p18f2550.asm
                PORTEbits   0x000f84       data     extern C:\MCC18\SRC\TRADIT~1\PROC\p18f2550.asm
                 LATAbits   0x000f89       data     extern C:\MCC18\SRC\TRADIT~1\PROC\p18f2550.asm
                     LATA   0x000f89       data     extern C:\MCC18\SRC\TRADIT~1\PROC\p18f2550.asm
                 LATBbits   0x000f8a       data     extern C:\MCC18\SRC\TRADIT~1\PROC\p18f2550.asm
                     LATB   0x000f8a       data     extern C:\MCC18\SRC\TRADIT~1\PROC\p18f2550.asm
                     LATC   0x000f8b       data     extern C:\MCC18\SRC\TRADIT~1\PROC\p18f2550.asm
                 LATCbits   0x000f8b       data     extern C:\MCC18\SRC\TRADIT~1\PROC\p18f2550.asm
                     DDRA   0x000f92       data     extern C:\MCC18\SRC\TRADIT~1\PROC\p18f2550.asm
                 DDRAbits   0x000f92       data     extern C:\MCC18\SRC\TRADIT~1\PROC\p18f2550.asm
                    TRISA   0x000f92       data     extern C:\MCC18\SRC\TRADIT~1\PROC\p18f2550.asm
                TRISAbits   0x000f92       data     extern C:\MCC18\SRC\TRADIT~1\PROC\p18f2550.asm
                    TRISB   0x000f93       data     extern C:\MCC18\SRC\TRADIT~1\PROC\p18f2550.asm
                     DDRB   0x000f93       data     extern C:\MCC18\SRC\TRADIT~1\PROC\p18f2550.asm
                 DDRBbits   0x000f93       data     extern C:\MCC18\SRC\TRADIT~1\PROC\p18f2550.asm
                TRISBbits   0x000f93       data     extern C:\MCC18\SRC\TRADIT~1\PROC\p18f2550.asm
                TRISCbits   0x000f94       data     extern C:\MCC18\SRC\TRADIT~1\PROC\p18f2550.asm
                    TRISC   0x000f94       data     extern C:\MCC18\SRC\TRADIT~1\PROC\p18f2550.asm
                 DDRCbits   0x000f94       data     extern C:\MCC18\SRC\TRADIT~1\PROC\p18f2550.asm
                     DDRC   0x000f94       data     extern C:\MCC18\SRC\TRADIT~1\PROC\p18f2550.asm
              OSCTUNEbits   0x000f9b       data     extern C:\MCC18\SRC\TRADIT~1\PROC\p18f2550.asm
                  OSCTUNE   0x000f9b       data     extern C:\MCC18\SRC\TRADIT~1\PROC\p18f2550.asm
                     PIE1   0x000f9d       data     extern C:\MCC18\SRC\TRADIT~1\PROC\p18f2550.asm
                 PIE1bits   0x000f9d       data     extern C:\MCC18\SRC\TRADIT~1\PROC\p18f2550.asm
                     PIR1   0x000f9e       data     extern C:\MCC18\SRC\TRADIT~1\PROC\p18f2550.asm
                 PIR1bits   0x000f9e       data     extern C:\MCC18\SRC\TRADIT~1\PROC\p18f2550.asm
                     IPR1   0x000f9f       data     extern C:\MCC18\SRC\TRADIT~1\PROC\p18f2550.asm
                 IPR1bits   0x000f9f       data     extern C:\MCC18\SRC\TRADIT~1\PROC\p18f2550.asm
                     PIE2   0x000fa0       data     extern C:\MCC18\SRC\TRADIT~1\PROC\p18f2550.asm
                 PIE2bits   0x000fa0       data     extern C:\MCC18\SRC\TRADIT~1\PROC\p18f2550.asm
                 PIR2bits   0x000fa1       data     extern C:\MCC18\SRC\TRADIT~1\PROC\p18f2550.asm
                     PIR2   0x000fa1       data     extern C:\MCC18\SRC\TRADIT~1\PROC\p18f2550.asm
                 IPR2bits   0x000fa2       data     extern C:\MCC18\SRC\TRADIT~1\PROC\p18f2550.asm
                     IPR2   0x000fa2       data     extern C:\MCC18\SRC\TRADIT~1\PROC\p18f2550.asm
                   EECON1   0x000fa6       data     extern C:\MCC18\SRC\TRADIT~1\PROC\p18f2550.asm
               EECON1bits   0x000fa6       data     extern C:\MCC18\SRC\TRADIT~1\PROC\p18f2550.asm
                   EECON2   0x000fa7       data     extern C:\MCC18\SRC\TRADIT~1\PROC\p18f2550.asm
                   EEDATA   0x000fa8       data     extern C:\MCC18\SRC\TRADIT~1\PROC\p18f2550.asm
                    EEADR   0x000fa9       data     extern C:\MCC18\SRC\TRADIT~1\PROC\p18f2550.asm
                RCSTAbits   0x000fab       data     extern C:\MCC18\SRC\TRADIT~1\PROC\p18f2550.asm
                    RCSTA   0x000fab       data     extern C:\MCC18\SRC\TRADIT~1\PROC\p18f2550.asm
                TXSTAbits   0x000fac       data     extern C:\MCC18\SRC\TRADIT~1\PROC\p18f2550.asm
                    TXSTA   0x000fac       data     extern C:\MCC18\SRC\TRADIT~1\PROC\p18f2550.asm
                    TXREG   0x000fad       data     extern C:\MCC18\SRC\TRADIT~1\PROC\p18f2550.asm
                    RCREG   0x000fae       data     extern C:\MCC18\SRC\TRADIT~1\PROC\p18f2550.asm
                    SPBRG   0x000faf       data     extern C:\MCC18\SRC\TRADIT~1\PROC\p18f2550.asm
                   SPBRGH   0x000fb0       data     extern C:\MCC18\SRC\TRADIT~1\PROC\p18f2550.asm
                T3CONbits   0x000fb1       data     extern C:\MCC18\SRC\TRADIT~1\PROC\p18f2550.asm
                    T3CON   0x000fb1       data     extern C:\MCC18\SRC\TRADIT~1\PROC\p18f2550.asm
                    TMR3L   0x000fb2       data     extern C:\MCC18\SRC\TRADIT~1\PROC\p18f2550.asm
                    TMR3H   0x000fb3       data     extern C:\MCC18\SRC\TRADIT~1\PROC\p18f2550.asm
                    CMCON   0x000fb4       data     extern C:\MCC18\SRC\TRADIT~1\PROC\p18f2550.asm
                CMCONbits   0x000fb4       data     extern C:\MCC18\SRC\TRADIT~1\PROC\p18f2550.asm
                   CVRCON   0x000fb5       data     extern C:\MCC18\SRC\TRADIT~1\PROC\p18f2550.asm
               CVRCONbits   0x000fb5       data     extern C:\MCC18\SRC\TRADIT~1\PROC\p18f2550.asm
                   CCP1AS   0x000fb6       data     extern C:\MCC18\SRC\TRADIT~1\PROC\p18f2550.asm
               CCP1ASbits   0x000fb6       data     extern C:\MCC18\SRC\TRADIT~1\PROC\p18f2550.asm
                  CCP1DEL   0x000fb7       data     extern C:\MCC18\SRC\TRADIT~1\PROC\p18f2550.asm
              CCP1DELbits   0x000fb7       data     extern C:\MCC18\SRC\TRADIT~1\PROC\p18f2550.asm
                  BAUDCON   0x000fb8       data     extern C:\MCC18\SRC\TRADIT~1\PROC\p18f2550.asm
              BAUDCONbits   0x000fb8       data     extern C:\MCC18\SRC\TRADIT~1\PROC\p18f2550.asm
                  CCP2CON   0x000fba       data     extern C:\MCC18\SRC\TRADIT~1\PROC\p18f2550.asm
              CCP2CONbits   0x000fba       data     extern C:\MCC18\SRC\TRADIT~1\PROC\p18f2550.asm
                    CCPR2   0x000fbb       data     extern C:\MCC18\SRC\TRADIT~1\PROC\p18f2550.asm
                   CCPR2L   0x000fbb       data     extern C:\MCC18\SRC\TRADIT~1\PROC\p18f2550.asm
                   CCPR2H   0x000fbc       data     extern C:\MCC18\SRC\TRADIT~1\PROC\p18f2550.asm
                  CCP1CON   0x000fbd       data     extern C:\MCC18\SRC\TRADIT~1\PROC\p18f2550.asm
              CCP1CONbits   0x000fbd       data     extern C:\MCC18\SRC\TRADIT~1\PROC\p18f2550.asm
                   CCPR1L   0x000fbe       data     extern C:\MCC18\SRC\TRADIT~1\PROC\p18f2550.asm
                    CCPR1   0x000fbe       data     extern C:\MCC18\SRC\TRADIT~1\PROC\p18f2550.asm
                   CCPR1H   0x000fbf       data     extern C:\MCC18\SRC\TRADIT~1\PROC\p18f2550.asm
                   ADCON2   0x000fc0       data     extern C:\MCC18\SRC\TRADIT~1\PROC\p18f2550.asm
               ADCON2bits   0x000fc0       data     extern C:\MCC18\SRC\TRADIT~1\PROC\p18f2550.asm
                   ADCON1   0x000fc1       data     extern C:\MCC18\SRC\TRADIT~1\PROC\p18f2550.asm
               ADCON1bits   0x000fc1       data     extern C:\MCC18\SRC\TRADIT~1\PROC\p18f2550.asm
                   ADCON0   0x000fc2       data     extern C:\MCC18\SRC\TRADIT~1\PROC\p18f2550.asm
               ADCON0bits   0x000fc2       data     extern C:\MCC18\SRC\TRADIT~1\PROC\p18f2550.asm
                    ADRES   0x000fc3       data     extern C:\MCC18\SRC\TRADIT~1\PROC\p18f2550.asm
                   ADRESL   0x000fc3       data     extern C:\MCC18\SRC\TRADIT~1\PROC\p18f2550.asm
                   ADRESH   0x000fc4       data     extern C:\MCC18\SRC\TRADIT~1\PROC\p18f2550.asm
                  SSPCON2   0x000fc5       data     extern C:\MCC18\SRC\TRADIT~1\PROC\p18f2550.asm
              SSPCON2bits   0x000fc5       data     extern C:\MCC18\SRC\TRADIT~1\PROC\p18f2550.asm
              SSPCON1bits   0x000fc6       data     extern C:\MCC18\SRC\TRADIT~1\PROC\p18f2550.asm
                  SSPCON1   0x000fc6       data     extern C:\MCC18\SRC\TRADIT~1\PROC\p18f2550.asm
                  SSPSTAT   0x000fc7       data     extern C:\MCC18\SRC\TRADIT~1\PROC\p18f2550.asm
              SSPSTATbits   0x000fc7       data     extern C:\MCC18\SRC\TRADIT~1\PROC\p18f2550.asm
                   SSPADD   0x000fc8       data     extern C:\MCC18\SRC\TRADIT~1\PROC\p18f2550.asm
                   SSPBUF   0x000fc9       data     extern C:\MCC18\SRC\TRADIT~1\PROC\p18f2550.asm
                T2CONbits   0x000fca       data     extern C:\MCC18\SRC\TRADIT~1\PROC\p18f2550.asm
                    T2CON   0x000fca       data     extern C:\MCC18\SRC\TRADIT~1\PROC\p18f2550.asm
                      PR2   0x000fcb       data     extern C:\MCC18\SRC\TRADIT~1\PROC\p18f2550.asm
                     TMR2   0x000fcc       data     extern C:\MCC18\SRC\TRADIT~1\PROC\p18f2550.asm
                T1CONbits   0x000fcd       data     extern C:\MCC18\SRC\TRADIT~1\PROC\p18f2550.asm
                    T1CON   0x000fcd       data     extern C:\MCC18\SRC\TRADIT~1\PROC\p18f2550.asm
                    TMR1L   0x000fce       data     extern C:\MCC18\SRC\TRADIT~1\PROC\p18f2550.asm
                    TMR1H   0x000fcf       data     extern C:\MCC18\SRC\TRADIT~1\PROC\p18f2550.asm
                 RCONbits   0x000fd0       data     extern C:\MCC18\SRC\TRADIT~1\PROC\p18f2550.asm
                     RCON   0x000fd0       data     extern C:\MCC18\SRC\TRADIT~1\PROC\p18f2550.asm
               WDTCONbits   0x000fd1       data     extern C:\MCC18\SRC\TRADIT~1\PROC\p18f2550.asm
                   WDTCON   0x000fd1       data     extern C:\MCC18\SRC\TRADIT~1\PROC\p18f2550.asm
                  HLVDCON   0x000fd2       data     extern C:\MCC18\SRC\TRADIT~1\PROC\p18f2550.asm
              HLVDCONbits   0x000fd2       data     extern C:\MCC18\SRC\TRADIT~1\PROC\p18f2550.asm
                   LVDCON   0x000fd2       data     extern C:\MCC18\SRC\TRADIT~1\PROC\p18f2550.asm
               LVDCONbits   0x000fd2       data     extern C:\MCC18\SRC\TRADIT~1\PROC\p18f2550.asm
                   OSCCON   0x000fd3       data     extern C:\MCC18\SRC\TRADIT~1\PROC\p18f2550.asm
               OSCCONbits   0x000fd3       data     extern C:\MCC18\SRC\TRADIT~1\PROC\p18f2550.asm
                    T0CON   0x000fd5       data     extern C:\MCC18\SRC\TRADIT~1\PROC\p18f2550.asm
                T0CONbits   0x000fd5       data     extern C:\MCC18\SRC\TRADIT~1\PROC\p18f2550.asm
                    TMR0L   0x000fd6       data     extern C:\MCC18\SRC\TRADIT~1\PROC\p18f2550.asm
                    TMR0H   0x000fd7       data     extern C:\MCC18\SRC\TRADIT~1\PROC\p18f2550.asm
                   STATUS   0x000fd8       data     extern C:\MCC18\SRC\TRADIT~1\PROC\p18f2550.asm
               STATUSbits   0x000fd8       data     extern C:\MCC18\SRC\TRADIT~1\PROC\p18f2550.asm
                    FSR2L   0x000fd9       data     extern C:\MCC18\SRC\TRADIT~1\PROC\p18f2550.asm
                     FSR2   0x000fd9       data     extern C:\MCC18\SRC\TRADIT~1\PROC\p18f2550.asm
                    FSR2H   0x000fda       data     extern C:\MCC18\SRC\TRADIT~1\PROC\p18f2550.asm
                   PLUSW2   0x000fdb       data     extern C:\MCC18\SRC\TRADIT~1\PROC\p18f2550.asm
                  PREINC2   0x000fdc       data     extern C:\MCC18\SRC\TRADIT~1\PROC\p18f2550.asm
                 POSTDEC2   0x000fdd       data     extern C:\MCC18\SRC\TRADIT~1\PROC\p18f2550.asm
                 POSTINC2   0x000fde       data     extern C:\MCC18\SRC\TRADIT~1\PROC\p18f2550.asm
                    INDF2   0x000fdf       data     extern C:\MCC18\SRC\TRADIT~1\PROC\p18f2550.asm
                      BSR   0x000fe0       data     extern C:\MCC18\SRC\TRADIT~1\PROC\p18f2550.asm
                    FSR1L   0x000fe1       data     extern C:\MCC18\SRC\TRADIT~1\PROC\p18f2550.asm
                     FSR1   0x000fe1       data     extern C:\MCC18\SRC\TRADIT~1\PROC\p18f2550.asm
                    FSR1H   0x000fe2       data     extern C:\MCC18\SRC\TRADIT~1\PROC\p18f2550.asm
                   PLUSW1   0x000fe3       data     extern C:\MCC18\SRC\TRADIT~1\PROC\p18f2550.asm
                  PREINC1   0x000fe4       data     extern C:\MCC18\SRC\TRADIT~1\PROC\p18f2550.asm
                 POSTDEC1   0x000fe5       data     extern C:\MCC18\SRC\TRADIT~1\PROC\p18f2550.asm
                 POSTINC1   0x000fe6       data     extern C:\MCC18\SRC\TRADIT~1\PROC\p18f2550.asm
                    INDF1   0x000fe7       data     extern C:\MCC18\SRC\TRADIT~1\PROC\p18f2550.asm
                     WREG   0x000fe8       data     extern C:\MCC18\SRC\TRADIT~1\PROC\p18f2550.asm
                     FSR0   0x000fe9       data     extern C:\MCC18\SRC\TRADIT~1\PROC\p18f2550.asm
                    FSR0L   0x000fe9       data     extern C:\MCC18\SRC\TRADIT~1\PROC\p18f2550.asm
                    FSR0H   0x000fea       data     extern C:\MCC18\SRC\TRADIT~1\PROC\p18f2550.asm
                   PLUSW0   0x000feb       data     extern C:\MCC18\SRC\TRADIT~1\PROC\p18f2550.asm
                  PREINC0   0x000fec       data     extern C:\MCC18\SRC\TRADIT~1\PROC\p18f2550.asm
                 POSTDEC0   0x000fed       data     extern C:\MCC18\SRC\TRADIT~1\PROC\p18f2550.asm
                 POSTINC0   0x000fee       data     extern C:\MCC18\SRC\TRADIT~1\PROC\p18f2550.asm
                    INDF0   0x000fef       data     extern C:\MCC18\SRC\TRADIT~1\PROC\p18f2550.asm
                  INTCON3   0x000ff0       data     extern C:\MCC18\SRC\TRADIT~1\PROC\p18f2550.asm
              INTCON3bits   0x000ff0       data     extern C:\MCC18\SRC\TRADIT~1\PROC\p18f2550.asm
                  INTCON2   0x000ff1       data     extern C:\MCC18\SRC\TRADIT~1\PROC\p18f2550.asm
              INTCON2bits   0x000ff1       data     extern C:\MCC18\SRC\TRADIT~1\PROC\p18f2550.asm
                   INTCON   0x000ff2       data     extern C:\MCC18\SRC\TRADIT~1\PROC\p18f2550.asm
               INTCONbits   0x000ff2       data     extern C:\MCC18\SRC\TRADIT~1\PROC\p18f2550.asm
                     PROD   0x000ff3       data     extern C:\MCC18\SRC\TRADIT~1\PROC\p18f2550.asm
                    PRODL   0x000ff3       data     extern C:\MCC18\SRC\TRADIT~1\PROC\p18f2550.asm
                    PRODH   0x000ff4       data     extern C:\MCC18\SRC\TRADIT~1\PROC\p18f2550.asm
                   TABLAT   0x000ff5       data     extern C:\MCC18\SRC\TRADIT~1\PROC\p18f2550.asm
                  TBLPTRL   0x000ff6       data     extern C:\MCC18\SRC\TRADIT~1\PROC\p18f2550.asm
                   TBLPTR   0x000ff6       data     extern C:\MCC18\SRC\TRADIT~1\PROC\p18f2550.asm
                  TBLPTRH   0x000ff7       data     extern C:\MCC18\SRC\TRADIT~1\PROC\p18f2550.asm
                  TBLPTRU   0x000ff8       data     extern C:\MCC18\SRC\TRADIT~1\PROC\p18f2550.asm
                       PC   0x000ff9       data     extern C:\MCC18\SRC\TRADIT~1\PROC\p18f2550.asm
                      PCL   0x000ff9       data     extern C:\MCC18\SRC\TRADIT~1\PROC\p18f2550.asm
                   PCLATH   0x000ffa       data     extern C:\MCC18\SRC\TRADIT~1\PROC\p18f2550.asm
                   PCLATU   0x000ffb       data     extern C:\MCC18\SRC\TRADIT~1\PROC\p18f2550.asm
               STKPTRbits   0x000ffc       data     extern C:\MCC18\SRC\TRADIT~1\PROC\p18f2550.asm
                   STKPTR   0x000ffc       data     extern C:\MCC18\SRC\TRADIT~1\PROC\p18f2550.asm
                     TOSL   0x000ffd       data     extern C:\MCC18\SRC\TRADIT~1\PROC\p18f2550.asm
                      TOS   0x000ffd       data     extern C:\MCC18\SRC\TRADIT~1\PROC\p18f2550.asm
                     TOSH   0x000ffe       data     extern C:\MCC18\SRC\TRADIT~1\PROC\p18f2550.asm
                     TOSU   0x000fff       data     extern C:\MCC18\SRC\TRADIT~1\PROC\p18f2550.asm


