Microchip MPLAB XC8 Compiler V1.21 ()

Linker command line:

--edf=C:\Program Files (x86)\Microchip\xc8\v1.21\dat\en_msgs.txt -cs \
  -h+LED.sym --cmf=LED.cmf -z -Q10F200 \
  -oC:\Users\FMV\AppData\Local\Temp\s6os.6 -MLED.map -E1 -ver=XC8 \
  -ACODE=00h-0FEh -AENTRY=00h-0FFh-0FEh -ASTRING=00h-0FEh \
  -ASTRCODE=00h-0FEh -ABANK0=010h-01Dh -ARAM=010h-01Dh -AABS1=010h-01Fh \
  -ACOMMON=01Ch-01Fh -ASFR0=00h-0Fh \
  -preset_vec=0ffh,reset_wrap=0h,init,end_init,cinit,clrtext -ppowerup=CODE \
  -pfunctab=ENTRY -ACONFIG=0FFFh-0FFFh -pconfig=CONFIG -DCONFIG=2 \
  -AIDLOC=0100h-0103h -pidloc=IDLOC -DIDLOC=2 -pstrings=-STRING -DCODE=2 \
  -DSTRCODE=2 -DSTRING=2 -DCONST=2 -DENTRY=2 -k startup.obj LED.obj 

Object code version is 3.11

Machine type is 10F200



                Name                               Link     Load   Length Selector   Space Scale
startup.obj     end_init                              2        2        1        0       0
                reset_wrap                            0        0        2        0       0
                reset_vec                            FF       FF        1      1FE       0
LED.obj         cinit                                 3        3        2        0       0
                cstackBANK0                          10       10        2       10       1
                maintext                              5        5       28        A       0

TOTAL           Name                               Link     Load   Length     Space
        CLASS   CODE           
                reset_vec                            FF       FF        1         0
                maintext                              5        5       28         0

        CLASS   ENTRY          
                end_init                              2        2        1         0
                cinit                                 3        3        2         0
                reset_wrap                            0        0        2         0

        CLASS   STRING         

        CLASS   STRCODE        

        CLASS   BANK0          
                cstackBANK0                          10       10        2         1

        CLASS   RAM            

        CLASS   ABS1           
                abs_s1                               1C       1C        4         1

        CLASS   COMMON         

        CLASS   SFR0           

        CLASS   CONFIG         

        CLASS   IDLOC          

        CLASS   CONST          



SEGMENTS        Name                           Load    Length   Top    Selector   Space  Class     Delta

                reset_wrap                     000000  000005  000005         0       0  ENTRY       2
                maintext                       000005  000028  00002D         A       0  CODE        2
                cstackBANK0                    000010  000002  000012        10       1  BANK0       1
                reset_vec                      0000FF  000001  000100       1FE       0  CODE        2


UNUSED ADDRESS RANGES

        Name                Unused          Largest block    Delta
        BANK0            012-01B             A           1
        CODE             02D-0FE            D2           2
        CONFIG           FFF-FFF             1           2
        ENTRY            02D-0FE            D2           2
        IDLOC            100-103             4           2
        RAM              012-01B             A           1
        SFR0             000-00F            10           1
        STRCODE          02D-0FE            D2           2
        STRING           02D-0FE            D2           2

                                  Symbol Table

_GPIO                    (abs)        006
_GPIObits                (abs)        006
__Habs1                  abs1         000
__Hbank0                 bank0        000
__Hcinit                 cinit        005
__Hclrtext               clrtext      005
__Hcode                  code         000
__Hcommon                common       000
__Hconfig                config       000
__HcstackBANK0           cstackBANK0  000
__HcstackCOMMON          cstackCOMMON 000
__Hend_init              end_init     003
__Hfunctab               functab      000
__Hidloc                 idloc        000
__Hinit                  init         002
__Hjmp_tab               jmp_tab      000
__Hmaintext              maintext     000
__Hpowerup               powerup      000
__Hram                   ram          000
__Hreset_vec             reset_vec    100
__Hreset_wrap            reset_wrap   002
__Hsfr0                  sfr0         000
__Hstrings               strings      000
__Htext                  text         000
__Labs1                  abs1         000
__Lbank0                 bank0        000
__Lcinit                 cinit        003
__Lclrtext               clrtext      005
__Lcode                  code         000
__Lcommon                common       000
__Lconfig                config       000
__LcstackBANK0           cstackBANK0  000
__LcstackCOMMON          cstackCOMMON 000
__Lend_init              end_init     002
__Lfunctab               functab      000
__Lidloc                 idloc        000
__Linit                  init         002
__Ljmp_tab               jmp_tab      000
__Lmaintext              maintext     000
__Lpowerup               powerup      000
__Lram                   ram          000
__Lreset_vec             reset_vec    0FF
__Lreset_wrap            reset_wrap   000
__Lsfr0                  sfr0         000
__Lstrings               strings      000
__Ltext                  text         000
__S0                     (abs)        02D
__S1                     (abs)        012
___latbits               (abs)        000
__end_of__initialization cinit        003
__end_of_main            maintext     02D
__initialization         cinit        003
__pcstackBANK0           cstackBANK0  010
__pcstackCOMMON          cstackCOMMON 000
__pmaintext              maintext     005
__size_of_main           (abs)        000
_main                    maintext     005
btemp                    (abs)        01C
end_of_initialization    cinit        003
ltemp0                   (abs)        01C
ltemp1                   (abs)        020
main@i                   cstackBANK0  010
reset_vec                reset_vec    0FF
start                    init         002
start_initialization     cinit        003
ttemp0                   (abs)        01C
ttemp1                   (abs)        01F
wtemp0                   (abs)        01C
wtemp1                   (abs)        01E
wtemp2                   (abs)        020
wtemp3                   (abs)        022


FUNCTION INFORMATION:

 *************** function _main *****************
 Defined at:
		line 9 in file "C:\Users\FMV\Dropbox\PIC-project\PIC_XC8\pic10f200\LED\LED.c"
 Parameters:    Size  Location     Type
		None
 Auto vars:     Size  Location     Type
  i               2    0[BANK0 ] int 
 Return value:  Size  Location     Type
                  2    6[BANK0 ] int 
 Registers used:
		wreg, fsr0l, fsr0h, status,2, status,0, btemp+0, btemp+2, btemp+3
 Tracked objects:
		On entry : 
		On exit  : 
		Unchanged: 
 Data sizes:     COMMON   BANK0
      Params:         0       0
      Locals:         0       2
      Temps:          0       0
      Totals:         0       2
Total ram usage:        2 bytes
 This function calls:
		Nothing
 This function is called by:
		Startup code after reset
 This function uses a non-reentrant model



MODULE INFORMATION

Module		Function		Class		Link	Load	Size
shared
		__initializatio		ENTRY          	0003	0000	0

shared estimated size: 0

C:\Users\FMV\Dropbox\PIC-project\PIC_XC8\pic10f200\LED\LED.c
		_main          		CODE           	0005	0000	40

C:\Users\FMV\Dropbox\PIC-project\PIC_XC8\pic10f200\LED\LED.c estimated size: 40

