MPLINK 4.44, Linker
Linker Map File - Created Sun Apr 20 22:53:52 2014

                                 Section Info
                  Section       Type    Address   Location Size(Bytes)
                ---------  ---------  ---------  ---------  ---------
               _entry_scn       code   0x000000    program   0x000006
              high_vector       code   0x000008    program   0x00001e
                   .cinit    romdata   0x00003a    program   0x000032
            .code_tasks.o       code   0x00006c    program   0x001948
            .code_queue.o       code   0x0019b4    program   0x0014ae
             .code_port.o       code   0x002e62    program   0x00097a
             .code_list.o       code   0x0037dc    program   0x000528
           .code_serial.o       code   0x003d04    program   0x000404
            .code_PollQ.o       code   0x004108    program   0x0002cc
          .code_integer.o       code   0x0043d4    program   0x000270
            .code_main1.o       code   0x004644    program   0x000130
           .code_heap_1.o       code   0x004774    program   0x0000fc
          .code_ParTest.o       code   0x004870    program   0x0000f8
               _cinit_scn       code   0x004968    program   0x00009e
          .code_fxm3232.o       code   0x004a06    program   0x000070
                     PROG       code   0x004a76    program   0x000068
                   STRING       code   0x004ade    program   0x000056
         .code_fxd3232u.o       code   0x004b34    program   0x000048
             .stringtable    romdata   0x004b7c    program   0x000023
         .romdata_queue.o    romdata   0x004b9f    program   0x000000
       .romdata_fxm3232.o    romdata   0x004b9f    program   0x000000
      .romdata_fxd3232u.o    romdata   0x004b9f    program   0x000000
        .romdata___init.o    romdata   0x004b9f    program   0x000000
         .idata_queue.o_i    romdata   0x004b9f    program   0x000000
        .romdata_heap_1.o    romdata   0x004b9f    program   0x000000
         .romdata_c018i.o    romdata   0x004b9f    program   0x000000
       .romdata_integer.o    romdata   0x004b9f    program   0x000000
       .idata_integer.o_i    romdata   0x004b9f    program   0x000001
        .romdata_serial.o    romdata   0x004b9f    program   0x000000
          .idata_port.o_i    romdata   0x004b9f    program   0x000000
          .romdata_port.o    romdata   0x004b9f    program   0x000000
         .romdata_tasks.o    romdata   0x004b9f    program   0x000000
         .romdata_PollQ.o    romdata   0x004b9f    program   0x000000
          .romdata_list.o    romdata   0x004b9f    program   0x000000
         .idata_main1.o_i    romdata   0x004b9f    program   0x000000
         .romdata_main1.o    romdata   0x004b9f    program   0x000000
       .romdata_ParTest.o    romdata   0x004b9f    program   0x000000
          .idata_list.o_i    romdata   0x004b9f    program   0x000000
        .idata_serial.o_i    romdata   0x004b9f    program   0x000000
                    .code       code   0x004ba0    program   0x000020
             _startup_scn       code   0x004bc0    program   0x00001c
           .code___init.o       code   0x004bdc    program   0x000002
         .idata_tasks.o_i    romdata   0x004bde    program   0x00000f
        .idata_heap_1.o_i    romdata   0x004bed    program   0x000004
         .idata_c018i.o_i    romdata   0x004bf1    program   0x000000
        .idata___init.o_i    romdata   0x004bf1    program   0x000000
       .idata_fxm3232.o_i    romdata   0x004bf1    program   0x000000
      .idata_fxd3232u.o_i    romdata   0x004bf1    program   0x000000
         .idata_PollQ.o_i    romdata   0x004bf1    program   0x000002
       .idata_ParTest.o_i    romdata   0x004bf3    program   0x000000
            .code_c018i.o       code   0x004bf4    program   0x000000
                MATH_DATA      udata   0x000000       data   0x000010
                 .tmpdata      udata   0x000010       data   0x000008
         vSerialTxISR_tmp      udata   0x000018       data   0x000001
         vSerialRxISR_tmp      udata   0x000019       data   0x000001
                   .stack      udata   0x000080       data   0x000060
          .udata_heap_1.o      udata   0x0000e0       data   0x000400
           .udata_tasks.o      udata   0x0004e0       data   0x00004c
           .idata_tasks.o      idata   0x00052c       data   0x00000f
           .udata_c018i.o      udata   0x00053b       data   0x00000a
          .udata_serial.o      udata   0x000545       data   0x000004
          .idata_heap_1.o      idata   0x000549       data   0x000004
           .udata_PollQ.o      udata   0x00054d       data   0x000002
           .idata_PollQ.o      idata   0x00054f       data   0x000002
         .idata_integer.o      idata   0x000551       data   0x000001
           .udata_queue.o      udata   0x000552       data   0x000000
          .idata___init.o      idata   0x000552       data   0x000000
          .udata___init.o      udata   0x000552       data   0x000000
         .idata_fxm3232.o      idata   0x000552       data   0x000000
         .udata_fxm3232.o      udata   0x000552       data   0x000000
        .idata_fxd3232u.o      idata   0x000552       data   0x000000
        .udata_fxd3232u.o      udata   0x000552       data   0x000000
           .idata_queue.o      idata   0x000552       data   0x000000
         .udata_integer.o      udata   0x000552       data   0x000000
           .idata_c018i.o      idata   0x000552       data   0x000000
            .udata_list.o      udata   0x000552       data   0x000000
          .idata_serial.o      idata   0x000552       data   0x000000
         .idata_ParTest.o      idata   0x000552       data   0x000000
         .udata_ParTest.o      udata   0x000552       data   0x000000
           .idata_main1.o      idata   0x000552       data   0x000000
           .udata_main1.o      udata   0x000552       data   0x000000
            .idata_port.o      idata   0x000552       data   0x000000
            .udata_port.o      udata   0x000552       data   0x000000
            .idata_list.o      idata   0x000552       data   0x000000
            SFR_UNBANKED0      udata   0x000f80       data   0x000080



                              Program Memory Usage 
                               Start         End      
                           ---------   ---------      
                            0x000000    0x000005      
                            0x000008    0x000025      
                            0x00003a    0x004bf2      
            19421 out of 33048 program addresses used, program memory utilization is 58%



                              Symbols - Sorted by Name
                     Name    Address   Location    Storage File                     
                ---------  ---------  ---------  --------- ---------                
                   D3232S   0x004aa6    program     static D:\3.43\pic18-lt\cxx-framework\src\traditional\math\fxd3232s.asm
                D3232SNEG   0x004ab4    program     static D:\3.43\pic18-lt\cxx-framework\src\traditional\math\fxd3232s.asm
                 D3232SOK   0x004ab0    program     static D:\3.43\pic18-lt\cxx-framework\src\traditional\math\fxd3232s.asm
                  D3232SX   0x004ad4    program     static D:\3.43\pic18-lt\cxx-framework\src\traditional\math\fxd3232s.asm
                  DA3232S   0x004a90    program     static D:\3.43\pic18-lt\cxx-framework\src\traditional\math\fxd3232s.asm
                 FXD3232S   0x004a76    program     extern D:\3.43\pic18-lt\cxx-framework\src\traditional\math\fxd3232s.asm
                 FXD3232U   0x004b34    program     extern D:\3.43\pic18-lt\cxx-framework\src\traditional\math\fxd3232u.c
                  FXM3232   0x004a06    program     extern D:\3.43\pic18-lt\cxx-framework\src\traditional\math\fxm3232.c
              _4jContinue   0x004b12    program     static D:\3.43\pic18-lt\cxx-framework\src\traditional\stdclib\memcpy.asm
                   _5jEnd   0x004b1c    program     static D:\3.43\pic18-lt\cxx-framework\src\traditional\stdclib\memcpy.asm
           ___?:_lbl00021   0x000392    program     static                          
           ___?:_lbl00022   0x000386    program     static                          
         ___else_lbl00002   0x000202    program     static                          
         ___else_lbl00002   0x001b36    program     static                          
         ___else_lbl00004   0x00022c    program     static                          
         ___else_lbl00004   0x001b38    program     static                          
         ___else_lbl00006   0x00025a    program     static                          
         ___else_lbl00006   0x001b3a    program     static                          
         ___else_lbl00008   0x00025c    program     static                          
         ___else_lbl00008   0x0033a0    program     static                          
         ___else_lbl00009   0x004252    program     static                          
         ___else_lbl00010   0x00022e    program     static                          
         ___else_lbl00014   0x000306    program     static                          
         ___else_lbl00016   0x00032e    program     static                          
         ___else_lbl00016   0x00355a    program     static                          
         ___else_lbl00018   0x000330    program     static                          
         ___else_lbl00020   0x001dde    program     static                          
         ___else_lbl00020   0x004352    program     static                          
         ___else_lbl00022   0x001de0    program     static                          
         ___else_lbl00024   0x0003c8    program     static                          
         ___else_lbl00026   0x001e28    program     static                          
         ___else_lbl00026   0x000410    program     static                          
         ___else_lbl00028   0x001e0a    program     static                          
         ___else_lbl00029   0x003718    program     static                          
         ___else_lbl00029   0x000474    program     static                          
         ___else_lbl00030   0x001dec    program     static                          
         ___else_lbl00037   0x001f3c    program     static                          
         ___else_lbl00039   0x001f56    program     static                          
         ___else_lbl00057   0x0021f6    program     static                          
         ___else_lbl00059   0x0021f8    program     static                          
         ___else_lbl00061   0x002268    program     static                          
         ___else_lbl00063   0x00226a    program     static                          
         ___else_lbl00065   0x0021fa    program     static                          
         ___else_lbl00065   0x0008a6    program     static                          
         ___else_lbl00069   0x0008c6    program     static                          
         ___else_lbl00069   0x0022b2    program     static                          
         ___else_lbl00071   0x002294    program     static                          
         ___else_lbl00071   0x0008ce    program     static                          
         ___else_lbl00073   0x0008e4    program     static                          
         ___else_lbl00073   0x002276    program     static                          
         ___else_lbl00076   0x0008e6    program     static                          
         ___else_lbl00079   0x0023c4    program     static                          
         ___else_lbl00081   0x0023c6    program     static                          
         ___else_lbl00083   0x0023de    program     static                          
         ___else_lbl00128   0x002c0c    program     static                          
         ___else_lbl00130   0x002c0e    program     static                          
         ___else_lbl00130   0x001352    program     static                          
         ___else_lbl00132   0x0012be    program     static                          
         ___else_lbl00135   0x002cc6    program     static                          
         ___else_lbl00137   0x002cde    program     static                          
         ___else_lbl00141   0x002d40    program     static                          
         ___else_lbl00148   0x002dec    program     static                          
         ___else_lbl00158   0x001698    program     static                          
          ___for_lbl00002   0x004284    program     static                          
          ___for_lbl00003   0x004286    program     static                          
          ___for_lbl00004   0x004270    program     static                          
          ___for_lbl00005   0x004276    program     static                          
          ___for_lbl00005   0x00459e    program     static                          
          ___for_lbl00006   0x0045a0    program     static                          
          ___for_lbl00010   0x0044b0    program     static                          
          ___for_lbl00010   0x0041f0    program     static                          
          ___for_lbl00011   0x0041ec    program     static                          
          ___for_lbl00013   0x004382    program     static                          
          ___for_lbl00014   0x004384    program     static                          
          ___for_lbl00016   0x001f72    program     static                          
          ___for_lbl00017   0x001f74    program     static                          
          ___for_lbl00022   0x0042c4    program     static                          
          ___for_lbl00040   0x001d1e    program     static                          
          ___for_lbl00054   0x0023f8    program     static                          
          ___for_lbl00055   0x0023fa    program     static                          
          ___for_lbl00084   0x002126    program     static                          
           ___if_lbl00001   0x001b36    program     static                          
           ___if_lbl00001   0x000202    program     static                          
           ___if_lbl00001   0x003e04    program     static                          
           ___if_lbl00003   0x00022c    program     static                          
           ___if_lbl00003   0x001b38    program     static                          
           ___if_lbl00005   0x001b8a    program     static                          
           ___if_lbl00005   0x00025a    program     static                          
           ___if_lbl00006   0x004268    program     static                          
           ___if_lbl00007   0x004268    program     static                          
           ___if_lbl00007   0x004570    program     static                          
           ___if_lbl00007   0x0033aa    program     static                          
           ___if_lbl00007   0x00025c    program     static                          
           ___if_lbl00007   0x001b90    program     static                          
           ___if_lbl00008   0x004270    program     static                          
           ___if_lbl00008   0x00459e    program     static                          
           ___if_lbl00009   0x00025c    program     static                          
           ___if_lbl00009   0x00459e    program     static                          
           ___if_lbl00011   0x00029a    program     static                          
           ___if_lbl00012   0x000304    program     static                          
           ___if_lbl00013   0x000308    program     static                          
           ___if_lbl00015   0x00032e    program     static                          
           ___if_lbl00015   0x003564    program     static                          
           ___if_lbl00017   0x004368    program     static                          
           ___if_lbl00017   0x000330    program     static                          
           ___if_lbl00018   0x004368    program     static                          
           ___if_lbl00018   0x000010    program     static                          
           ___if_lbl00019   0x000330    program     static                          
           ___if_lbl00019   0x004368    program     static                          
           ___if_lbl00019   0x001dde    program     static                          
           ___if_lbl00019   0x000018    program     static                          
           ___if_lbl00020   0x000024    program     static                          
           ___if_lbl00021   0x000024    program     static                          
           ___if_lbl00021   0x004372    program     static                          
           ___if_lbl00021   0x001de0    program     static                          
           ___if_lbl00023   0x0003c8    program     static                          
           ___if_lbl00023   0x001de6    program     static                          
           ___if_lbl00024   0x001e04    program     static                          
           ___if_lbl00025   0x001e28    program     static                          
           ___if_lbl00025   0x003648    program     static                          
           ___if_lbl00025   0x000410    program     static                          
           ___if_lbl00027   0x001e28    program     static                          
           ___if_lbl00027   0x000452    program     static                          
           ___if_lbl00028   0x003722    program     static                          
           ___if_lbl00028   0x000478    program     static                          
           ___if_lbl00029   0x001e28    program     static                          
           ___if_lbl00030   0x000478    program     static                          
           ___if_lbl00031   0x001e2e    program     static                          
           ___if_lbl00032   0x001e68    program     static                          
           ___if_lbl00033   0x001e98    program     static                          
           ___if_lbl00034   0x001e9e    program     static                          
           ___if_lbl00035   0x001f3a    program     static                          
           ___if_lbl00036   0x001f54    program     static                          
           ___if_lbl00038   0x001f72    program     static                          
           ___if_lbl00056   0x0021f6    program     static                          
           ___if_lbl00058   0x0021f8    program     static                          
           ___if_lbl00060   0x002268    program     static                          
           ___if_lbl00062   0x00226a    program     static                          
           ___if_lbl00063   0x000822    program     static                          
           ___if_lbl00064   0x0008a6    program     static                          
           ___if_lbl00064   0x00226a    program     static                          
           ___if_lbl00066   0x002270    program     static                          
           ___if_lbl00067   0x00228e    program     static                          
           ___if_lbl00068   0x0022b2    program     static                          
           ___if_lbl00068   0x0008c6    program     static                          
           ___if_lbl00070   0x0008ce    program     static                          
           ___if_lbl00070   0x0022b2    program     static                          
           ___if_lbl00072   0x0008e4    program     static                          
           ___if_lbl00072   0x0022b2    program     static                          
           ___if_lbl00074   0x0008e4    program     static                          
           ___if_lbl00074   0x0022b8    program     static                          
           ___if_lbl00075   0x0008e6    program     static                          
           ___if_lbl00075   0x0022f2    program     static                          
           ___if_lbl00076   0x002322    program     static                          
           ___if_lbl00077   0x002328    program     static                          
           ___if_lbl00077   0x0008ec    program     static                          
           ___if_lbl00078   0x0023c4    program     static                          
           ___if_lbl00079   0x00092c    program     static                          
           ___if_lbl00080   0x0023dc    program     static                          
           ___if_lbl00082   0x0023f8    program     static                          
           ___if_lbl00100   0x00266e    program     static                          
           ___if_lbl00102   0x0026ec    program     static                          
           ___if_lbl00127   0x002c0c    program     static                          
           ___if_lbl00129   0x001356    program     static                          
           ___if_lbl00129   0x002c10    program     static                          
           ___if_lbl00131   0x001356    program     static                          
           ___if_lbl00131   0x002c44    program     static                          
           ___if_lbl00133   0x00135c    program     static                          
           ___if_lbl00134   0x002cc6    program     static                          
           ___if_lbl00136   0x002ce0    program     static                          
           ___if_lbl00138   0x002cfe    program     static                          
           ___if_lbl00140   0x002d42    program     static                          
           ___if_lbl00142   0x002d48    program     static                          
           ___if_lbl00147   0x002dee    program     static                          
           ___if_lbl00149   0x002df4    program     static                          
           ___if_lbl00156   0x001684    program     static                          
           ___if_lbl00157   0x001698    program     static                          
       ___return_lbl00000   0x000334    program     static                          
       ___return_lbl00000   0x000004    program     static                          
       ___return_lbl00000   0x004a74    program     static                          
       ___return_lbl00000   0x004b7a    program     static                          
       ___return_lbl00000   0x003e0a    program     static                          
       ___return_lbl00000   0x001b94    program     static                          
       ___return_lbl00001   0x004bda    program     static                          
       ___return_lbl00001   0x004286    program     static                          
       ___return_lbl00002   0x004a04    program     static                          
       ___return_lbl00004   0x0033ae    program     static                          
       ___return_lbl00004   0x0045a0    program     static                          
       ___return_lbl00010   0x003564    program     static                          
       ___return_lbl00012   0x004384    program     static                          
       ___return_lbl00015   0x001f74    program     static                          
       ___return_lbl00017   0x000024    program     static                          
       ___return_lbl00020   0x000478    program     static                          
       ___return_lbl00022   0x003722    program     static                          
       ___return_lbl00053   0x0023fa    program     static                          
       ___return_lbl00060   0x0008f2    program     static                          
       ___return_lbl00078   0x00093e    program     static                          
       ___return_lbl00099   0x002672    program     static                          
       ___return_lbl00101   0x0026f0    program     static                          
       ___return_lbl00124   0x002cfe    program     static                          
       ___return_lbl00127   0x001360    program     static                          
       ___return_lbl00139   0x002d4c    program     static                          
       ___return_lbl00146   0x002df8    program     static                          
       ___return_lbl00153   0x00169a    program     static                          
        ___while_lbl00005   0x0032ea    program     static                          
        ___while_lbl00006   0x003300    program     static                          
        ___while_lbl00011   0x00345a    program     static                          
        ___while_lbl00012   0x003470    program     static                          
        ___while_lbl00013   0x0034a4    program     static                          
        ___while_lbl00014   0x0034ba    program     static                          
        ___while_lbl00015   0x0042c4    program     static                          
        ___while_lbl00016   0x004374    program     static                          
        ___while_lbl00023   0x00360e    program     static                          
        ___while_lbl00024   0x003624    program     static                          
        ___while_lbl00026   0x003662    program     static                          
        ___while_lbl00027   0x003678    program     static                          
        ___while_lbl00061   0x000780    program     static                          
        ___while_lbl00062   0x0008a8    program     static                          
        ___while_lbl00066   0x0008b0    program     static                          
        ___while_lbl00067   0x0008cc    program     static                          
        ___while_lbl00125   0x002b90    program     static                          
        ___while_lbl00126   0x002c28    program     static                          
        ___while_lbl00132   0x002c4a    program     static                          
        ___while_lbl00133   0x002ce2    program     static                          
        ___while_lbl00154   0x001606    program     static                          
        ___while_lbl00155   0x00169a    program     static                          
                   __init   0x004bdc    program     extern D:\3.43\pic18-lt\cxx-framework\src\traditional\stdclib\__init.c
               __string_0   0x004b7c    program     static D:\liburary\softwere\pic_RTOS\FreeRTOSV8.0.0\FreeRTOS\Source\tasks.c
               __string_0   0x004b89    program     static D:\liburary\softwere\pic_RTOS\FreeRTOSV8.0.0\FreeRTOS\Demo\Common\Minimal\PollQ.c
               __string_0   0x004b91    program     static D:\liburary\softwere\pic_RTOS\FreeRTOSV8.0.0\FreeRTOS\Demo\PIC18_MPLAB\main1.c
               __string_0   0x004b97    program     static D:\liburary\softwere\pic_RTOS\FreeRTOSV8.0.0\FreeRTOS\Demo\Common\Minimal\integer.c
               __string_1   0x004b81    program     static D:\liburary\softwere\pic_RTOS\FreeRTOSV8.0.0\FreeRTOS\Demo\Common\Minimal\PollQ.c
               __tmplbl_0   0x004560    program     static                          
               __tmplbl_0   0x001d5e    program     static                          
               __tmplbl_1   0x001d56    program     static                          
               __tmplbl_2   0x004204    program     static                          
               __tmplbl_4   0x0012b8    program     static                          
               __tmplbl_5   0x001288    program     static                          
               __tmplbl_6   0x00161c    program     static                          
               __tmplbl_7   0x001618    program     static                          
               __tmplbl_8   0x002bb6    program     static                          
               __tmplbl_9   0x002c70    program     static                          
            __zero_memory   0x004ba0    program     extern D:\3.43\pic18-lt\cxx-framework\src\traditional\proc\p18f452.asm
                _do_cinit   0x004968    program     extern D:\3.43\pic18-lt\cxx-framework\src\traditional\startup\c018i.c
                   _entry   0x000000    program     extern D:\3.43\pic18-lt\cxx-framework\src\traditional\startup\c018i.c
                   _false   0x004b76    program     static                          
                 _startup   0x004bc0    program     extern D:\3.43\pic18-lt\cxx-framework\src\traditional\startup\c018i.c
                compare_l   0x004bb6    program     static D:\3.43\pic18-lt\cxx-framework\src\traditional\proc\p18f452.asm
                copy_loop   0x0049da    program     static                          
            copy_one_byte   0x0049e0    program     static                          
                     done   0x004a04    program     static                          
             done_copying   0x0049ee    program     static                          
                     jEnd   0x004b22    program     static D:\3.43\pic18-lt\cxx-framework\src\traditional\stdclib\memcpy.asm
                    jLoop   0x004b06    program     static D:\3.43\pic18-lt\cxx-framework\src\traditional\stdclib\memcpy.asm
                     loop   0x004bd0    program     static                          
                     loop   0x004b42    program     static                          
                   loop_h   0x004bae    program     static D:\3.43\pic18-lt\cxx-framework\src\traditional\proc\p18f452.asm
                   loop_l   0x004bb8    program     static D:\3.43\pic18-lt\cxx-framework\src\traditional\proc\p18f452.asm
                     main   0x004644    program     extern D:\liburary\softwere\pic_RTOS\FreeRTOSV8.0.0\FreeRTOS\Demo\PIC18_MPLAB\main1.c
                   memcpy   0x004ade    program     extern D:\3.43\pic18-lt\cxx-framework\src\traditional\stdclib\memcpy.asm
prvAddCurrentTaskToDelayedList   0x0016ac    program     extern D:\liburary\softwere\pic_RTOS\FreeRTOSV8.0.0\FreeRTOS\Source\tasks.c
   prvAllocateTCBAndStack   0x00178a    program     extern D:\liburary\softwere\pic_RTOS\FreeRTOSV8.0.0\FreeRTOS\Source\tasks.c
prvCheckOtherTasksAreStillRunning   0x004738    program     static D:\liburary\softwere\pic_RTOS\FreeRTOSV8.0.0\FreeRTOS\Demo\PIC18_MPLAB\main1.c
prvCheckTasksWaitingTermination   0x0015f0    program     extern D:\liburary\softwere\pic_RTOS\FreeRTOSV8.0.0\FreeRTOS\Source\tasks.c
     prvCopyDataFromQueue   0x002a4a    program     static D:\liburary\softwere\pic_RTOS\FreeRTOSV8.0.0\FreeRTOS\Source\queue.c
       prvCopyDataToQueue   0x0027a0    program     static D:\liburary\softwere\pic_RTOS\FreeRTOSV8.0.0\FreeRTOS\Source\queue.c
             prvDeleteTCB   0x001860    program     extern D:\liburary\softwere\pic_RTOS\FreeRTOSV8.0.0\FreeRTOS\Source\tasks.c
              prvIdleTask   0x00137a    program     extern D:\liburary\softwere\pic_RTOS\FreeRTOSV8.0.0\FreeRTOS\Source\tasks.c
prvInitialiseTCBVariables   0x00139a    program     extern D:\liburary\softwere\pic_RTOS\FreeRTOSV8.0.0\FreeRTOS\Source\tasks.c
   prvInitialiseTaskLists   0x00154e    program     extern D:\liburary\softwere\pic_RTOS\FreeRTOSV8.0.0\FreeRTOS\Source\tasks.c
          prvIsQueueEmpty   0x002d0a    program     static D:\liburary\softwere\pic_RTOS\FreeRTOSV8.0.0\FreeRTOS\Source\queue.c
           prvIsQueueFull   0x002d9c    program     static D:\liburary\softwere\pic_RTOS\FreeRTOSV8.0.0\FreeRTOS\Source\queue.c
          prvLowInterrupt   0x000008    program     static D:\liburary\softwere\pic_RTOS\FreeRTOSV8.0.0\FreeRTOS\Source\portable\MPLAB\PIC18F\port.c
prvResetNextTaskUnblockTime   0x0018b4    program     extern D:\liburary\softwere\pic_RTOS\FreeRTOSV8.0.0\FreeRTOS\Source\tasks.c
   prvSetupTimerInterrupt   0x003724    program     static D:\liburary\softwere\pic_RTOS\FreeRTOSV8.0.0\FreeRTOS\Source\portable\MPLAB\PIC18F\port.c
               prvTickISR   0x003566    program     static D:\liburary\softwere\pic_RTOS\FreeRTOSV8.0.0\FreeRTOS\Source\portable\MPLAB\PIC18F\port.c
           prvUnlockQueue   0x002b7a    program     static D:\liburary\softwere\pic_RTOS\FreeRTOSV8.0.0\FreeRTOS\Source\queue.c
             pvPortMalloc   0x004774    program     extern D:\liburary\softwere\pic_RTOS\FreeRTOSV8.0.0\FreeRTOS\Source\portable\MemMang\heap_1.c
    pxPortInitialiseStack   0x002e62    program     extern D:\liburary\softwere\pic_RTOS\FreeRTOSV8.0.0\FreeRTOS\Source\portable\MPLAB\PIC18F\port.c
                     test   0x004982    program     static                          
             uxListRemove   0x003bbc    program     extern D:\liburary\softwere\pic_RTOS\FreeRTOSV8.0.0\FreeRTOS\Source\list.c
   uxQueueMessagesWaiting   0x002638    program     extern D:\liburary\softwere\pic_RTOS\FreeRTOSV8.0.0\FreeRTOS\Source\queue.c
uxQueueMessagesWaitingFromISR   0x002702    program     extern D:\liburary\softwere\pic_RTOS\FreeRTOSV8.0.0\FreeRTOS\Source\queue.c
   uxQueueSpacesAvailable   0x002680    program     extern D:\liburary\softwere\pic_RTOS\FreeRTOSV8.0.0\FreeRTOS\Source\queue.c
   uxTaskGetNumberOfTasks   0x000992    program     extern D:\liburary\softwere\pic_RTOS\FreeRTOSV8.0.0\FreeRTOS\Source\tasks.c
uxTaskResetEventItemValue   0x001936    program     extern D:\liburary\softwere\pic_RTOS\FreeRTOSV8.0.0\FreeRTOS\Source\tasks.c
   vCompeteingIntMathTask   0x004474    program     static D:\liburary\softwere\pic_RTOS\FreeRTOSV8.0.0\FreeRTOS\Demo\Common\Minimal\integer.c
             vErrorChecks   0x0046ec    program     static D:\liburary\softwere\pic_RTOS\FreeRTOSV8.0.0\FreeRTOS\Demo\PIC18_MPLAB\main1.c
          vListInitialise   0x0037dc    program     extern D:\liburary\softwere\pic_RTOS\FreeRTOSV8.0.0\FreeRTOS\Source\list.c
      vListInitialiseItem   0x0038d0    program     extern D:\liburary\softwere\pic_RTOS\FreeRTOSV8.0.0\FreeRTOS\Source\list.c
              vListInsert   0x003a00    program     extern D:\liburary\softwere\pic_RTOS\FreeRTOSV8.0.0\FreeRTOS\Source\list.c
           vListInsertEnd   0x003900    program     extern D:\liburary\softwere\pic_RTOS\FreeRTOSV8.0.0\FreeRTOS\Source\list.c
       vParTestInitialise   0x004870    program     extern D:\liburary\softwere\pic_RTOS\FreeRTOSV8.0.0\FreeRTOS\Demo\PIC18_MPLAB\ParTest\ParTest.c
           vParTestSetLED   0x00488a    program     extern D:\liburary\softwere\pic_RTOS\FreeRTOSV8.0.0\FreeRTOS\Demo\PIC18_MPLAB\ParTest\ParTest.c
        vParTestToggleLED   0x004924    program     extern D:\liburary\softwere\pic_RTOS\FreeRTOSV8.0.0\FreeRTOS\Demo\PIC18_MPLAB\ParTest\ParTest.c
     vPolledQueueConsumer   0x00429e    program     static D:\liburary\softwere\pic_RTOS\FreeRTOSV8.0.0\FreeRTOS\Demo\Common\Minimal\PollQ.c
     vPolledQueueProducer   0x0041cc    program     static D:\liburary\softwere\pic_RTOS\FreeRTOSV8.0.0\FreeRTOS\Demo\Common\Minimal\PollQ.c
        vPortEndScheduler   0x0033b0    program     extern D:\liburary\softwere\pic_RTOS\FreeRTOSV8.0.0\FreeRTOS\Source\portable\MPLAB\PIC18F\port.c
                vPortFree   0x004838    program     extern D:\liburary\softwere\pic_RTOS\FreeRTOSV8.0.0\FreeRTOS\Source\portable\MemMang\heap_1.c
    vPortInitialiseBlocks   0x00484c    program     extern D:\liburary\softwere\pic_RTOS\FreeRTOSV8.0.0\FreeRTOS\Source\portable\MemMang\heap_1.c
               vPortYield   0x0033b2    program     extern D:\liburary\softwere\pic_RTOS\FreeRTOSV8.0.0\FreeRTOS\Source\portable\MPLAB\PIC18F\port.c
             vQueueDelete   0x00273c    program     extern D:\liburary\softwere\pic_RTOS\FreeRTOSV8.0.0\FreeRTOS\Source\queue.c
             vSerialClose   0x003ef0    program     extern D:\liburary\softwere\pic_RTOS\FreeRTOSV8.0.0\FreeRTOS\Demo\PIC18_MPLAB\serial\serial.c
             vSerialRxISR   0x003f04    program     extern D:\liburary\softwere\pic_RTOS\FreeRTOSV8.0.0\FreeRTOS\Demo\PIC18_MPLAB\serial\serial.c
             vSerialTxISR   0x00400c    program     extern D:\liburary\softwere\pic_RTOS\FreeRTOSV8.0.0\FreeRTOS\Demo\PIC18_MPLAB\serial\serial.c
   vStartIntegerMathTasks   0x0043d4    program     extern D:\liburary\softwere\pic_RTOS\FreeRTOSV8.0.0\FreeRTOS\Demo\Common\Minimal\integer.c
   vStartPolledQueueTasks   0x004108    program     extern D:\liburary\softwere\pic_RTOS\FreeRTOSV8.0.0\FreeRTOS\Demo\Common\Minimal\PollQ.c
               vTaskDelay   0x00061a    program     extern D:\liburary\softwere\pic_RTOS\FreeRTOSV8.0.0\FreeRTOS\Source\tasks.c
          vTaskDelayUntil   0x000488    program     extern D:\liburary\softwere\pic_RTOS\FreeRTOSV8.0.0\FreeRTOS\Source\tasks.c
              vTaskDelete   0x000350    program     extern D:\liburary\softwere\pic_RTOS\FreeRTOSV8.0.0\FreeRTOS\Source\tasks.c
        vTaskEndScheduler   0x00073a    program     extern D:\liburary\softwere\pic_RTOS\FreeRTOSV8.0.0\FreeRTOS\Source\tasks.c
         vTaskMissedYield   0x001372    program     extern D:\liburary\softwere\pic_RTOS\FreeRTOSV8.0.0\FreeRTOS\Source\tasks.c
    vTaskPlaceOnEventList   0x000d68    program     extern D:\liburary\softwere\pic_RTOS\FreeRTOSV8.0.0\FreeRTOS\Source\tasks.c
vTaskPlaceOnUnorderedEventList   0x000e1c    program     extern D:\liburary\softwere\pic_RTOS\FreeRTOSV8.0.0\FreeRTOS\Source\tasks.c
     vTaskSetTimeOutState   0x00120a    program     extern D:\liburary\softwere\pic_RTOS\FreeRTOSV8.0.0\FreeRTOS\Source\tasks.c
      vTaskStartScheduler   0x0006c6    program     extern D:\liburary\softwere\pic_RTOS\FreeRTOSV8.0.0\FreeRTOS\Source\tasks.c
          vTaskSuspendAll   0x000744    program     extern D:\liburary\softwere\pic_RTOS\FreeRTOSV8.0.0\FreeRTOS\Source\tasks.c
       vTaskSwitchContext   0x000c42    program     extern D:\liburary\softwere\pic_RTOS\FreeRTOSV8.0.0\FreeRTOS\Source\tasks.c
xAreIntegerMathsTaskStillRunning   0x0045b8    program     extern D:\liburary\softwere\pic_RTOS\FreeRTOSV8.0.0\FreeRTOS\Demo\Common\Minimal\integer.c
xArePollingQueuesStillRunning   0x00439c    program     extern D:\liburary\softwere\pic_RTOS\FreeRTOSV8.0.0\FreeRTOS\Demo\Common\Minimal\PollQ.c
     xPortGetFreeHeapSize   0x004854    program     extern D:\liburary\softwere\pic_RTOS\FreeRTOSV8.0.0\FreeRTOS\Source\portable\MemMang\heap_1.c
      xPortStartScheduler   0x0032ce    program     extern D:\liburary\softwere\pic_RTOS\FreeRTOSV8.0.0\FreeRTOS\Source\portable\MPLAB\PIC18F\port.c
      xQueueGenericCreate   0x001ba4    program     extern D:\liburary\softwere\pic_RTOS\FreeRTOSV8.0.0\FreeRTOS\Source\queue.c
     xQueueGenericReceive   0x0020f0    program     extern D:\liburary\softwere\pic_RTOS\FreeRTOSV8.0.0\FreeRTOS\Source\queue.c
       xQueueGenericReset   0x0019b4    program     extern D:\liburary\softwere\pic_RTOS\FreeRTOSV8.0.0\FreeRTOS\Source\queue.c
        xQueueGenericSend   0x001ce8    program     extern D:\liburary\softwere\pic_RTOS\FreeRTOSV8.0.0\FreeRTOS\Source\queue.c
 xQueueGenericSendFromISR   0x001f90    program     extern D:\liburary\softwere\pic_RTOS\FreeRTOSV8.0.0\FreeRTOS\Source\queue.c
xQueueIsQueueEmptyFromISR   0x002d5a    program     extern D:\liburary\softwere\pic_RTOS\FreeRTOSV8.0.0\FreeRTOS\Source\queue.c
 xQueueIsQueueFullFromISR   0x002e06    program     extern D:\liburary\softwere\pic_RTOS\FreeRTOSV8.0.0\FreeRTOS\Source\queue.c
        xQueuePeekFromISR   0x00255e    program     extern D:\liburary\softwere\pic_RTOS\FreeRTOSV8.0.0\FreeRTOS\Source\queue.c
     xQueueReceiveFromISR   0x002416    program     extern D:\liburary\softwere\pic_RTOS\FreeRTOSV8.0.0\FreeRTOS\Source\queue.c
           xSerialGetChar   0x003e36    program     extern D:\liburary\softwere\pic_RTOS\FreeRTOSV8.0.0\FreeRTOS\Demo\PIC18_MPLAB\serial\serial.c
          xSerialPortInit   0x003e22    program     extern D:\liburary\softwere\pic_RTOS\FreeRTOSV8.0.0\FreeRTOS\Demo\PIC18_MPLAB\serial\serial.c
   xSerialPortInitMinimal   0x003d04    program     extern D:\liburary\softwere\pic_RTOS\FreeRTOSV8.0.0\FreeRTOS\Demo\PIC18_MPLAB\serial\serial.c
           xSerialPutChar   0x003e92    program     extern D:\liburary\softwere\pic_RTOS\FreeRTOSV8.0.0\FreeRTOS\Demo\PIC18_MPLAB\serial\serial.c
     xTaskCheckForTimeOut   0x00124c    program     extern D:\liburary\softwere\pic_RTOS\FreeRTOSV8.0.0\FreeRTOS\Source\tasks.c
       xTaskGenericCreate   0x00006c    program     extern D:\liburary\softwere\pic_RTOS\FreeRTOSV8.0.0\FreeRTOS\Source\tasks.c
        xTaskGetTickCount   0x000904    program     extern D:\liburary\softwere\pic_RTOS\FreeRTOSV8.0.0\FreeRTOS\Source\tasks.c
 xTaskGetTickCountFromISR   0x00094e    program     extern D:\liburary\softwere\pic_RTOS\FreeRTOSV8.0.0\FreeRTOS\Source\tasks.c
       xTaskIncrementTick   0x000998    program     extern D:\liburary\softwere\pic_RTOS\FreeRTOSV8.0.0\FreeRTOS\Source\tasks.c
 xTaskRemoveFromEventList   0x000ef6    program     extern D:\liburary\softwere\pic_RTOS\FreeRTOSV8.0.0\FreeRTOS\Source\tasks.c
xTaskRemoveFromUnorderedEventList   0x00109c    program     extern D:\liburary\softwere\pic_RTOS\FreeRTOSV8.0.0\FreeRTOS\Source\tasks.c
           xTaskResumeAll   0x00074a    program     extern D:\liburary\softwere\pic_RTOS\FreeRTOSV8.0.0\FreeRTOS\Source\tasks.c
               zero_block   0x004bae    program     static D:\3.43\pic18-lt\cxx-framework\src\traditional\proc\p18f452.asm
                   ADCON0   0x000fc2       data     extern D:\3.43\pic18-lt\cxx-framework\src\traditional\proc\p18f452.asm
               ADCON0bits   0x000fc2       data     extern D:\3.43\pic18-lt\cxx-framework\src\traditional\proc\p18f452.asm
                   ADCON1   0x000fc1       data     extern D:\3.43\pic18-lt\cxx-framework\src\traditional\proc\p18f452.asm
               ADCON1bits   0x000fc1       data     extern D:\3.43\pic18-lt\cxx-framework\src\traditional\proc\p18f452.asm
                    ADRES   0x000fc3       data     extern D:\3.43\pic18-lt\cxx-framework\src\traditional\proc\p18f452.asm
                   ADRESH   0x000fc4       data     extern D:\3.43\pic18-lt\cxx-framework\src\traditional\proc\p18f452.asm
                   ADRESL   0x000fc3       data     extern D:\3.43\pic18-lt\cxx-framework\src\traditional\proc\p18f452.asm
                      BSR   0x000fe0       data     extern D:\3.43\pic18-lt\cxx-framework\src\traditional\proc\p18f452.asm
                  CCP1CON   0x000fbd       data     extern D:\3.43\pic18-lt\cxx-framework\src\traditional\proc\p18f452.asm
              CCP1CONbits   0x000fbd       data     extern D:\3.43\pic18-lt\cxx-framework\src\traditional\proc\p18f452.asm
                  CCP2CON   0x000fba       data     extern D:\3.43\pic18-lt\cxx-framework\src\traditional\proc\p18f452.asm
              CCP2CONbits   0x000fba       data     extern D:\3.43\pic18-lt\cxx-framework\src\traditional\proc\p18f452.asm
                    CCPR1   0x000fbe       data     extern D:\3.43\pic18-lt\cxx-framework\src\traditional\proc\p18f452.asm
                   CCPR1H   0x000fbf       data     extern D:\3.43\pic18-lt\cxx-framework\src\traditional\proc\p18f452.asm
                   CCPR1L   0x000fbe       data     extern D:\3.43\pic18-lt\cxx-framework\src\traditional\proc\p18f452.asm
                    CCPR2   0x000fbb       data     extern D:\3.43\pic18-lt\cxx-framework\src\traditional\proc\p18f452.asm
                   CCPR2H   0x000fbc       data     extern D:\3.43\pic18-lt\cxx-framework\src\traditional\proc\p18f452.asm
                   CCPR2L   0x000fbb       data     extern D:\3.43\pic18-lt\cxx-framework\src\traditional\proc\p18f452.asm
                     DDRA   0x000f92       data     extern D:\3.43\pic18-lt\cxx-framework\src\traditional\proc\p18f452.asm
                 DDRAbits   0x000f92       data     extern D:\3.43\pic18-lt\cxx-framework\src\traditional\proc\p18f452.asm
                     DDRB   0x000f93       data     extern D:\3.43\pic18-lt\cxx-framework\src\traditional\proc\p18f452.asm
                 DDRBbits   0x000f93       data     extern D:\3.43\pic18-lt\cxx-framework\src\traditional\proc\p18f452.asm
                     DDRC   0x000f94       data     extern D:\3.43\pic18-lt\cxx-framework\src\traditional\proc\p18f452.asm
                 DDRCbits   0x000f94       data     extern D:\3.43\pic18-lt\cxx-framework\src\traditional\proc\p18f452.asm
                     DDRD   0x000f95       data     extern D:\3.43\pic18-lt\cxx-framework\src\traditional\proc\p18f452.asm
                 DDRDbits   0x000f95       data     extern D:\3.43\pic18-lt\cxx-framework\src\traditional\proc\p18f452.asm
                     DDRE   0x000f96       data     extern D:\3.43\pic18-lt\cxx-framework\src\traditional\proc\p18f452.asm
                 DDREbits   0x000f96       data     extern D:\3.43\pic18-lt\cxx-framework\src\traditional\proc\p18f452.asm
                    EEADR   0x000fa9       data     extern D:\3.43\pic18-lt\cxx-framework\src\traditional\proc\p18f452.asm
                   EECON1   0x000fa6       data     extern D:\3.43\pic18-lt\cxx-framework\src\traditional\proc\p18f452.asm
               EECON1bits   0x000fa6       data     extern D:\3.43\pic18-lt\cxx-framework\src\traditional\proc\p18f452.asm
                   EECON2   0x000fa7       data     extern D:\3.43\pic18-lt\cxx-framework\src\traditional\proc\p18f452.asm
                   EEDATA   0x000fa8       data     extern D:\3.43\pic18-lt\cxx-framework\src\traditional\proc\p18f452.asm
                     FSR0   0x000fe9       data     extern D:\3.43\pic18-lt\cxx-framework\src\traditional\proc\p18f452.asm
                    FSR0H   0x000fea       data     extern D:\3.43\pic18-lt\cxx-framework\src\traditional\proc\p18f452.asm
                    FSR0L   0x000fe9       data     extern D:\3.43\pic18-lt\cxx-framework\src\traditional\proc\p18f452.asm
                     FSR1   0x000fe1       data     extern D:\3.43\pic18-lt\cxx-framework\src\traditional\proc\p18f452.asm
                    FSR1H   0x000fe2       data     extern D:\3.43\pic18-lt\cxx-framework\src\traditional\proc\p18f452.asm
                    FSR1L   0x000fe1       data     extern D:\3.43\pic18-lt\cxx-framework\src\traditional\proc\p18f452.asm
                     FSR2   0x000fd9       data     extern D:\3.43\pic18-lt\cxx-framework\src\traditional\proc\p18f452.asm
                    FSR2H   0x000fda       data     extern D:\3.43\pic18-lt\cxx-framework\src\traditional\proc\p18f452.asm
                    FSR2L   0x000fd9       data     extern D:\3.43\pic18-lt\cxx-framework\src\traditional\proc\p18f452.asm
                    INDF0   0x000fef       data     extern D:\3.43\pic18-lt\cxx-framework\src\traditional\proc\p18f452.asm
                    INDF1   0x000fe7       data     extern D:\3.43\pic18-lt\cxx-framework\src\traditional\proc\p18f452.asm
                    INDF2   0x000fdf       data     extern D:\3.43\pic18-lt\cxx-framework\src\traditional\proc\p18f452.asm
                   INTCON   0x000ff2       data     extern D:\3.43\pic18-lt\cxx-framework\src\traditional\proc\p18f452.asm
                  INTCON1   0x000ff2       data     extern D:\3.43\pic18-lt\cxx-framework\src\traditional\proc\p18f452.asm
              INTCON1bits   0x000ff2       data     extern D:\3.43\pic18-lt\cxx-framework\src\traditional\proc\p18f452.asm
                  INTCON2   0x000ff1       data     extern D:\3.43\pic18-lt\cxx-framework\src\traditional\proc\p18f452.asm
              INTCON2bits   0x000ff1       data     extern D:\3.43\pic18-lt\cxx-framework\src\traditional\proc\p18f452.asm
                  INTCON3   0x000ff0       data     extern D:\3.43\pic18-lt\cxx-framework\src\traditional\proc\p18f452.asm
              INTCON3bits   0x000ff0       data     extern D:\3.43\pic18-lt\cxx-framework\src\traditional\proc\p18f452.asm
               INTCONbits   0x000ff2       data     extern D:\3.43\pic18-lt\cxx-framework\src\traditional\proc\p18f452.asm
                     IPR1   0x000f9f       data     extern D:\3.43\pic18-lt\cxx-framework\src\traditional\proc\p18f452.asm
                 IPR1bits   0x000f9f       data     extern D:\3.43\pic18-lt\cxx-framework\src\traditional\proc\p18f452.asm
                     IPR2   0x000fa2       data     extern D:\3.43\pic18-lt\cxx-framework\src\traditional\proc\p18f452.asm
                 IPR2bits   0x000fa2       data     extern D:\3.43\pic18-lt\cxx-framework\src\traditional\proc\p18f452.asm
                     LATA   0x000f89       data     extern D:\3.43\pic18-lt\cxx-framework\src\traditional\proc\p18f452.asm
                 LATAbits   0x000f89       data     extern D:\3.43\pic18-lt\cxx-framework\src\traditional\proc\p18f452.asm
                     LATB   0x000f8a       data     extern D:\3.43\pic18-lt\cxx-framework\src\traditional\proc\p18f452.asm
                 LATBbits   0x000f8a       data     extern D:\3.43\pic18-lt\cxx-framework\src\traditional\proc\p18f452.asm
                     LATC   0x000f8b       data     extern D:\3.43\pic18-lt\cxx-framework\src\traditional\proc\p18f452.asm
                 LATCbits   0x000f8b       data     extern D:\3.43\pic18-lt\cxx-framework\src\traditional\proc\p18f452.asm
                     LATD   0x000f8c       data     extern D:\3.43\pic18-lt\cxx-framework\src\traditional\proc\p18f452.asm
                 LATDbits   0x000f8c       data     extern D:\3.43\pic18-lt\cxx-framework\src\traditional\proc\p18f452.asm
                     LATE   0x000f8d       data     extern D:\3.43\pic18-lt\cxx-framework\src\traditional\proc\p18f452.asm
                 LATEbits   0x000f8d       data     extern D:\3.43\pic18-lt\cxx-framework\src\traditional\proc\p18f452.asm
                   LVDCON   0x000fd2       data     extern D:\3.43\pic18-lt\cxx-framework\src\traditional\proc\p18f452.asm
               LVDCONbits   0x000fd2       data     extern D:\3.43\pic18-lt\cxx-framework\src\traditional\proc\p18f452.asm
                   OSCCON   0x000fd3       data     extern D:\3.43\pic18-lt\cxx-framework\src\traditional\proc\p18f452.asm
               OSCCONbits   0x000fd3       data     extern D:\3.43\pic18-lt\cxx-framework\src\traditional\proc\p18f452.asm
                       PC   0x000ff9       data     extern D:\3.43\pic18-lt\cxx-framework\src\traditional\proc\p18f452.asm
                      PCL   0x000ff9       data     extern D:\3.43\pic18-lt\cxx-framework\src\traditional\proc\p18f452.asm
                   PCLATH   0x000ffa       data     extern D:\3.43\pic18-lt\cxx-framework\src\traditional\proc\p18f452.asm
                   PCLATU   0x000ffb       data     extern D:\3.43\pic18-lt\cxx-framework\src\traditional\proc\p18f452.asm
                     PIE1   0x000f9d       data     extern D:\3.43\pic18-lt\cxx-framework\src\traditional\proc\p18f452.asm
                 PIE1bits   0x000f9d       data     extern D:\3.43\pic18-lt\cxx-framework\src\traditional\proc\p18f452.asm
                     PIE2   0x000fa0       data     extern D:\3.43\pic18-lt\cxx-framework\src\traditional\proc\p18f452.asm
                 PIE2bits   0x000fa0       data     extern D:\3.43\pic18-lt\cxx-framework\src\traditional\proc\p18f452.asm
                     PIR1   0x000f9e       data     extern D:\3.43\pic18-lt\cxx-framework\src\traditional\proc\p18f452.asm
                 PIR1bits   0x000f9e       data     extern D:\3.43\pic18-lt\cxx-framework\src\traditional\proc\p18f452.asm
                     PIR2   0x000fa1       data     extern D:\3.43\pic18-lt\cxx-framework\src\traditional\proc\p18f452.asm
                 PIR2bits   0x000fa1       data     extern D:\3.43\pic18-lt\cxx-framework\src\traditional\proc\p18f452.asm
                   PLUSW0   0x000feb       data     extern D:\3.43\pic18-lt\cxx-framework\src\traditional\proc\p18f452.asm
                   PLUSW1   0x000fe3       data     extern D:\3.43\pic18-lt\cxx-framework\src\traditional\proc\p18f452.asm
                   PLUSW2   0x000fdb       data     extern D:\3.43\pic18-lt\cxx-framework\src\traditional\proc\p18f452.asm
                    PORTA   0x000f80       data     extern D:\3.43\pic18-lt\cxx-framework\src\traditional\proc\p18f452.asm
                PORTAbits   0x000f80       data     extern D:\3.43\pic18-lt\cxx-framework\src\traditional\proc\p18f452.asm
                    PORTB   0x000f81       data     extern D:\3.43\pic18-lt\cxx-framework\src\traditional\proc\p18f452.asm
                PORTBbits   0x000f81       data     extern D:\3.43\pic18-lt\cxx-framework\src\traditional\proc\p18f452.asm
                    PORTC   0x000f82       data     extern D:\3.43\pic18-lt\cxx-framework\src\traditional\proc\p18f452.asm
                PORTCbits   0x000f82       data     extern D:\3.43\pic18-lt\cxx-framework\src\traditional\proc\p18f452.asm
                    PORTD   0x000f83       data     extern D:\3.43\pic18-lt\cxx-framework\src\traditional\proc\p18f452.asm
                PORTDbits   0x000f83       data     extern D:\3.43\pic18-lt\cxx-framework\src\traditional\proc\p18f452.asm
                    PORTE   0x000f84       data     extern D:\3.43\pic18-lt\cxx-framework\src\traditional\proc\p18f452.asm
                PORTEbits   0x000f84       data     extern D:\3.43\pic18-lt\cxx-framework\src\traditional\proc\p18f452.asm
                 POSTDEC0   0x000fed       data     extern D:\3.43\pic18-lt\cxx-framework\src\traditional\proc\p18f452.asm
                 POSTDEC1   0x000fe5       data     extern D:\3.43\pic18-lt\cxx-framework\src\traditional\proc\p18f452.asm
                 POSTDEC2   0x000fdd       data     extern D:\3.43\pic18-lt\cxx-framework\src\traditional\proc\p18f452.asm
                 POSTINC0   0x000fee       data     extern D:\3.43\pic18-lt\cxx-framework\src\traditional\proc\p18f452.asm
                 POSTINC1   0x000fe6       data     extern D:\3.43\pic18-lt\cxx-framework\src\traditional\proc\p18f452.asm
                 POSTINC2   0x000fde       data     extern D:\3.43\pic18-lt\cxx-framework\src\traditional\proc\p18f452.asm
                      PR2   0x000fcb       data     extern D:\3.43\pic18-lt\cxx-framework\src\traditional\proc\p18f452.asm
                  PREINC0   0x000fec       data     extern D:\3.43\pic18-lt\cxx-framework\src\traditional\proc\p18f452.asm
                  PREINC1   0x000fe4       data     extern D:\3.43\pic18-lt\cxx-framework\src\traditional\proc\p18f452.asm
                  PREINC2   0x000fdc       data     extern D:\3.43\pic18-lt\cxx-framework\src\traditional\proc\p18f452.asm
                     PROD   0x000ff3       data     extern D:\3.43\pic18-lt\cxx-framework\src\traditional\proc\p18f452.asm
                    PRODH   0x000ff4       data     extern D:\3.43\pic18-lt\cxx-framework\src\traditional\proc\p18f452.asm
                    PRODL   0x000ff3       data     extern D:\3.43\pic18-lt\cxx-framework\src\traditional\proc\p18f452.asm
                     RCON   0x000fd0       data     extern D:\3.43\pic18-lt\cxx-framework\src\traditional\proc\p18f452.asm
                 RCONbits   0x000fd0       data     extern D:\3.43\pic18-lt\cxx-framework\src\traditional\proc\p18f452.asm
                    RCREG   0x000fae       data     extern D:\3.43\pic18-lt\cxx-framework\src\traditional\proc\p18f452.asm
                    RCSTA   0x000fab       data     extern D:\3.43\pic18-lt\cxx-framework\src\traditional\proc\p18f452.asm
                RCSTAbits   0x000fab       data     extern D:\3.43\pic18-lt\cxx-framework\src\traditional\proc\p18f452.asm
                     SIGN   0x000000       data     extern D:\3.43\pic18-lt\cxx-framework\src\traditional\math\cmath18.asm
                    SPBRG   0x000faf       data     extern D:\3.43\pic18-lt\cxx-framework\src\traditional\proc\p18f452.asm
                   SSPADD   0x000fc8       data     extern D:\3.43\pic18-lt\cxx-framework\src\traditional\proc\p18f452.asm
                   SSPBUF   0x000fc9       data     extern D:\3.43\pic18-lt\cxx-framework\src\traditional\proc\p18f452.asm
                  SSPCON1   0x000fc6       data     extern D:\3.43\pic18-lt\cxx-framework\src\traditional\proc\p18f452.asm
              SSPCON1bits   0x000fc6       data     extern D:\3.43\pic18-lt\cxx-framework\src\traditional\proc\p18f452.asm
                  SSPCON2   0x000fc5       data     extern D:\3.43\pic18-lt\cxx-framework\src\traditional\proc\p18f452.asm
              SSPCON2bits   0x000fc5       data     extern D:\3.43\pic18-lt\cxx-framework\src\traditional\proc\p18f452.asm
                  SSPSTAT   0x000fc7       data     extern D:\3.43\pic18-lt\cxx-framework\src\traditional\proc\p18f452.asm
              SSPSTATbits   0x000fc7       data     extern D:\3.43\pic18-lt\cxx-framework\src\traditional\proc\p18f452.asm
                   STATUS   0x000fd8       data     extern D:\3.43\pic18-lt\cxx-framework\src\traditional\proc\p18f452.asm
               STATUSbits   0x000fd8       data     extern D:\3.43\pic18-lt\cxx-framework\src\traditional\proc\p18f452.asm
                   STKPTR   0x000ffc       data     extern D:\3.43\pic18-lt\cxx-framework\src\traditional\proc\p18f452.asm
               STKPTRbits   0x000ffc       data     extern D:\3.43\pic18-lt\cxx-framework\src\traditional\proc\p18f452.asm
                    T0CON   0x000fd5       data     extern D:\3.43\pic18-lt\cxx-framework\src\traditional\proc\p18f452.asm
                T0CONbits   0x000fd5       data     extern D:\3.43\pic18-lt\cxx-framework\src\traditional\proc\p18f452.asm
                    T1CON   0x000fcd       data     extern D:\3.43\pic18-lt\cxx-framework\src\traditional\proc\p18f452.asm
                T1CONbits   0x000fcd       data     extern D:\3.43\pic18-lt\cxx-framework\src\traditional\proc\p18f452.asm
                    T2CON   0x000fca       data     extern D:\3.43\pic18-lt\cxx-framework\src\traditional\proc\p18f452.asm
                T2CONbits   0x000fca       data     extern D:\3.43\pic18-lt\cxx-framework\src\traditional\proc\p18f452.asm
                    T3CON   0x000fb1       data     extern D:\3.43\pic18-lt\cxx-framework\src\traditional\proc\p18f452.asm
                T3CONbits   0x000fb1       data     extern D:\3.43\pic18-lt\cxx-framework\src\traditional\proc\p18f452.asm
                   TABLAT   0x000ff5       data     extern D:\3.43\pic18-lt\cxx-framework\src\traditional\proc\p18f452.asm
                   TBLPTR   0x000ff6       data     extern D:\3.43\pic18-lt\cxx-framework\src\traditional\proc\p18f452.asm
                  TBLPTRH   0x000ff7       data     extern D:\3.43\pic18-lt\cxx-framework\src\traditional\proc\p18f452.asm
                  TBLPTRL   0x000ff6       data     extern D:\3.43\pic18-lt\cxx-framework\src\traditional\proc\p18f452.asm
                  TBLPTRU   0x000ff8       data     extern D:\3.43\pic18-lt\cxx-framework\src\traditional\proc\p18f452.asm
                    TMR0H   0x000fd7       data     extern D:\3.43\pic18-lt\cxx-framework\src\traditional\proc\p18f452.asm
                    TMR0L   0x000fd6       data     extern D:\3.43\pic18-lt\cxx-framework\src\traditional\proc\p18f452.asm
                    TMR1H   0x000fcf       data     extern D:\3.43\pic18-lt\cxx-framework\src\traditional\proc\p18f452.asm
                    TMR1L   0x000fce       data     extern D:\3.43\pic18-lt\cxx-framework\src\traditional\proc\p18f452.asm
                     TMR2   0x000fcc       data     extern D:\3.43\pic18-lt\cxx-framework\src\traditional\proc\p18f452.asm
                    TMR3H   0x000fb3       data     extern D:\3.43\pic18-lt\cxx-framework\src\traditional\proc\p18f452.asm
                    TMR3L   0x000fb2       data     extern D:\3.43\pic18-lt\cxx-framework\src\traditional\proc\p18f452.asm
                      TOS   0x000ffd       data     extern D:\3.43\pic18-lt\cxx-framework\src\traditional\proc\p18f452.asm
                     TOSH   0x000ffe       data     extern D:\3.43\pic18-lt\cxx-framework\src\traditional\proc\p18f452.asm
                     TOSL   0x000ffd       data     extern D:\3.43\pic18-lt\cxx-framework\src\traditional\proc\p18f452.asm
                     TOSU   0x000fff       data     extern D:\3.43\pic18-lt\cxx-framework\src\traditional\proc\p18f452.asm
                    TRISA   0x000f92       data     extern D:\3.43\pic18-lt\cxx-framework\src\traditional\proc\p18f452.asm
                TRISAbits   0x000f92       data     extern D:\3.43\pic18-lt\cxx-framework\src\traditional\proc\p18f452.asm
                    TRISB   0x000f93       data     extern D:\3.43\pic18-lt\cxx-framework\src\traditional\proc\p18f452.asm
                TRISBbits   0x000f93       data     extern D:\3.43\pic18-lt\cxx-framework\src\traditional\proc\p18f452.asm
                    TRISC   0x000f94       data     extern D:\3.43\pic18-lt\cxx-framework\src\traditional\proc\p18f452.asm
                TRISCbits   0x000f94       data     extern D:\3.43\pic18-lt\cxx-framework\src\traditional\proc\p18f452.asm
                    TRISD   0x000f95       data     extern D:\3.43\pic18-lt\cxx-framework\src\traditional\proc\p18f452.asm
                TRISDbits   0x000f95       data     extern D:\3.43\pic18-lt\cxx-framework\src\traditional\proc\p18f452.asm
                    TRISE   0x000f96       data     extern D:\3.43\pic18-lt\cxx-framework\src\traditional\proc\p18f452.asm
                TRISEbits   0x000f96       data     extern D:\3.43\pic18-lt\cxx-framework\src\traditional\proc\p18f452.asm
                    TXREG   0x000fad       data     extern D:\3.43\pic18-lt\cxx-framework\src\traditional\proc\p18f452.asm
                    TXSTA   0x000fac       data     extern D:\3.43\pic18-lt\cxx-framework\src\traditional\proc\p18f452.asm
                TXSTAbits   0x000fac       data     extern D:\3.43\pic18-lt\cxx-framework\src\traditional\proc\p18f452.asm
                        W   0x000fe8       data     extern D:\3.43\pic18-lt\cxx-framework\src\traditional\proc\p18f452.asm
                   WDTCON   0x000fd1       data     extern D:\3.43\pic18-lt\cxx-framework\src\traditional\proc\p18f452.asm
               WDTCONbits   0x000fd1       data     extern D:\3.43\pic18-lt\cxx-framework\src\traditional\proc\p18f452.asm
                     WREG   0x000fe8       data     extern D:\3.43\pic18-lt\cxx-framework\src\traditional\proc\p18f452.asm
                 __AARGB0   0x000009       data     extern D:\3.43\pic18-lt\cxx-framework\src\traditional\math\aarg.asm
                 __AARGB1   0x000008       data     extern D:\3.43\pic18-lt\cxx-framework\src\traditional\math\aarg.asm
                 __AARGB2   0x000007       data     extern D:\3.43\pic18-lt\cxx-framework\src\traditional\math\aarg.asm
                 __AARGB3   0x000006       data     extern D:\3.43\pic18-lt\cxx-framework\src\traditional\math\aarg.asm
                 __AARGB4   0x000005       data     extern D:\3.43\pic18-lt\cxx-framework\src\traditional\math\aarg.asm
                 __AARGB5   0x000004       data     extern D:\3.43\pic18-lt\cxx-framework\src\traditional\math\aarg.asm
                 __AARGB6   0x000003       data     extern D:\3.43\pic18-lt\cxx-framework\src\traditional\math\aarg.asm
                 __AARGB7   0x000002       data     extern D:\3.43\pic18-lt\cxx-framework\src\traditional\math\aarg.asm
                   __AEXP   0x00000a       data     extern D:\3.43\pic18-lt\cxx-framework\src\traditional\math\aarg.asm
                 __BARGB0   0x00000e       data     extern D:\3.43\pic18-lt\cxx-framework\src\traditional\math\barg.asm
                 __BARGB1   0x00000d       data     extern D:\3.43\pic18-lt\cxx-framework\src\traditional\math\barg.asm
                 __BARGB2   0x00000c       data     extern D:\3.43\pic18-lt\cxx-framework\src\traditional\math\barg.asm
                 __BARGB3   0x00000b       data     extern D:\3.43\pic18-lt\cxx-framework\src\traditional\math\barg.asm
                   __BEXP   0x00000f       data     extern D:\3.43\pic18-lt\cxx-framework\src\traditional\math\barg.asm
                __FPFLAGS   0x000001       data     extern D:\3.43\pic18-lt\cxx-framework\src\traditional\math\cmath18.asm
            __FPFLAGSbits   0x000001       data     extern D:\3.43\pic18-lt\cxx-framework\src\traditional\math\cmath18.asm
                  __REMB0   0x000005       data     extern D:\3.43\pic18-lt\cxx-framework\src\traditional\math\aarg.asm
                  __REMB1   0x000004       data     extern D:\3.43\pic18-lt\cxx-framework\src\traditional\math\aarg.asm
                  __REMB2   0x000003       data     extern D:\3.43\pic18-lt\cxx-framework\src\traditional\math\aarg.asm
                  __REMB3   0x000002       data     extern D:\3.43\pic18-lt\cxx-framework\src\traditional\math\aarg.asm
                  __tmp_0   0x000010       data     static D:\liburary\softwere\pic_RTOS\FreeRTOSV8.0.0\FreeRTOS\Source\tasks.c
                  __tmp_0   0x000010       data     static D:\liburary\softwere\pic_RTOS\FreeRTOSV8.0.0\FreeRTOS\Source\queue.c
                  __tmp_0   0x000010       data     static D:\liburary\softwere\pic_RTOS\FreeRTOSV8.0.0\FreeRTOS\Source\list.c
                  __tmp_0   0x000010       data     static D:\liburary\softwere\pic_RTOS\FreeRTOSV8.0.0\FreeRTOS\Source\portable\MPLAB\PIC18F\port.c
                  __tmp_0   0x000010       data     static D:\liburary\softwere\pic_RTOS\FreeRTOSV8.0.0\FreeRTOS\Demo\Common\Minimal\PollQ.c
                  __tmp_0   0x000010       data     static D:\liburary\softwere\pic_RTOS\FreeRTOSV8.0.0\FreeRTOS\Demo\PIC18_MPLAB\main1.c
                  __tmp_0   0x000010       data     static D:\liburary\softwere\pic_RTOS\FreeRTOSV8.0.0\FreeRTOS\Demo\PIC18_MPLAB\ParTest\ParTest.c
                  __tmp_0   0x000010       data     static D:\liburary\softwere\pic_RTOS\FreeRTOSV8.0.0\FreeRTOS\Demo\PIC18_MPLAB\serial\serial.c
                  __tmp_0   0x000010       data     static D:\liburary\softwere\pic_RTOS\FreeRTOSV8.0.0\FreeRTOS\Demo\Common\Minimal\integer.c
                  __tmp_0   0x000010       data     static D:\liburary\softwere\pic_RTOS\FreeRTOSV8.0.0\FreeRTOS\Source\portable\MemMang\heap_1.c
                  __tmp_1   0x000019       data     static D:\liburary\softwere\pic_RTOS\FreeRTOSV8.0.0\FreeRTOS\Demo\PIC18_MPLAB\serial\serial.c
                  __tmp_2   0x000018       data     static D:\liburary\softwere\pic_RTOS\FreeRTOSV8.0.0\FreeRTOS\Demo\PIC18_MPLAB\serial\serial.c
                curr_byte   0x00053e       data     static D:\3.43\pic18-lt\cxx-framework\src\traditional\startup\c018i.c
               curr_entry   0x000540       data     static D:\3.43\pic18-lt\cxx-framework\src\traditional\startup\c018i.c
                 data_ptr   0x000542       data     static D:\3.43\pic18-lt\cxx-framework\src\traditional\startup\c018i.c
                     prom   0x00053b       data     static D:\3.43\pic18-lt\cxx-framework\src\traditional\startup\c018i.c
           pucAlignedHeap   0x00054b       data     static D:\liburary\softwere\pic_RTOS\FreeRTOSV8.0.0\FreeRTOS\Source\portable\MemMang\heap_1.c
             pxCurrentTCB   0x00052c       data     extern D:\liburary\softwere\pic_RTOS\FreeRTOSV8.0.0\FreeRTOS\Source\tasks.c
        pxDelayedTaskList   0x000516       data     extern D:\liburary\softwere\pic_RTOS\FreeRTOSV8.0.0\FreeRTOS\Source\tasks.c
pxOverflowDelayedTaskList   0x000518       data     extern D:\liburary\softwere\pic_RTOS\FreeRTOSV8.0.0\FreeRTOS\Source\tasks.c
        pxReadyTasksLists   0x0004e0       data     extern D:\liburary\softwere\pic_RTOS\FreeRTOSV8.0.0\FreeRTOS\Source\tasks.c
                   ucHeap   0x0000e0       data     static D:\liburary\softwere\pic_RTOS\FreeRTOSV8.0.0\FreeRTOS\Source\portable\MemMang\heap_1.c
   uxCurrentNumberOfTasks   0x00052f       data     extern D:\liburary\softwere\pic_RTOS\FreeRTOSV8.0.0\FreeRTOS\Source\tasks.c
            uxPendedTicks   0x000534       data     extern D:\liburary\softwere\pic_RTOS\FreeRTOSV8.0.0\FreeRTOS\Source\tasks.c
     uxSchedulerSuspended   0x00053a       data     extern D:\liburary\softwere\pic_RTOS\FreeRTOSV8.0.0\FreeRTOS\Source\tasks.c
             uxTaskNumber   0x000537       data     extern D:\liburary\softwere\pic_RTOS\FreeRTOSV8.0.0\FreeRTOS\Source\tasks.c
           uxTasksDeleted   0x00052e       data     extern D:\liburary\softwere\pic_RTOS\FreeRTOSV8.0.0\FreeRTOS\Source\tasks.c
       uxTopReadyPriority   0x000532       data     extern D:\liburary\softwere\pic_RTOS\FreeRTOSV8.0.0\FreeRTOS\Source\tasks.c
              xCharsForTx   0x000547       data     static D:\liburary\softwere\pic_RTOS\FreeRTOSV8.0.0\FreeRTOS\Demo\PIC18_MPLAB\serial\serial.c
        xDelayedTaskList1   0x000504       data     extern D:\liburary\softwere\pic_RTOS\FreeRTOSV8.0.0\FreeRTOS\Source\tasks.c
        xDelayedTaskList2   0x00050d       data     extern D:\liburary\softwere\pic_RTOS\FreeRTOSV8.0.0\FreeRTOS\Source\tasks.c
            xNextFreeByte   0x000549       data     static D:\liburary\softwere\pic_RTOS\FreeRTOSV8.0.0\FreeRTOS\Source\portable\MemMang\heap_1.c
     xNextTaskUnblockTime   0x000538       data     extern D:\liburary\softwere\pic_RTOS\FreeRTOSV8.0.0\FreeRTOS\Source\tasks.c
          xNumOfOverflows   0x000536       data     extern D:\liburary\softwere\pic_RTOS\FreeRTOSV8.0.0\FreeRTOS\Source\tasks.c
        xPendingReadyList   0x00051a       data     extern D:\liburary\softwere\pic_RTOS\FreeRTOSV8.0.0\FreeRTOS\Source\tasks.c
             xPolledQueue   0x00054d       data     static D:\liburary\softwere\pic_RTOS\FreeRTOSV8.0.0\FreeRTOS\Demo\Common\Minimal\PollQ.c
    xPollingConsumerCount   0x00054f       data     static D:\liburary\softwere\pic_RTOS\FreeRTOSV8.0.0\FreeRTOS\Demo\Common\Minimal\PollQ.c
    xPollingProducerCount   0x000550       data     static D:\liburary\softwere\pic_RTOS\FreeRTOSV8.0.0\FreeRTOS\Demo\Common\Minimal\PollQ.c
               xRxedChars   0x000545       data     static D:\liburary\softwere\pic_RTOS\FreeRTOSV8.0.0\FreeRTOS\Demo\PIC18_MPLAB\serial\serial.c
        xSchedulerRunning   0x000533       data     extern D:\liburary\softwere\pic_RTOS\FreeRTOSV8.0.0\FreeRTOS\Source\tasks.c
               xTaskCheck   0x000551       data     static D:\liburary\softwere\pic_RTOS\FreeRTOSV8.0.0\FreeRTOS\Demo\Common\Minimal\integer.c
 xTasksWaitingTermination   0x000523       data     extern D:\liburary\softwere\pic_RTOS\FreeRTOSV8.0.0\FreeRTOS\Source\tasks.c
               xTickCount   0x000530       data     extern D:\liburary\softwere\pic_RTOS\FreeRTOSV8.0.0\FreeRTOS\Source\tasks.c
            xYieldPending   0x000535       data     extern D:\liburary\softwere\pic_RTOS\FreeRTOSV8.0.0\FreeRTOS\Source\tasks.c



                              Symbols - Sorted by Address
                     Name    Address   Location    Storage File                     
                ---------  ---------  ---------  --------- ---------                
                   _entry   0x000000    program     extern D:\3.43\pic18-lt\cxx-framework\src\traditional\startup\c018i.c
       ___return_lbl00000   0x000004    program     static                          
          prvLowInterrupt   0x000008    program     static D:\liburary\softwere\pic_RTOS\FreeRTOSV8.0.0\FreeRTOS\Source\portable\MPLAB\PIC18F\port.c
           ___if_lbl00018   0x000010    program     static                          
           ___if_lbl00019   0x000018    program     static                          
           ___if_lbl00021   0x000024    program     static                          
           ___if_lbl00020   0x000024    program     static                          
       ___return_lbl00017   0x000024    program     static                          
       xTaskGenericCreate   0x00006c    program     extern D:\liburary\softwere\pic_RTOS\FreeRTOSV8.0.0\FreeRTOS\Source\tasks.c
         ___else_lbl00002   0x000202    program     static                          
           ___if_lbl00001   0x000202    program     static                          
         ___else_lbl00004   0x00022c    program     static                          
           ___if_lbl00003   0x00022c    program     static                          
         ___else_lbl00010   0x00022e    program     static                          
         ___else_lbl00006   0x00025a    program     static                          
           ___if_lbl00005   0x00025a    program     static                          
           ___if_lbl00009   0x00025c    program     static                          
           ___if_lbl00007   0x00025c    program     static                          
         ___else_lbl00008   0x00025c    program     static                          
           ___if_lbl00011   0x00029a    program     static                          
           ___if_lbl00012   0x000304    program     static                          
         ___else_lbl00014   0x000306    program     static                          
           ___if_lbl00013   0x000308    program     static                          
           ___if_lbl00015   0x00032e    program     static                          
         ___else_lbl00016   0x00032e    program     static                          
         ___else_lbl00018   0x000330    program     static                          
           ___if_lbl00019   0x000330    program     static                          
           ___if_lbl00017   0x000330    program     static                          
       ___return_lbl00000   0x000334    program     static                          
              vTaskDelete   0x000350    program     extern D:\liburary\softwere\pic_RTOS\FreeRTOSV8.0.0\FreeRTOS\Source\tasks.c
           ___?:_lbl00022   0x000386    program     static                          
           ___?:_lbl00021   0x000392    program     static                          
           ___if_lbl00023   0x0003c8    program     static                          
         ___else_lbl00024   0x0003c8    program     static                          
           ___if_lbl00025   0x000410    program     static                          
         ___else_lbl00026   0x000410    program     static                          
           ___if_lbl00027   0x000452    program     static                          
         ___else_lbl00029   0x000474    program     static                          
           ___if_lbl00030   0x000478    program     static                          
           ___if_lbl00028   0x000478    program     static                          
       ___return_lbl00020   0x000478    program     static                          
          vTaskDelayUntil   0x000488    program     extern D:\liburary\softwere\pic_RTOS\FreeRTOSV8.0.0\FreeRTOS\Source\tasks.c
               vTaskDelay   0x00061a    program     extern D:\liburary\softwere\pic_RTOS\FreeRTOSV8.0.0\FreeRTOS\Source\tasks.c
      vTaskStartScheduler   0x0006c6    program     extern D:\liburary\softwere\pic_RTOS\FreeRTOSV8.0.0\FreeRTOS\Source\tasks.c
        vTaskEndScheduler   0x00073a    program     extern D:\liburary\softwere\pic_RTOS\FreeRTOSV8.0.0\FreeRTOS\Source\tasks.c
          vTaskSuspendAll   0x000744    program     extern D:\liburary\softwere\pic_RTOS\FreeRTOSV8.0.0\FreeRTOS\Source\tasks.c
           xTaskResumeAll   0x00074a    program     extern D:\liburary\softwere\pic_RTOS\FreeRTOSV8.0.0\FreeRTOS\Source\tasks.c
        ___while_lbl00061   0x000780    program     static                          
           ___if_lbl00063   0x000822    program     static                          
           ___if_lbl00064   0x0008a6    program     static                          
         ___else_lbl00065   0x0008a6    program     static                          
        ___while_lbl00062   0x0008a8    program     static                          
        ___while_lbl00066   0x0008b0    program     static                          
           ___if_lbl00068   0x0008c6    program     static                          
         ___else_lbl00069   0x0008c6    program     static                          
        ___while_lbl00067   0x0008cc    program     static                          
           ___if_lbl00070   0x0008ce    program     static                          
         ___else_lbl00071   0x0008ce    program     static                          
           ___if_lbl00074   0x0008e4    program     static                          
           ___if_lbl00072   0x0008e4    program     static                          
         ___else_lbl00073   0x0008e4    program     static                          
           ___if_lbl00075   0x0008e6    program     static                          
         ___else_lbl00076   0x0008e6    program     static                          
           ___if_lbl00077   0x0008ec    program     static                          
       ___return_lbl00060   0x0008f2    program     static                          
        xTaskGetTickCount   0x000904    program     extern D:\liburary\softwere\pic_RTOS\FreeRTOSV8.0.0\FreeRTOS\Source\tasks.c
           ___if_lbl00079   0x00092c    program     static                          
       ___return_lbl00078   0x00093e    program     static                          
 xTaskGetTickCountFromISR   0x00094e    program     extern D:\liburary\softwere\pic_RTOS\FreeRTOSV8.0.0\FreeRTOS\Source\tasks.c
   uxTaskGetNumberOfTasks   0x000992    program     extern D:\liburary\softwere\pic_RTOS\FreeRTOSV8.0.0\FreeRTOS\Source\tasks.c
       xTaskIncrementTick   0x000998    program     extern D:\liburary\softwere\pic_RTOS\FreeRTOSV8.0.0\FreeRTOS\Source\tasks.c
       vTaskSwitchContext   0x000c42    program     extern D:\liburary\softwere\pic_RTOS\FreeRTOSV8.0.0\FreeRTOS\Source\tasks.c
    vTaskPlaceOnEventList   0x000d68    program     extern D:\liburary\softwere\pic_RTOS\FreeRTOSV8.0.0\FreeRTOS\Source\tasks.c
vTaskPlaceOnUnorderedEventList   0x000e1c    program     extern D:\liburary\softwere\pic_RTOS\FreeRTOSV8.0.0\FreeRTOS\Source\tasks.c
 xTaskRemoveFromEventList   0x000ef6    program     extern D:\liburary\softwere\pic_RTOS\FreeRTOSV8.0.0\FreeRTOS\Source\tasks.c
xTaskRemoveFromUnorderedEventList   0x00109c    program     extern D:\liburary\softwere\pic_RTOS\FreeRTOSV8.0.0\FreeRTOS\Source\tasks.c
     vTaskSetTimeOutState   0x00120a    program     extern D:\liburary\softwere\pic_RTOS\FreeRTOSV8.0.0\FreeRTOS\Source\tasks.c
     xTaskCheckForTimeOut   0x00124c    program     extern D:\liburary\softwere\pic_RTOS\FreeRTOSV8.0.0\FreeRTOS\Source\tasks.c
               __tmplbl_5   0x001288    program     static                          
               __tmplbl_4   0x0012b8    program     static                          
         ___else_lbl00132   0x0012be    program     static                          
         ___else_lbl00130   0x001352    program     static                          
           ___if_lbl00131   0x001356    program     static                          
           ___if_lbl00129   0x001356    program     static                          
           ___if_lbl00133   0x00135c    program     static                          
       ___return_lbl00127   0x001360    program     static                          
         vTaskMissedYield   0x001372    program     extern D:\liburary\softwere\pic_RTOS\FreeRTOSV8.0.0\FreeRTOS\Source\tasks.c
              prvIdleTask   0x00137a    program     extern D:\liburary\softwere\pic_RTOS\FreeRTOSV8.0.0\FreeRTOS\Source\tasks.c
prvInitialiseTCBVariables   0x00139a    program     extern D:\liburary\softwere\pic_RTOS\FreeRTOSV8.0.0\FreeRTOS\Source\tasks.c
   prvInitialiseTaskLists   0x00154e    program     extern D:\liburary\softwere\pic_RTOS\FreeRTOSV8.0.0\FreeRTOS\Source\tasks.c
prvCheckTasksWaitingTermination   0x0015f0    program     extern D:\liburary\softwere\pic_RTOS\FreeRTOSV8.0.0\FreeRTOS\Source\tasks.c
        ___while_lbl00154   0x001606    program     static                          
               __tmplbl_7   0x001618    program     static                          
               __tmplbl_6   0x00161c    program     static                          
           ___if_lbl00156   0x001684    program     static                          
         ___else_lbl00158   0x001698    program     static                          
[...]
                    PORTD   0x000f83       data     extern D:\3.43\pic18-lt\cxx-framework\src\traditional\proc\p18f452.asm
                PORTDbits   0x000f83       data     extern D:\3.43\pic18-lt\cxx-framework\src\traditional\proc\p18f452.asm
                PORTEbits   0x000f84       data     extern D:\3.43\pic18-lt\cxx-framework\src\traditional\proc\p18f452.asm
                    PORTE   0x000f84       data     extern D:\3.43\pic18-lt\cxx-framework\src\traditional\proc\p18f452.asm
                     LATA   0x000f89       data     extern D:\3.43\pic18-lt\cxx-framework\src\traditional\proc\p18f452.asm
                 LATAbits   0x000f89       data     extern D:\3.43\pic18-lt\cxx-framework\src\traditional\proc\p18f452.asm
                 LATBbits   0x000f8a       data     extern D:\3.43\pic18-lt\cxx-framework\src\traditional\proc\p18f452.asm
                     LATB   0x000f8a       data     extern D:\3.43\pic18-lt\cxx-framework\src\traditional\proc\p18f452.asm
                     LATC   0x000f8b       data     extern D:\3.43\pic18-lt\cxx-framework\src\traditional\proc\p18f452.asm
                 LATCbits   0x000f8b       data     extern D:\3.43\pic18-lt\cxx-framework\src\traditional\proc\p18f452.asm
                     LATD   0x000f8c       data     extern D:\3.43\pic18-lt\cxx-framework\src\traditional\proc\p18f452.asm
                 LATDbits   0x000f8c       data     extern D:\3.43\pic18-lt\cxx-framework\src\traditional\proc\p18f452.asm
                     LATE   0x000f8d       data     extern D:\3.43\pic18-lt\cxx-framework\src\traditional\proc\p18f452.asm
                 LATEbits   0x000f8d       data     extern D:\3.43\pic18-lt\cxx-framework\src\traditional\proc\p18f452.asm
                 DDRAbits   0x000f92       data     extern D:\3.43\pic18-lt\cxx-framework\src\traditional\proc\p18f452.asm
                     DDRA   0x000f92       data     extern D:\3.43\pic18-lt\cxx-framework\src\traditional\proc\p18f452.asm
                    TRISA   0x000f92       data     extern D:\3.43\pic18-lt\cxx-framework\src\traditional\proc\p18f452.asm
                TRISAbits   0x000f92       data     extern D:\3.43\pic18-lt\cxx-framework\src\traditional\proc\p18f452.asm
                     DDRB   0x000f93       data     extern D:\3.43\pic18-lt\cxx-framework\src\traditional\proc\p18f452.asm
                 DDRBbits   0x000f93       data     extern D:\3.43\pic18-lt\cxx-framework\src\traditional\proc\p18f452.asm
                TRISBbits   0x000f93       data     extern D:\3.43\pic18-lt\cxx-framework\src\traditional\proc\p18f452.asm
                    TRISB   0x000f93       data     extern D:\3.43\pic18-lt\cxx-framework\src\traditional\proc\p18f452.asm
                     DDRC   0x000f94       data     extern D:\3.43\pic18-lt\cxx-framework\src\traditional\proc\p18f452.asm
                 DDRCbits   0x000f94       data     extern D:\3.43\pic18-lt\cxx-framework\src\traditional\proc\p18f452.asm
                    TRISC   0x000f94       data     extern D:\3.43\pic18-lt\cxx-framework\src\traditional\proc\p18f452.asm
                TRISCbits   0x000f94       data     extern D:\3.43\pic18-lt\cxx-framework\src\traditional\proc\p18f452.asm
                TRISDbits   0x000f95       data     extern D:\3.43\pic18-lt\cxx-framework\src\traditional\proc\p18f452.asm
                     DDRD   0x000f95       data     extern D:\3.43\pic18-lt\cxx-framework\src\traditional\proc\p18f452.asm
                 DDRDbits   0x000f95       data     extern D:\3.43\pic18-lt\cxx-framework\src\traditional\proc\p18f452.asm
                    TRISD   0x000f95       data     extern D:\3.43\pic18-lt\cxx-framework\src\traditional\proc\p18f452.asm
                 DDREbits   0x000f96       data     extern D:\3.43\pic18-lt\cxx-framework\src\traditional\proc\p18f452.asm
                     DDRE   0x000f96       data     extern D:\3.43\pic18-lt\cxx-framework\src\traditional\proc\p18f452.asm
                    TRISE   0x000f96       data     extern D:\3.43\pic18-lt\cxx-framework\src\traditional\proc\p18f452.asm
                TRISEbits   0x000f96       data     extern D:\3.43\pic18-lt\cxx-framework\src\traditional\proc\p18f452.asm
                     PIE1   0x000f9d       data     extern D:\3.43\pic18-lt\cxx-framework\src\traditional\proc\p18f452.asm
                 PIE1bits   0x000f9d       data     extern D:\3.43\pic18-lt\cxx-framework\src\traditional\proc\p18f452.asm
                     PIR1   0x000f9e       data     extern D:\3.43\pic18-lt\cxx-framework\src\traditional\proc\p18f452.asm
                 PIR1bits   0x000f9e       data     extern D:\3.43\pic18-lt\cxx-framework\src\traditional\proc\p18f452.asm
                     IPR1   0x000f9f       data     extern D:\3.43\pic18-lt\cxx-framework\src\traditional\proc\p18f452.asm
                 IPR1bits   0x000f9f       data     extern D:\3.43\pic18-lt\cxx-framework\src\traditional\proc\p18f452.asm
                     PIE2   0x000fa0       data     extern D:\3.43\pic18-lt\cxx-framework\src\traditional\proc\p18f452.asm
                 PIE2bits   0x000fa0       data     extern D:\3.43\pic18-lt\cxx-framework\src\traditional\proc\p18f452.asm
                     PIR2   0x000fa1       data     extern D:\3.43\pic18-lt\cxx-framework\src\traditional\proc\p18f452.asm
                 PIR2bits   0x000fa1       data     extern D:\3.43\pic18-lt\cxx-framework\src\traditional\proc\p18f452.asm
                     IPR2   0x000fa2       data     extern D:\3.43\pic18-lt\cxx-framework\src\traditional\proc\p18f452.asm
                 IPR2bits   0x000fa2       data     extern D:\3.43\pic18-lt\cxx-framework\src\traditional\proc\p18f452.asm
               EECON1bits   0x000fa6       data     extern D:\3.43\pic18-lt\cxx-framework\src\traditional\proc\p18f452.asm
                   EECON1   0x000fa6       data     extern D:\3.43\pic18-lt\cxx-framework\src\traditional\proc\p18f452.asm
                   EECON2   0x000fa7       data     extern D:\3.43\pic18-lt\cxx-framework\src\traditional\proc\p18f452.asm
                   EEDATA   0x000fa8       data     extern D:\3.43\pic18-lt\cxx-framework\src\traditional\proc\p18f452.asm
                    EEADR   0x000fa9       data     extern D:\3.43\pic18-lt\cxx-framework\src\traditional\proc\p18f452.asm
                    RCSTA   0x000fab       data     extern D:\3.43\pic18-lt\cxx-framework\src\traditional\proc\p18f452.asm
                RCSTAbits   0x000fab       data     extern D:\3.43\pic18-lt\cxx-framework\src\traditional\proc\p18f452.asm
                    TXSTA   0x000fac       data     extern D:\3.43\pic18-lt\cxx-framework\src\traditional\proc\p18f452.asm
                TXSTAbits   0x000fac       data     extern D:\3.43\pic18-lt\cxx-framework\src\traditional\proc\p18f452.asm
                    TXREG   0x000fad       data     extern D:\3.43\pic18-lt\cxx-framework\src\traditional\proc\p18f452.asm
                    RCREG   0x000fae       data     extern D:\3.43\pic18-lt\cxx-framework\src\traditional\proc\p18f452.asm
                    SPBRG   0x000faf       data     extern D:\3.43\pic18-lt\cxx-framework\src\traditional\proc\p18f452.asm
                T3CONbits   0x000fb1       data     extern D:\3.43\pic18-lt\cxx-framework\src\traditional\proc\p18f452.asm
                    T3CON   0x000fb1       data     extern D:\3.43\pic18-lt\cxx-framework\src\traditional\proc\p18f452.asm
                    TMR3L   0x000fb2       data     extern D:\3.43\pic18-lt\cxx-framework\src\traditional\proc\p18f452.asm
                    TMR3H   0x000fb3       data     extern D:\3.43\pic18-lt\cxx-framework\src\traditional\proc\p18f452.asm
              CCP2CONbits   0x000fba       data     extern D:\3.43\pic18-lt\cxx-framework\src\traditional\proc\p18f452.asm
                  CCP2CON   0x000fba       data     extern D:\3.43\pic18-lt\cxx-framework\src\traditional\proc\p18f452.asm
                   CCPR2L   0x000fbb       data     extern D:\3.43\pic18-lt\cxx-framework\src\traditional\proc\p18f452.asm
                    CCPR2   0x000fbb       data     extern D:\3.43\pic18-lt\cxx-framework\src\traditional\proc\p18f452.asm
                   CCPR2H   0x000fbc       data     extern D:\3.43\pic18-lt\cxx-framework\src\traditional\proc\p18f452.asm
              CCP1CONbits   0x000fbd       data     extern D:\3.43\pic18-lt\cxx-framework\src\traditional\proc\p18f452.asm
                  CCP1CON   0x000fbd       data     extern D:\3.43\pic18-lt\cxx-framework\src\traditional\proc\p18f452.asm
                    CCPR1   0x000fbe       data     extern D:\3.43\pic18-lt\cxx-framework\src\traditional\proc\p18f452.asm
                   CCPR1L   0x000fbe       data     extern D:\3.43\pic18-lt\cxx-framework\src\traditional\proc\p18f452.asm
                   CCPR1H   0x000fbf       data     extern D:\3.43\pic18-lt\cxx-framework\src\traditional\proc\p18f452.asm
               ADCON1bits   0x000fc1       data     extern D:\3.43\pic18-lt\cxx-framework\src\traditional\proc\p18f452.asm
                   ADCON1   0x000fc1       data     extern D:\3.43\pic18-lt\cxx-framework\src\traditional\proc\p18f452.asm
                   ADCON0   0x000fc2       data     extern D:\3.43\pic18-lt\cxx-framework\src\traditional\proc\p18f452.asm
               ADCON0bits   0x000fc2       data     extern D:\3.43\pic18-lt\cxx-framework\src\traditional\proc\p18f452.asm
                    ADRES   0x000fc3       data     extern D:\3.43\pic18-lt\cxx-framework\src\traditional\proc\p18f452.asm
                   ADRESL   0x000fc3       data     extern D:\3.43\pic18-lt\cxx-framework\src\traditional\proc\p18f452.asm
                   ADRESH   0x000fc4       data     extern D:\3.43\pic18-lt\cxx-framework\src\traditional\proc\p18f452.asm
                  SSPCON2   0x000fc5       data     extern D:\3.43\pic18-lt\cxx-framework\src\traditional\proc\p18f452.asm
              SSPCON2bits   0x000fc5       data     extern D:\3.43\pic18-lt\cxx-framework\src\traditional\proc\p18f452.asm
                  SSPCON1   0x000fc6       data     extern D:\3.43\pic18-lt\cxx-framework\src\traditional\proc\p18f452.asm
              SSPCON1bits   0x000fc6       data     extern D:\3.43\pic18-lt\cxx-framework\src\traditional\proc\p18f452.asm
                  SSPSTAT   0x000fc7       data     extern D:\3.43\pic18-lt\cxx-framework\src\traditional\proc\p18f452.asm
              SSPSTATbits   0x000fc7       data     extern D:\3.43\pic18-lt\cxx-framework\src\traditional\proc\p18f452.asm
                   SSPADD   0x000fc8       data     extern D:\3.43\pic18-lt\cxx-framework\src\traditional\proc\p18f452.asm
                   SSPBUF   0x000fc9       data     extern D:\3.43\pic18-lt\cxx-framework\src\traditional\proc\p18f452.asm
                T2CONbits   0x000fca       data     extern D:\3.43\pic18-lt\cxx-framework\src\traditional\proc\p18f452.asm
                    T2CON   0x000fca       data     extern D:\3.43\pic18-lt\cxx-framework\src\traditional\proc\p18f452.asm
                      PR2   0x000fcb       data     extern D:\3.43\pic18-lt\cxx-framework\src\traditional\proc\p18f452.asm
                     TMR2   0x000fcc       data     extern D:\3.43\pic18-lt\cxx-framework\src\traditional\proc\p18f452.asm
                T1CONbits   0x000fcd       data     extern D:\3.43\pic18-lt\cxx-framework\src\traditional\proc\p18f452.asm
                    T1CON   0x000fcd       data     extern D:\3.43\pic18-lt\cxx-framework\src\traditional\proc\p18f452.asm
                    TMR1L   0x000fce       data     extern D:\3.43\pic18-lt\cxx-framework\src\traditional\proc\p18f452.asm
                    TMR1H   0x000fcf       data     extern D:\3.43\pic18-lt\cxx-framework\src\traditional\proc\p18f452.asm
                     RCON   0x000fd0       data     extern D:\3.43\pic18-lt\cxx-framework\src\traditional\proc\p18f452.asm
                 RCONbits   0x000fd0       data     extern D:\3.43\pic18-lt\cxx-framework\src\traditional\proc\p18f452.asm
                   WDTCON   0x000fd1       data     extern D:\3.43\pic18-lt\cxx-framework\src\traditional\proc\p18f452.asm
               WDTCONbits   0x000fd1       data     extern D:\3.43\pic18-lt\cxx-framework\src\traditional\proc\p18f452.asm
                   LVDCON   0x000fd2       data     extern D:\3.43\pic18-lt\cxx-framework\src\traditional\proc\p18f452.asm
               LVDCONbits   0x000fd2       data     extern D:\3.43\pic18-lt\cxx-framework\src\traditional\proc\p18f452.asm
                   OSCCON   0x000fd3       data     extern D:\3.43\pic18-lt\cxx-framework\src\traditional\proc\p18f452.asm
               OSCCONbits   0x000fd3       data     extern D:\3.43\pic18-lt\cxx-framework\src\traditional\proc\p18f452.asm
                T0CONbits   0x000fd5       data     extern D:\3.43\pic18-lt\cxx-framework\src\traditional\proc\p18f452.asm
                    T0CON   0x000fd5       data     extern D:\3.43\pic18-lt\cxx-framework\src\traditional\proc\p18f452.asm
                    TMR0L   0x000fd6       data     extern D:\3.43\pic18-lt\cxx-framework\src\traditional\proc\p18f452.asm
                    TMR0H   0x000fd7       data     extern D:\3.43\pic18-lt\cxx-framework\src\traditional\proc\p18f452.asm
               STATUSbits   0x000fd8       data     extern D:\3.43\pic18-lt\cxx-framework\src\traditional\proc\p18f452.asm
                   STATUS   0x000fd8       data     extern D:\3.43\pic18-lt\cxx-framework\src\traditional\proc\p18f452.asm
                    FSR2L   0x000fd9       data     extern D:\3.43\pic18-lt\cxx-framework\src\traditional\proc\p18f452.asm
                     FSR2   0x000fd9       data     extern D:\3.43\pic18-lt\cxx-framework\src\traditional\proc\p18f452.asm
                    FSR2H   0x000fda       data     extern D:\3.43\pic18-lt\cxx-framework\src\traditional\proc\p18f452.asm
                   PLUSW2   0x000fdb       data     extern D:\3.43\pic18-lt\cxx-framework\src\traditional\proc\p18f452.asm
                  PREINC2   0x000fdc       data     extern D:\3.43\pic18-lt\cxx-framework\src\traditional\proc\p18f452.asm
                 POSTDEC2   0x000fdd       data     extern D:\3.43\pic18-lt\cxx-framework\src\traditional\proc\p18f452.asm
                 POSTINC2   0x000fde       data     extern D:\3.43\pic18-lt\cxx-framework\src\traditional\proc\p18f452.asm
                    INDF2   0x000fdf       data     extern D:\3.43\pic18-lt\cxx-framework\src\traditional\proc\p18f452.asm
                      BSR   0x000fe0       data     extern D:\3.43\pic18-lt\cxx-framework\src\traditional\proc\p18f452.asm
                    FSR1L   0x000fe1       data     extern D:\3.43\pic18-lt\cxx-framework\src\traditional\proc\p18f452.asm
                     FSR1   0x000fe1       data     extern D:\3.43\pic18-lt\cxx-framework\src\traditional\proc\p18f452.asm
                    FSR1H   0x000fe2       data     extern D:\3.43\pic18-lt\cxx-framework\src\traditional\proc\p18f452.asm
                   PLUSW1   0x000fe3       data     extern D:\3.43\pic18-lt\cxx-framework\src\traditional\proc\p18f452.asm
                  PREINC1   0x000fe4       data     extern D:\3.43\pic18-lt\cxx-framework\src\traditional\proc\p18f452.asm
                 POSTDEC1   0x000fe5       data     extern D:\3.43\pic18-lt\cxx-framework\src\traditional\proc\p18f452.asm
                 POSTINC1   0x000fe6       data     extern D:\3.43\pic18-lt\cxx-framework\src\traditional\proc\p18f452.asm
                    INDF1   0x000fe7       data     extern D:\3.43\pic18-lt\cxx-framework\src\traditional\proc\p18f452.asm
                     WREG   0x000fe8       data     extern D:\3.43\pic18-lt\cxx-framework\src\traditional\proc\p18f452.asm
                        W   0x000fe8       data     extern D:\3.43\pic18-lt\cxx-framework\src\traditional\proc\p18f452.asm
                     FSR0   0x000fe9       data     extern D:\3.43\pic18-lt\cxx-framework\src\traditional\proc\p18f452.asm
                    FSR0L   0x000fe9       data     extern D:\3.43\pic18-lt\cxx-framework\src\traditional\proc\p18f452.asm
                    FSR0H   0x000fea       data     extern D:\3.43\pic18-lt\cxx-framework\src\traditional\proc\p18f452.asm
                   PLUSW0   0x000feb       data     extern D:\3.43\pic18-lt\cxx-framework\src\traditional\proc\p18f452.asm
                  PREINC0   0x000fec       data     extern D:\3.43\pic18-lt\cxx-framework\src\traditional\proc\p18f452.asm
                 POSTDEC0   0x000fed       data     extern D:\3.43\pic18-lt\cxx-framework\src\traditional\proc\p18f452.asm
                 POSTINC0   0x000fee       data     extern D:\3.43\pic18-lt\cxx-framework\src\traditional\proc\p18f452.asm
                    INDF0   0x000fef       data     extern D:\3.43\pic18-lt\cxx-framework\src\traditional\proc\p18f452.asm
              INTCON3bits   0x000ff0       data     extern D:\3.43\pic18-lt\cxx-framework\src\traditional\proc\p18f452.asm
                  INTCON3   0x000ff0       data     extern D:\3.43\pic18-lt\cxx-framework\src\traditional\proc\p18f452.asm
                  INTCON2   0x000ff1       data     extern D:\3.43\pic18-lt\cxx-framework\src\traditional\proc\p18f452.asm
              INTCON2bits   0x000ff1       data     extern D:\3.43\pic18-lt\cxx-framework\src\traditional\proc\p18f452.asm
               INTCONbits   0x000ff2       data     extern D:\3.43\pic18-lt\cxx-framework\src\traditional\proc\p18f452.asm
              INTCON1bits   0x000ff2       data     extern D:\3.43\pic18-lt\cxx-framework\src\traditional\proc\p18f452.asm
                  INTCON1   0x000ff2       data     extern D:\3.43\pic18-lt\cxx-framework\src\traditional\proc\p18f452.asm
                   INTCON   0x000ff2       data     extern D:\3.43\pic18-lt\cxx-framework\src\traditional\proc\p18f452.asm
                    PRODL   0x000ff3       data     extern D:\3.43\pic18-lt\cxx-framework\src\traditional\proc\p18f452.asm
                     PROD   0x000ff3       data     extern D:\3.43\pic18-lt\cxx-framework\src\traditional\proc\p18f452.asm
                    PRODH   0x000ff4       data     extern D:\3.43\pic18-lt\cxx-framework\src\traditional\proc\p18f452.asm
                   TABLAT   0x000ff5       data     extern D:\3.43\pic18-lt\cxx-framework\src\traditional\proc\p18f452.asm
                   TBLPTR   0x000ff6       data     extern D:\3.43\pic18-lt\cxx-framework\src\traditional\proc\p18f452.asm
                  TBLPTRL   0x000ff6       data     extern D:\3.43\pic18-lt\cxx-framework\src\traditional\proc\p18f452.asm
                  TBLPTRH   0x000ff7       data     extern D:\3.43\pic18-lt\cxx-framework\src\traditional\proc\p18f452.asm
                  TBLPTRU   0x000ff8       data     extern D:\3.43\pic18-lt\cxx-framework\src\traditional\proc\p18f452.asm
                       PC   0x000ff9       data     extern D:\3.43\pic18-lt\cxx-framework\src\traditional\proc\p18f452.asm
                      PCL   0x000ff9       data     extern D:\3.43\pic18-lt\cxx-framework\src\traditional\proc\p18f452.asm
                   PCLATH   0x000ffa       data     extern D:\3.43\pic18-lt\cxx-framework\src\traditional\proc\p18f452.asm
                   PCLATU   0x000ffb       data     extern D:\3.43\pic18-lt\cxx-framework\src\traditional\proc\p18f452.asm
               STKPTRbits   0x000ffc       data     extern D:\3.43\pic18-lt\cxx-framework\src\traditional\proc\p18f452.asm
                   STKPTR   0x000ffc       data     extern D:\3.43\pic18-lt\cxx-framework\src\traditional\proc\p18f452.asm
                     TOSL   0x000ffd       data     extern D:\3.43\pic18-lt\cxx-framework\src\traditional\proc\p18f452.asm
                      TOS   0x000ffd       data     extern D:\3.43\pic18-lt\cxx-framework\src\traditional\proc\p18f452.asm
                     TOSH   0x000ffe       data     extern D:\3.43\pic18-lt\cxx-framework\src\traditional\proc\p18f452.asm
                     TOSU   0x000fff       data     extern D:\3.43\pic18-lt\cxx-framework\src\traditional\proc\p18f452.asm


