MPLINK 4.20, Linker
Linker Map File - Created Fri Jun 06 08:11:25 2008

                                 Section Info
                  Section       Type    Address   Location Size(Bytes)
                ---------  ---------  ---------  ---------  ---------
               _entry_scn       code   0x000000    program   0x000006
           .code___init.o       code   0x000006    program   0x000002
               highVector       code   0x000008    program   0x000006
     .romdata_ServoMain.o    romdata   0x00000e    program   0x000006
              SEED_DATA_i    romdata   0x000014    program   0x000002
           .idata_UDP.o_i    romdata   0x000016    program   0x000002
                lowVector       code   0x000018    program   0x000006
                   .cinit    romdata   0x00001e    program   0x00006e
              .code_TCP.o       code   0x00008c    program   0x005500
              .code_UDP.o       code   0x00558c    program   0x000f22
          .code_Helpers.o       code   0x0064ae    program   0x000edc
         .code_ETH97J60.o       code   0x00738a    program   0x000d7c
             .code_DHCP.o       code   0x008106    program   0x000bce
        .code_ServoMain.o       code   0x008cd4    program   0x0009a8
             .code_NBNS.o       code   0x00967c    program   0x0005c2
               .code_IP.o       code   0x009c3e    program   0x0003fa
              .code_ARP.o       code   0x00a038    program   0x0003b4
                   STDLIB       code   0x00a3ec    program   0x00033c
      .code_LCDBlocking.o       code   0x00a728    program   0x00033c
         .code_StackTsk.o       code   0x00aa64    program   0x00026a
                   STRING       code   0x00acce    program   0x0001e4
             .code_ICMP.o       code   0x00aeb2    program   0x000146
             .code_Tick.o       code   0x00aff8    program   0x000140
                     PROG       code   0x00b138    program   0x0000ce
               _cinit_scn       code   0x00b206    program   0x00009e
         .code_fxd3232u.o       code   0x00b2a4    program   0x000048
           .romdata_TCP.o    romdata   0x00b2ec    program   0x000036
         .code_fxd1616u.o       code   0x00b322    program   0x00002c
             .stringtable    romdata   0x00b34e    program   0x000029
      .romdata_StackTsk.o    romdata   0x00b377    program   0x000000
          .romdata_Tick.o    romdata   0x00b377    program   0x000000
      .idata_fxd1616u.o_i    romdata   0x00b377    program   0x000000
      .romdata_fxd1616u.o    romdata   0x00b377    program   0x000000
      .idata_fxd3232u.o_i    romdata   0x00b377    program   0x000000
      .romdata_fxd3232u.o    romdata   0x00b377    program   0x000000
        .idata___init.o_i    romdata   0x00b377    program   0x000000
        .romdata___init.o    romdata   0x00b377    program   0x000000
         .romdata_c018i.o    romdata   0x00b377    program   0x000000
         .idata_c018i.o_i    romdata   0x00b377    program   0x000000
           .romdata_ARP.o    romdata   0x00b377    program   0x000000
          .romdata_DHCP.o    romdata   0x00b377    program   0x000000
      .romdata_ETH97J60.o    romdata   0x00b377    program   0x000000
           .romdata_UDP.o    romdata   0x00b377    program   0x000000
       .romdata_Helpers.o    romdata   0x00b377    program   0x000000
          .romdata_ICMP.o    romdata   0x00b377    program   0x000000
            .romdata_IP.o    romdata   0x00b377    program   0x000000
      .idata_StackTsk.o_i    romdata   0x00b377    program   0x000000
          .romdata_NBNS.o    romdata   0x00b377    program   0x000000
          .idata_NBNS.o_i    romdata   0x00b377    program   0x000001
   .romdata_LCDBlocking.o    romdata   0x00b377    program   0x000000
              D1KTCYXCODE       code   0x00b378    program   0x000020
             _startup_scn       code   0x00b398    program   0x00001c
              D10TCYXCODE       code   0x00b3b4    program   0x000016
                    .code       code   0x00b3ca    program   0x00000e
          .idata_Tick.o_i    romdata   0x00b3d8    program   0x000004
           .idata_TCP.o_i    romdata   0x00b3dc    program   0x000002
     .idata_ServoMain.o_i    romdata   0x00b3de    program   0x000011
            .idata_IP.o_i    romdata   0x00b3ef    program   0x000002
   .idata_LCDBlocking.o_i    romdata   0x00b3ef    program   0x000000
          .idata_ICMP.o_i    romdata   0x00b3f1    program   0x000000
       .idata_Helpers.o_i    romdata   0x00b3f1    program   0x000000
      .idata_ETH97J60.o_i    romdata   0x00b3f1    program   0x000000
          .idata_DHCP.o_i    romdata   0x00b3f1    program   0x000004
           .idata_ARP.o_i    romdata   0x00b3f5    program   0x000001
            .code_c018i.o       code   0x00b3f6    program   0x000000
                MATH_DATA      udata   0x000000       data   0x000014
                 .tmpdata      udata   0x000014       data   0x00000e
                DELAYDAT1      udata   0x000022       data   0x000001
             .udata_UDP.o      udata   0x000060       data   0x000098
        .udata_ETH97J60.o      udata   0x0000f8       data   0x000007
            .udata_NBNS.o      udata   0x0000ff       data   0x000001
                 TCB_uRAM      udata   0x000100       data   0x0000fc
         .udata_Helpers.o      udata   0x0001fc       data   0x000004
       .udata_ServoMain.o      udata   0x000200       data   0x0000c1
       SYN_QUEUE_RAM_SECT      udata   0x0002c1       data   0x00003c
             .idata_UDP.o      idata   0x0002fd       data   0x000002
              .udata_IP.o      udata   0x0002ff       data   0x000001
                   .stack      udata   0x000d00       data   0x000100
     .udata_LCDBlocking.o      udata   0x000e00       data   0x000021
            .udata_DHCP.o      udata   0x000e21       data   0x000019
        .udata_StackTsk.o      udata   0x000e3a       data   0x00000b
           .udata_c018i.o      udata   0x000e45       data   0x00000a
             .udata_ARP.o      udata   0x000e4f       data   0x00000a
            .udata_Tick.o      udata   0x000e59       data   0x000006
            .idata_Tick.o      idata   0x000e5f       data   0x000004
            .idata_DHCP.o      idata   0x000e63       data   0x000004
             .idata_TCP.o      idata   0x000e67       data   0x000002
              .idata_IP.o      idata   0x000e69       data   0x000002
            .idata_NBNS.o      idata   0x000e6b       data   0x000001
             .idata_ARP.o      idata   0x000e6c       data   0x000001
          .idata___init.o      idata   0x000e6d       data   0x000000
          .udata___init.o      udata   0x000e6d       data   0x000000
        .idata_fxd3232u.o      idata   0x000e6d       data   0x000000
        .udata_fxd3232u.o      udata   0x000e6d       data   0x000000
        .idata_fxd1616u.o      idata   0x000e6d       data   0x000000
        .udata_fxd1616u.o      udata   0x000e6d       data   0x000000
         .idata_Helpers.o      idata   0x000e6d       data   0x000000
           .idata_c018i.o      idata   0x000e6d       data   0x000000
        .idata_StackTsk.o      idata   0x000e6d       data   0x000000
            .udata_ICMP.o      udata   0x000e6d       data   0x000000
     .idata_LCDBlocking.o      idata   0x000e6d       data   0x000000
        .idata_ETH97J60.o      idata   0x000e6d       data   0x000000
            .idata_ICMP.o      idata   0x000e6d       data   0x000000
              SFR_BANKED0      udata   0x000e80       data   0x000006
              SFR_BANKED1      udata   0x000e8a       data   0x000001
              SFR_BANKED2      udata   0x000e97       data   0x000003
              SFR_BANKED3      udata   0x000ea0       data   0x000001
              SFR_BANKED4      udata   0x000ea2       data   0x000003
              SFR_BANKED5      udata   0x000ea6       data   0x000002
              SFR_BANKED6      udata   0x000eaa       data   0x000002
              SFR_BANKED7      udata   0x000eb2       data   0x000001
              SFR_BANKED8      udata   0x000eb4       data   0x000001
              SFR_BANKED9      udata   0x000eb6       data   0x000004
             SFR_BANKED10      udata   0x000ec0       data   0x000012
             SFR_BANKED11      udata   0x000ed4       data   0x000002
             SFR_BANKED12      udata   0x000ed8       data   0x000002
             SFR_BANKED13      udata   0x000ee2       data   0x000016
             SFR_BANKED14      udata   0x000efb       data   0x000001
             SFR_BANKED15      udata   0x000efd       data   0x000002
             .udata_TCP.o      udata   0x000f00       data   0x00004d
       .idata_ServoMain.o      idata   0x000f4d       data   0x000011
                SEED_DATA      idata   0x000f5e       data   0x000002
            SFR_UNBANKED0      udata   0x000f60       data   0x0000a0



                              Program Memory Usage 
                               Start         End      
                           ---------   ---------      
                            0x000000    0x00b3f5      
            46070 out of 131072 program addresses used, program memory utilization is 35%



                              Symbols - Sorted by Name
                     Name    Address   Location    Storage File                     
                ---------  ---------  ---------  --------- ---------                
               ARPProcess   0x00a192    program     extern F:\LANServo\TCPIP Stack\ARP.c
                   ARPPut   0x00a038    program     static F:\LANServo\TCPIP Stack\ARP.c
     CalcIPBufferChecksum   0x007a74    program     extern F:\LANServo\TCPIP Stack\ETH97J60.c
           CalcIPChecksum   0x0070ec    program     extern F:\LANServo\TCPIP Stack\Helpers.c
              CloseSocket   0x003b84    program     static F:\LANServo\TCPIP Stack\TCP.c
                    D10_1   0x00b3c4    program     static C:\MCC18\src\traditional\delays\d10tcyx.asm
                     D10x   0x00b3bc    program     static C:\MCC18\src\traditional\delays\d10tcyx.asm
                    D1K_1   0x00b384    program     static C:\MCC18\src\traditional\delays\d1ktcyx.asm
                     D1Kx   0x00b382    program     static C:\MCC18\src\traditional\delays\d1ktcyx.asm
              DHCPDisable   0x008124    program     extern F:\LANServo\TCPIP Stack\DHCP.c
               DHCPEnable   0x008142    program     extern F:\LANServo\TCPIP Stack\DHCP.c
                DHCPReset   0x008106    program     extern F:\LANServo\TCPIP Stack\DHCP.c
                 DHCPTask   0x008158    program     extern F:\LANServo\TCPIP Stack\DHCP.c
              Delay10TCYx   0x00b3b4    program     extern C:\MCC18\src\traditional\delays\d10tcyx.asm
              Delay1KTCYx   0x00b378    program     extern C:\MCC18\src\traditional\delays\d1ktcyx.asm
           DisplayIPValue   0x008f8c    program     static F:\LANServo\ServoMain.c  
                 FXD1616U   0x00b322    program     extern C:\MCC18\src\traditional\math\fxd1616u.c
                 FXD3232U   0x00b2a4    program     extern C:\MCC18\src\traditional\math\fxd3232u.c
                 FXM1616U   0x00b138    program     extern C:\MCC18\src\traditional\math\fxm1616u.asm
                 FXM2424U   0x00b174    program     extern C:\MCC18\src\traditional\math\fxm2424u.asm
       FindMatchingSocket   0x006270    program     static F:\LANServo\TCPIP Stack\UDP.c
       FindMatchingSocket   0x003336    program     static F:\LANServo\TCPIP Stack\TCP.c
        FormatNetBIOSName   0x0072f8    program     extern F:\LANServo\TCPIP Stack\Helpers.c
      GenerateRandomDWORD   0x0064ae    program     extern F:\LANServo\TCPIP Stack\Helpers.c
              GetTickCopy   0x00b008    program     static F:\LANServo\TCPIP Stack\Tick.c
             HandleTCPSeg   0x003c0e    program     static F:\LANServo\TCPIP Stack\TCP.c
                  HighISR   0x008d8e    program     extern F:\LANServo\ServoMain.c  
               HighVector   0x000008    program     extern F:\LANServo\ServoMain.c  
              ICMPProcess   0x00aeb2    program     extern F:\LANServo\TCPIP Stack\ICMP.c
              IPGetHeader   0x009c3e    program     extern F:\LANServo\TCPIP Stack\IP.c
              IPPutHeader   0x009db2    program     extern F:\LANServo\TCPIP Stack\IP.c
            IPSetRxBuffer   0x009f16    program     extern F:\LANServo\TCPIP Stack\IP.c
            InitAppConfig   0x0095a2    program     static F:\LANServo\ServoMain.c  
          InitializeBoard   0x009532    program     static F:\LANServo\ServoMain.c  
                 LCDErase   0x00a9f4    program     extern F:\LANServo\TCPIP Stack\LCDBlocking.c
                  LCDInit   0x00a77a    program     extern F:\LANServo\TCPIP Stack\LCDBlocking.c
                LCDUpdate   0x00a8a4    program     extern F:\LANServo\TCPIP Stack\LCDBlocking.c
                 LCDWrite   0x00a728    program     static F:\LANServo\TCPIP Stack\LCDBlocking.c
                   LowISR   0x008cd4    program     extern F:\LANServo\ServoMain.c  
                LowVector   0x000018    program     extern F:\LANServo\ServoMain.c  
        MACCalcRxChecksum   0x0079b2    program     extern F:\LANServo\TCPIP Stack\ETH97J60.c
             MACDiscardRx   0x0074ee    program     extern F:\LANServo\TCPIP Stack\ETH97J60.c
                 MACFlush   0x007870    program     extern F:\LANServo\TCPIP Stack\ETH97J60.c
                   MACGet   0x007eee    program     extern F:\LANServo\TCPIP Stack\ETH97J60.c
              MACGetArray   0x007ef4    program     extern F:\LANServo\TCPIP Stack\ETH97J60.c
         MACGetFreeRxSize   0x007568    program     extern F:\LANServo\TCPIP Stack\ETH97J60.c
             MACGetHeader   0x007660    program     extern F:\LANServo\TCPIP Stack\ETH97J60.c
                  MACInit   0x00738a    program     extern F:\LANServo\TCPIP Stack\ETH97J60.c
              MACIsLinked   0x007494    program     extern F:\LANServo\TCPIP Stack\ETH97J60.c
         MACIsMemCopyDone   0x007ee0    program     extern F:\LANServo\TCPIP Stack\ETH97J60.c
             MACIsTxReady   0x0074b4    program     extern F:\LANServo\TCPIP Stack\ETH97J60.c
          MACMemCopyAsync   0x007c78    program     extern F:\LANServo\TCPIP Stack\ETH97J60.c
             MACPowerDown   0x0080e6    program     extern F:\LANServo\TCPIP Stack\ETH97J60.c
               MACPowerUp   0x0080f8    program     extern F:\LANServo\TCPIP Stack\ETH97J60.c
                   MACPut   0x007f94    program     extern F:\LANServo\TCPIP Stack\ETH97J60.c
              MACPutArray   0x007fae    program     extern F:\LANServo\TCPIP Stack\ETH97J60.c
             MACPutHeader   0x0077e8    program     extern F:\LANServo\TCPIP Stack\ETH97J60.c
           MACPutROMArray   0x007ff2    program     extern F:\LANServo\TCPIP Stack\ETH97J60.c
            MACSetReadPtr   0x00796c    program     extern F:\LANServo\TCPIP Stack\ETH97J60.c
        MACSetReadPtrInRx   0x0078a6    program     extern F:\LANServo\TCPIP Stack\ETH97J60.c
           MACSetWritePtr   0x007926    program     extern F:\LANServo\TCPIP Stack\ETH97J60.c
              NBNSGetName   0x009b2a    program     static F:\LANServo\TCPIP Stack\NBNS.c
              NBNSPutName   0x009ab6    program     static F:\LANServo\TCPIP Stack\NBNS.c
                 NBNSTask   0x00967c    program     extern F:\LANServo\TCPIP Stack\NBNS.c
                  OneByte   0x00a6da    program     static C:\MCC18\src\traditional\stdclib\ltobcd.asm
                ProcLower   0x00a672    program     static C:\MCC18\src\traditional\stdclib\ltoa.asm
                ProcUpper   0x00a668    program     static C:\MCC18\src\traditional\stdclib\ltoa.asm
                  RCServo   0x008e32    program     extern F:\LANServo\ServoMain.c  
     ROMStringToIPAddress   0x006a06    program     extern F:\LANServo\TCPIP Stack\Helpers.c
               ReadPHYReg   0x008048    program     extern F:\LANServo\TCPIP Stack\ETH97J60.c
                  SendTCP   0x002a2a    program     static F:\LANServo\TCPIP Stack\TCP.c
     SerializedMACAddress   0x00000e    program     static F:\LANServo\ServoMain.c  
        StackApplications   0x00acca    program     extern F:\LANServo\TCPIP Stack\StackTsk.c
                StackInit   0x00aa64    program     extern F:\LANServo\TCPIP Stack\StackTsk.c
                StackTask   0x00aaa0    program     extern F:\LANServo\TCPIP Stack\StackTsk.c
        StringToIPAddress   0x0067b2    program     extern F:\LANServo\TCPIP Stack\Helpers.c
            SwapARPPacket   0x00a314    program     static F:\LANServo\TCPIP Stack\ARP.c
             SwapIPHeader   0x009f50    program     static F:\LANServo\TCPIP Stack\IP.c
            SwapTCPHeader   0x003954    program     static F:\LANServo\TCPIP Stack\TCP.c
                  SyncTCB   0x00012a    program     static F:\LANServo\TCPIP Stack\TCP.c
              SyncTCBStub   0x00008c    program     static F:\LANServo\TCPIP Stack\TCP.c
        TCPAdjustFIFOSize   0x004fa0    program     extern F:\LANServo\TCPIP Stack\TCP.c
           TCPControlTask   0x0090c6    program     extern F:\LANServo\ServoMain.c  
               TCPDiscard   0x000ee6    program     extern F:\LANServo\TCPIP Stack\TCP.c
            TCPDisconnect   0x0005c8    program     extern F:\LANServo\TCPIP Stack\TCP.c
           TCPFindArrayEx   0x00135e    program     extern F:\LANServo\TCPIP Stack\TCP.c
                TCPFindEx   0x001ff6    program     extern F:\LANServo\TCPIP Stack\TCP.c
        TCPFindROMArrayEx   0x00197a    program     extern F:\LANServo\TCPIP Stack\TCP.c
                 TCPFlush   0x0006ae    program     extern F:\LANServo\TCPIP Stack\TCP.c
                   TCPGet   0x000fa8    program     extern F:\LANServo\TCPIP Stack\TCP.c
              TCPGetArray   0x001098    program     extern F:\LANServo\TCPIP Stack\TCP.c
         TCPGetRemoteInfo   0x000660    program     extern F:\LANServo\TCPIP Stack\TCP.c
         TCPGetRxFIFOFree   0x0012e4    program     extern F:\LANServo\TCPIP Stack\TCP.c
         TCPGetTxFIFOFull   0x000e66    program     extern F:\LANServo\TCPIP Stack\TCP.c
                  TCPInit   0x000216    program     extern F:\LANServo\TCPIP Stack\TCP.c
           TCPIsConnected   0x00059e    program     extern F:\LANServo\TCPIP Stack\TCP.c
            TCPIsGetReady   0x000f32    program     extern F:\LANServo\TCPIP Stack\TCP.c
            TCPIsPutReady   0x0006e8    program     extern F:\LANServo\TCPIP Stack\TCP.c
                  TCPOpen   0x0004fa    program     extern F:\LANServo\TCPIP Stack\TCP.c
               TCPProcess   0x00281c    program     extern F:\LANServo\TCPIP Stack\TCP.c
                   TCPPut   0x00077a    program     extern F:\LANServo\TCPIP Stack\TCP.c
              TCPPutArray   0x0008b6    program     extern F:\LANServo\TCPIP Stack\TCP.c
           TCPPutROMArray   0x000afc    program     extern F:\LANServo\TCPIP Stack\TCP.c
          TCPPutROMString   0x000dd2    program     extern F:\LANServo\TCPIP Stack\TCP.c
             TCPPutString   0x000d4c    program     extern F:\LANServo\TCPIP Stack\TCP.c
               TCPRAMCopy   0x0052ca    program     static F:\LANServo\TCPIP Stack\TCP.c
            TCPRAMCopyROM   0x00540c    program     static F:\LANServo\TCPIP Stack\TCP.c
     TCPSocketInitializer   0x00b2ec    program     extern F:\LANServo\TCPIPConfig.h
                  TCPTick   0x00204a    program     extern F:\LANServo\TCPIP Stack\TCP.c
              TCPWasReset   0x000574    program     extern F:\LANServo\TCPIP Stack\TCP.c
TickConvertToMilliseconds   0x00b0e0    program     extern F:\LANServo\TCPIP Stack\Tick.c
                  TickGet   0x00b02e    program     extern F:\LANServo\TCPIP Stack\Tick.c
            TickGetDiv256   0x00b044    program     extern F:\LANServo\TCPIP Stack\Tick.c
            TickGetDiv64K   0x00b092    program     extern F:\LANServo\TCPIP Stack\Tick.c
                 TickInit   0x00aff8    program     extern F:\LANServo\TCPIP Stack\Tick.c
               TickUpdate   0x00b124    program     extern F:\LANServo\TCPIP Stack\Tick.c
                 TstLower   0x00a65c    program     static C:\MCC18\src\traditional\stdclib\ltoa.asm
                 TstUpper   0x00a656    program     static C:\MCC18\src\traditional\stdclib\ltoa.asm
                 UDPClose   0x005764    program     extern F:\LANServo\TCPIP Stack\UDP.c
               UDPDiscard   0x006028    program     extern F:\LANServo\TCPIP Stack\UDP.c
                 UDPFlush   0x005c38    program     extern F:\LANServo\TCPIP Stack\UDP.c
                   UDPGet   0x005efe    program     extern F:\LANServo\TCPIP Stack\UDP.c
              UDPGetArray   0x005f4a    program     extern F:\LANServo\TCPIP Stack\UDP.c
                  UDPInit   0x00558c    program     extern F:\LANServo\TCPIP Stack\UDP.c
            UDPIsGetReady   0x005ebc    program     extern F:\LANServo\TCPIP Stack\UDP.c
            UDPIsPutReady   0x005870    program     extern F:\LANServo\TCPIP Stack\UDP.c
                  UDPOpen   0x0055be    program     extern F:\LANServo\TCPIP Stack\UDP.c
               UDPProcess   0x00603c    program     extern F:\LANServo\TCPIP Stack\UDP.c
                   UDPPut   0x0058f0    program     extern F:\LANServo\TCPIP Stack\UDP.c
              UDPPutArray   0x00594c    program     extern F:\LANServo\TCPIP Stack\UDP.c
           UDPPutROMArray   0x005a38    program     extern F:\LANServo\TCPIP Stack\UDP.c
          UDPPutROMString   0x005baa    program     extern F:\LANServo\TCPIP Stack\UDP.c
             UDPPutString   0x005b2a    program     extern F:\LANServo\TCPIP Stack\UDP.c
           UDPSetRxBuffer   0x00582c    program     extern F:\LANServo\TCPIP Stack\UDP.c
           UDPSetTxBuffer   0x0057be    program     extern F:\LANServo\TCPIP Stack\UDP.c
                  UDPTask   0x0055b8    program     extern F:\LANServo\TCPIP Stack\UDP.c
              WritePHYReg   0x0080a2    program     extern F:\LANServo\TCPIP Stack\ETH97J60.c
                  _14jEnd   0x00a50a    program     static C:\MCC18\src\traditional\stdclib\atol.asm
              _2jContinue   0x00addc    program     static C:\MCC18\src\traditional\stdclib\memset.asm
                   _2jEnd   0x00ae72    program     static C:\MCC18\src\traditional\stdclib\slenpgm.asm
              _3jContinue   0x00ada8    program     static C:\MCC18\src\traditional\stdclib\mcpyp2r.asm
                   _3jEnd   0x00a586    program     static C:\MCC18\src\traditional\stdclib\ltoa.asm
                   _3jEnd   0x00ade6    program     static C:\MCC18\src\traditional\stdclib\memset.asm
              _4jContinue   0x00acfa    program     static C:\MCC18\src\traditional\stdclib\memcmp.asm
              _4jContinue   0x00ad54    program     static C:\MCC18\src\traditional\stdclib\memcpy.asm
                   _4jEnd   0x00adb2    program     static C:\MCC18\src\traditional\stdclib\mcpyp2r.asm
                   _5jEnd   0x00ad04    program     static C:\MCC18\src\traditional\stdclib\memcmp.asm
                   _5jEnd   0x00ad5e    program     static C:\MCC18\src\traditional\stdclib\memcpy.asm
        _D10TCYXCODE_000A   0x00b3be    program     static C:\MCC18\src\traditional\delays\d10tcyx.asm
        _D10TCYXCODE_000C   0x00b3c0    program     static C:\MCC18\src\traditional\delays\d10tcyx.asm
        _D10TCYXCODE_000E   0x00b3c2    program     static C:\MCC18\src\traditional\delays\d10tcyx.asm
        _D1KTCYXCODE_0010   0x00b388    program     static C:\MCC18\src\traditional\delays\d1ktcyx.asm
        _D1KTCYXCODE_0016   0x00b38e    program     static C:\MCC18\src\traditional\delays\d1ktcyx.asm
             _DHCPReceive   0x00856c    program     static F:\LANServo\TCPIP Stack\DHCP.c
                _DHCPSend   0x008a30    program     static F:\LANServo\TCPIP Stack\DHCP.c
           ___do_lbl00002   0x00b026    program     static                          
           ___do_lbl00002   0x00a7dc    program     static                          
           ___do_lbl00003   0x00b02a    program     static                          
           ___do_lbl00003   0x00a7dc    program     static                          
           ___do_lbl00004   0x00b008    program     static                          
           ___do_lbl00006   0x00a7aa    program     static                          
           ___do_lbl00010   0x00a890    program     static                          
           ___do_lbl00011   0x00a890    program     static                          
           ___do_lbl00014   0x00a85e    program     static                          
          ___for_lbl00007   0x00a804    program     static                          
          ___for_lbl00008   0x00a808    program     static                          
          ___for_lbl00009   0x00a7e6    program     static                          
          ___for_lbl00091   0x0072b4    program     static                          
          ___for_lbl00092   0x0072ba    program     static                          
          ___for_lbl00093   0x007296    program     static                          
          ___for_lbl00094   0x0072ce    program     static                          
          ___for_lbl00095   0x0072d2    program     static                          
          ___for_lbl00096   0x0072ba    program     static                          
           ___if_lbl00005   0x00669a    program     static                          
           ___if_lbl00006   0x0066b8    program     static                          
           ___if_lbl00007   0x00674e    program     static                          
           ___if_lbl00008   0x006754    program     static                          
           ___if_lbl00019   0x007676    program     static                          
           ___if_lbl00020   0x007682    program     static                          
           ___if_lbl00026   0x007750    program     static                          
           ___if_lbl00029   0x0077c8    program     static                          
       ___return_lbl00000   0x00a772    program     static                          
       ___return_lbl00000   0x00b34c    program     static                          
       ___return_lbl00000   0x000004    program     static                          
       ___return_lbl00000   0x00b2ea    program     static                          
       ___return_lbl00000   0x00679e    program     static                          
       ___return_lbl00000   0x00748a    program     static                          
       ___return_lbl00001   0x00b3b2    program     static                          
       ___return_lbl00001   0x00b02c    program     static                          
       ___return_lbl00001   0x00a890    program     static                          
       ___return_lbl00001   0x00001c    program     static                          
       ___return_lbl00002   0x00b2a2    program     static                          
       ___return_lbl00003   0x00000c    program     static                          
       ___return_lbl00018   0x0077d0    program     static                          
       ___return_lbl00078   0x007fa6    program     static                          
       ___return_lbl00079   0x007fea    program     static                          
       ___return_lbl00082   0x008040    program     static                          
       ___return_lbl00085   0x00808e    program     static                          
       ___return_lbl00088   0x0080dc    program     static                          
       ___return_lbl00090   0x0072e4    program     static                          
        ___while_lbl00001   0x00739c    program     static                          
        ___while_lbl00001   0x00652e    program     static                          
        ___while_lbl00002   0x0073a2    program     static                          
        ___while_lbl00002   0x006756    program     static                          
        ___while_lbl00003   0x006536    program     static                          
        ___while_lbl00004   0x00653a    program     static                          
        ___while_lbl00004   0x00a7b8    program     static                          
        ___while_lbl00005   0x00a7dc    program     static                          
        ___while_lbl00012   0x00a86c    program     static                          
        ___while_lbl00013   0x00a890    program     static                          
        ___while_lbl00080   0x007fb6    program     static                          
        ___while_lbl00081   0x007fea    program     static                          
        ___while_lbl00083   0x007ffa    program     static                          
        ___while_lbl00084   0x008040    program     static                          
        ___while_lbl00086   0x008064    program     static                          
        ___while_lbl00087   0x00806a    program     static                          
        ___while_lbl00089   0x0080d6    program     static                          
        ___while_lbl00090   0x0080dc    program     static                          
                   __init   0x000006    program     extern C:\MCC18\src\traditional\stdclib\__init.c
               __string_0   0x00b356    program     static F:\LANServo\ServoMain.c  
               __string_3   0x00b34e    program     static F:\LANServo\ServoMain.c  
               __tmplbl_0   0x00659a    program     static                          
              __tmplbl_10   0x0077a8    program     static                          
              __tmplbl_11   0x0077ae    program     static                          
             __tmplbl_123   0x004f8c    program     static                          
             __tmplbl_125   0x004f8c    program     static                          
             __tmplbl_127   0x004f8c    program     static                          
             __tmplbl_129   0x004f8c    program     static                          
             __tmplbl_131   0x004f8c    program     static                          
             __tmplbl_134   0x004f8c    program     static                          
             __tmplbl_144   0x004f8c    program     static                          
             __tmplbl_145   0x004f8c    program     static                          
             __tmplbl_147   0x004f8c    program     static                          
             __tmplbl_149   0x004f8c    program     static                          
             __tmplbl_150   0x004f8c    program     static                          
             __tmplbl_160   0x004f8c    program     static                          
             __tmplbl_161   0x004f8c    program     static                          
             __tmplbl_162   0x004f8c    program     static                          
             __tmplbl_164   0x004f8c    program     static                          
             __tmplbl_165   0x004f8c    program     static                          
             __tmplbl_166   0x004f8c    program     static                          
             __tmplbl_167   0x004f8c    program     static                          
               __tmplbl_2   0x00774e    program     static                          
              __tmplbl_27   0x006516    program     static                          
              __tmplbl_28   0x0065b6    program     static                          
              __tmplbl_29   0x0065f6    program     static                          
               __tmplbl_3   0x00773a    program     static                          
              __tmplbl_30   0x00665a    program     static                          
               __tmplbl_4   0x007724    program     static                          
               __tmplbl_5   0x007710    program     static                          
               __tmplbl_6   0x0076fa    program     static                          
               __tmplbl_7   0x0076ec    program     static                          
               __tmplbl_8   0x0076ea    program     static                          
               __tmplbl_9   0x0077b6    program     static                          
            __zero_memory   0x00b3ca    program     extern C:\MCC18\src\traditional\proc\p18F67J60.asm
                _do_cinit   0x00b206    program     extern C:\MCC18\src\traditional\startup\c018i.c
                   _entry   0x000000    program     extern C:\MCC18\src\traditional\startup\c018i.c
                   _false   0x00b2e6    program     static                          
                 _startup   0x00b398    program     extern C:\MCC18\src\traditional\startup\c018i.c
                     atol   0x00a3ec    program     extern C:\MCC18\src\traditional\stdclib\atol.asm
             btohexa_high   0x006e72    program     extern F:\LANServo\TCPIP Stack\Helpers.c
              btohexa_low   0x006ea8    program     extern F:\LANServo\TCPIP Stack\Helpers.c
               clear_loop   0x00b3d0    program     static C:\MCC18\src\traditional\proc\p18F67J60.asm
                copy_loop   0x00b278    program     static                          
            copy_one_byte   0x00b27e    program     static                          
                     done   0x00b2a2    program     static                          
             done_copying   0x00b28c    program     static                          
                  endloop   0x00b348    program     static                          
                  hexatob   0x006db6    program     extern F:\LANServo\TCPIP Stack\Helpers.c
                     jDo1   0x00a622    program     static C:\MCC18\src\traditional\stdclib\ltoa.asm
                    jDo10   0x00a5fe    program     static C:\MCC18\src\traditional\stdclib\ltoa.asm
                     jDo2   0x00a61e    program     static C:\MCC18\src\traditional\stdclib\ltoa.asm
                     jDo3   0x00a61a    program     static C:\MCC18\src\traditional\stdclib\ltoa.asm
                     jDo4   0x00a616    program     static C:\MCC18\src\traditional\stdclib\ltoa.asm
                     jDo5   0x00a612    program     static C:\MCC18\src\traditional\stdclib\ltoa.asm
                     jDo6   0x00a60e    program     static C:\MCC18\src\traditional\stdclib\ltoa.asm
                     jDo7   0x00a60a    program     static C:\MCC18\src\traditional\stdclib\ltoa.asm
                     jDo8   0x00a606    program     static C:\MCC18\src\traditional\stdclib\ltoa.asm
                     jDo9   0x00a602    program     static C:\MCC18\src\traditional\stdclib\ltoa.asm
                     jEnd   0x00a6d6    program     static C:\MCC18\src\traditional\stdclib\ltobcd.asm
                     jEnd   0x00ad0a    program     static C:\MCC18\src\traditional\stdclib\memcmp.asm
                     jEnd   0x00ad64    program     static C:\MCC18\src\traditional\stdclib\memcpy.asm
                     jEnd   0x00adba    program     static C:\MCC18\src\traditional\stdclib\mcpyp2r.asm
                     jEnd   0x00adee    program     static C:\MCC18\src\traditional\stdclib\memset.asm
                     jEnd   0x00ae20    program     static C:\MCC18\src\traditional\stdclib\scpyp2r.asm
                     jEnd   0x00ae3c    program     static C:\MCC18\src\traditional\stdclib\strlen.asm
                     jEnd   0x00ae74    program     static C:\MCC18\src\traditional\stdclib\slenpgm.asm
                     jEnd   0x00aeb0    program     static C:\MCC18\src\traditional\stdclib\strupr.asm
                     jEnd   0x00a50a    program     static C:\MCC18\src\traditional\stdclib\atol.asm
                 jEndLoop   0x00a4da    program     static C:\MCC18\src\traditional\stdclib\atol.asm
                    jLoop   0x00ad9c    program     static C:\MCC18\src\traditional\stdclib\mcpyp2r.asm
                    jLoop   0x00add0    program     static C:\MCC18\src\traditional\stdclib\memset.asm
                    jLoop   0x00ae9c    program     static C:\MCC18\src\traditional\stdclib\strupr.asm
                    jLoop   0x00a698    program     static C:\MCC18\src\traditional\stdclib\ltobcd.asm
                    jLoop   0x00ae5c    program     static C:\MCC18\src\traditional\stdclib\slenpgm.asm
                    jLoop   0x00ae32    program     static C:\MCC18\src\traditional\stdclib\strlen.asm
                    jLoop   0x00acee    program     static C:\MCC18\src\traditional\stdclib\memcmp.asm
                    jLoop   0x00ae16    program     static C:\MCC18\src\traditional\stdclib\scpyp2r.asm
                    jLoop   0x00a44c    program     static C:\MCC18\src\traditional\stdclib\atol.asm
                    jLoop   0x00ad48    program     static C:\MCC18\src\traditional\stdclib\memcpy.asm
                    jSkip   0x00aeac    program     static C:\MCC18\src\traditional\stdclib\strupr.asm
                  jSkipWS   0x00a422    program     static C:\MCC18\src\traditional\stdclib\atol.asm
                 jSkipWS1   0x00a434    program     static C:\MCC18\src\traditional\stdclib\atol.asm
                jTstLowZ1   0x00a666    program     static C:\MCC18\src\traditional\stdclib\ltoa.asm
                 jTstSign   0x00a438    program     static C:\MCC18\src\traditional\stdclib\atol.asm
                jTstSign1   0x00a444    program     static C:\MCC18\src\traditional\stdclib\atol.asm
                jTstSign1   0x00a586    program     static C:\MCC18\src\traditional\stdclib\ltoa.asm
                jTstSign2   0x00a44a    program     static C:\MCC18\src\traditional\stdclib\atol.asm
                jTstSign3   0x00a44c    program     static C:\MCC18\src\traditional\stdclib\atol.asm
          leftRotateDWORD   0x00726c    program     extern F:\LANServo\TCPIP Stack\Helpers.c
                     loop   0x00b2b2    program     static                          
                     loop   0x00b32c    program     static                          
                     loop   0x00b3a8    program     static                          
                   ltoBCD   0x00a67c    program     extern C:\MCC18\src\traditional\stdclib\ltobcd.asm
                     ltoa   0x00a542    program     extern C:\MCC18\src\traditional\stdclib\ltoa.asm
                     main   0x008eca    program     extern F:\LANServo\ServoMain.c  
                   memcmp   0x00acce    program     extern C:\MCC18\src\traditional\stdclib\memcmp.asm
                   memcpy   0x00ad20    program     extern C:\MCC18\src\traditional\stdclib\memcpy.asm
            memcpypgm2ram   0x00ad76    program     extern C:\MCC18\src\traditional\stdclib\mcpyp2r.asm
                   memset   0x00adbc    program     extern C:\MCC18\src\traditional\stdclib\memset.asm
                     rand   0x00a6fa    program     extern C:\MCC18\src\traditional\stdclib\rand.asm
                    srand   0x00a6ec    program     extern C:\MCC18\src\traditional\stdclib\rand.asm
            strcpypgm2ram   0x00adf0    program     extern C:\MCC18\src\traditional\stdclib\scpyp2r.asm
           stricmppgm2ram   0x006edc    program     extern F:\LANServo\TCPIP Stack\Helpers.c
                   strlen   0x00ae22    program     extern C:\MCC18\src\traditional\stdclib\strlen.asm
                strlenpgm   0x00ae3e    program     extern C:\MCC18\src\traditional\stdclib\slenpgm.asm
                   strupr   0x00ae88    program     extern C:\MCC18\src\traditional\stdclib\strupr.asm
                    swapl   0x007046    program     extern F:\LANServo\TCPIP Stack\Helpers.c
                    swaps   0x006ff2    program     extern F:\LANServo\TCPIP Stack\Helpers.c
                     test   0x00b220    program     static                          
                    uitoa   0x006c6a    program     extern F:\LANServo\TCPIP Stack\Helpers.c
                   ADCON0   0x000fc2       data     extern C:\MCC18\src\traditional\proc\p18F67J60.asm
               ADCON0bits   0x000fc2       data     extern C:\MCC18\src\traditional\proc\p18F67J60.asm
                   ADCON1   0x000fc1       data     extern C:\MCC18\src\traditional\proc\p18F67J60.asm
               ADCON1bits   0x000fc1       data     extern C:\MCC18\src\traditional\proc\p18F67J60.asm
                   ADCON2   0x000fc0       data     extern C:\MCC18\src\traditional\proc\p18F67J60.asm
               ADCON2bits   0x000fc0       data     extern C:\MCC18\src\traditional\proc\p18F67J60.asm
                    ADRES   0x000fc3       data     extern C:\MCC18\src\traditional\proc\p18F67J60.asm
                   ADRESH   0x000fc4       data     extern C:\MCC18\src\traditional\proc\p18F67J60.asm
                   ADRESL   0x000fc3       data     extern C:\MCC18\src\traditional\proc\p18F67J60.asm
                 ANString   0x000237       data     static F:\LANServo\ServoMain.c  
                AppConfig   0x000200       data     extern F:\LANServo\ServoMain.c  
                  BAUDCON   0x000f7e       data     extern C:\MCC18\src\traditional\proc\p18F67J60.asm
                 BAUDCON1   0x000f7e       data     extern C:\MCC18\src\traditional\proc\p18F67J60.asm
             BAUDCON1bits   0x000f7e       data     extern C:\MCC18\src\traditional\proc\p18F67J60.asm
              BAUDCONbits   0x000f7e       data     extern C:\MCC18\src\traditional\proc\p18F67J60.asm
                  BAUDCTL   0x000f7e       data     extern C:\MCC18\src\traditional\proc\p18F67J60.asm
                 BAUDCTL1   0x000f7e       data     extern C:\MCC18\src\traditional\proc\p18F67J60.asm
             BAUDCTL1bits   0x000f7e       data     extern C:\MCC18\src\traditional\proc\p18F67J60.asm
              BAUDCTLbits   0x000f7e       data     extern C:\MCC18\src\traditional\proc\p18F67J60.asm
                      BSR   0x000fe0       data     extern C:\MCC18\src\traditional\proc\p18F67J60.asm
                  CCP1CON   0x000fbd       data     extern C:\MCC18\src\traditional\proc\p18F67J60.asm
              CCP1CONbits   0x000fbd       data     extern C:\MCC18\src\traditional\proc\p18F67J60.asm
                  CCP2CON   0x000fba       data     extern C:\MCC18\src\traditional\proc\p18F67J60.asm
              CCP2CONbits   0x000fba       data     extern C:\MCC18\src\traditional\proc\p18F67J60.asm
                  CCP3CON   0x000fb7       data     extern C:\MCC18\src\traditional\proc\p18F67J60.asm
              CCP3CONbits   0x000fb7       data     extern C:\MCC18\src\traditional\proc\p18F67J60.asm
                  CCP4CON   0x000f73       data     extern C:\MCC18\src\traditional\proc\p18F67J60.asm
              CCP4CONbits   0x000f73       data     extern C:\MCC18\src\traditional\proc\p18F67J60.asm
                  CCP5CON   0x000f70       data     extern C:\MCC18\src\traditional\proc\p18F67J60.asm
              CCP5CONbits   0x000f70       data     extern C:\MCC18\src\traditional\proc\p18F67J60.asm
                    CCPR1   0x000fbe       data     extern C:\MCC18\src\traditional\proc\p18F67J60.asm
                   CCPR1H   0x000fbf       data     extern C:\MCC18\src\traditional\proc\p18F67J60.asm
                   CCPR1L   0x000fbe       data     extern C:\MCC18\src\traditional\proc\p18F67J60.asm
                    CCPR2   0x000fbb       data     extern C:\MCC18\src\traditional\proc\p18F67J60.asm
                   CCPR2H   0x000fbc       data     extern C:\MCC18\src\traditional\proc\p18F67J60.asm
                   CCPR2L   0x000fbb       data     extern C:\MCC18\src\traditional\proc\p18F67J60.asm
                    CCPR3   0x000fb8       data     extern C:\MCC18\src\traditional\proc\p18F67J60.asm
                   CCPR3H   0x000fb9       data     extern C:\MCC18\src\traditional\proc\p18F67J60.asm
                   CCPR3L   0x000fb8       data     extern C:\MCC18\src\traditional\proc\p18F67J60.asm
                    CCPR4   0x000f74       data     extern C:\MCC18\src\traditional\proc\p18F67J60.asm
                   CCPR4H   0x000f75       data     extern C:\MCC18\src\traditional\proc\p18F67J60.asm
                   CCPR4L   0x000f74       data     extern C:\MCC18\src\traditional\proc\p18F67J60.asm
                    CCPR5   0x000f71       data     extern C:\MCC18\src\traditional\proc\p18F67J60.asm
                   CCPR5H   0x000f72       data     extern C:\MCC18\src\traditional\proc\p18F67J60.asm
                   CCPR5L   0x000f71       data     extern C:\MCC18\src\traditional\proc\p18F67J60.asm
                    CMCON   0x000fb4       data     extern C:\MCC18\src\traditional\proc\p18F67J60.asm
                CMCONbits   0x000fb4       data     extern C:\MCC18\src\traditional\proc\p18F67J60.asm
                   CVRCON   0x000fb5       data     extern C:\MCC18\src\traditional\proc\p18F67J60.asm
               CVRCONbits   0x000fb5       data     extern C:\MCC18\src\traditional\proc\p18F67J60.asm
                   ContSM   0x000f5c       data     static F:\LANServo\ServoMain.c  
    CurrentPacketLocation   0x0000fa       data     static F:\LANServo\TCPIP Stack\ETH97J60.c
                     DDRA   0x000f92       data     extern C:\MCC18\src\traditional\proc\p18F67J60.asm
                 DDRAbits   0x000f92       data     extern C:\MCC18\src\traditional\proc\p18F67J60.asm
                     DDRB   0x000f93       data     extern C:\MCC18\src\traditional\proc\p18F67J60.asm
                 DDRBbits   0x000f93       data     extern C:\MCC18\src\traditional\proc\p18F67J60.asm
                     DDRC   0x000f94       data     extern C:\MCC18\src\traditional\proc\p18F67J60.asm
                 DDRCbits   0x000f94       data     extern C:\MCC18\src\traditional\proc\p18F67J60.asm
                     DDRD   0x000f95       data     extern C:\MCC18\src\traditional\proc\p18F67J60.asm
                 DDRDbits   0x000f95       data     extern C:\MCC18\src\traditional\proc\p18F67J60.asm
                     DDRE   0x000f96       data     extern C:\MCC18\src\traditional\proc\p18F67J60.asm
                 DDREbits   0x000f96       data     extern C:\MCC18\src\traditional\proc\p18F67J60.asm
                     DDRF   0x000f97       data     extern C:\MCC18\src\traditional\proc\p18F67J60.asm
                 DDRFbits   0x000f97       data     extern C:\MCC18\src\traditional\proc\p18F67J60.asm
                     DDRG   0x000f98       data     extern C:\MCC18\src\traditional\proc\p18F67J60.asm
                 DDRGbits   0x000f98       data     extern C:\MCC18\src\traditional\proc\p18F67J60.asm
            DHCPBindCount   0x000e66       data     extern F:\LANServo\TCPIP Stack\DHCP.c
                DHCPFlags   0x000e64       data     extern F:\LANServo\TCPIP Stack\DHCP.c
            DHCPLeaseTime   0x000e25       data     static F:\LANServo\TCPIP Stack\DHCP.c
             DHCPServerID   0x000e21       data     static F:\LANServo\TCPIP Stack\DHCP.c
               DHCPSocket   0x000e65       data     static F:\LANServo\TCPIP Stack\DHCP.c
            DelayCounter1   0x000022       data     extern C:\MCC18\src\traditional\delays\delayd1.asm
                  ECCP1AS   0x000fb6       data     extern C:\MCC18\src\traditional\proc\p18F67J60.asm
              ECCP1ASbits   0x000fb6       data     extern C:\MCC18\src\traditional\proc\p18F67J60.asm
                 ECCP1CON   0x000fbd       data     extern C:\MCC18\src\traditional\proc\p18F67J60.asm
             ECCP1CONbits   0x000fbd       data     extern C:\MCC18\src\traditional\proc\p18F67J60.asm
                 ECCP1DEL   0x000f79       data     extern C:\MCC18\src\traditional\proc\p18F67J60.asm
             ECCP1DELbits   0x000f79       data     extern C:\MCC18\src\traditional\proc\p18F67J60.asm
                  ECCP2AS   0x000f68       data     extern C:\MCC18\src\traditional\proc\p18F67J60.asm
              ECCP2ASbits   0x000f68       data     extern C:\MCC18\src\traditional\proc\p18F67J60.asm
                 ECCP2CON   0x000fba       data     extern C:\MCC18\src\traditional\proc\p18F67J60.asm
             ECCP2CONbits   0x000fba       data     extern C:\MCC18\src\traditional\proc\p18F67J60.asm
                 ECCP2DEL   0x000f67       data     extern C:\MCC18\src\traditional\proc\p18F67J60.asm
             ECCP2DELbits   0x000f67       data     extern C:\MCC18\src\traditional\proc\p18F67J60.asm
                  ECCP3AS   0x000f6a       data     extern C:\MCC18\src\traditional\proc\p18F67J60.asm
              ECCP3ASbits   0x000f6a       data     extern C:\MCC18\src\traditional\proc\p18F67J60.asm
                 ECCP3CON   0x000fb7       data     extern C:\MCC18\src\traditional\proc\p18F67J60.asm
             ECCP3CONbits   0x000fb7       data     extern C:\MCC18\src\traditional\proc\p18F67J60.asm
                 ECCP3DEL   0x000f69       data     extern C:\MCC18\src\traditional\proc\p18F67J60.asm
             ECCP3DELbits   0x000f69       data     extern C:\MCC18\src\traditional\proc\p18F67J60.asm
                    ECON1   0x000fd2       data     extern C:\MCC18\src\traditional\proc\p18F67J60.asm
                ECON1bits   0x000fd2       data     extern C:\MCC18\src\traditional\proc\p18F67J60.asm
                    ECON2   0x000efe       data     extern C:\MCC18\src\traditional\proc\p18F67J60.asm
                ECON2bits   0x000efe       data     extern C:\MCC18\src\traditional\proc\p18F67J60.asm
                    EDATA   0x000f61       data     extern C:\MCC18\src\traditional\proc\p18F67J60.asm
                EDATAbits   0x000f61       data     extern C:\MCC18\src\traditional\proc\p18F67J60.asm
                   EDMACS   0x000ef6       data     extern C:\MCC18\src\traditional\proc\p18F67J60.asm
                  EDMACSH   0x000ef7       data     extern C:\MCC18\src\traditional\proc\p18F67J60.asm
                  EDMACSL   0x000ef6       data     extern C:\MCC18\src\traditional\proc\p18F67J60.asm
                  EDMADST   0x000ef4       data     extern C:\MCC18\src\traditional\proc\p18F67J60.asm
                 EDMADSTH   0x000ef5       data     extern C:\MCC18\src\traditional\proc\p18F67J60.asm
                 EDMADSTL   0x000ef4       data     extern C:\MCC18\src\traditional\proc\p18F67J60.asm
                   EDMAND   0x000ef2       data     extern C:\MCC18\src\traditional\proc\p18F67J60.asm
                  EDMANDH   0x000ef3       data     extern C:\MCC18\src\traditional\proc\p18F67J60.asm
                  EDMANDL   0x000ef2       data     extern C:\MCC18\src\traditional\proc\p18F67J60.asm
                   EDMAST   0x000ef0       data     extern C:\MCC18\src\traditional\proc\p18F67J60.asm
                  EDMASTH   0x000ef1       data     extern C:\MCC18\src\traditional\proc\p18F67J60.asm
                  EDMASTL   0x000ef0       data     extern C:\MCC18\src\traditional\proc\p18F67J60.asm
                   EECON1   0x000fa6       data     extern C:\MCC18\src\traditional\proc\p18F67J60.asm
               EECON1bits   0x000fa6       data     extern C:\MCC18\src\traditional\proc\p18F67J60.asm
                   EECON2   0x000fa7       data     extern C:\MCC18\src\traditional\proc\p18F67J60.asm
                  EFLOCON   0x000e97       data     extern C:\MCC18\src\traditional\proc\p18F67J60.asm
              EFLOCONbits   0x000e97       data     extern C:\MCC18\src\traditional\proc\p18F67J60.asm
                     EHT0   0x000ec0       data     extern C:\MCC18\src\traditional\proc\p18F67J60.asm
                     EHT1   0x000ec1       data     extern C:\MCC18\src\traditional\proc\p18F67J60.asm
                     EHT2   0x000ec2       data     extern C:\MCC18\src\traditional\proc\p18F67J60.asm
                     EHT3   0x000ec3       data     extern C:\MCC18\src\traditional\proc\p18F67J60.asm
                     EHT4   0x000ec4       data     extern C:\MCC18\src\traditional\proc\p18F67J60.asm
                     EHT5   0x000ec5       data     extern C:\MCC18\src\traditional\proc\p18F67J60.asm
                     EHT6   0x000ec6       data     extern C:\MCC18\src\traditional\proc\p18F67J60.asm
                     EHT7   0x000ec7       data     extern C:\MCC18\src\traditional\proc\p18F67J60.asm
                      EIE   0x000efb       data     extern C:\MCC18\src\traditional\proc\p18F67J60.asm
                  EIEbits   0x000efb       data     extern C:\MCC18\src\traditional\proc\p18F67J60.asm
                      EIR   0x000f60       data     extern C:\MCC18\src\traditional\proc\p18F67J60.asm
                  EIRbits   0x000f60       data     extern C:\MCC18\src\traditional\proc\p18F67J60.asm
                    EPAUS   0x000e98       data     extern C:\MCC18\src\traditional\proc\p18F67J60.asm
                   EPAUSH   0x000e99       data     extern C:\MCC18\src\traditional\proc\p18F67J60.asm
                   EPAUSL   0x000e98       data     extern C:\MCC18\src\traditional\proc\p18F67J60.asm
                  EPKTCNT   0x000ed9       data     extern C:\MCC18\src\traditional\proc\p18F67J60.asm
                    EPMCS   0x000ed0       data     extern C:\MCC18\src\traditional\proc\p18F67J60.asm
                   EPMCSH   0x000ed1       data     extern C:\MCC18\src\traditional\proc\p18F67J60.asm
                   EPMCSL   0x000ed0       data     extern C:\MCC18\src\traditional\proc\p18F67J60.asm
                    EPMM0   0x000ec8       data     extern C:\MCC18\src\traditional\proc\p18F67J60.asm
                    EPMM1   0x000ec9       data     extern C:\MCC18\src\traditional\proc\p18F67J60.asm
                    EPMM2   0x000eca       data     extern C:\MCC18\src\traditional\proc\p18F67J60.asm
                    EPMM3   0x000ecb       data     extern C:\MCC18\src\traditional\proc\p18F67J60.asm
                    EPMM4   0x000ecc       data     extern C:\MCC18\src\traditional\proc\p18F67J60.asm
                    EPMM5   0x000ecd       data     extern C:\MCC18\src\traditional\proc\p18F67J60.asm
                    EPMM6   0x000ece       data     extern C:\MCC18\src\traditional\proc\p18F67J60.asm
                    EPMM7   0x000ecf       data     extern C:\MCC18\src\traditional\proc\p18F67J60.asm
                     EPMO   0x000ed4       data     extern C:\MCC18\src\traditional\proc\p18F67J60.asm
                    EPMOH   0x000ed5       data     extern C:\MCC18\src\traditional\proc\p18F67J60.asm
                    EPMOL   0x000ed4       data     extern C:\MCC18\src\traditional\proc\p18F67J60.asm
                    ERDPT   0x000f7a       data     extern C:\MCC18\src\traditional\proc\p18F67J60.asm
                   ERDPTH   0x000f7b       data     extern C:\MCC18\src\traditional\proc\p18F67J60.asm
                   ERDPTL   0x000f7a       data     extern C:\MCC18\src\traditional\proc\p18F67J60.asm
                  ERXFCON   0x000ed8       data     extern C:\MCC18\src\traditional\proc\p18F67J60.asm
              ERXFCONbits   0x000ed8       data     extern C:\MCC18\src\traditional\proc\p18F67J60.asm
                    ERXND   0x000eea       data     extern C:\MCC18\src\traditional\proc\p18F67J60.asm
                   ERXNDH   0x000eeb       data     extern C:\MCC18\src\traditional\proc\p18F67J60.asm
                   ERXNDL   0x000eea       data     extern C:\MCC18\src\traditional\proc\p18F67J60.asm
                  ERXRDPT   0x000eec       data     extern C:\MCC18\src\traditional\proc\p18F67J60.asm
                 ERXRDPTH   0x000eed       data     extern C:\MCC18\src\traditional\proc\p18F67J60.asm
                 ERXRDPTL   0x000eec       data     extern C:\MCC18\src\traditional\proc\p18F67J60.asm
                    ERXST   0x000ee8       data     extern C:\MCC18\src\traditional\proc\p18F67J60.asm
                   ERXSTH   0x000ee9       data     extern C:\MCC18\src\traditional\proc\p18F67J60.asm
                   ERXSTL   0x000ee8       data     extern C:\MCC18\src\traditional\proc\p18F67J60.asm
                  ERXWRPT   0x000eee       data     extern C:\MCC18\src\traditional\proc\p18F67J60.asm
                 ERXWRPTH   0x000eef       data     extern C:\MCC18\src\traditional\proc\p18F67J60.asm
                 ERXWRPTL   0x000eee       data     extern C:\MCC18\src\traditional\proc\p18F67J60.asm
                    ESTAT   0x000efd       data     extern C:\MCC18\src\traditional\proc\p18F67J60.asm
                ESTATbits   0x000efd       data     extern C:\MCC18\src\traditional\proc\p18F67J60.asm
                    ETXND   0x000ee6       data     extern C:\MCC18\src\traditional\proc\p18F67J60.asm
                   ETXNDH   0x000ee7       data     extern C:\MCC18\src\traditional\proc\p18F67J60.asm
                   ETXNDL   0x000ee6       data     extern C:\MCC18\src\traditional\proc\p18F67J60.asm
                    ETXST   0x000ee4       data     extern C:\MCC18\src\traditional\proc\p18F67J60.asm
                   ETXSTH   0x000ee5       data     extern C:\MCC18\src\traditional\proc\p18F67J60.asm
                   ETXSTL   0x000ee4       data     extern C:\MCC18\src\traditional\proc\p18F67J60.asm
                    EWRPT   0x000ee2       data     extern C:\MCC18\src\traditional\proc\p18F67J60.asm
                   EWRPTH   0x000ee3       data     extern C:\MCC18\src\traditional\proc\p18F67J60.asm
                   EWRPTL   0x000ee2       data     extern C:\MCC18\src\traditional\proc\p18F67J60.asm
                     FSR0   0x000fe9       data     extern C:\MCC18\src\traditional\proc\p18F67J60.asm
                    FSR0H   0x000fea       data     extern C:\MCC18\src\traditional\proc\p18F67J60.asm
                    FSR0L   0x000fe9       data     extern C:\MCC18\src\traditional\proc\p18F67J60.asm
                     FSR1   0x000fe1       data     extern C:\MCC18\src\traditional\proc\p18F67J60.asm
                    FSR1H   0x000fe2       data     extern C:\MCC18\src\traditional\proc\p18F67J60.asm
                    FSR1L   0x000fe1       data     extern C:\MCC18\src\traditional\proc\p18F67J60.asm
                     FSR2   0x000fd9       data     extern C:\MCC18\src\traditional\proc\p18F67J60.asm
                    FSR2H   0x000fda       data     extern C:\MCC18\src\traditional\proc\p18F67J60.asm
                    FSR2L   0x000fd9       data     extern C:\MCC18\src\traditional\proc\p18F67J60.asm
                    Flags   0x0000f5       data     static F:\LANServo\TCPIP Stack\UDP.c
                    INDF0   0x000fef       data     extern C:\MCC18\src\traditional\proc\p18F67J60.asm
                    INDF1   0x000fe7       data     extern C:\MCC18\src\traditional\proc\p18F67J60.asm
                    INDF2   0x000fdf       data     extern C:\MCC18\src\traditional\proc\p18F67J60.asm
                   INTCON   0x000ff2       data     extern C:\MCC18\src\traditional\proc\p18F67J60.asm
                  INTCON2   0x000ff1       data     extern C:\MCC18\src\traditional\proc\p18F67J60.asm
              INTCON2bits   0x000ff1       data     extern C:\MCC18\src\traditional\proc\p18F67J60.asm
                  INTCON3   0x000ff0       data     extern C:\MCC18\src\traditional\proc\p18F67J60.asm
              INTCON3bits   0x000ff0       data     extern C:\MCC18\src\traditional\proc\p18F67J60.asm
               INTCONbits   0x000ff2       data     extern C:\MCC18\src\traditional\proc\p18F67J60.asm
              IPHeaderLen   0x0002ff       data     static F:\LANServo\TCPIP Stack\IP.c
                     IPR1   0x000f9f       data     extern C:\MCC18\src\traditional\proc\p18F67J60.asm
                 IPR1bits   0x000f9f       data     extern C:\MCC18\src\traditional\proc\p18F67J60.asm
                     IPR2   0x000fa2       data     extern C:\MCC18\src\traditional\proc\p18F67J60.asm
                 IPR2bits   0x000fa2       data     extern C:\MCC18\src\traditional\proc\p18F67J60.asm
                     IPR3   0x000fa5       data     extern C:\MCC18\src\traditional\proc\p18F67J60.asm
                 IPR3bits   0x000fa5       data     extern C:\MCC18\src\traditional\proc\p18F67J60.asm
                     LATA   0x000f89       data     extern C:\MCC18\src\traditional\proc\p18F67J60.asm
                 LATAbits   0x000f89       data     extern C:\MCC18\src\traditional\proc\p18F67J60.asm
                     LATB   0x000f8a       data     extern C:\MCC18\src\traditional\proc\p18F67J60.asm
                 LATBbits   0x000f8a       data     extern C:\MCC18\src\traditional\proc\p18F67J60.asm
                     LATC   0x000f8b       data     extern C:\MCC18\src\traditional\proc\p18F67J60.asm
                 LATCbits   0x000f8b       data     extern C:\MCC18\src\traditional\proc\p18F67J60.asm
                     LATD   0x000f8c       data     extern C:\MCC18\src\traditional\proc\p18F67J60.asm
                 LATDbits   0x000f8c       data     extern C:\MCC18\src\traditional\proc\p18F67J60.asm
                     LATE   0x000f8d       data     extern C:\MCC18\src\traditional\proc\p18F67J60.asm
                 LATEbits   0x000f8d       data     extern C:\MCC18\src\traditional\proc\p18F67J60.asm
                     LATF   0x000f8e       data     extern C:\MCC18\src\traditional\proc\p18F67J60.asm
                 LATFbits   0x000f8e       data     extern C:\MCC18\src\traditional\proc\p18F67J60.asm
                     LATG   0x000f8f       data     extern C:\MCC18\src\traditional\proc\p18F67J60.asm
                 LATGbits   0x000f8f       data     extern C:\MCC18\src\traditional\proc\p18F67J60.asm
                  LCDText   0x000e00       data     extern F:\LANServo\TCPIP Stack\LCDBlocking.c
            LastPutSocket   0x0002fd       data     static F:\LANServo\TCPIP Stack\UDP.c
                   MAADR1   0x000e84       data     extern C:\MCC18\src\traditional\proc\p18F67J60.asm
                   MAADR2   0x000e85       data     extern C:\MCC18\src\traditional\proc\p18F67J60.asm
                   MAADR3   0x000e82       data     extern C:\MCC18\src\traditional\proc\p18F67J60.asm
                   MAADR4   0x000e83       data     extern C:\MCC18\src\traditional\proc\p18F67J60.asm
                   MAADR5   0x000e80       data     extern C:\MCC18\src\traditional\proc\p18F67J60.asm
                   MAADR6   0x000e81       data     extern C:\MCC18\src\traditional\proc\p18F67J60.asm
                  MABBIPG   0x000ea4       data     extern C:\MCC18\src\traditional\proc\p18F67J60.asm
                   MACON1   0x000ea0       data     extern C:\MCC18\src\traditional\proc\p18F67J60.asm
               MACON1bits   0x000ea0       data     extern C:\MCC18\src\traditional\proc\p18F67J60.asm
                   MACON3   0x000ea2       data     extern C:\MCC18\src\traditional\proc\p18F67J60.asm
               MACON3bits   0x000ea2       data     extern C:\MCC18\src\traditional\proc\p18F67J60.asm
                   MACON4   0x000ea3       data     extern C:\MCC18\src\traditional\proc\p18F67J60.asm
               MACON4bits   0x000ea3       data     extern C:\MCC18\src\traditional\proc\p18F67J60.asm
                    MAIPG   0x000ea6       data     extern C:\MCC18\src\traditional\proc\p18F67J60.asm
                   MAIPGH   0x000ea7       data     extern C:\MCC18\src\traditional\proc\p18F67J60.asm
                   MAIPGL   0x000ea6       data     extern C:\MCC18\src\traditional\proc\p18F67J60.asm
                   MAMXFL   0x000eaa       data     extern C:\MCC18\src\traditional\proc\p18F67J60.asm
                  MAMXFLH   0x000eab       data     extern C:\MCC18\src\traditional\proc\p18F67J60.asm
                  MAMXFLL   0x000eaa       data     extern C:\MCC18\src\traditional\proc\p18F67J60.asm
                       MD   0x000f52       data     extern F:\LANServo\ServoMain.c  
                       ME   0x000f57       data     extern F:\LANServo\ServoMain.c  
                    MICMD   0x000eb2       data     extern C:\MCC18\src\traditional\proc\p18F67J60.asm
                MICMDbits   0x000eb2       data     extern C:\MCC18\src\traditional\proc\p18F67J60.asm
                     MIRD   0x000eb8       data     extern C:\MCC18\src\traditional\proc\p18F67J60.asm
                    MIRDH   0x000eb9       data     extern C:\MCC18\src\traditional\proc\p18F67J60.asm
                    MIRDL   0x000eb8       data     extern C:\MCC18\src\traditional\proc\p18F67J60.asm
                 MIREGADR   0x000eb4       data     extern C:\MCC18\src\traditional\proc\p18F67J60.asm
                   MISTAT   0x000e8a       data     extern C:\MCC18\src\traditional\proc\p18F67J60.asm
               MISTATbits   0x000e8a       data     extern C:\MCC18\src\traditional\proc\p18F67J60.asm
                     MIWR   0x000eb6       data     extern C:\MCC18\src\traditional\proc\p18F67J60.asm
                    MIWRH   0x000eb7       data     extern C:\MCC18\src\traditional\proc\p18F67J60.asm
                    MIWRL   0x000eb6       data     extern C:\MCC18\src\traditional\proc\p18F67J60.asm
                 MySocket   0x000f5d       data     static F:\LANServo\ServoMain.c  
                 MySocket   0x0000ff       data     static F:\LANServo\TCPIP Stack\NBNS.c
                    MyTCB   0x000f00       data     static F:\LANServo\TCPIP Stack\TCP.c
                MyTCBStub   0x000f25       data     static F:\LANServo\TCPIP Stack\TCP.c
       NextPacketLocation   0x0000f8       data     static F:\LANServo\TCPIP Stack\ETH97J60.c
                 NextPort   0x0000f6       data     static F:\LANServo\TCPIP Stack\UDP.c
                   OSCCON   0x000fd3       data     extern C:\MCC18\src\traditional\proc\p18F67J60.asm
               OSCCONbits   0x000fd3       data     extern C:\MCC18\src\traditional\proc\p18F67J60.asm
                  OSCTUNE   0x000f9b       data     extern C:\MCC18\src\traditional\proc\p18F67J60.asm
              OSCTUNEbits   0x000f9b       data     extern C:\MCC18\src\traditional\proc\p18F67J60.asm
                       PC   0x000ff9       data     extern C:\MCC18\src\traditional\proc\p18F67J60.asm
                      PCL   0x000ff9       data     extern C:\MCC18\src\traditional\proc\p18F67J60.asm
                   PCLATH   0x000ffa       data     extern C:\MCC18\src\traditional\proc\p18F67J60.asm
                   PCLATU   0x000ffb       data     extern C:\MCC18\src\traditional\proc\p18F67J60.asm
                     PIE1   0x000f9d       data     extern C:\MCC18\src\traditional\proc\p18F67J60.asm
                 PIE1bits   0x000f9d       data     extern C:\MCC18\src\traditional\proc\p18F67J60.asm
                     PIE2   0x000fa0       data     extern C:\MCC18\src\traditional\proc\p18F67J60.asm
                 PIE2bits   0x000fa0       data     extern C:\MCC18\src\traditional\proc\p18F67J60.asm
                     PIE3   0x000fa3       data     extern C:\MCC18\src\traditional\proc\p18F67J60.asm
                 PIE3bits   0x000fa3       data     extern C:\MCC18\src\traditional\proc\p18F67J60.asm
                     PIR1   0x000f9e       data     extern C:\MCC18\src\traditional\proc\p18F67J60.asm
                 PIR1bits   0x000f9e       data     extern C:\MCC18\src\traditional\proc\p18F67J60.asm
                     PIR2   0x000fa1       data     extern C:\MCC18\src\traditional\proc\p18F67J60.asm
                 PIR2bits   0x000fa1       data     extern C:\MCC18\src\traditional\proc\p18F67J60.asm
                     PIR3   0x000fa4       data     extern C:\MCC18\src\traditional\proc\p18F67J60.asm
                 PIR3bits   0x000fa4       data     extern C:\MCC18\src\traditional\proc\p18F67J60.asm
                   PLUSW0   0x000feb       data     extern C:\MCC18\src\traditional\proc\p18F67J60.asm
                   PLUSW1   0x000fe3       data     extern C:\MCC18\src\traditional\proc\p18F67J60.asm
                   PLUSW2   0x000fdb       data     extern C:\MCC18\src\traditional\proc\p18F67J60.asm
                    PORTA   0x000f80       data     extern C:\MCC18\src\traditional\proc\p18F67J60.asm
                PORTAbits   0x000f80       data     extern C:\MCC18\src\traditional\proc\p18F67J60.asm
                    PORTB   0x000f81       data     extern C:\MCC18\src\traditional\proc\p18F67J60.asm
                PORTBbits   0x000f81       data     extern C:\MCC18\src\traditional\proc\p18F67J60.asm
                    PORTC   0x000f82       data     extern C:\MCC18\src\traditional\proc\p18F67J60.asm
                PORTCbits   0x000f82       data     extern C:\MCC18\src\traditional\proc\p18F67J60.asm
                    PORTD   0x000f83       data     extern C:\MCC18\src\traditional\proc\p18F67J60.asm
                PORTDbits   0x000f83       data     extern C:\MCC18\src\traditional\proc\p18F67J60.asm
                    PORTE   0x000f84       data     extern C:\MCC18\src\traditional\proc\p18F67J60.asm
                PORTEbits   0x000f84       data     extern C:\MCC18\src\traditional\proc\p18F67J60.asm
                    PORTF   0x000f85       data     extern C:\MCC18\src\traditional\proc\p18F67J60.asm
                PORTFbits   0x000f85       data     extern C:\MCC18\src\traditional\proc\p18F67J60.asm
                    PORTG   0x000f86       data     extern C:\MCC18\src\traditional\proc\p18F67J60.asm
                PORTGbits   0x000f86       data     extern C:\MCC18\src\traditional\proc\p18F67J60.asm
                 POSTDEC0   0x000fed       data     extern C:\MCC18\src\traditional\proc\p18F67J60.asm
                 POSTDEC1   0x000fe5       data     extern C:\MCC18\src\traditional\proc\p18F67J60.asm
                 POSTDEC2   0x000fdd       data     extern C:\MCC18\src\traditional\proc\p18F67J60.asm
                 POSTINC0   0x000fee       data     extern C:\MCC18\src\traditional\proc\p18F67J60.asm
                 POSTINC1   0x000fe6       data     extern C:\MCC18\src\traditional\proc\p18F67J60.asm
                 POSTINC2   0x000fde       data     extern C:\MCC18\src\traditional\proc\p18F67J60.asm
                      PR2   0x000fcb       data     extern C:\MCC18\src\traditional\proc\p18F67J60.asm
                      PR4   0x000f77       data     extern C:\MCC18\src\traditional\proc\p18F67J60.asm
                  PREINC0   0x000fec       data     extern C:\MCC18\src\traditional\proc\p18F67J60.asm
                  PREINC1   0x000fe4       data     extern C:\MCC18\src\traditional\proc\p18F67J60.asm
                  PREINC2   0x000fdc       data     extern C:\MCC18\src\traditional\proc\p18F67J60.asm
                     PROD   0x000ff3       data     extern C:\MCC18\src\traditional\proc\p18F67J60.asm
                    PRODH   0x000ff4       data     extern C:\MCC18\src\traditional\proc\p18F67J60.asm
                    PRODL   0x000ff3       data     extern C:\MCC18\src\traditional\proc\p18F67J60.asm
                     RCON   0x000fd0       data     extern C:\MCC18\src\traditional\proc\p18F67J60.asm
                 RCONbits   0x000fd0       data     extern C:\MCC18\src\traditional\proc\p18F67J60.asm
                    RCREG   0x000fae       data     extern C:\MCC18\src\traditional\proc\p18F67J60.asm
                   RCREG1   0x000fae       data     extern C:\MCC18\src\traditional\proc\p18F67J60.asm
                    RCSTA   0x000fab       data     extern C:\MCC18\src\traditional\proc\p18F67J60.asm
                   RCSTA1   0x000fab       data     extern C:\MCC18\src\traditional\proc\p18F67J60.asm
               RCSTA1bits   0x000fab       data     extern C:\MCC18\src\traditional\proc\p18F67J60.asm
                RCSTAbits   0x000fab       data     extern C:\MCC18\src\traditional\proc\p18F67J60.asm
                   RcvLen   0x00023f       data     static F:\LANServo\ServoMain.c  
               RemoteInfo   0x000f41       data     static F:\LANServo\TCPIP Stack\TCP.c
                     SIGN   0x000000       data     extern C:\MCC18\src\traditional\math\cmath18.asm
                    SPBRG   0x000faf       data     extern C:\MCC18\src\traditional\proc\p18F67J60.asm
                   SPBRG1   0x000faf       data     extern C:\MCC18\src\traditional\proc\p18F67J60.asm
                   SPBRGH   0x000f7f       data     extern C:\MCC18\src\traditional\proc\p18F67J60.asm
                  SPBRGH1   0x000f7f       data     extern C:\MCC18\src\traditional\proc\p18F67J60.asm
                  SSP1ADD   0x000fc8       data     extern C:\MCC18\src\traditional\proc\p18F67J60.asm
                  SSP1BUF   0x000fc9       data     extern C:\MCC18\src\traditional\proc\p18F67J60.asm
                 SSP1CON1   0x000fc6       data     extern C:\MCC18\src\traditional\proc\p18F67J60.asm
             SSP1CON1bits   0x000fc6       data     extern C:\MCC18\src\traditional\proc\p18F67J60.asm
                 SSP1CON2   0x000fc5       data     extern C:\MCC18\src\traditional\proc\p18F67J60.asm
             SSP1CON2bits   0x000fc5       data     extern C:\MCC18\src\traditional\proc\p18F67J60.asm
                 SSP1STAT   0x000fc7       data     extern C:\MCC18\src\traditional\proc\p18F67J60.asm
             SSP1STATbits   0x000fc7       data     extern C:\MCC18\src\traditional\proc\p18F67J60.asm
                   SSPADD   0x000fc8       data     extern C:\MCC18\src\traditional\proc\p18F67J60.asm
                   SSPBUF   0x000fc9       data     extern C:\MCC18\src\traditional\proc\p18F67J60.asm
                  SSPCON1   0x000fc6       data     extern C:\MCC18\src\traditional\proc\p18F67J60.asm
              SSPCON1bits   0x000fc6       data     extern C:\MCC18\src\traditional\proc\p18F67J60.asm
                  SSPCON2   0x000fc5       data     extern C:\MCC18\src\traditional\proc\p18F67J60.asm
              SSPCON2bits   0x000fc5       data     extern C:\MCC18\src\traditional\proc\p18F67J60.asm
                  SSPSTAT   0x000fc7       data     extern C:\MCC18\src\traditional\proc\p18F67J60.asm
              SSPSTATbits   0x000fc7       data     extern C:\MCC18\src\traditional\proc\p18F67J60.asm
                   STATUS   0x000fd8       data     extern C:\MCC18\src\traditional\proc\p18F67J60.asm
               STATUSbits   0x000fd8       data     extern C:\MCC18\src\traditional\proc\p18F67J60.asm
                   STKPTR   0x000ffc       data     extern C:\MCC18\src\traditional\proc\p18F67J60.asm
               STKPTRbits   0x000ffc       data     extern C:\MCC18\src\traditional\proc\p18F67J60.asm
                 SYNQueue   0x0002c1       data     static F:\LANServo\TCPIP Stack\TCP.c
                     Seed   0x000f5e       data     static C:\MCC18\src\traditional\stdclib\rand.asm
         SocketWithRxData   0x0002fe       data     static F:\LANServo\TCPIP Stack\UDP.c
                    T0CON   0x000fd5       data     extern C:\MCC18\src\traditional\proc\p18F67J60.asm
                T0CONbits   0x000fd5       data     extern C:\MCC18\src\traditional\proc\p18F67J60.asm
                    T1CON   0x000fcd       data     extern C:\MCC18\src\traditional\proc\p18F67J60.asm
                T1CONbits   0x000fcd       data     extern C:\MCC18\src\traditional\proc\p18F67J60.asm
                    T2CON   0x000fca       data     extern C:\MCC18\src\traditional\proc\p18F67J60.asm
                T2CONbits   0x000fca       data     extern C:\MCC18\src\traditional\proc\p18F67J60.asm
                    T3CON   0x000fb1       data     extern C:\MCC18\src\traditional\proc\p18F67J60.asm
                T3CONbits   0x000fb1       data     extern C:\MCC18\src\traditional\proc\p18F67J60.asm
                    T4CON   0x000f76       data     extern C:\MCC18\src\traditional\proc\p18F67J60.asm
                T4CONbits   0x000f76       data     extern C:\MCC18\src\traditional\proc\p18F67J60.asm
                   TABLAT   0x000ff5       data     extern C:\MCC18\src\traditional\proc\p18F67J60.asm
                   TBLPTR   0x000ff6       data     extern C:\MCC18\src\traditional\proc\p18F67J60.asm
                  TBLPTRH   0x000ff7       data     extern C:\MCC18\src\traditional\proc\p18F67J60.asm
                  TBLPTRL   0x000ff6       data     extern C:\MCC18\src\traditional\proc\p18F67J60.asm
                  TBLPTRU   0x000ff8       data     extern C:\MCC18\src\traditional\proc\p18F67J60.asm
                 TCBStubs   0x000100       data     static F:\LANServo\TCPIP Stack\TCP.c
                    TMR0H   0x000fd7       data     extern C:\MCC18\src\traditional\proc\p18F67J60.asm
                    TMR0L   0x000fd6       data     extern C:\MCC18\src\traditional\proc\p18F67J60.asm
                    TMR1H   0x000fcf       data     extern C:\MCC18\src\traditional\proc\p18F67J60.asm
                    TMR1L   0x000fce       data     extern C:\MCC18\src\traditional\proc\p18F67J60.asm
                     TMR2   0x000fcc       data     extern C:\MCC18\src\traditional\proc\p18F67J60.asm
                    TMR3H   0x000fb3       data     extern C:\MCC18\src\traditional\proc\p18F67J60.asm
                    TMR3L   0x000fb2       data     extern C:\MCC18\src\traditional\proc\p18F67J60.asm
                     TMR4   0x000f78       data     extern C:\MCC18\src\traditional\proc\p18F67J60.asm
                      TOS   0x000ffd       data     extern C:\MCC18\src\traditional\proc\p18F67J60.asm
                     TOSH   0x000ffe       data     extern C:\MCC18\src\traditional\proc\p18F67J60.asm
                     TOSL   0x000ffd       data     extern C:\MCC18\src\traditional\proc\p18F67J60.asm
                     TOSU   0x000fff       data     extern C:\MCC18\src\traditional\proc\p18F67J60.asm
                    TRISA   0x000f92       data     extern C:\MCC18\src\traditional\proc\p18F67J60.asm
                TRISAbits   0x000f92       data     extern C:\MCC18\src\traditional\proc\p18F67J60.asm
                    TRISB   0x000f93       data     extern C:\MCC18\src\traditional\proc\p18F67J60.asm
                TRISBbits   0x000f93       data     extern C:\MCC18\src\traditional\proc\p18F67J60.asm
                    TRISC   0x000f94       data     extern C:\MCC18\src\traditional\proc\p18F67J60.asm
                TRISCbits   0x000f94       data     extern C:\MCC18\src\traditional\proc\p18F67J60.asm
                    TRISD   0x000f95       data     extern C:\MCC18\src\traditional\proc\p18F67J60.asm
                TRISDbits   0x000f95       data     extern C:\MCC18\src\traditional\proc\p18F67J60.asm
                    TRISE   0x000f96       data     extern C:\MCC18\src\traditional\proc\p18F67J60.asm
                TRISEbits   0x000f96       data     extern C:\MCC18\src\traditional\proc\p18F67J60.asm
                    TRISF   0x000f97       data     extern C:\MCC18\src\traditional\proc\p18F67J60.asm
                TRISFbits   0x000f97       data     extern C:\MCC18\src\traditional\proc\p18F67J60.asm
                    TRISG   0x000f98       data     extern C:\MCC18\src\traditional\proc\p18F67J60.asm
                TRISGbits   0x000f98       data     extern C:\MCC18\src\traditional\proc\p18F67J60.asm
                    TXREG   0x000fad       data     extern C:\MCC18\src\traditional\proc\p18F67J60.asm
                   TXREG1   0x000fad       data     extern C:\MCC18\src\traditional\proc\p18F67J60.asm
                    TXSTA   0x000fac       data     extern C:\MCC18\src\traditional\proc\p18F67J60.asm
                   TXSTA1   0x000fac       data     extern C:\MCC18\src\traditional\proc\p18F67J60.asm
               TXSTA1bits   0x000fac       data     extern C:\MCC18\src\traditional\proc\p18F67J60.asm
                TXSTAbits   0x000fac       data     extern C:\MCC18\src\traditional\proc\p18F67J60.asm
                   Target   0x000e4f       data     static F:\LANServo\TCPIP Stack\ARP.c
               UDPRxCount   0x0000ef       data     extern F:\LANServo\TCPIP Stack\UDP.c
            UDPSocketInfo   0x000060       data     extern F:\LANServo\TCPIP Stack\UDP.c
               UDPTxCount   0x0000ed       data     extern F:\LANServo\TCPIP Stack\UDP.c
              ValidValues   0x000e35       data     static F:\LANServo\TCPIP Stack\DHCP.c
                   WDTCON   0x000fd1       data     extern C:\MCC18\src\traditional\proc\p18F67J60.asm
               WDTCONbits   0x000fd1       data     extern C:\MCC18\src\traditional\proc\p18F67J60.asm
[...]
                     LATG   0x000f8f       data     extern C:\MCC18\src\traditional\proc\p18F67J60.asm
                TRISAbits   0x000f92       data     extern C:\MCC18\src\traditional\proc\p18F67J60.asm
                    TRISA   0x000f92       data     extern C:\MCC18\src\traditional\proc\p18F67J60.asm
                     DDRA   0x000f92       data     extern C:\MCC18\src\traditional\proc\p18F67J60.asm
                 DDRAbits   0x000f92       data     extern C:\MCC18\src\traditional\proc\p18F67J60.asm
                     DDRB   0x000f93       data     extern C:\MCC18\src\traditional\proc\p18F67J60.asm
                 DDRBbits   0x000f93       data     extern C:\MCC18\src\traditional\proc\p18F67J60.asm
                    TRISB   0x000f93       data     extern C:\MCC18\src\traditional\proc\p18F67J60.asm
                TRISBbits   0x000f93       data     extern C:\MCC18\src\traditional\proc\p18F67J60.asm
                     DDRC   0x000f94       data     extern C:\MCC18\src\traditional\proc\p18F67J60.asm
                 DDRCbits   0x000f94       data     extern C:\MCC18\src\traditional\proc\p18F67J60.asm
                    TRISC   0x000f94       data     extern C:\MCC18\src\traditional\proc\p18F67J60.asm
                TRISCbits   0x000f94       data     extern C:\MCC18\src\traditional\proc\p18F67J60.asm
                     DDRD   0x000f95       data     extern C:\MCC18\src\traditional\proc\p18F67J60.asm
                 DDRDbits   0x000f95       data     extern C:\MCC18\src\traditional\proc\p18F67J60.asm
                    TRISD   0x000f95       data     extern C:\MCC18\src\traditional\proc\p18F67J60.asm
                TRISDbits   0x000f95       data     extern C:\MCC18\src\traditional\proc\p18F67J60.asm
                     DDRE   0x000f96       data     extern C:\MCC18\src\traditional\proc\p18F67J60.asm
                 DDREbits   0x000f96       data     extern C:\MCC18\src\traditional\proc\p18F67J60.asm
                TRISEbits   0x000f96       data     extern C:\MCC18\src\traditional\proc\p18F67J60.asm
                    TRISE   0x000f96       data     extern C:\MCC18\src\traditional\proc\p18F67J60.asm
                     DDRF   0x000f97       data     extern C:\MCC18\src\traditional\proc\p18F67J60.asm
                 DDRFbits   0x000f97       data     extern C:\MCC18\src\traditional\proc\p18F67J60.asm
                TRISFbits   0x000f97       data     extern C:\MCC18\src\traditional\proc\p18F67J60.asm
                    TRISF   0x000f97       data     extern C:\MCC18\src\traditional\proc\p18F67J60.asm
                TRISGbits   0x000f98       data     extern C:\MCC18\src\traditional\proc\p18F67J60.asm
                    TRISG   0x000f98       data     extern C:\MCC18\src\traditional\proc\p18F67J60.asm
                     DDRG   0x000f98       data     extern C:\MCC18\src\traditional\proc\p18F67J60.asm
                 DDRGbits   0x000f98       data     extern C:\MCC18\src\traditional\proc\p18F67J60.asm
                  OSCTUNE   0x000f9b       data     extern C:\MCC18\src\traditional\proc\p18F67J60.asm
              OSCTUNEbits   0x000f9b       data     extern C:\MCC18\src\traditional\proc\p18F67J60.asm
                     PIE1   0x000f9d       data     extern C:\MCC18\src\traditional\proc\p18F67J60.asm
                 PIE1bits   0x000f9d       data     extern C:\MCC18\src\traditional\proc\p18F67J60.asm
                     PIR1   0x000f9e       data     extern C:\MCC18\src\traditional\proc\p18F67J60.asm
                 PIR1bits   0x000f9e       data     extern C:\MCC18\src\traditional\proc\p18F67J60.asm
                     IPR1   0x000f9f       data     extern C:\MCC18\src\traditional\proc\p18F67J60.asm
                 IPR1bits   0x000f9f       data     extern C:\MCC18\src\traditional\proc\p18F67J60.asm
                 PIE2bits   0x000fa0       data     extern C:\MCC18\src\traditional\proc\p18F67J60.asm
                     PIE2   0x000fa0       data     extern C:\MCC18\src\traditional\proc\p18F67J60.asm
                 PIR2bits   0x000fa1       data     extern C:\MCC18\src\traditional\proc\p18F67J60.asm
                     PIR2   0x000fa1       data     extern C:\MCC18\src\traditional\proc\p18F67J60.asm
                     IPR2   0x000fa2       data     extern C:\MCC18\src\traditional\proc\p18F67J60.asm
                 IPR2bits   0x000fa2       data     extern C:\MCC18\src\traditional\proc\p18F67J60.asm
                     PIE3   0x000fa3       data     extern C:\MCC18\src\traditional\proc\p18F67J60.asm
                 PIE3bits   0x000fa3       data     extern C:\MCC18\src\traditional\proc\p18F67J60.asm
                     PIR3   0x000fa4       data     extern C:\MCC18\src\traditional\proc\p18F67J60.asm
                 PIR3bits   0x000fa4       data     extern C:\MCC18\src\traditional\proc\p18F67J60.asm
                     IPR3   0x000fa5       data     extern C:\MCC18\src\traditional\proc\p18F67J60.asm
                 IPR3bits   0x000fa5       data     extern C:\MCC18\src\traditional\proc\p18F67J60.asm
                   EECON1   0x000fa6       data     extern C:\MCC18\src\traditional\proc\p18F67J60.asm
               EECON1bits   0x000fa6       data     extern C:\MCC18\src\traditional\proc\p18F67J60.asm
                   EECON2   0x000fa7       data     extern C:\MCC18\src\traditional\proc\p18F67J60.asm
                RCSTAbits   0x000fab       data     extern C:\MCC18\src\traditional\proc\p18F67J60.asm
               RCSTA1bits   0x000fab       data     extern C:\MCC18\src\traditional\proc\p18F67J60.asm
                   RCSTA1   0x000fab       data     extern C:\MCC18\src\traditional\proc\p18F67J60.asm
                    RCSTA   0x000fab       data     extern C:\MCC18\src\traditional\proc\p18F67J60.asm
                    TXSTA   0x000fac       data     extern C:\MCC18\src\traditional\proc\p18F67J60.asm
                   TXSTA1   0x000fac       data     extern C:\MCC18\src\traditional\proc\p18F67J60.asm
               TXSTA1bits   0x000fac       data     extern C:\MCC18\src\traditional\proc\p18F67J60.asm
                TXSTAbits   0x000fac       data     extern C:\MCC18\src\traditional\proc\p18F67J60.asm
                    TXREG   0x000fad       data     extern C:\MCC18\src\traditional\proc\p18F67J60.asm
                   TXREG1   0x000fad       data     extern C:\MCC18\src\traditional\proc\p18F67J60.asm
                   RCREG1   0x000fae       data     extern C:\MCC18\src\traditional\proc\p18F67J60.asm
                    RCREG   0x000fae       data     extern C:\MCC18\src\traditional\proc\p18F67J60.asm
                   SPBRG1   0x000faf       data     extern C:\MCC18\src\traditional\proc\p18F67J60.asm
                    SPBRG   0x000faf       data     extern C:\MCC18\src\traditional\proc\p18F67J60.asm
                T3CONbits   0x000fb1       data     extern C:\MCC18\src\traditional\proc\p18F67J60.asm
                    T3CON   0x000fb1       data     extern C:\MCC18\src\traditional\proc\p18F67J60.asm
                    TMR3L   0x000fb2       data     extern C:\MCC18\src\traditional\proc\p18F67J60.asm
                    TMR3H   0x000fb3       data     extern C:\MCC18\src\traditional\proc\p18F67J60.asm
                CMCONbits   0x000fb4       data     extern C:\MCC18\src\traditional\proc\p18F67J60.asm
                    CMCON   0x000fb4       data     extern C:\MCC18\src\traditional\proc\p18F67J60.asm
               CVRCONbits   0x000fb5       data     extern C:\MCC18\src\traditional\proc\p18F67J60.asm
                   CVRCON   0x000fb5       data     extern C:\MCC18\src\traditional\proc\p18F67J60.asm
                  ECCP1AS   0x000fb6       data     extern C:\MCC18\src\traditional\proc\p18F67J60.asm
              ECCP1ASbits   0x000fb6       data     extern C:\MCC18\src\traditional\proc\p18F67J60.asm
             ECCP3CONbits   0x000fb7       data     extern C:\MCC18\src\traditional\proc\p18F67J60.asm
                 ECCP3CON   0x000fb7       data     extern C:\MCC18\src\traditional\proc\p18F67J60.asm
                  CCP3CON   0x000fb7       data     extern C:\MCC18\src\traditional\proc\p18F67J60.asm
              CCP3CONbits   0x000fb7       data     extern C:\MCC18\src\traditional\proc\p18F67J60.asm
                    CCPR3   0x000fb8       data     extern C:\MCC18\src\traditional\proc\p18F67J60.asm
                   CCPR3L   0x000fb8       data     extern C:\MCC18\src\traditional\proc\p18F67J60.asm
                   CCPR3H   0x000fb9       data     extern C:\MCC18\src\traditional\proc\p18F67J60.asm
             ECCP2CONbits   0x000fba       data     extern C:\MCC18\src\traditional\proc\p18F67J60.asm
                  CCP2CON   0x000fba       data     extern C:\MCC18\src\traditional\proc\p18F67J60.asm
              CCP2CONbits   0x000fba       data     extern C:\MCC18\src\traditional\proc\p18F67J60.asm
                 ECCP2CON   0x000fba       data     extern C:\MCC18\src\traditional\proc\p18F67J60.asm
                    CCPR2   0x000fbb       data     extern C:\MCC18\src\traditional\proc\p18F67J60.asm
                   CCPR2L   0x000fbb       data     extern C:\MCC18\src\traditional\proc\p18F67J60.asm
                   CCPR2H   0x000fbc       data     extern C:\MCC18\src\traditional\proc\p18F67J60.asm
                 ECCP1CON   0x000fbd       data     extern C:\MCC18\src\traditional\proc\p18F67J60.asm
                  CCP1CON   0x000fbd       data     extern C:\MCC18\src\traditional\proc\p18F67J60.asm
              CCP1CONbits   0x000fbd       data     extern C:\MCC18\src\traditional\proc\p18F67J60.asm
             ECCP1CONbits   0x000fbd       data     extern C:\MCC18\src\traditional\proc\p18F67J60.asm
                    CCPR1   0x000fbe       data     extern C:\MCC18\src\traditional\proc\p18F67J60.asm
                   CCPR1L   0x000fbe       data     extern C:\MCC18\src\traditional\proc\p18F67J60.asm
                   CCPR1H   0x000fbf       data     extern C:\MCC18\src\traditional\proc\p18F67J60.asm
                   ADCON2   0x000fc0       data     extern C:\MCC18\src\traditional\proc\p18F67J60.asm
               ADCON2bits   0x000fc0       data     extern C:\MCC18\src\traditional\proc\p18F67J60.asm
                   ADCON1   0x000fc1       data     extern C:\MCC18\src\traditional\proc\p18F67J60.asm
               ADCON1bits   0x000fc1       data     extern C:\MCC18\src\traditional\proc\p18F67J60.asm
               ADCON0bits   0x000fc2       data     extern C:\MCC18\src\traditional\proc\p18F67J60.asm
                   ADCON0   0x000fc2       data     extern C:\MCC18\src\traditional\proc\p18F67J60.asm
                   ADRESL   0x000fc3       data     extern C:\MCC18\src\traditional\proc\p18F67J60.asm
                    ADRES   0x000fc3       data     extern C:\MCC18\src\traditional\proc\p18F67J60.asm
                   ADRESH   0x000fc4       data     extern C:\MCC18\src\traditional\proc\p18F67J60.asm
              SSPCON2bits   0x000fc5       data     extern C:\MCC18\src\traditional\proc\p18F67J60.asm
                  SSPCON2   0x000fc5       data     extern C:\MCC18\src\traditional\proc\p18F67J60.asm
             SSP1CON2bits   0x000fc5       data     extern C:\MCC18\src\traditional\proc\p18F67J60.asm
                 SSP1CON2   0x000fc5       data     extern C:\MCC18\src\traditional\proc\p18F67J60.asm
              SSPCON1bits   0x000fc6       data     extern C:\MCC18\src\traditional\proc\p18F67J60.asm
                  SSPCON1   0x000fc6       data     extern C:\MCC18\src\traditional\proc\p18F67J60.asm
                 SSP1CON1   0x000fc6       data     extern C:\MCC18\src\traditional\proc\p18F67J60.asm
             SSP1CON1bits   0x000fc6       data     extern C:\MCC18\src\traditional\proc\p18F67J60.asm
                 SSP1STAT   0x000fc7       data     extern C:\MCC18\src\traditional\proc\p18F67J60.asm
             SSP1STATbits   0x000fc7       data     extern C:\MCC18\src\traditional\proc\p18F67J60.asm
              SSPSTATbits   0x000fc7       data     extern C:\MCC18\src\traditional\proc\p18F67J60.asm
                  SSPSTAT   0x000fc7       data     extern C:\MCC18\src\traditional\proc\p18F67J60.asm
                   SSPADD   0x000fc8       data     extern C:\MCC18\src\traditional\proc\p18F67J60.asm
                  SSP1ADD   0x000fc8       data     extern C:\MCC18\src\traditional\proc\p18F67J60.asm
                  SSP1BUF   0x000fc9       data     extern C:\MCC18\src\traditional\proc\p18F67J60.asm
                   SSPBUF   0x000fc9       data     extern C:\MCC18\src\traditional\proc\p18F67J60.asm
                    T2CON   0x000fca       data     extern C:\MCC18\src\traditional\proc\p18F67J60.asm
                T2CONbits   0x000fca       data     extern C:\MCC18\src\traditional\proc\p18F67J60.asm
                      PR2   0x000fcb       data     extern C:\MCC18\src\traditional\proc\p18F67J60.asm
                     TMR2   0x000fcc       data     extern C:\MCC18\src\traditional\proc\p18F67J60.asm
                    T1CON   0x000fcd       data     extern C:\MCC18\src\traditional\proc\p18F67J60.asm
                T1CONbits   0x000fcd       data     extern C:\MCC18\src\traditional\proc\p18F67J60.asm
                    TMR1L   0x000fce       data     extern C:\MCC18\src\traditional\proc\p18F67J60.asm
                    TMR1H   0x000fcf       data     extern C:\MCC18\src\traditional\proc\p18F67J60.asm
                 RCONbits   0x000fd0       data     extern C:\MCC18\src\traditional\proc\p18F67J60.asm
                     RCON   0x000fd0       data     extern C:\MCC18\src\traditional\proc\p18F67J60.asm
               WDTCONbits   0x000fd1       data     extern C:\MCC18\src\traditional\proc\p18F67J60.asm
                   WDTCON   0x000fd1       data     extern C:\MCC18\src\traditional\proc\p18F67J60.asm
                    ECON1   0x000fd2       data     extern C:\MCC18\src\traditional\proc\p18F67J60.asm
                ECON1bits   0x000fd2       data     extern C:\MCC18\src\traditional\proc\p18F67J60.asm
                   OSCCON   0x000fd3       data     extern C:\MCC18\src\traditional\proc\p18F67J60.asm
               OSCCONbits   0x000fd3       data     extern C:\MCC18\src\traditional\proc\p18F67J60.asm
                    T0CON   0x000fd5       data     extern C:\MCC18\src\traditional\proc\p18F67J60.asm
                T0CONbits   0x000fd5       data     extern C:\MCC18\src\traditional\proc\p18F67J60.asm
                    TMR0L   0x000fd6       data     extern C:\MCC18\src\traditional\proc\p18F67J60.asm
                    TMR0H   0x000fd7       data     extern C:\MCC18\src\traditional\proc\p18F67J60.asm
                   STATUS   0x000fd8       data     extern C:\MCC18\src\traditional\proc\p18F67J60.asm
               STATUSbits   0x000fd8       data     extern C:\MCC18\src\traditional\proc\p18F67J60.asm
                    FSR2L   0x000fd9       data     extern C:\MCC18\src\traditional\proc\p18F67J60.asm
                     FSR2   0x000fd9       data     extern C:\MCC18\src\traditional\proc\p18F67J60.asm
                    FSR2H   0x000fda       data     extern C:\MCC18\src\traditional\proc\p18F67J60.asm
                   PLUSW2   0x000fdb       data     extern C:\MCC18\src\traditional\proc\p18F67J60.asm
                  PREINC2   0x000fdc       data     extern C:\MCC18\src\traditional\proc\p18F67J60.asm
                 POSTDEC2   0x000fdd       data     extern C:\MCC18\src\traditional\proc\p18F67J60.asm
                 POSTINC2   0x000fde       data     extern C:\MCC18\src\traditional\proc\p18F67J60.asm
                    INDF2   0x000fdf       data     extern C:\MCC18\src\traditional\proc\p18F67J60.asm
                      BSR   0x000fe0       data     extern C:\MCC18\src\traditional\proc\p18F67J60.asm
                    FSR1L   0x000fe1       data     extern C:\MCC18\src\traditional\proc\p18F67J60.asm
                     FSR1   0x000fe1       data     extern C:\MCC18\src\traditional\proc\p18F67J60.asm
                    FSR1H   0x000fe2       data     extern C:\MCC18\src\traditional\proc\p18F67J60.asm
                   PLUSW1   0x000fe3       data     extern C:\MCC18\src\traditional\proc\p18F67J60.asm
                  PREINC1   0x000fe4       data     extern C:\MCC18\src\traditional\proc\p18F67J60.asm
                 POSTDEC1   0x000fe5       data     extern C:\MCC18\src\traditional\proc\p18F67J60.asm
                 POSTINC1   0x000fe6       data     extern C:\MCC18\src\traditional\proc\p18F67J60.asm
                    INDF1   0x000fe7       data     extern C:\MCC18\src\traditional\proc\p18F67J60.asm
                     WREG   0x000fe8       data     extern C:\MCC18\src\traditional\proc\p18F67J60.asm
                    FSR0L   0x000fe9       data     extern C:\MCC18\src\traditional\proc\p18F67J60.asm
                     FSR0   0x000fe9       data     extern C:\MCC18\src\traditional\proc\p18F67J60.asm
                    FSR0H   0x000fea       data     extern C:\MCC18\src\traditional\proc\p18F67J60.asm
                   PLUSW0   0x000feb       data     extern C:\MCC18\src\traditional\proc\p18F67J60.asm
                  PREINC0   0x000fec       data     extern C:\MCC18\src\traditional\proc\p18F67J60.asm
                 POSTDEC0   0x000fed       data     extern C:\MCC18\src\traditional\proc\p18F67J60.asm
                 POSTINC0   0x000fee       data     extern C:\MCC18\src\traditional\proc\p18F67J60.asm
                    INDF0   0x000fef       data     extern C:\MCC18\src\traditional\proc\p18F67J60.asm
              INTCON3bits   0x000ff0       data     extern C:\MCC18\src\traditional\proc\p18F67J60.asm
                  INTCON3   0x000ff0       data     extern C:\MCC18\src\traditional\proc\p18F67J60.asm
                  INTCON2   0x000ff1       data     extern C:\MCC18\src\traditional\proc\p18F67J60.asm
              INTCON2bits   0x000ff1       data     extern C:\MCC18\src\traditional\proc\p18F67J60.asm
                   INTCON   0x000ff2       data     extern C:\MCC18\src\traditional\proc\p18F67J60.asm
               INTCONbits   0x000ff2       data     extern C:\MCC18\src\traditional\proc\p18F67J60.asm
                     PROD   0x000ff3       data     extern C:\MCC18\src\traditional\proc\p18F67J60.asm
                    PRODL   0x000ff3       data     extern C:\MCC18\src\traditional\proc\p18F67J60.asm
                    PRODH   0x000ff4       data     extern C:\MCC18\src\traditional\proc\p18F67J60.asm
                   TABLAT   0x000ff5       data     extern C:\MCC18\src\traditional\proc\p18F67J60.asm
                  TBLPTRL   0x000ff6       data     extern C:\MCC18\src\traditional\proc\p18F67J60.asm
                   TBLPTR   0x000ff6       data     extern C:\MCC18\src\traditional\proc\p18F67J60.asm
                  TBLPTRH   0x000ff7       data     extern C:\MCC18\src\traditional\proc\p18F67J60.asm
                  TBLPTRU   0x000ff8       data     extern C:\MCC18\src\traditional\proc\p18F67J60.asm
                      PCL   0x000ff9       data     extern C:\MCC18\src\traditional\proc\p18F67J60.asm
                       PC   0x000ff9       data     extern C:\MCC18\src\traditional\proc\p18F67J60.asm
                   PCLATH   0x000ffa       data     extern C:\MCC18\src\traditional\proc\p18F67J60.asm
                   PCLATU   0x000ffb       data     extern C:\MCC18\src\traditional\proc\p18F67J60.asm
               STKPTRbits   0x000ffc       data     extern C:\MCC18\src\traditional\proc\p18F67J60.asm
                   STKPTR   0x000ffc       data     extern C:\MCC18\src\traditional\proc\p18F67J60.asm
                      TOS   0x000ffd       data     extern C:\MCC18\src\traditional\proc\p18F67J60.asm
                     TOSL   0x000ffd       data     extern C:\MCC18\src\traditional\proc\p18F67J60.asm
                     TOSH   0x000ffe       data     extern C:\MCC18\src\traditional\proc\p18F67J60.asm
                     TOSU   0x000fff       data     extern C:\MCC18\src\traditional\proc\p18F67J60.asm


