MPLINK 4.44, Linker
Linker Map File - Created Sat Mar 09 14:46:01 2013

                                 Section Info
                  Section       Type    Address   Location Size(Bytes)
                ---------  ---------  ---------  ---------  ---------
                   .org_0       code   0x000000    program   0x000002
                   .cinit    romdata   0x000002    program   0x000002
                   .org_2       code   0x000018    program   0x00007a
    .config_300001_UART.O    romdata   0x300001    program   0x000001
    .config_300002_UART.O    romdata   0x300002    program   0x000001
    .config_300003_UART.O    romdata   0x300003    program   0x000001
    .config_300005_UART.O    romdata   0x300005    program   0x000001
    .config_300006_UART.O    romdata   0x300006    program   0x000001
    .config_300008_UART.O    romdata   0x300008    program   0x000001
    .config_300009_UART.O    romdata   0x300009    program   0x000001
    .config_30000A_UART.O    romdata   0x30000a    program   0x000001
    .config_30000B_UART.O    romdata   0x30000b    program   0x000001
    .config_30000C_UART.O    romdata   0x30000c    program   0x000001
    .config_30000D_UART.O    romdata   0x30000d    program   0x000001



                              Program Memory Usage 
                               Start         End      
                           ---------   ---------      
                            0x000000    0x000003      
                            0x000018    0x000091      
                            0x300001    0x300003      
                            0x300005    0x300006      
                            0x300008    0x30000d      
            137 out of 8472 program addresses used, program memory utilization is 1%



                              Symbols - Sorted by Name
                     Name    Address   Location    Storage File                     
                ---------  ---------  ---------  --------- ---------                
                   CASE_A   0x00006a    program     static D:\Erectric Enginiaring\PIC-project\ASEMBRA\PIC18F2320\UART\UART.asm
                   CASE_B   0x000070    program     static D:\Erectric Enginiaring\PIC-project\ASEMBRA\PIC18F2320\UART\UART.asm
                     INIT   0x000018    program     static D:\Erectric Enginiaring\PIC-project\ASEMBRA\PIC18F2320\UART\UART.asm
                 MAINLOOP   0x000066    program     static D:\Erectric Enginiaring\PIC-project\ASEMBRA\PIC18F2320\UART\UART.asm
                TX_CHEACK   0x00008a    program     static D:\Erectric Enginiaring\PIC-project\ASEMBRA\PIC18F2320\UART\UART.asm



                              Symbols - Sorted by Address
                     Name    Address   Location    Storage File                     
                ---------  ---------  ---------  --------- ---------                
                     INIT   0x000018    program     static D:\Erectric Enginiaring\PIC-project\ASEMBRA\PIC18F2320\UART\UART.asm
                 MAINLOOP   0x000066    program     static D:\Erectric Enginiaring\PIC-project\ASEMBRA\PIC18F2320\UART\UART.asm
                   CASE_A   0x00006a    program     static D:\Erectric Enginiaring\PIC-project\ASEMBRA\PIC18F2320\UART\UART.asm
                   CASE_B   0x000070    program     static D:\Erectric Enginiaring\PIC-project\ASEMBRA\PIC18F2320\UART\UART.asm
                TX_CHEACK   0x00008a    program     static D:\Erectric Enginiaring\PIC-project\ASEMBRA\PIC18F2320\UART\UART.asm


