MPLINK 4.44, Linker
Linker Map File - Created Sat May 18 15:00:19 2013

                                 Section Info
                  Section       Type    Address   Location Size(Bytes)
                ---------  ---------  ---------  ---------  ---------
               _entry_scn       code   0x000000    program   0x000006
                   .cinit    romdata   0x000006    program   0x00000e
       .code_YHY024006A.o       code   0x000014    program   0x0033e8
          .romdata_main.o    romdata   0x0033fc    program   0x001003
      .idata_fxd1616u.o_i    romdata   0x0043ff    program   0x000000
      .romdata_fxd1616u.o    romdata   0x0043ff    program   0x000000
       .idata_fxm3232.o_i    romdata   0x0043ff    program   0x000000
       .romdata_adcbusy.o    romdata   0x0043ff    program   0x000000
       .idata_adcbusy.o_i    romdata   0x0043ff    program   0x000000
       .romdata_fxm3232.o    romdata   0x0043ff    program   0x000000
       .idata_adcopen.o_i    romdata   0x0043ff    program   0x000000
       .romdata_adcopen.o    romdata   0x0043ff    program   0x000000
      .idata_adcsetch.o_i    romdata   0x0043ff    program   0x000000
      .romdata_adcsetch.o    romdata   0x0043ff    program   0x000000
        .idata___init.o_i    romdata   0x0043ff    program   0x000000
        .romdata___init.o    romdata   0x0043ff    program   0x000000
      .idata_vsprintf.o_i    romdata   0x0043ff    program   0x000000
      .romdata_vsprintf.o    romdata   0x0043ff    program   0x000000
          .idata_putc.o_i    romdata   0x0043ff    program   0x000000
            .code_c018i.o       code   0x004400    program   0x000000
         .code_vfprintf.o       code   0x004400    program   0x000c22
                     PROG       code   0x005022    program   0x000384
             .code_main.o       code   0x0053a6    program   0x000326
               _cinit_scn       code   0x0056cc    program   0x00009e
         .code_vsprintf.o       code   0x00576a    program   0x000088
             .code_putc.o       code   0x0057f2    program   0x000084
          .code_fxm3232.o       code   0x005876    program   0x000070
          .code_adcopen.o       code   0x0058e6    program   0x00006e
                   STRING       code   0x005954    program   0x000066
         .code_fxd3232u.o       code   0x0059ba    program   0x000048
                   STDLIB       code   0x005a02    program   0x00003c
             .stringtable    romdata   0x005a3e    program   0x00002e
         .code_adcsetch.o       code   0x005a6c    program   0x00002e
         .code_fxd1616u.o       code   0x005a9a    program   0x00002c
                    CTYPE       code   0x005ac6    program   0x000024
              D1KTCYXCODE       code   0x005aea    program   0x000020
                    .code       code   0x005b0a    program   0x000020
             _startup_scn       code   0x005b2a    program   0x00001c
                    STDIO       code   0x005b46    program   0x00001c
              D10TCYXCODE       code   0x005b62    program   0x000016
          .code_adcread.o       code   0x005b78    program   0x000012
      .romdata_vfprintf.o    romdata   0x005b8a    program   0x000011
         .romdata_c018i.o    romdata   0x005b9b    program   0x000000
    .romdata__user_putc.o    romdata   0x005b9b    program   0x000000
    .idata__user_putc.o_i    romdata   0x005b9b    program   0x000000
         .idata_c018i.o_i    romdata   0x005b9b    program   0x000000
          .romdata_putc.o    romdata   0x005b9b    program   0x000000
    .idata_YHY024006A.o_i    romdata   0x005b9b    program   0x000000
    .romdata_YHY024006A.o    romdata   0x005b9b    program   0x000000
      .idata_vfprintf.o_i    romdata   0x005b9b    program   0x000000
          .idata_main.o_i    romdata   0x005b9b    program   0x000000
       .romdata_adcconv.o    romdata   0x005b9b    program   0x000000
      .idata_fxd3232u.o_i    romdata   0x005b9b    program   0x000000
      .romdata_fxd3232u.o    romdata   0x005b9b    program   0x000000
       .idata_adcconv.o_i    romdata   0x005b9b    program   0x000000
       .idata_adcread.o_i    romdata   0x005b9b    program   0x000000
       .romdata_adcread.o    romdata   0x005b9b    program   0x000000
          .code_adcbusy.o       code   0x005b9c    program   0x00000a
          .code_adcconv.o       code   0x005ba6    program   0x000004
       .code__user_putc.o       code   0x005baa    program   0x000002
           .code___init.o       code   0x005bac    program   0x000002
              SEED_DATA_i    romdata   0x005bae    program   0x000002
    .config_300000_main.o    romdata   0x300000    program   0x000001
    .config_300001_main.o    romdata   0x300001    program   0x000001
    .config_300002_main.o    romdata   0x300002    program   0x000001
    .config_300003_main.o    romdata   0x300003    program   0x000001
    .config_300005_main.o    romdata   0x300005    program   0x000001
    .config_300006_main.o    romdata   0x300006    program   0x000001
    .config_300008_main.o    romdata   0x300008    program   0x000001
    .config_300009_main.o    romdata   0x300009    program   0x000001
    .config_30000a_main.o    romdata   0x30000a    program   0x000001
    .config_30000b_main.o    romdata   0x30000b    program   0x000001
    .config_30000c_main.o    romdata   0x30000c    program   0x000001
    .config_30000d_main.o    romdata   0x30000d    program   0x000001
                 .tmpdata      udata   0x000000       data   0x000020
                MATH_DATA      udata   0x000020       data   0x000014
                DELAYDAT1      udata   0x000034       data   0x000001
      .udata_YHY024006A.o      udata   0x000060       data   0x000024
           .udata_c018i.o      udata   0x000084       data   0x00000a
                SEED_DATA      idata   0x00008e       data   0x000002
         .idata_adcopen.o      idata   0x000090       data   0x000000
         .udata_adcread.o      udata   0x000090       data   0x000000
         .idata_adcread.o      idata   0x000090       data   0x000000
        .udata_adcsetch.o      udata   0x000090       data   0x000000
        .idata_adcsetch.o      idata   0x000090       data   0x000000
          .udata___init.o      udata   0x000090       data   0x000000
          .idata___init.o      idata   0x000090       data   0x000000
        .udata_vsprintf.o      udata   0x000090       data   0x000000
        .idata_vsprintf.o      idata   0x000090       data   0x000000
        .udata_vfprintf.o      udata   0x000090       data   0x000000
        .idata_vfprintf.o      idata   0x000090       data   0x000000
            .udata_putc.o      udata   0x000090       data   0x000000
            .idata_putc.o      idata   0x000090       data   0x000000
      .udata__user_putc.o      udata   0x000090       data   0x000000
      .idata__user_putc.o      idata   0x000090       data   0x000000
           .idata_c018i.o      idata   0x000090       data   0x000000
      .idata_YHY024006A.o      idata   0x000090       data   0x000000
            .udata_main.o      udata   0x000090       data   0x000000
            .idata_main.o      idata   0x000090       data   0x000000
         .udata_adcbusy.o      udata   0x000090       data   0x000000
         .idata_adcbusy.o      idata   0x000090       data   0x000000
         .udata_adcconv.o      udata   0x000090       data   0x000000
         .idata_adcconv.o      idata   0x000090       data   0x000000
        .udata_fxd1616u.o      udata   0x000090       data   0x000000
        .idata_fxd1616u.o      idata   0x000090       data   0x000000
        .udata_fxd3232u.o      udata   0x000090       data   0x000000
        .idata_fxd3232u.o      idata   0x000090       data   0x000000
         .udata_fxm3232.o      udata   0x000090       data   0x000000
         .idata_fxm3232.o      idata   0x000090       data   0x000000
         .udata_adcopen.o      udata   0x000090       data   0x000000
                   .stack      udata   0x000300       data   0x000100
            SFR_UNBANKED0      udata   0x000f66       data   0x00009a



                              Program Memory Usage 
                               Start         End      
                           ---------   ---------      
                            0x000000    0x0043fe      
                            0x004400    0x005b9a      
                            0x005b9c    0x005baf      
                            0x300000    0x300003      
                            0x300005    0x300006      
                            0x300008    0x30000d      
            23482 out of 33048 program addresses used, program memory utilization is 71%



                              Symbols - Sorted by Name
                     Name    Address   Location    Storage File                     
                ---------  ---------  ---------  --------- ---------                
                  BusyADC   0x005b9c    program     extern D:\3.43\pic18-lt\cxx-framework\src\pmc_common\ADC\adcbusy.c
               ConvertADC   0x005ba6    program     extern D:\3.43\pic18-lt\cxx-framework\src\pmc_common\ADC\adcconv.c
                    D10_1   0x005b72    program     static D:\3.43\pic18-lt\cxx-framework\src\traditional\delays\d10tcyx.asm
                     D10x   0x005b6a    program     static D:\3.43\pic18-lt\cxx-framework\src\traditional\delays\d10tcyx.asm
                   D1616S   0x005114    program     static D:\3.43\pic18-lt\cxx-framework\src\traditional\math\fxd1616s.asm
                D1616SNEG   0x005122    program     static D:\3.43\pic18-lt\cxx-framework\src\traditional\math\fxd1616s.asm
                 D1616SOK   0x00511e    program     static D:\3.43\pic18-lt\cxx-framework\src\traditional\math\fxd1616s.asm
                  D1616SX   0x005134    program     static D:\3.43\pic18-lt\cxx-framework\src\traditional\math\fxd1616s.asm
                    D1K_1   0x005af6    program     static D:\3.43\pic18-lt\cxx-framework\src\traditional\delays\d1ktcyx.asm
                     D1Kx   0x005af4    program     static D:\3.43\pic18-lt\cxx-framework\src\traditional\delays\d1ktcyx.asm
                   D3232S   0x00516e    program     static D:\3.43\pic18-lt\cxx-framework\src\traditional\math\fxd3232s.asm
                D3232SNEG   0x00517c    program     static D:\3.43\pic18-lt\cxx-framework\src\traditional\math\fxd3232s.asm
                 D3232SOK   0x005178    program     static D:\3.43\pic18-lt\cxx-framework\src\traditional\math\fxd3232s.asm
                  D3232SX   0x00519c    program     static D:\3.43\pic18-lt\cxx-framework\src\traditional\math\fxd3232s.asm
                  DA1616S   0x005104    program     static D:\3.43\pic18-lt\cxx-framework\src\traditional\math\fxd1616s.asm
                  DA3232S   0x005158    program     static D:\3.43\pic18-lt\cxx-framework\src\traditional\math\fxd3232s.asm
              Delay10TCYx   0x005b62    program     extern D:\3.43\pic18-lt\cxx-framework\src\traditional\delays\d10tcyx.asm
              Delay1KTCYx   0x005aea    program     extern D:\3.43\pic18-lt\cxx-framework\src\traditional\delays\d1ktcyx.asm
                 FLO1632S   0x005026    program     extern D:\3.43\pic18-lt\cxx-framework\src\traditional\math\cast16FP.asm
                 FLO1632U   0x005022    program     extern D:\3.43\pic18-lt\cxx-framework\src\traditional\math\cast16FP.asm
                    FPD32   0x00504c    program     extern D:\3.43\pic18-lt\cxx-framework\src\traditional\math\divFP.asm
                 FXD1616S   0x0050f2    program     extern D:\3.43\pic18-lt\cxx-framework\src\traditional\math\fxd1616s.asm
                 FXD1616U   0x005a9a    program     extern D:\3.43\pic18-lt\cxx-framework\src\traditional\math\fxd1616u.c
                 FXD3232S   0x00513e    program     extern D:\3.43\pic18-lt\cxx-framework\src\traditional\math\fxd3232s.asm
                 FXD3232U   0x0059ba    program     extern D:\3.43\pic18-lt\cxx-framework\src\traditional\math\fxd3232u.c
                 FXM1616S   0x0051a6    program     extern D:\3.43\pic18-lt\cxx-framework\src\traditional\math\fxm1616s.asm
                 FXM1616U   0x00536a    program     extern D:\3.43\pic18-lt\cxx-framework\src\traditional\math\fxm1616u.asm
                  FXM3232   0x005876    program     extern D:\3.43\pic18-lt\cxx-framework\src\traditional\math\fxm3232.c
                Get_Color   0x0006e0    program     extern D:\Erectric\PIC-project\PIC-project\PIC 18f\pic18f2550\circle_test2\circle_test2\YHY024006A.c
                Gradation   0x0007ba    program     extern D:\Erectric\PIC-project\PIC-project\PIC 18f\pic18f2550\circle_test2\circle_test2\YHY024006A.c
                  INT3216   0x005200    program     extern D:\3.43\pic18-lt\cxx-framework\src\traditional\math\castFP16.asm
                Lcd_Clear   0x00139c    program     extern D:\Erectric\PIC-project\PIC-project\PIC 18f\pic18f2550\circle_test2\circle_test2\YHY024006A.c
             Lcd_Draw_Box   0x00316e    program     extern D:\Erectric\PIC-project\PIC-project\PIC 18f\pic18f2550\circle_test2\circle_test2\YHY024006A.c
            Lcd_Draw_Box2   0x003312    program     extern D:\Erectric\PIC-project\PIC-project\PIC 18f\pic18f2550\circle_test2\circle_test2\YHY024006A.c
            Lcd_Draw_Char   0x0015ec    program     extern D:\Erectric\PIC-project\PIC-project\PIC 18f\pic18f2550\circle_test2\circle_test2\YHY024006A.c
          Lcd_Draw_Circle   0x002930    program     extern D:\Erectric\PIC-project\PIC-project\PIC 18f\pic18f2550\circle_test2\circle_test2\YHY024006A.c
         Lcd_Draw_Circle2   0x002dc6    program     extern D:\Erectric\PIC-project\PIC-project\PIC 18f\pic18f2550\circle_test2\circle_test2\YHY024006A.c
             Lcd_Draw_Dot   0x001d8a    program     extern D:\Erectric\PIC-project\PIC-project\PIC 18f\pic18f2550\circle_test2\circle_test2\YHY024006A.c
            Lcd_Draw_Line   0x001dd2    program     extern D:\Erectric\PIC-project\PIC-project\PIC 18f\pic18f2550\circle_test2\circle_test2\YHY024006A.c
            Lcd_Draw_Patt   0x001448    program     extern D:\Erectric\PIC-project\PIC-project\PIC 18f\pic18f2550\circle_test2\circle_test2\YHY024006A.c
          Lcd_Draw_String   0x001872    program     extern D:\Erectric\PIC-project\PIC-project\PIC 18f\pic18f2550\circle_test2\circle_test2\YHY024006A.c
      Lcd_Draw_String_Rom   0x0018ae    program     extern D:\Erectric\PIC-project\PIC-project\PIC 18f\pic18f2550\circle_test2\circle_test2\YHY024006A.c
           Lcd_Draw_XLine   0x001a8a    program     extern D:\Erectric\PIC-project\PIC-project\PIC 18f\pic18f2550\circle_test2\circle_test2\YHY024006A.c
           Lcd_Draw_YLine   0x001c0a    program     extern D:\Erectric\PIC-project\PIC-project\PIC 18f\pic18f2550\circle_test2\circle_test2\YHY024006A.c
            Lcd_Get_Touch   0x0000e8    program     extern D:\Erectric\PIC-project\PIC-project\PIC 18f\pic18f2550\circle_test2\circle_test2\YHY024006A.c
                 Lcd_Init   0x000b46    program     extern D:\Erectric\PIC-project\PIC-project\PIC 18f\pic18f2550\circle_test2\circle_test2\YHY024006A.c
             Lcd_Set_Area   0x001214    program     extern D:\Erectric\PIC-project\PIC-project\PIC 18f\pic18f2550\circle_test2\circle_test2\YHY024006A.c
             Lcd_Set_Font   0x0015b4    program     extern D:\Erectric\PIC-project\PIC-project\PIC 18f\pic18f2550\circle_test2\circle_test2\YHY024006A.c
   Lcd_Set_Font_Sub_Color   0x0015d0    program     extern D:\Erectric\PIC-project\PIC-project\PIC 18f\pic18f2550\circle_test2\circle_test2\YHY024006A.c
              Lcd_Set_Pos   0x00133a    program     extern D:\Erectric\PIC-project\PIC-project\PIC 18f\pic18f2550\circle_test2\circle_test2\YHY024006A.c
               Lcd_printf   0x0018ee    program     extern D:\Erectric\PIC-project\PIC-project\PIC 18f\pic18f2550\circle_test2\circle_test2\YHY024006A.c
           Lcd_printf_Rom   0x0019bc    program     extern D:\Erectric\PIC-project\PIC-project\PIC 18f\pic18f2550\circle_test2\circle_test2\YHY024006A.c
                  OpenADC   0x0058e6    program     extern D:\3.43\pic18-lt\cxx-framework\src\pmc_common\ADC\adcopen.c
                  ReadADC   0x005b78    program     extern D:\3.43\pic18-lt\cxx-framework\src\pmc_common\ADC\adcread.c
               SetChanADC   0x005a6c    program     extern D:\3.43\pic18-lt\cxx-framework\src\pmc_common\ADC\adcsetch.c
               TSIGN1616A   0x0051f2    program     static D:\3.43\pic18-lt\cxx-framework\src\traditional\math\fxm1616s.asm
             Trans_Com_16   0x00007c    program     extern D:\Erectric\PIC-project\PIC-project\PIC 18f\pic18f2550\circle_test2\circle_test2\YHY024006A.c
             Trans_Dat_16   0x0000b4    program     extern D:\Erectric\PIC-project\PIC-project\PIC 18f\pic18f2550\circle_test2\circle_test2\YHY024006A.c
                   _2jEnd   0x0059a4    program     static D:\3.43\pic18-lt\cxx-framework\src\traditional\stdclib\slenpgm.asm
        _D10TCYXCODE_000A   0x005b6c    program     static D:\3.43\pic18-lt\cxx-framework\src\traditional\delays\d10tcyx.asm
        _D10TCYXCODE_000C   0x005b6e    program     static D:\3.43\pic18-lt\cxx-framework\src\traditional\delays\d10tcyx.asm
        _D10TCYXCODE_000E   0x005b70    program     static D:\3.43\pic18-lt\cxx-framework\src\traditional\delays\d10tcyx.asm
        _D1KTCYXCODE_0010   0x005afa    program     static D:\3.43\pic18-lt\cxx-framework\src\traditional\delays\d1ktcyx.asm
        _D1KTCYXCODE_0016   0x005b00    program     static D:\3.43\pic18-lt\cxx-framework\src\traditional\delays\d1ktcyx.asm
                 __FpExit   0x00526a    program     extern D:\3.43\pic18-lt\cxx-framework\src\traditional\math\packFP.asm
                 __FpPack   0x005296    program     extern D:\3.43\pic18-lt\cxx-framework\src\traditional\math\packFP.asm
            __FpReturnNaN   0x00525e    program     extern D:\3.43\pic18-lt\cxx-framework\src\traditional\math\packFP.asm
         __FpReturnNegInf   0x005270    program     extern D:\3.43\pic18-lt\cxx-framework\src\traditional\math\packFP.asm
        __FpReturnNegZero   0x005288    program     extern D:\3.43\pic18-lt\cxx-framework\src\traditional\math\packFP.asm
         __FpReturnPosInf   0x005276    program     extern D:\3.43\pic18-lt\cxx-framework\src\traditional\math\packFP.asm
        __FpReturnPosZero   0x005290    program     extern D:\3.43\pic18-lt\cxx-framework\src\traditional\math\packFP.asm
        __FpReturnSignInf   0x00526c    program     extern D:\3.43\pic18-lt\cxx-framework\src\traditional\math\packFP.asm
       __FpReturnSignZero   0x005284    program     extern D:\3.43\pic18-lt\cxx-framework\src\traditional\math\packFP.asm
              __FpReturnW   0x0052ee    program     extern D:\3.43\pic18-lt\cxx-framework\src\traditional\math\packFP.asm
              __FpUnPackA   0x00530e    program     extern D:\3.43\pic18-lt\cxx-framework\src\traditional\math\UnpackFP.asm
              __FpUnPackB   0x00533e    program     extern D:\3.43\pic18-lt\cxx-framework\src\traditional\math\UnpackFP.asm
       ___return_lbl00000   0x005ac4    program     static                          
       ___return_lbl00000   0x005a00    program     static                          
       ___return_lbl00000   0x0058e4    program     static                          
       ___return_lbl00000   0x000004    program     static                          
       ___return_lbl00001   0x005b44    program     static                          
       ___return_lbl00002   0x005768    program     static                          
               __config_0   0x300000    program     static D:\Erectric\PIC-project\PIC-project\PIC 18f\pic18f2550\circle_test2\circle_test2\main.c
               __config_1   0x300001    program     static D:\Erectric\PIC-project\PIC-project\PIC 18f\pic18f2550\circle_test2\circle_test2\main.c
              __config_10   0x30000c    program     static D:\Erectric\PIC-project\PIC-project\PIC 18f\pic18f2550\circle_test2\circle_test2\main.c
              __config_11   0x30000d    program     static D:\Erectric\PIC-project\PIC-project\PIC 18f\pic18f2550\circle_test2\circle_test2\main.c
               __config_2   0x300002    program     static D:\Erectric\PIC-project\PIC-project\PIC 18f\pic18f2550\circle_test2\circle_test2\main.c
               __config_3   0x300003    program     static D:\Erectric\PIC-project\PIC-project\PIC 18f\pic18f2550\circle_test2\circle_test2\main.c
               __config_4   0x300005    program     static D:\Erectric\PIC-project\PIC-project\PIC 18f\pic18f2550\circle_test2\circle_test2\main.c
               __config_5   0x300006    program     static D:\Erectric\PIC-project\PIC-project\PIC 18f\pic18f2550\circle_test2\circle_test2\main.c
               __config_6   0x300008    program     static D:\Erectric\PIC-project\PIC-project\PIC 18f\pic18f2550\circle_test2\circle_test2\main.c
               __config_7   0x300009    program     static D:\Erectric\PIC-project\PIC-project\PIC 18f\pic18f2550\circle_test2\circle_test2\main.c
               __config_8   0x30000a    program     static D:\Erectric\PIC-project\PIC-project\PIC 18f\pic18f2550\circle_test2\circle_test2\main.c
               __config_9   0x30000b    program     static D:\Erectric\PIC-project\PIC-project\PIC 18f\pic18f2550\circle_test2\circle_test2\main.c
                   __init   0x005bac    program     extern D:\3.43\pic18-lt\cxx-framework\src\traditional\stdclib\__init.c
                   __pa_0   0x004d40    program     static D:\3.43\pic18-lt\cxx-framework\src\traditional\stdclib\vfprintf.c
                   __pa_1   0x004d48    program     static D:\3.43\pic18-lt\cxx-framework\src\traditional\stdclib\vfprintf.c
                  __pa_10   0x004dfc    program     static D:\3.43\pic18-lt\cxx-framework\src\traditional\stdclib\vfprintf.c
                  __pa_11   0x004e0a    program     static D:\3.43\pic18-lt\cxx-framework\src\traditional\stdclib\vfprintf.c
                  __pa_12   0x004e20    program     static D:\3.43\pic18-lt\cxx-framework\src\traditional\stdclib\vfprintf.c
                  __pa_13   0x004e3a    program     static D:\3.43\pic18-lt\cxx-framework\src\traditional\stdclib\vfprintf.c
                  __pa_14   0x004e52    program     static D:\3.43\pic18-lt\cxx-framework\src\traditional\stdclib\vfprintf.c
                  __pa_15   0x004e62    program     static D:\3.43\pic18-lt\cxx-framework\src\traditional\stdclib\vfprintf.c
                  __pa_16   0x004e78    program     static D:\3.43\pic18-lt\cxx-framework\src\traditional\stdclib\vfprintf.c
                  __pa_17   0x004e8a    program     static D:\3.43\pic18-lt\cxx-framework\src\traditional\stdclib\vfprintf.c
                  __pa_18   0x004e9c    program     static D:\3.43\pic18-lt\cxx-framework\src\traditional\stdclib\vfprintf.c
                  __pa_19   0x004ea6    program     static D:\3.43\pic18-lt\cxx-framework\src\traditional\stdclib\vfprintf.c
                   __pa_2   0x004d52    program     static D:\3.43\pic18-lt\cxx-framework\src\traditional\stdclib\vfprintf.c
                  __pa_20   0x004eb6    program     static D:\3.43\pic18-lt\cxx-framework\src\traditional\stdclib\vfprintf.c
                  __pa_21   0x004ec6    program     static D:\3.43\pic18-lt\cxx-framework\src\traditional\stdclib\vfprintf.c
                  __pa_22   0x004ed6    program     static D:\3.43\pic18-lt\cxx-framework\src\traditional\stdclib\vfprintf.c
                  __pa_23   0x004ee2    program     static D:\3.43\pic18-lt\cxx-framework\src\traditional\stdclib\vfprintf.c
                  __pa_24   0x004ef0    program     static D:\3.43\pic18-lt\cxx-framework\src\traditional\stdclib\vfprintf.c
                  __pa_25   0x004ef8    program     static D:\3.43\pic18-lt\cxx-framework\src\traditional\stdclib\vfprintf.c
                  __pa_26   0x004f02    program     static D:\3.43\pic18-lt\cxx-framework\src\traditional\stdclib\vfprintf.c
                  __pa_27   0x004f0c    program     static D:\3.43\pic18-lt\cxx-framework\src\traditional\stdclib\vfprintf.c
                  __pa_28   0x004f14    program     static D:\3.43\pic18-lt\cxx-framework\src\traditional\stdclib\vfprintf.c
                  __pa_29   0x004f22    program     static D:\3.43\pic18-lt\cxx-framework\src\traditional\stdclib\vfprintf.c
                   __pa_3   0x004d5c    program     static D:\3.43\pic18-lt\cxx-framework\src\traditional\stdclib\vfprintf.c
                  __pa_30   0x004f3e    program     static D:\3.43\pic18-lt\cxx-framework\src\traditional\stdclib\vfprintf.c
                  __pa_31   0x004f58    program     static D:\3.43\pic18-lt\cxx-framework\src\traditional\stdclib\vfprintf.c
                  __pa_32   0x004f72    program     static D:\3.43\pic18-lt\cxx-framework\src\traditional\stdclib\vfprintf.c
                  __pa_33   0x004f8a    program     static D:\3.43\pic18-lt\cxx-framework\src\traditional\stdclib\vfprintf.c
                  __pa_34   0x004f94    program     static D:\3.43\pic18-lt\cxx-framework\src\traditional\stdclib\vfprintf.c
                  __pa_35   0x004fa2    program     static D:\3.43\pic18-lt\cxx-framework\src\traditional\stdclib\vfprintf.c
                  __pa_36   0x004faa    program     static D:\3.43\pic18-lt\cxx-framework\src\traditional\stdclib\vfprintf.c
                  __pa_37   0x004fb4    program     static D:\3.43\pic18-lt\cxx-framework\src\traditional\stdclib\vfprintf.c
                  __pa_38   0x004fc4    program     static D:\3.43\pic18-lt\cxx-framework\src\traditional\stdclib\vfprintf.c
                  __pa_39   0x004fd2    program     static D:\3.43\pic18-lt\cxx-framework\src\traditional\stdclib\vfprintf.c
                   __pa_4   0x004d74    program     static D:\3.43\pic18-lt\cxx-framework\src\traditional\stdclib\vfprintf.c
                  __pa_40   0x004fde    program     static D:\3.43\pic18-lt\cxx-framework\src\traditional\stdclib\vfprintf.c
                  __pa_41   0x004fea    program     static D:\3.43\pic18-lt\cxx-framework\src\traditional\stdclib\vfprintf.c
                  __pa_42   0x004ff2    program     static D:\3.43\pic18-lt\cxx-framework\src\traditional\stdclib\vfprintf.c
                  __pa_43   0x004ffc    program     static D:\3.43\pic18-lt\cxx-framework\src\traditional\stdclib\vfprintf.c
                  __pa_44   0x005002    program     static D:\3.43\pic18-lt\cxx-framework\src\traditional\stdclib\vfprintf.c
                  __pa_45   0x00500c    program     static D:\3.43\pic18-lt\cxx-framework\src\traditional\stdclib\vfprintf.c
                  __pa_46   0x005018    program     static D:\3.43\pic18-lt\cxx-framework\src\traditional\stdclib\vfprintf.c
                   __pa_5   0x004d88    program     static D:\3.43\pic18-lt\cxx-framework\src\traditional\stdclib\vfprintf.c
                   __pa_6   0x004da4    program     static D:\3.43\pic18-lt\cxx-framework\src\traditional\stdclib\vfprintf.c
                   __pa_7   0x004dae    program     static D:\3.43\pic18-lt\cxx-framework\src\traditional\stdclib\vfprintf.c
                   __pa_8   0x004dba    program     static D:\3.43\pic18-lt\cxx-framework\src\traditional\stdclib\vfprintf.c
                   __pa_9   0x004ddc    program     static D:\3.43\pic18-lt\cxx-framework\src\traditional\stdclib\vfprintf.c
               __string_0   0x005a5e    program     static D:\Erectric\PIC-project\PIC-project\PIC 18f\pic18f2550\circle_test2\circle_test2\main.c
               __string_1   0x005a47    program     static D:\Erectric\PIC-project\PIC-project\PIC 18f\pic18f2550\circle_test2\circle_test2\main.c
               __string_2   0x005a3e    program     static D:\Erectric\PIC-project\PIC-project\PIC 18f\pic18f2550\circle_test2\circle_test2\main.c
              __tmplbl_33   0x0027d4    program     static                          
              __tmplbl_34   0x0027d4    program     static                          
              __tmplbl_42   0x004ed6    program     static                          
              __tmplbl_43   0x004d1e    program     static                          
              __tmplbl_44   0x004d04    program     static                          
              __tmplbl_85   0x004456    program     static                          
            __zero_memory   0x005b0a    program     extern D:\3.43\pic18-lt\cxx-framework\src\traditional\proc\p18f2550.asm
                _do_cinit   0x0056cc    program     extern D:\3.43\pic18-lt\cxx-framework\src\traditional\startup\c018i.c
                   _entry   0x000000    program     extern D:\3.43\pic18-lt\cxx-framework\src\traditional\startup\c018i.c
                   _false   0x0059fc    program     static                          
                 _startup   0x005b2a    program     extern D:\3.43\pic18-lt\cxx-framework\src\traditional\startup\c018i.c
              _usart_putc   0x005b46    program     extern D:\3.43\pic18-lt\cxx-framework\src\pmc_common\USART\_usartpc.asm
               _user_putc   0x005baa    program     extern D:\3.43\pic18-lt\cxx-framework\src\traditional\stdclib\_user_putc.c
                compare_l   0x005b20    program     static D:\3.43\pic18-lt\cxx-framework\src\traditional\proc\p18f2550.asm
                copy_loop   0x00573e    program     static                          
            copy_one_byte   0x005744    program     static                          
                     done   0x005768    program     static                          
             done_copying   0x005752    program     static                          
                  endloop   0x005ac0    program     static                          
            font_patt_816   0x0033fc    program     extern D:\Erectric\PIC-project\PIC-project\PIC 18f\pic18f2550\circle_test2\circle_test2\font_patt.h
                  isdigit   0x005ac6    program     extern D:\3.43\pic18-lt\cxx-framework\src\traditional\stdclib\isdigit.asm
                 jANotInf   0x00506a    program     static D:\3.43\pic18-lt\cxx-framework\src\traditional\math\divFP.asm
                jANotZero   0x00507e    program     static D:\3.43\pic18-lt\cxx-framework\src\traditional\math\divFP.asm
                     jEnd   0x00596e    program     static D:\3.43\pic18-lt\cxx-framework\src\traditional\stdclib\strlen.asm
                     jEnd   0x0059a6    program     static D:\3.43\pic18-lt\cxx-framework\src\traditional\stdclib\slenpgm.asm
                    jExit   0x00525c    program     static D:\3.43\pic18-lt\cxx-framework\src\traditional\math\castFP16.asm
                jI2F16Beg   0x005036    program     static D:\3.43\pic18-lt\cxx-framework\src\traditional\math\cast16FP.asm
                    jLoop   0x00523c    program     static D:\3.43\pic18-lt\cxx-framework\src\traditional\math\castFP16.asm
                    jLoop   0x005964    program     static D:\3.43\pic18-lt\cxx-framework\src\traditional\stdclib\strlen.asm
                    jLoop   0x00598e    program     static D:\3.43\pic18-lt\cxx-framework\src\traditional\stdclib\slenpgm.asm
                    jLoop   0x0050a6    program     static D:\3.43\pic18-lt\cxx-framework\src\traditional\math\divFP.asm
                jLoopExit   0x00524c    program     static D:\3.43\pic18-lt\cxx-framework\src\traditional\math\castFP16.asm
                   jMatch   0x005ae6    program     static D:\3.43\pic18-lt\cxx-framework\src\traditional\stdclib\isdigit.asm
                     jMax   0x005210    program     static D:\3.43\pic18-lt\cxx-framework\src\traditional\math\castFP16.asm
                  jMaxNeg   0x00521e    program     static D:\3.43\pic18-lt\cxx-framework\src\traditional\math\castFP16.asm
                  jMaxPos   0x005214    program     static D:\3.43\pic18-lt\cxx-framework\src\traditional\math\castFP16.asm
                    jNext   0x0050cc    program     static D:\3.43\pic18-lt\cxx-framework\src\traditional\math\divFP.asm
                jNoAdjust   0x0050ca    program     static D:\3.43\pic18-lt\cxx-framework\src\traditional\math\divFP.asm
                 jNoMatch   0x005ae8    program     static D:\3.43\pic18-lt\cxx-framework\src\traditional\stdclib\isdigit.asm
                  jNotInf   0x00522c    program     static D:\3.43\pic18-lt\cxx-framework\src\traditional\math\castFP16.asm
                  jPkLoop   0x0052a4    program     static D:\3.43\pic18-lt\cxx-framework\src\traditional\math\packFP.asm
             jPkRoundDone   0x0052ee    program     static D:\3.43\pic18-lt\cxx-framework\src\traditional\math\packFP.asm
               jPkRoundIt   0x0052d6    program     static D:\3.43\pic18-lt\cxx-framework\src\traditional\math\packFP.asm
             jPkShiftDone   0x0052c0    program     static D:\3.43\pic18-lt\cxx-framework\src\traditional\math\packFP.asm
           jReturnPosInf0   0x00527a    program     static D:\3.43\pic18-lt\cxx-framework\src\traditional\math\packFP.asm
              jSignedZero   0x005074    program     static D:\3.43\pic18-lt\cxx-framework\src\traditional\math\divFP.asm
                  jUnpkA1   0x005318    program     static D:\3.43\pic18-lt\cxx-framework\src\traditional\math\UnpackFP.asm
                  jUnpkA2   0x005330    program     static D:\3.43\pic18-lt\cxx-framework\src\traditional\math\UnpackFP.asm
                 jUnpkANZ   0x005326    program     static D:\3.43\pic18-lt\cxx-framework\src\traditional\math\UnpackFP.asm
                  jUnpkB1   0x005348    program     static D:\3.43\pic18-lt\cxx-framework\src\traditional\math\UnpackFP.asm
                  jUnpkB2   0x005360    program     static D:\3.43\pic18-lt\cxx-framework\src\traditional\math\UnpackFP.asm
                 jUnpkBNZ   0x005356    program     static D:\3.43\pic18-lt\cxx-framework\src\traditional\math\UnpackFP.asm
                 jUnpkNaN   0x00533a    program     static D:\3.43\pic18-lt\cxx-framework\src\traditional\math\UnpackFP.asm
                    jZero   0x005226    program     static D:\3.43\pic18-lt\cxx-framework\src\traditional\math\castFP16.asm
               jZero1and2   0x00527e    program     static D:\3.43\pic18-lt\cxx-framework\src\traditional\math\packFP.asm
                     loop   0x005b56    program     static D:\3.43\pic18-lt\cxx-framework\src\pmc_common\USART\_usartpc.asm
                     loop   0x005aa4    program     static                          
                     loop   0x0059c8    program     static                          
                     loop   0x005b3a    program     static                          
                   loop_h   0x005b18    program     static D:\3.43\pic18-lt\cxx-framework\src\traditional\proc\p18f2550.asm
                   loop_l   0x005b22    program     static D:\3.43\pic18-lt\cxx-framework\src\traditional\proc\p18f2550.asm
                     main   0x0053a6    program     extern D:\Erectric\PIC-project\PIC-project\PIC 18f\pic18f2550\circle_test2\circle_test2\main.c
                  my_sqrt   0x0027e8    program     extern D:\Erectric\PIC-project\PIC-project\PIC 18f\pic18f2550\circle_test2\circle_test2\YHY024006A.c
                     putc   0x0057f2    program     extern D:\3.43\pic18-lt\cxx-framework\src\traditional\stdclib\putc.c
                     rand   0x005a10    program     extern D:\3.43\pic18-lt\cxx-framework\src\traditional\stdclib\rand.asm
                 s_digits   0x005b8a    program     static D:\3.43\pic18-lt\cxx-framework\src\traditional\stdclib\vfprintf.c
            s_put_n_chars   0x004400    program     static D:\3.43\pic18-lt\cxx-framework\src\traditional\stdclib\vfprintf.c
                    srand   0x005a02    program     extern D:\3.43\pic18-lt\cxx-framework\src\traditional\stdclib\rand.asm
                   strlen   0x005954    program     extern D:\3.43\pic18-lt\cxx-framework\src\traditional\stdclib\strlen.asm
                strlenpgm   0x005970    program     extern D:\3.43\pic18-lt\cxx-framework\src\traditional\stdclib\slenpgm.asm
                     test   0x0056e6    program     static                          
                 vfprintf   0x00442c    program     extern D:\3.43\pic18-lt\cxx-framework\src\traditional\stdclib\vfprintf.c
                 vsprintf   0x00576a    program     extern D:\3.43\pic18-lt\cxx-framework\src\traditional\stdclib\vsprintf.c
                  wait_ms   0x000014    program     extern D:\Erectric\PIC-project\PIC-project\PIC 18f\pic18f2550\circle_test2\circle_test2\YHY024006A.c
                  wait_us   0x000048    program     extern D:\Erectric\PIC-project\PIC-project\PIC 18f\pic18f2550\circle_test2\circle_test2\YHY024006A.c
               zero_block   0x005b18    program     static D:\3.43\pic18-lt\cxx-framework\src\traditional\proc\p18f2550.asm
                   ADCON0   0x000fc2       data     extern D:\3.43\pic18-lt\cxx-framework\src\traditional\proc\p18f2550.asm
               ADCON0bits   0x000fc2       data     extern D:\3.43\pic18-lt\cxx-framework\src\traditional\proc\p18f2550.asm
                   ADCON1   0x000fc1       data     extern D:\3.43\pic18-lt\cxx-framework\src\traditional\proc\p18f2550.asm
               ADCON1bits   0x000fc1       data     extern D:\3.43\pic18-lt\cxx-framework\src\traditional\proc\p18f2550.asm
                   ADCON2   0x000fc0       data     extern D:\3.43\pic18-lt\cxx-framework\src\traditional\proc\p18f2550.asm
               ADCON2bits   0x000fc0       data     extern D:\3.43\pic18-lt\cxx-framework\src\traditional\proc\p18f2550.asm
                    ADRES   0x000fc3       data     extern D:\3.43\pic18-lt\cxx-framework\src\traditional\proc\p18f2550.asm
                   ADRESH   0x000fc4       data     extern D:\3.43\pic18-lt\cxx-framework\src\traditional\proc\p18f2550.asm
                   ADRESL   0x000fc3       data     extern D:\3.43\pic18-lt\cxx-framework\src\traditional\proc\p18f2550.asm
                  BAUDCON   0x000fb8       data     extern D:\3.43\pic18-lt\cxx-framework\src\traditional\proc\p18f2550.asm
              BAUDCONbits   0x000fb8       data     extern D:\3.43\pic18-lt\cxx-framework\src\traditional\proc\p18f2550.asm
                  BAUDCTL   0x000fb8       data     extern D:\3.43\pic18-lt\cxx-framework\src\traditional\proc\p18f2550.asm
              BAUDCTLbits   0x000fb8       data     extern D:\3.43\pic18-lt\cxx-framework\src\traditional\proc\p18f2550.asm
                      BSR   0x000fe0       data     extern D:\3.43\pic18-lt\cxx-framework\src\traditional\proc\p18f2550.asm
                   CCP1AS   0x000fb6       data     extern D:\3.43\pic18-lt\cxx-framework\src\traditional\proc\p18f2550.asm
               CCP1ASbits   0x000fb6       data     extern D:\3.43\pic18-lt\cxx-framework\src\traditional\proc\p18f2550.asm
                  CCP1CON   0x000fbd       data     extern D:\3.43\pic18-lt\cxx-framework\src\traditional\proc\p18f2550.asm
              CCP1CONbits   0x000fbd       data     extern D:\3.43\pic18-lt\cxx-framework\src\traditional\proc\p18f2550.asm
                  CCP1DEL   0x000fb7       data     extern D:\3.43\pic18-lt\cxx-framework\src\traditional\proc\p18f2550.asm
              CCP1DELbits   0x000fb7       data     extern D:\3.43\pic18-lt\cxx-framework\src\traditional\proc\p18f2550.asm
                  CCP2CON   0x000fba       data     extern D:\3.43\pic18-lt\cxx-framework\src\traditional\proc\p18f2550.asm
              CCP2CONbits   0x000fba       data     extern D:\3.43\pic18-lt\cxx-framework\src\traditional\proc\p18f2550.asm
                    CCPR1   0x000fbe       data     extern D:\3.43\pic18-lt\cxx-framework\src\traditional\proc\p18f2550.asm
                   CCPR1H   0x000fbf       data     extern D:\3.43\pic18-lt\cxx-framework\src\traditional\proc\p18f2550.asm
                   CCPR1L   0x000fbe       data     extern D:\3.43\pic18-lt\cxx-framework\src\traditional\proc\p18f2550.asm
                    CCPR2   0x000fbb       data     extern D:\3.43\pic18-lt\cxx-framework\src\traditional\proc\p18f2550.asm
                   CCPR2H   0x000fbc       data     extern D:\3.43\pic18-lt\cxx-framework\src\traditional\proc\p18f2550.asm
                   CCPR2L   0x000fbb       data     extern D:\3.43\pic18-lt\cxx-framework\src\traditional\proc\p18f2550.asm
                    CMCON   0x000fb4       data     extern D:\3.43\pic18-lt\cxx-framework\src\traditional\proc\p18f2550.asm
                CMCONbits   0x000fb4       data     extern D:\3.43\pic18-lt\cxx-framework\src\traditional\proc\p18f2550.asm
                   CVRCON   0x000fb5       data     extern D:\3.43\pic18-lt\cxx-framework\src\traditional\proc\p18f2550.asm
               CVRCONbits   0x000fb5       data     extern D:\3.43\pic18-lt\cxx-framework\src\traditional\proc\p18f2550.asm
                     DDRA   0x000f92       data     extern D:\3.43\pic18-lt\cxx-framework\src\traditional\proc\p18f2550.asm
                 DDRAbits   0x000f92       data     extern D:\3.43\pic18-lt\cxx-framework\src\traditional\proc\p18f2550.asm
                     DDRB   0x000f93       data     extern D:\3.43\pic18-lt\cxx-framework\src\traditional\proc\p18f2550.asm
                 DDRBbits   0x000f93       data     extern D:\3.43\pic18-lt\cxx-framework\src\traditional\proc\p18f2550.asm
                     DDRC   0x000f94       data     extern D:\3.43\pic18-lt\cxx-framework\src\traditional\proc\p18f2550.asm
                 DDRCbits   0x000f94       data     extern D:\3.43\pic18-lt\cxx-framework\src\traditional\proc\p18f2550.asm
            DelayCounter1   0x000034       data     extern D:\3.43\pic18-lt\cxx-framework\src\traditional\delays\delayd1.asm
                  ECCP1AS   0x000fb6       data     extern D:\3.43\pic18-lt\cxx-framework\src\traditional\proc\p18f2550.asm
              ECCP1ASbits   0x000fb6       data     extern D:\3.43\pic18-lt\cxx-framework\src\traditional\proc\p18f2550.asm
                 ECCP1DEL   0x000fb7       data     extern D:\3.43\pic18-lt\cxx-framework\src\traditional\proc\p18f2550.asm
             ECCP1DELbits   0x000fb7       data     extern D:\3.43\pic18-lt\cxx-framework\src\traditional\proc\p18f2550.asm
                    EEADR   0x000fa9       data     extern D:\3.43\pic18-lt\cxx-framework\src\traditional\proc\p18f2550.asm
                   EECON1   0x000fa6       data     extern D:\3.43\pic18-lt\cxx-framework\src\traditional\proc\p18f2550.asm
               EECON1bits   0x000fa6       data     extern D:\3.43\pic18-lt\cxx-framework\src\traditional\proc\p18f2550.asm
                   EECON2   0x000fa7       data     extern D:\3.43\pic18-lt\cxx-framework\src\traditional\proc\p18f2550.asm
                   EEDATA   0x000fa8       data     extern D:\3.43\pic18-lt\cxx-framework\src\traditional\proc\p18f2550.asm
                     FSR0   0x000fe9       data     extern D:\3.43\pic18-lt\cxx-framework\src\traditional\proc\p18f2550.asm
                    FSR0H   0x000fea       data     extern D:\3.43\pic18-lt\cxx-framework\src\traditional\proc\p18f2550.asm
                    FSR0L   0x000fe9       data     extern D:\3.43\pic18-lt\cxx-framework\src\traditional\proc\p18f2550.asm
                     FSR1   0x000fe1       data     extern D:\3.43\pic18-lt\cxx-framework\src\traditional\proc\p18f2550.asm
                    FSR1H   0x000fe2       data     extern D:\3.43\pic18-lt\cxx-framework\src\traditional\proc\p18f2550.asm
                    FSR1L   0x000fe1       data     extern D:\3.43\pic18-lt\cxx-framework\src\traditional\proc\p18f2550.asm
                     FSR2   0x000fd9       data     extern D:\3.43\pic18-lt\cxx-framework\src\traditional\proc\p18f2550.asm
                    FSR2H   0x000fda       data     extern D:\3.43\pic18-lt\cxx-framework\src\traditional\proc\p18f2550.asm
                    FSR2L   0x000fd9       data     extern D:\3.43\pic18-lt\cxx-framework\src\traditional\proc\p18f2550.asm
                  HLVDCON   0x000fd2       data     extern D:\3.43\pic18-lt\cxx-framework\src\traditional\proc\p18f2550.asm
              HLVDCONbits   0x000fd2       data     extern D:\3.43\pic18-lt\cxx-framework\src\traditional\proc\p18f2550.asm
                    INDF0   0x000fef       data     extern D:\3.43\pic18-lt\cxx-framework\src\traditional\proc\p18f2550.asm
                    INDF1   0x000fe7       data     extern D:\3.43\pic18-lt\cxx-framework\src\traditional\proc\p18f2550.asm
                    INDF2   0x000fdf       data     extern D:\3.43\pic18-lt\cxx-framework\src\traditional\proc\p18f2550.asm
                   INTCON   0x000ff2       data     extern D:\3.43\pic18-lt\cxx-framework\src\traditional\proc\p18f2550.asm
                  INTCON2   0x000ff1       data     extern D:\3.43\pic18-lt\cxx-framework\src\traditional\proc\p18f2550.asm
              INTCON2bits   0x000ff1       data     extern D:\3.43\pic18-lt\cxx-framework\src\traditional\proc\p18f2550.asm
                  INTCON3   0x000ff0       data     extern D:\3.43\pic18-lt\cxx-framework\src\traditional\proc\p18f2550.asm
              INTCON3bits   0x000ff0       data     extern D:\3.43\pic18-lt\cxx-framework\src\traditional\proc\p18f2550.asm
               INTCONbits   0x000ff2       data     extern D:\3.43\pic18-lt\cxx-framework\src\traditional\proc\p18f2550.asm
                     IPR1   0x000f9f       data     extern D:\3.43\pic18-lt\cxx-framework\src\traditional\proc\p18f2550.asm
                 IPR1bits   0x000f9f       data     extern D:\3.43\pic18-lt\cxx-framework\src\traditional\proc\p18f2550.asm
                     IPR2   0x000fa2       data     extern D:\3.43\pic18-lt\cxx-framework\src\traditional\proc\p18f2550.asm
                 IPR2bits   0x000fa2       data     extern D:\3.43\pic18-lt\cxx-framework\src\traditional\proc\p18f2550.asm
                     LATA   0x000f89       data     extern D:\3.43\pic18-lt\cxx-framework\src\traditional\proc\p18f2550.asm
                 LATAbits   0x000f89       data     extern D:\3.43\pic18-lt\cxx-framework\src\traditional\proc\p18f2550.asm
                     LATB   0x000f8a       data     extern D:\3.43\pic18-lt\cxx-framework\src\traditional\proc\p18f2550.asm
                 LATBbits   0x000f8a       data     extern D:\3.43\pic18-lt\cxx-framework\src\traditional\proc\p18f2550.asm
                     LATC   0x000f8b       data     extern D:\3.43\pic18-lt\cxx-framework\src\traditional\proc\p18f2550.asm
                 LATCbits   0x000f8b       data     extern D:\3.43\pic18-lt\cxx-framework\src\traditional\proc\p18f2550.asm
                   LVDCON   0x000fd2       data     extern D:\3.43\pic18-lt\cxx-framework\src\traditional\proc\p18f2550.asm
               LVDCONbits   0x000fd2       data     extern D:\3.43\pic18-lt\cxx-framework\src\traditional\proc\p18f2550.asm
                   OSCCON   0x000fd3       data     extern D:\3.43\pic18-lt\cxx-framework\src\traditional\proc\p18f2550.asm
               OSCCONbits   0x000fd3       data     extern D:\3.43\pic18-lt\cxx-framework\src\traditional\proc\p18f2550.asm
                  OSCTUNE   0x000f9b       data     extern D:\3.43\pic18-lt\cxx-framework\src\traditional\proc\p18f2550.asm
              OSCTUNEbits   0x000f9b       data     extern D:\3.43\pic18-lt\cxx-framework\src\traditional\proc\p18f2550.asm
                       PC   0x000ff9       data     extern D:\3.43\pic18-lt\cxx-framework\src\traditional\proc\p18f2550.asm
                      PCL   0x000ff9       data     extern D:\3.43\pic18-lt\cxx-framework\src\traditional\proc\p18f2550.asm
                   PCLATH   0x000ffa       data     extern D:\3.43\pic18-lt\cxx-framework\src\traditional\proc\p18f2550.asm
                   PCLATU   0x000ffb       data     extern D:\3.43\pic18-lt\cxx-framework\src\traditional\proc\p18f2550.asm
                     PIE1   0x000f9d       data     extern D:\3.43\pic18-lt\cxx-framework\src\traditional\proc\p18f2550.asm
                 PIE1bits   0x000f9d       data     extern D:\3.43\pic18-lt\cxx-framework\src\traditional\proc\p18f2550.asm
                     PIE2   0x000fa0       data     extern D:\3.43\pic18-lt\cxx-framework\src\traditional\proc\p18f2550.asm
                 PIE2bits   0x000fa0       data     extern D:\3.43\pic18-lt\cxx-framework\src\traditional\proc\p18f2550.asm
                     PIR1   0x000f9e       data     extern D:\3.43\pic18-lt\cxx-framework\src\traditional\proc\p18f2550.asm
                 PIR1bits   0x000f9e       data     extern D:\3.43\pic18-lt\cxx-framework\src\traditional\proc\p18f2550.asm
                     PIR2   0x000fa1       data     extern D:\3.43\pic18-lt\cxx-framework\src\traditional\proc\p18f2550.asm
                 PIR2bits   0x000fa1       data     extern D:\3.43\pic18-lt\cxx-framework\src\traditional\proc\p18f2550.asm
                   PLUSW0   0x000feb       data     extern D:\3.43\pic18-lt\cxx-framework\src\traditional\proc\p18f2550.asm
                   PLUSW1   0x000fe3       data     extern D:\3.43\pic18-lt\cxx-framework\src\traditional\proc\p18f2550.asm
                   PLUSW2   0x000fdb       data     extern D:\3.43\pic18-lt\cxx-framework\src\traditional\proc\p18f2550.asm
                    PORTA   0x000f80       data     extern D:\3.43\pic18-lt\cxx-framework\src\traditional\proc\p18f2550.asm
                PORTAbits   0x000f80       data     extern D:\3.43\pic18-lt\cxx-framework\src\traditional\proc\p18f2550.asm
                    PORTB   0x000f81       data     extern D:\3.43\pic18-lt\cxx-framework\src\traditional\proc\p18f2550.asm
                PORTBbits   0x000f81       data     extern D:\3.43\pic18-lt\cxx-framework\src\traditional\proc\p18f2550.asm
                    PORTC   0x000f82       data     extern D:\3.43\pic18-lt\cxx-framework\src\traditional\proc\p18f2550.asm
                PORTCbits   0x000f82       data     extern D:\3.43\pic18-lt\cxx-framework\src\traditional\proc\p18f2550.asm
                    PORTE   0x000f84       data     extern D:\3.43\pic18-lt\cxx-framework\src\traditional\proc\p18f2550.asm
                PORTEbits   0x000f84       data     extern D:\3.43\pic18-lt\cxx-framework\src\traditional\proc\p18f2550.asm
                 POSTDEC0   0x000fed       data     extern D:\3.43\pic18-lt\cxx-framework\src\traditional\proc\p18f2550.asm
                 POSTDEC1   0x000fe5       data     extern D:\3.43\pic18-lt\cxx-framework\src\traditional\proc\p18f2550.asm
                 POSTDEC2   0x000fdd       data     extern D:\3.43\pic18-lt\cxx-framework\src\traditional\proc\p18f2550.asm
                 POSTINC0   0x000fee       data     extern D:\3.43\pic18-lt\cxx-framework\src\traditional\proc\p18f2550.asm
                 POSTINC1   0x000fe6       data     extern D:\3.43\pic18-lt\cxx-framework\src\traditional\proc\p18f2550.asm
                 POSTINC2   0x000fde       data     extern D:\3.43\pic18-lt\cxx-framework\src\traditional\proc\p18f2550.asm
                      PR2   0x000fcb       data     extern D:\3.43\pic18-lt\cxx-framework\src\traditional\proc\p18f2550.asm
                  PREINC0   0x000fec       data     extern D:\3.43\pic18-lt\cxx-framework\src\traditional\proc\p18f2550.asm
                  PREINC1   0x000fe4       data     extern D:\3.43\pic18-lt\cxx-framework\src\traditional\proc\p18f2550.asm
                  PREINC2   0x000fdc       data     extern D:\3.43\pic18-lt\cxx-framework\src\traditional\proc\p18f2550.asm
                     PROD   0x000ff3       data     extern D:\3.43\pic18-lt\cxx-framework\src\traditional\proc\p18f2550.asm
                    PRODH   0x000ff4       data     extern D:\3.43\pic18-lt\cxx-framework\src\traditional\proc\p18f2550.asm
                    PRODL   0x000ff3       data     extern D:\3.43\pic18-lt\cxx-framework\src\traditional\proc\p18f2550.asm
                     RCON   0x000fd0       data     extern D:\3.43\pic18-lt\cxx-framework\src\traditional\proc\p18f2550.asm
                 RCONbits   0x000fd0       data     extern D:\3.43\pic18-lt\cxx-framework\src\traditional\proc\p18f2550.asm
                    RCREG   0x000fae       data     extern D:\3.43\pic18-lt\cxx-framework\src\traditional\proc\p18f2550.asm
                    RCSTA   0x000fab       data     extern D:\3.43\pic18-lt\cxx-framework\src\traditional\proc\p18f2550.asm
                RCSTAbits   0x000fab       data     extern D:\3.43\pic18-lt\cxx-framework\src\traditional\proc\p18f2550.asm
                     SIGN   0x000020       data     extern D:\3.43\pic18-lt\cxx-framework\src\traditional\math\cmath18.asm
                    SPBRG   0x000faf       data     extern D:\3.43\pic18-lt\cxx-framework\src\traditional\proc\p18f2550.asm
                   SPBRGH   0x000fb0       data     extern D:\3.43\pic18-lt\cxx-framework\src\traditional\proc\p18f2550.asm
                   SSPADD   0x000fc8       data     extern D:\3.43\pic18-lt\cxx-framework\src\traditional\proc\p18f2550.asm
                   SSPBUF   0x000fc9       data     extern D:\3.43\pic18-lt\cxx-framework\src\traditional\proc\p18f2550.asm
                  SSPCON1   0x000fc6       data     extern D:\3.43\pic18-lt\cxx-framework\src\traditional\proc\p18f2550.asm
              SSPCON1bits   0x000fc6       data     extern D:\3.43\pic18-lt\cxx-framework\src\traditional\proc\p18f2550.asm
                  SSPCON2   0x000fc5       data     extern D:\3.43\pic18-lt\cxx-framework\src\traditional\proc\p18f2550.asm
              SSPCON2bits   0x000fc5       data     extern D:\3.43\pic18-lt\cxx-framework\src\traditional\proc\p18f2550.asm
                  SSPSTAT   0x000fc7       data     extern D:\3.43\pic18-lt\cxx-framework\src\traditional\proc\p18f2550.asm
              SSPSTATbits   0x000fc7       data     extern D:\3.43\pic18-lt\cxx-framework\src\traditional\proc\p18f2550.asm
                   STATUS   0x000fd8       data     extern D:\3.43\pic18-lt\cxx-framework\src\traditional\proc\p18f2550.asm
               STATUSbits   0x000fd8       data     extern D:\3.43\pic18-lt\cxx-framework\src\traditional\proc\p18f2550.asm
                   STKPTR   0x000ffc       data     extern D:\3.43\pic18-lt\cxx-framework\src\traditional\proc\p18f2550.asm
               STKPTRbits   0x000ffc       data     extern D:\3.43\pic18-lt\cxx-framework\src\traditional\proc\p18f2550.asm
                     Seed   0x00008e       data     static D:\3.43\pic18-lt\cxx-framework\src\traditional\stdclib\rand.asm
                    T0CON   0x000fd5       data     extern D:\3.43\pic18-lt\cxx-framework\src\traditional\proc\p18f2550.asm
                T0CONbits   0x000fd5       data     extern D:\3.43\pic18-lt\cxx-framework\src\traditional\proc\p18f2550.asm
                    T1CON   0x000fcd       data     extern D:\3.43\pic18-lt\cxx-framework\src\traditional\proc\p18f2550.asm
                T1CONbits   0x000fcd       data     extern D:\3.43\pic18-lt\cxx-framework\src\traditional\proc\p18f2550.asm
                    T2CON   0x000fca       data     extern D:\3.43\pic18-lt\cxx-framework\src\traditional\proc\p18f2550.asm
                T2CONbits   0x000fca       data     extern D:\3.43\pic18-lt\cxx-framework\src\traditional\proc\p18f2550.asm
                    T3CON   0x000fb1       data     extern D:\3.43\pic18-lt\cxx-framework\src\traditional\proc\p18f2550.asm
                T3CONbits   0x000fb1       data     extern D:\3.43\pic18-lt\cxx-framework\src\traditional\proc\p18f2550.asm
                   TABLAT   0x000ff5       data     extern D:\3.43\pic18-lt\cxx-framework\src\traditional\proc\p18f2550.asm
                   TBLPTR   0x000ff6       data     extern D:\3.43\pic18-lt\cxx-framework\src\traditional\proc\p18f2550.asm
                  TBLPTRH   0x000ff7       data     extern D:\3.43\pic18-lt\cxx-framework\src\traditional\proc\p18f2550.asm
                  TBLPTRL   0x000ff6       data     extern D:\3.43\pic18-lt\cxx-framework\src\traditional\proc\p18f2550.asm
                  TBLPTRU   0x000ff8       data     extern D:\3.43\pic18-lt\cxx-framework\src\traditional\proc\p18f2550.asm
                    TMR0H   0x000fd7       data     extern D:\3.43\pic18-lt\cxx-framework\src\traditional\proc\p18f2550.asm
                    TMR0L   0x000fd6       data     extern D:\3.43\pic18-lt\cxx-framework\src\traditional\proc\p18f2550.asm
                    TMR1H   0x000fcf       data     extern D:\3.43\pic18-lt\cxx-framework\src\traditional\proc\p18f2550.asm
                    TMR1L   0x000fce       data     extern D:\3.43\pic18-lt\cxx-framework\src\traditional\proc\p18f2550.asm
                     TMR2   0x000fcc       data     extern D:\3.43\pic18-lt\cxx-framework\src\traditional\proc\p18f2550.asm
                    TMR3H   0x000fb3       data     extern D:\3.43\pic18-lt\cxx-framework\src\traditional\proc\p18f2550.asm
                    TMR3L   0x000fb2       data     extern D:\3.43\pic18-lt\cxx-framework\src\traditional\proc\p18f2550.asm
                      TOS   0x000ffd       data     extern D:\3.43\pic18-lt\cxx-framework\src\traditional\proc\p18f2550.asm
                     TOSH   0x000ffe       data     extern D:\3.43\pic18-lt\cxx-framework\src\traditional\proc\p18f2550.asm
                     TOSL   0x000ffd       data     extern D:\3.43\pic18-lt\cxx-framework\src\traditional\proc\p18f2550.asm
                     TOSU   0x000fff       data     extern D:\3.43\pic18-lt\cxx-framework\src\traditional\proc\p18f2550.asm
                    TRISA   0x000f92       data     extern D:\3.43\pic18-lt\cxx-framework\src\traditional\proc\p18f2550.asm
                TRISAbits   0x000f92       data     extern D:\3.43\pic18-lt\cxx-framework\src\traditional\proc\p18f2550.asm
                    TRISB   0x000f93       data     extern D:\3.43\pic18-lt\cxx-framework\src\traditional\proc\p18f2550.asm
                TRISBbits   0x000f93       data     extern D:\3.43\pic18-lt\cxx-framework\src\traditional\proc\p18f2550.asm
                    TRISC   0x000f94       data     extern D:\3.43\pic18-lt\cxx-framework\src\traditional\proc\p18f2550.asm
                TRISCbits   0x000f94       data     extern D:\3.43\pic18-lt\cxx-framework\src\traditional\proc\p18f2550.asm
                    TXREG   0x000fad       data     extern D:\3.43\pic18-lt\cxx-framework\src\traditional\proc\p18f2550.asm
                    TXSTA   0x000fac       data     extern D:\3.43\pic18-lt\cxx-framework\src\traditional\proc\p18f2550.asm
                TXSTAbits   0x000fac       data     extern D:\3.43\pic18-lt\cxx-framework\src\traditional\proc\p18f2550.asm
                    UADDR   0x000f6e       data     extern D:\3.43\pic18-lt\cxx-framework\src\traditional\proc\p18f2550.asm
                UADDRbits   0x000f6e       data     extern D:\3.43\pic18-lt\cxx-framework\src\traditional\proc\p18f2550.asm
                     UCFG   0x000f6f       data     extern D:\3.43\pic18-lt\cxx-framework\src\traditional\proc\p18f2550.asm
                 UCFGbits   0x000f6f       data     extern D:\3.43\pic18-lt\cxx-framework\src\traditional\proc\p18f2550.asm
                     UCON   0x000f6d       data     extern D:\3.43\pic18-lt\cxx-framework\src\traditional\proc\p18f2550.asm
                 UCONbits   0x000f6d       data     extern D:\3.43\pic18-lt\cxx-framework\src\traditional\proc\p18f2550.asm
                     UEIE   0x000f6b       data     extern D:\3.43\pic18-lt\cxx-framework\src\traditional\proc\p18f2550.asm
                 UEIEbits   0x000f6b       data     extern D:\3.43\pic18-lt\cxx-framework\src\traditional\proc\p18f2550.asm
                     UEIR   0x000f6a       data     extern D:\3.43\pic18-lt\cxx-framework\src\traditional\proc\p18f2550.asm
                 UEIRbits   0x000f6a       data     extern D:\3.43\pic18-lt\cxx-framework\src\traditional\proc\p18f2550.asm
                     UEP0   0x000f70       data     extern D:\3.43\pic18-lt\cxx-framework\src\traditional\proc\p18f2550.asm
                 UEP0bits   0x000f70       data     extern D:\3.43\pic18-lt\cxx-framework\src\traditional\proc\p18f2550.asm
                     UEP1   0x000f71       data     extern D:\3.43\pic18-lt\cxx-framework\src\traditional\proc\p18f2550.asm
                    UEP10   0x000f7a       data     extern D:\3.43\pic18-lt\cxx-framework\src\traditional\proc\p18f2550.asm
                UEP10bits   0x000f7a       data     extern D:\3.43\pic18-lt\cxx-framework\src\traditional\proc\p18f2550.asm
                    UEP11   0x000f7b       data     extern D:\3.43\pic18-lt\cxx-framework\src\traditional\proc\p18f2550.asm
                UEP11bits   0x000f7b       data     extern D:\3.43\pic18-lt\cxx-framework\src\traditional\proc\p18f2550.asm
                    UEP12   0x000f7c       data     extern D:\3.43\pic18-lt\cxx-framework\src\traditional\proc\p18f2550.asm
                UEP12bits   0x000f7c       data     extern D:\3.43\pic18-lt\cxx-framework\src\traditional\proc\p18f2550.asm
                    UEP13   0x000f7d       data     extern D:\3.43\pic18-lt\cxx-framework\src\traditional\proc\p18f2550.asm
                UEP13bits   0x000f7d       data     extern D:\3.43\pic18-lt\cxx-framework\src\traditional\proc\p18f2550.asm
                    UEP14   0x000f7e       data     extern D:\3.43\pic18-lt\cxx-framework\src\traditional\proc\p18f2550.asm
                UEP14bits   0x000f7e       data     extern D:\3.43\pic18-lt\cxx-framework\src\traditional\proc\p18f2550.asm
                    UEP15   0x000f7f       data     extern D:\3.43\pic18-lt\cxx-framework\src\traditional\proc\p18f2550.asm
                UEP15bits   0x000f7f       data     extern D:\3.43\pic18-lt\cxx-framework\src\traditional\proc\p18f2550.asm
                 UEP1bits   0x000f71       data     extern D:\3.43\pic18-lt\cxx-framework\src\traditional\proc\p18f2550.asm
                     UEP2   0x000f72       data     extern D:\3.43\pic18-lt\cxx-framework\src\traditional\proc\p18f2550.asm
                 UEP2bits   0x000f72       data     extern D:\3.43\pic18-lt\cxx-framework\src\traditional\proc\p18f2550.asm
                     UEP3   0x000f73       data     extern D:\3.43\pic18-lt\cxx-framework\src\traditional\proc\p18f2550.asm
                 UEP3bits   0x000f73       data     extern D:\3.43\pic18-lt\cxx-framework\src\traditional\proc\p18f2550.asm
                     UEP4   0x000f74       data     extern D:\3.43\pic18-lt\cxx-framework\src\traditional\proc\p18f2550.asm
                 UEP4bits   0x000f74       data     extern D:\3.43\pic18-lt\cxx-framework\src\traditional\proc\p18f2550.asm
                     UEP5   0x000f75       data     extern D:\3.43\pic18-lt\cxx-framework\src\traditional\proc\p18f2550.asm
                 UEP5bits   0x000f75       data     extern D:\3.43\pic18-lt\cxx-framework\src\traditional\proc\p18f2550.asm
                     UEP6   0x000f76       data     extern D:\3.43\pic18-lt\cxx-framework\src\traditional\proc\p18f2550.asm
                 UEP6bits   0x000f76       data     extern D:\3.43\pic18-lt\cxx-framework\src\traditional\proc\p18f2550.asm
                     UEP7   0x000f77       data     extern D:\3.43\pic18-lt\cxx-framework\src\traditional\proc\p18f2550.asm
                 UEP7bits   0x000f77       data     extern D:\3.43\pic18-lt\cxx-framework\src\traditional\proc\p18f2550.asm
                     UEP8   0x000f78       data     extern D:\3.43\pic18-lt\cxx-framework\src\traditional\proc\p18f2550.asm
                 UEP8bits   0x000f78       data     extern D:\3.43\pic18-lt\cxx-framework\src\traditional\proc\p18f2550.asm
                     UEP9   0x000f79       data     extern D:\3.43\pic18-lt\cxx-framework\src\traditional\proc\p18f2550.asm
                 UEP9bits   0x000f79       data     extern D:\3.43\pic18-lt\cxx-framework\src\traditional\proc\p18f2550.asm
                     UFRM   0x000f66       data     extern D:\3.43\pic18-lt\cxx-framework\src\traditional\proc\p18f2550.asm
                    UFRMH   0x000f67       data     extern D:\3.43\pic18-lt\cxx-framework\src\traditional\proc\p18f2550.asm
                UFRMHbits   0x000f67       data     extern D:\3.43\pic18-lt\cxx-framework\src\traditional\proc\p18f2550.asm
                    UFRML   0x000f66       data     extern D:\3.43\pic18-lt\cxx-framework\src\traditional\proc\p18f2550.asm
                UFRMLbits   0x000f66       data     extern D:\3.43\pic18-lt\cxx-framework\src\traditional\proc\p18f2550.asm
                      UIE   0x000f69       data     extern D:\3.43\pic18-lt\cxx-framework\src\traditional\proc\p18f2550.asm
                  UIEbits   0x000f69       data     extern D:\3.43\pic18-lt\cxx-framework\src\traditional\proc\p18f2550.asm
                      UIR   0x000f68       data     extern D:\3.43\pic18-lt\cxx-framework\src\traditional\proc\p18f2550.asm
                  UIRbits   0x000f68       data     extern D:\3.43\pic18-lt\cxx-framework\src\traditional\proc\p18f2550.asm
                    USTAT   0x000f6c       data     extern D:\3.43\pic18-lt\cxx-framework\src\traditional\proc\p18f2550.asm
                USTATbits   0x000f6c       data     extern D:\3.43\pic18-lt\cxx-framework\src\traditional\proc\p18f2550.asm
                   WDTCON   0x000fd1       data     extern D:\3.43\pic18-lt\cxx-framework\src\traditional\proc\p18f2550.asm
               WDTCONbits   0x000fd1       data     extern D:\3.43\pic18-lt\cxx-framework\src\traditional\proc\p18f2550.asm
                     WREG   0x000fe8       data     extern D:\3.43\pic18-lt\cxx-framework\src\traditional\proc\p18f2550.asm
                 __AARGB0   0x000029       data     extern D:\3.43\pic18-lt\cxx-framework\src\traditional\math\aarg.asm
                 __AARGB1   0x000028       data     extern D:\3.43\pic18-lt\cxx-framework\src\traditional\math\aarg.asm
                 __AARGB2   0x000027       data     extern D:\3.43\pic18-lt\cxx-framework\src\traditional\math\aarg.asm
                 __AARGB3   0x000026       data     extern D:\3.43\pic18-lt\cxx-framework\src\traditional\math\aarg.asm
                 __AARGB4   0x000025       data     extern D:\3.43\pic18-lt\cxx-framework\src\traditional\math\aarg.asm
                 __AARGB5   0x000024       data     extern D:\3.43\pic18-lt\cxx-framework\src\traditional\math\aarg.asm
                 __AARGB6   0x000023       data     extern D:\3.43\pic18-lt\cxx-framework\src\traditional\math\aarg.asm
                 __AARGB7   0x000022       data     extern D:\3.43\pic18-lt\cxx-framework\src\traditional\math\aarg.asm
                   __AEXP   0x00002a       data     extern D:\3.43\pic18-lt\cxx-framework\src\traditional\math\aarg.asm
                 __BARGB0   0x00002e       data     extern D:\3.43\pic18-lt\cxx-framework\src\traditional\math\barg.asm
                 __BARGB1   0x00002d       data     extern D:\3.43\pic18-lt\cxx-framework\src\traditional\math\barg.asm
                 __BARGB2   0x00002c       data     extern D:\3.43\pic18-lt\cxx-framework\src\traditional\math\barg.asm
                 __BARGB3   0x00002b       data     extern D:\3.43\pic18-lt\cxx-framework\src\traditional\math\barg.asm
                   __BEXP   0x00002f       data     extern D:\3.43\pic18-lt\cxx-framework\src\traditional\math\barg.asm
                __FPFLAGS   0x000021       data     extern D:\3.43\pic18-lt\cxx-framework\src\traditional\math\cmath18.asm
            __FPFLAGSbits   0x000021       data     extern D:\3.43\pic18-lt\cxx-framework\src\traditional\math\cmath18.asm
                  __REMB0   0x000025       data     extern D:\3.43\pic18-lt\cxx-framework\src\traditional\math\aarg.asm
                  __REMB1   0x000024       data     extern D:\3.43\pic18-lt\cxx-framework\src\traditional\math\aarg.asm
                  __REMB2   0x000023       data     extern D:\3.43\pic18-lt\cxx-framework\src\traditional\math\aarg.asm
                  __REMB3   0x000022       data     extern D:\3.43\pic18-lt\cxx-framework\src\traditional\math\aarg.asm
                   __TEMP   0x000033       data     extern D:\3.43\pic18-lt\cxx-framework\src\traditional\math\temparg.asm
                 __TEMPB0   0x000033       data     extern D:\3.43\pic18-lt\cxx-framework\src\traditional\math\temparg.asm
                 __TEMPB1   0x000032       data     extern D:\3.43\pic18-lt\cxx-framework\src\traditional\math\temparg.asm
                 __TEMPB2   0x000031       data     extern D:\3.43\pic18-lt\cxx-framework\src\traditional\math\temparg.asm
                 __TEMPB3   0x000030       data     extern D:\3.43\pic18-lt\cxx-framework\src\traditional\math\temparg.asm
                  __tmp_0   0x000000       data     static D:\3.43\pic18-lt\cxx-framework\src\traditional\stdclib\vsprintf.c
                  __tmp_0   0x000000       data     static D:\3.43\pic18-lt\cxx-framework\src\traditional\stdclib\vfprintf.c
                  __tmp_0   0x000000       data     static D:\3.43\pic18-lt\cxx-framework\src\traditional\stdclib\putc.c
                  __tmp_0   0x000000       data     static D:\3.43\pic18-lt\cxx-framework\src\pmc_common\ADC\adcsetch.c
                  __tmp_0   0x000000       data     static D:\3.43\pic18-lt\cxx-framework\src\pmc_common\ADC\adcread.c
                  __tmp_0   0x000000       data     static D:\3.43\pic18-lt\cxx-framework\src\pmc_common\ADC\adcopen.c
                  __tmp_0   0x000000       data     static D:\Erectric\PIC-project\PIC-project\PIC 18f\pic18f2550\circle_test2\circle_test2\main.c
                  __tmp_0   0x000000       data     static D:\Erectric\PIC-project\PIC-project\PIC 18f\pic18f2550\circle_test2\circle_test2\YHY024006A.c
                      buf   0x00006e       data     extern D:\Erectric\PIC-project\PIC-project\PIC 18f\pic18f2550\circle_test2\circle_test2\YHY024006A.c
                curr_byte   0x000087       data     static D:\3.43\pic18-lt\cxx-framework\src\traditional\startup\c018i.c
               curr_entry   0x000089       data     static D:\3.43\pic18-lt\cxx-framework\src\traditional\startup\c018i.c
                 data_ptr   0x00008b       data     static D:\3.43\pic18-lt\cxx-framework\src\traditional\startup\c018i.c
               font_color   0x000062       data     extern D:\Erectric\PIC-project\PIC-project\PIC 18f\pic18f2550\circle_test2\circle_test2\YHY024006A.c
                font_patt   0x000060       data     extern D:\Erectric\PIC-project\PIC-project\PIC 18f\pic18f2550\circle_test2\circle_test2\YHY024006A.c
           font_sub_color   0x000064       data     extern D:\Erectric\PIC-project\PIC-project\PIC 18f\pic18f2550\circle_test2\circle_test2\YHY024006A.c
                     prom   0x000084       data     static D:\3.43\pic18-lt\cxx-framework\src\traditional\startup\c018i.c
               str_base_x   0x000066       data     extern D:\Erectric\PIC-project\PIC-project\PIC 18f\pic18f2550\circle_test2\circle_test2\YHY024006A.c
               str_base_y   0x000068       data     extern D:\Erectric\PIC-project\PIC-project\PIC 18f\pic18f2550\circle_test2\circle_test2\YHY024006A.c
                str_cur_x   0x00006a       data     extern D:\Erectric\PIC-project\PIC-project\PIC 18f\pic18f2550\circle_test2\circle_test2\YHY024006A.c
                str_cur_y   0x00006c       data     extern D:\Erectric\PIC-project\PIC-project\PIC 18f\pic18f2550\circle_test2\circle_test2\YHY024006A.c



                              Symbols - Sorted by Address
                     Name    Address   Location    Storage File                     
                ---------  ---------  ---------  --------- ---------                
                   _entry   0x000000    program     extern D:\3.43\pic18-lt\cxx-framework\src\traditional\startup\c018i.c
       ___return_lbl00000   0x000004    program     static                          
                  wait_ms   0x000014    program     extern D:\Erectric\PIC-project\PIC-project\PIC 18f\pic18f2550\circle_test2\circle_test2\YHY024006A.c
                  wait_us   0x000048    program     extern D:\Erectric\PIC-project\PIC-project\PIC 18f\pic18f2550\circle_test2\circle_test2\YHY024006A.c
             Trans_Com_16   0x00007c    program     extern D:\Erectric\PIC-project\PIC-project\PIC 18f\pic18f2550\circle_test2\circle_test2\YHY024006A.c
             Trans_Dat_16   0x0000b4    program     extern D:\Erectric\PIC-project\PIC-project\PIC 18f\pic18f2550\circle_test2\circle_test2\YHY024006A.c
            Lcd_Get_Touch   0x0000e8    program     extern D:\Erectric\PIC-project\PIC-project\PIC 18f\pic18f2550\circle_test2\circle_test2\YHY024006A.c
                Get_Color   0x0006e0    program     extern D:\Erectric\PIC-project\PIC-project\PIC 18f\pic18f2550\circle_test2\circle_test2\YHY024006A.c
                Gradation   0x0007ba    program     extern D:\Erectric\PIC-project\PIC-project\PIC 18f\pic18f2550\circle_test2\circle_test2\YHY024006A.c
                 Lcd_Init   0x000b46    program     extern D:\Erectric\PIC-project\PIC-project\PIC 18f\pic18f2550\circle_test2\circle_test2\YHY024006A.c
             Lcd_Set_Area   0x001214    program     extern D:\Erectric\PIC-project\PIC-project\PIC 18f\pic18f2550\circle_test2\circle_test2\YHY024006A.c
              Lcd_Set_Pos   0x00133a    program     extern D:\Erectric\PIC-project\PIC-project\PIC 18f\pic18f2550\circle_test2\circle_test2\YHY024006A.c
                Lcd_Clear   0x00139c    program     extern D:\Erectric\PIC-project\PIC-project\PIC 18f\pic18f2550\circle_test2\circle_test2\YHY024006A.c
            Lcd_Draw_Patt   0x001448    program     extern D:\Erectric\PIC-project\PIC-project\PIC 18f\pic18f2550\circle_test2\circle_test2\YHY024006A.c
             Lcd_Set_Font   0x0015b4    program     extern D:\Erectric\PIC-project\PIC-project\PIC 18f\pic18f2550\circle_test2\circle_test2\YHY024006A.c
   Lcd_Set_Font_Sub_Color   0x0015d0    program     extern D:\Erectric\PIC-project\PIC-project\PIC 18f\pic18f2550\circle_test2\circle_test2\YHY024006A.c
            Lcd_Draw_Char   0x0015ec    program     extern D:\Erectric\PIC-project\PIC-project\PIC 18f\pic18f2550\circle_test2\circle_test2\YHY024006A.c
          Lcd_Draw_String   0x001872    program     extern D:\Erectric\PIC-project\PIC-project\PIC 18f\pic18f2550\circle_test2\circle_test2\YHY024006A.c
      Lcd_Draw_String_Rom   0x0018ae    program     extern D:\Erectric\PIC-project\PIC-project\PIC 18f\pic18f2550\circle_test2\circle_test2\YHY024006A.c
               Lcd_printf   0x0018ee    program     extern D:\Erectric\PIC-project\PIC-project\PIC 18f\pic18f2550\circle_test2\circle_test2\YHY024006A.c
           Lcd_printf_Rom   0x0019bc    program     extern D:\Erectric\PIC-project\PIC-project\PIC 18f\pic18f2550\circle_test2\circle_test2\YHY024006A.c
           Lcd_Draw_XLine   0x001a8a    program     extern D:\Erectric\PIC-project\PIC-project\PIC 18f\pic18f2550\circle_test2\circle_test2\YHY024006A.c
           Lcd_Draw_YLine   0x001c0a    program     extern D:\Erectric\PIC-project\PIC-project\PIC 18f\pic18f2550\circle_test2\circle_test2\YHY024006A.c
             Lcd_Draw_Dot   0x001d8a    program     extern D:\Erectric\PIC-project\PIC-project\PIC 18f\pic18f2550\circle_test2\circle_test2\YHY024006A.c
            Lcd_Draw_Line   0x001dd2    program     extern D:\Erectric\PIC-project\PIC-project\PIC 18f\pic18f2550\circle_test2\circle_test2\YHY024006A.c
              __tmplbl_34   0x0027d4    program     static                          
              __tmplbl_33   0x0027d4    program     static                          
                  my_sqrt   0x0027e8    program     extern D:\Erectric\PIC-project\PIC-project\PIC 18f\pic18f2550\circle_test2\circle_test2\YHY024006A.c
          Lcd_Draw_Circle   0x002930    program     extern D:\Erectric\PIC-project\PIC-project\PIC 18f\pic18f2550\circle_test2\circle_test2\YHY024006A.c
         Lcd_Draw_Circle2   0x002dc6    program     extern D:\Erectric\PIC-project\PIC-project\PIC 18f\pic18f2550\circle_test2\circle_test2\YHY024006A.c
             Lcd_Draw_Box   0x00316e    program     extern D:\Erectric\PIC-project\PIC-project\PIC 18f\pic18f2550\circle_test2\circle_test2\YHY024006A.c
            Lcd_Draw_Box2   0x003312    program     extern D:\Erectric\PIC-project\PIC-project\PIC 18f\pic18f2550\circle_test2\circle_test2\YHY024006A.c
            font_patt_816   0x0033fc    program     extern D:\Erectric\PIC-project\PIC-project\PIC 18f\pic18f2550\circle_test2\circle_test2\font_patt.h
            s_put_n_chars   0x004400    program     static D:\3.43\pic18-lt\cxx-framework\src\traditional\stdclib\vfprintf.c
                 vfprintf   0x00442c    program     extern D:\3.43\pic18-lt\cxx-framework\src\traditional\stdclib\vfprintf.c
              __tmplbl_85   0x004456    program     static                          
              __tmplbl_44   0x004d04    program     static                          
              __tmplbl_43   0x004d1e    program     static                          
                   __pa_0   0x004d40    program     static D:\3.43\pic18-lt\cxx-framework\src\traditional\stdclib\vfprintf.c
                   __pa_1   0x004d48    program     static D:\3.43\pic18-lt\cxx-framework\src\traditional\stdclib\vfprintf.c
                   __pa_2   0x004d52    program     static D:\3.43\pic18-lt\cxx-framework\src\traditional\stdclib\vfprintf.c
                   __pa_3   0x004d5c    program     static D:\3.43\pic18-lt\cxx-framework\src\traditional\stdclib\vfprintf.c
                   __pa_4   0x004d74    program     static D:\3.43\pic18-lt\cxx-framework\src\traditional\stdclib\vfprintf.c
                   __pa_5   0x004d88    program     static D:\3.43\pic18-lt\cxx-framework\src\traditional\stdclib\vfprintf.c
                   __pa_6   0x004da4    program     static D:\3.43\pic18-lt\cxx-framework\src\traditional\stdclib\vfprintf.c
                   __pa_7   0x004dae    program     static D:\3.43\pic18-lt\cxx-framework\src\traditional\stdclib\vfprintf.c
                   __pa_8   0x004dba    program     static D:\3.43\pic18-lt\cxx-framework\src\traditional\stdclib\vfprintf.c
                   __pa_9   0x004ddc    program     static D:\3.43\pic18-lt\cxx-framework\src\traditional\stdclib\vfprintf.c
                  __pa_10   0x004dfc    program     static D:\3.43\pic18-lt\cxx-framework\src\traditional\stdclib\vfprintf.c
                  __pa_11   0x004e0a    program     static D:\3.43\pic18-lt\cxx-framework\src\traditional\stdclib\vfprintf.c
                  __pa_12   0x004e20    program     static D:\3.43\pic18-lt\cxx-framework\src\traditional\stdclib\vfprintf.c
                  __pa_13   0x004e3a    program     static D:\3.43\pic18-lt\cxx-framework\src\traditional\stdclib\vfprintf.c
                  __pa_14   0x004e52    program     static D:\3.43\pic18-lt\cxx-framework\src\traditional\stdclib\vfprintf.c
                  __pa_15   0x004e62    program     static D:\3.43\pic18-lt\cxx-framework\src\traditional\stdclib\vfprintf.c
                  __pa_16   0x004e78    program     static D:\3.43\pic18-lt\cxx-framework\src\traditional\stdclib\vfprintf.c
                  __pa_17   0x004e8a    program     static D:\3.43\pic18-lt\cxx-framework\src\traditional\stdclib\vfprintf.c
                  __pa_18   0x004e9c    program     static D:\3.43\pic18-lt\cxx-framework\src\traditional\stdclib\vfprintf.c
                  __pa_19   0x004ea6    program     static D:\3.43\pic18-lt\cxx-framework\src\traditional\stdclib\vfprintf.c
                  __pa_20   0x004eb6    program     static D:\3.43\pic18-lt\cxx-framework\src\traditional\stdclib\vfprintf.c
                  __pa_21   0x004ec6    program     static D:\3.43\pic18-lt\cxx-framework\src\traditional\stdclib\vfprintf.c
                  __pa_22   0x004ed6    program     static D:\3.43\pic18-lt\cxx-framework\src\traditional\stdclib\vfprintf.c
              __tmplbl_42   0x004ed6    program     static                          
                  __pa_23   0x004ee2    program     static D:\3.43\pic18-lt\cxx-framework\src\traditional\stdclib\vfprintf.c
                  __pa_24   0x004ef0    program     static D:\3.43\pic18-lt\cxx-framework\src\traditional\stdclib\vfprintf.c
                  __pa_25   0x004ef8    program     static D:\3.43\pic18-lt\cxx-framework\src\traditional\stdclib\vfprintf.c
                  __pa_26   0x004f02    program     static D:\3.43\pic18-lt\cxx-framework\src\traditional\stdclib\vfprintf.c
[...]
                     LATC   0x000f8b       data     extern D:\3.43\pic18-lt\cxx-framework\src\traditional\proc\p18f2550.asm
                 DDRAbits   0x000f92       data     extern D:\3.43\pic18-lt\cxx-framework\src\traditional\proc\p18f2550.asm
                     DDRA   0x000f92       data     extern D:\3.43\pic18-lt\cxx-framework\src\traditional\proc\p18f2550.asm
                    TRISA   0x000f92       data     extern D:\3.43\pic18-lt\cxx-framework\src\traditional\proc\p18f2550.asm
                TRISAbits   0x000f92       data     extern D:\3.43\pic18-lt\cxx-framework\src\traditional\proc\p18f2550.asm
                    TRISB   0x000f93       data     extern D:\3.43\pic18-lt\cxx-framework\src\traditional\proc\p18f2550.asm
                 DDRBbits   0x000f93       data     extern D:\3.43\pic18-lt\cxx-framework\src\traditional\proc\p18f2550.asm
                     DDRB   0x000f93       data     extern D:\3.43\pic18-lt\cxx-framework\src\traditional\proc\p18f2550.asm
                TRISBbits   0x000f93       data     extern D:\3.43\pic18-lt\cxx-framework\src\traditional\proc\p18f2550.asm
                    TRISC   0x000f94       data     extern D:\3.43\pic18-lt\cxx-framework\src\traditional\proc\p18f2550.asm
                TRISCbits   0x000f94       data     extern D:\3.43\pic18-lt\cxx-framework\src\traditional\proc\p18f2550.asm
                 DDRCbits   0x000f94       data     extern D:\3.43\pic18-lt\cxx-framework\src\traditional\proc\p18f2550.asm
                     DDRC   0x000f94       data     extern D:\3.43\pic18-lt\cxx-framework\src\traditional\proc\p18f2550.asm
                  OSCTUNE   0x000f9b       data     extern D:\3.43\pic18-lt\cxx-framework\src\traditional\proc\p18f2550.asm
              OSCTUNEbits   0x000f9b       data     extern D:\3.43\pic18-lt\cxx-framework\src\traditional\proc\p18f2550.asm
                     PIE1   0x000f9d       data     extern D:\3.43\pic18-lt\cxx-framework\src\traditional\proc\p18f2550.asm
                 PIE1bits   0x000f9d       data     extern D:\3.43\pic18-lt\cxx-framework\src\traditional\proc\p18f2550.asm
                 PIR1bits   0x000f9e       data     extern D:\3.43\pic18-lt\cxx-framework\src\traditional\proc\p18f2550.asm
                     PIR1   0x000f9e       data     extern D:\3.43\pic18-lt\cxx-framework\src\traditional\proc\p18f2550.asm
                     IPR1   0x000f9f       data     extern D:\3.43\pic18-lt\cxx-framework\src\traditional\proc\p18f2550.asm
                 IPR1bits   0x000f9f       data     extern D:\3.43\pic18-lt\cxx-framework\src\traditional\proc\p18f2550.asm
                     PIE2   0x000fa0       data     extern D:\3.43\pic18-lt\cxx-framework\src\traditional\proc\p18f2550.asm
                 PIE2bits   0x000fa0       data     extern D:\3.43\pic18-lt\cxx-framework\src\traditional\proc\p18f2550.asm
                 PIR2bits   0x000fa1       data     extern D:\3.43\pic18-lt\cxx-framework\src\traditional\proc\p18f2550.asm
                     PIR2   0x000fa1       data     extern D:\3.43\pic18-lt\cxx-framework\src\traditional\proc\p18f2550.asm
                     IPR2   0x000fa2       data     extern D:\3.43\pic18-lt\cxx-framework\src\traditional\proc\p18f2550.asm
                 IPR2bits   0x000fa2       data     extern D:\3.43\pic18-lt\cxx-framework\src\traditional\proc\p18f2550.asm
               EECON1bits   0x000fa6       data     extern D:\3.43\pic18-lt\cxx-framework\src\traditional\proc\p18f2550.asm
                   EECON1   0x000fa6       data     extern D:\3.43\pic18-lt\cxx-framework\src\traditional\proc\p18f2550.asm
                   EECON2   0x000fa7       data     extern D:\3.43\pic18-lt\cxx-framework\src\traditional\proc\p18f2550.asm
                   EEDATA   0x000fa8       data     extern D:\3.43\pic18-lt\cxx-framework\src\traditional\proc\p18f2550.asm
                    EEADR   0x000fa9       data     extern D:\3.43\pic18-lt\cxx-framework\src\traditional\proc\p18f2550.asm
                    RCSTA   0x000fab       data     extern D:\3.43\pic18-lt\cxx-framework\src\traditional\proc\p18f2550.asm
                RCSTAbits   0x000fab       data     extern D:\3.43\pic18-lt\cxx-framework\src\traditional\proc\p18f2550.asm
                    TXSTA   0x000fac       data     extern D:\3.43\pic18-lt\cxx-framework\src\traditional\proc\p18f2550.asm
                TXSTAbits   0x000fac       data     extern D:\3.43\pic18-lt\cxx-framework\src\traditional\proc\p18f2550.asm
                    TXREG   0x000fad       data     extern D:\3.43\pic18-lt\cxx-framework\src\traditional\proc\p18f2550.asm
                    RCREG   0x000fae       data     extern D:\3.43\pic18-lt\cxx-framework\src\traditional\proc\p18f2550.asm
                    SPBRG   0x000faf       data     extern D:\3.43\pic18-lt\cxx-framework\src\traditional\proc\p18f2550.asm
                   SPBRGH   0x000fb0       data     extern D:\3.43\pic18-lt\cxx-framework\src\traditional\proc\p18f2550.asm
                T3CONbits   0x000fb1       data     extern D:\3.43\pic18-lt\cxx-framework\src\traditional\proc\p18f2550.asm
                    T3CON   0x000fb1       data     extern D:\3.43\pic18-lt\cxx-framework\src\traditional\proc\p18f2550.asm
                    TMR3L   0x000fb2       data     extern D:\3.43\pic18-lt\cxx-framework\src\traditional\proc\p18f2550.asm
                    TMR3H   0x000fb3       data     extern D:\3.43\pic18-lt\cxx-framework\src\traditional\proc\p18f2550.asm
                    CMCON   0x000fb4       data     extern D:\3.43\pic18-lt\cxx-framework\src\traditional\proc\p18f2550.asm
                CMCONbits   0x000fb4       data     extern D:\3.43\pic18-lt\cxx-framework\src\traditional\proc\p18f2550.asm
                   CVRCON   0x000fb5       data     extern D:\3.43\pic18-lt\cxx-framework\src\traditional\proc\p18f2550.asm
               CVRCONbits   0x000fb5       data     extern D:\3.43\pic18-lt\cxx-framework\src\traditional\proc\p18f2550.asm
                   CCP1AS   0x000fb6       data     extern D:\3.43\pic18-lt\cxx-framework\src\traditional\proc\p18f2550.asm
               CCP1ASbits   0x000fb6       data     extern D:\3.43\pic18-lt\cxx-framework\src\traditional\proc\p18f2550.asm
                  ECCP1AS   0x000fb6       data     extern D:\3.43\pic18-lt\cxx-framework\src\traditional\proc\p18f2550.asm
              ECCP1ASbits   0x000fb6       data     extern D:\3.43\pic18-lt\cxx-framework\src\traditional\proc\p18f2550.asm
                  CCP1DEL   0x000fb7       data     extern D:\3.43\pic18-lt\cxx-framework\src\traditional\proc\p18f2550.asm
              CCP1DELbits   0x000fb7       data     extern D:\3.43\pic18-lt\cxx-framework\src\traditional\proc\p18f2550.asm
                 ECCP1DEL   0x000fb7       data     extern D:\3.43\pic18-lt\cxx-framework\src\traditional\proc\p18f2550.asm
             ECCP1DELbits   0x000fb7       data     extern D:\3.43\pic18-lt\cxx-framework\src\traditional\proc\p18f2550.asm
                  BAUDCON   0x000fb8       data     extern D:\3.43\pic18-lt\cxx-framework\src\traditional\proc\p18f2550.asm
              BAUDCONbits   0x000fb8       data     extern D:\3.43\pic18-lt\cxx-framework\src\traditional\proc\p18f2550.asm
                  BAUDCTL   0x000fb8       data     extern D:\3.43\pic18-lt\cxx-framework\src\traditional\proc\p18f2550.asm
              BAUDCTLbits   0x000fb8       data     extern D:\3.43\pic18-lt\cxx-framework\src\traditional\proc\p18f2550.asm
                  CCP2CON   0x000fba       data     extern D:\3.43\pic18-lt\cxx-framework\src\traditional\proc\p18f2550.asm
              CCP2CONbits   0x000fba       data     extern D:\3.43\pic18-lt\cxx-framework\src\traditional\proc\p18f2550.asm
                   CCPR2L   0x000fbb       data     extern D:\3.43\pic18-lt\cxx-framework\src\traditional\proc\p18f2550.asm
                    CCPR2   0x000fbb       data     extern D:\3.43\pic18-lt\cxx-framework\src\traditional\proc\p18f2550.asm
                   CCPR2H   0x000fbc       data     extern D:\3.43\pic18-lt\cxx-framework\src\traditional\proc\p18f2550.asm
              CCP1CONbits   0x000fbd       data     extern D:\3.43\pic18-lt\cxx-framework\src\traditional\proc\p18f2550.asm
                  CCP1CON   0x000fbd       data     extern D:\3.43\pic18-lt\cxx-framework\src\traditional\proc\p18f2550.asm
                   CCPR1L   0x000fbe       data     extern D:\3.43\pic18-lt\cxx-framework\src\traditional\proc\p18f2550.asm
                    CCPR1   0x000fbe       data     extern D:\3.43\pic18-lt\cxx-framework\src\traditional\proc\p18f2550.asm
                   CCPR1H   0x000fbf       data     extern D:\3.43\pic18-lt\cxx-framework\src\traditional\proc\p18f2550.asm
               ADCON2bits   0x000fc0       data     extern D:\3.43\pic18-lt\cxx-framework\src\traditional\proc\p18f2550.asm
                   ADCON2   0x000fc0       data     extern D:\3.43\pic18-lt\cxx-framework\src\traditional\proc\p18f2550.asm
               ADCON1bits   0x000fc1       data     extern D:\3.43\pic18-lt\cxx-framework\src\traditional\proc\p18f2550.asm
                   ADCON1   0x000fc1       data     extern D:\3.43\pic18-lt\cxx-framework\src\traditional\proc\p18f2550.asm
                   ADCON0   0x000fc2       data     extern D:\3.43\pic18-lt\cxx-framework\src\traditional\proc\p18f2550.asm
               ADCON0bits   0x000fc2       data     extern D:\3.43\pic18-lt\cxx-framework\src\traditional\proc\p18f2550.asm
                    ADRES   0x000fc3       data     extern D:\3.43\pic18-lt\cxx-framework\src\traditional\proc\p18f2550.asm
                   ADRESL   0x000fc3       data     extern D:\3.43\pic18-lt\cxx-framework\src\traditional\proc\p18f2550.asm
                   ADRESH   0x000fc4       data     extern D:\3.43\pic18-lt\cxx-framework\src\traditional\proc\p18f2550.asm
                  SSPCON2   0x000fc5       data     extern D:\3.43\pic18-lt\cxx-framework\src\traditional\proc\p18f2550.asm
              SSPCON2bits   0x000fc5       data     extern D:\3.43\pic18-lt\cxx-framework\src\traditional\proc\p18f2550.asm
                  SSPCON1   0x000fc6       data     extern D:\3.43\pic18-lt\cxx-framework\src\traditional\proc\p18f2550.asm
              SSPCON1bits   0x000fc6       data     extern D:\3.43\pic18-lt\cxx-framework\src\traditional\proc\p18f2550.asm
                  SSPSTAT   0x000fc7       data     extern D:\3.43\pic18-lt\cxx-framework\src\traditional\proc\p18f2550.asm
              SSPSTATbits   0x000fc7       data     extern D:\3.43\pic18-lt\cxx-framework\src\traditional\proc\p18f2550.asm
                   SSPADD   0x000fc8       data     extern D:\3.43\pic18-lt\cxx-framework\src\traditional\proc\p18f2550.asm
                   SSPBUF   0x000fc9       data     extern D:\3.43\pic18-lt\cxx-framework\src\traditional\proc\p18f2550.asm
                T2CONbits   0x000fca       data     extern D:\3.43\pic18-lt\cxx-framework\src\traditional\proc\p18f2550.asm
                    T2CON   0x000fca       data     extern D:\3.43\pic18-lt\cxx-framework\src\traditional\proc\p18f2550.asm
                      PR2   0x000fcb       data     extern D:\3.43\pic18-lt\cxx-framework\src\traditional\proc\p18f2550.asm
                     TMR2   0x000fcc       data     extern D:\3.43\pic18-lt\cxx-framework\src\traditional\proc\p18f2550.asm
                T1CONbits   0x000fcd       data     extern D:\3.43\pic18-lt\cxx-framework\src\traditional\proc\p18f2550.asm
                    T1CON   0x000fcd       data     extern D:\3.43\pic18-lt\cxx-framework\src\traditional\proc\p18f2550.asm
                    TMR1L   0x000fce       data     extern D:\3.43\pic18-lt\cxx-framework\src\traditional\proc\p18f2550.asm
                    TMR1H   0x000fcf       data     extern D:\3.43\pic18-lt\cxx-framework\src\traditional\proc\p18f2550.asm
                     RCON   0x000fd0       data     extern D:\3.43\pic18-lt\cxx-framework\src\traditional\proc\p18f2550.asm
                 RCONbits   0x000fd0       data     extern D:\3.43\pic18-lt\cxx-framework\src\traditional\proc\p18f2550.asm
               WDTCONbits   0x000fd1       data     extern D:\3.43\pic18-lt\cxx-framework\src\traditional\proc\p18f2550.asm
                   WDTCON   0x000fd1       data     extern D:\3.43\pic18-lt\cxx-framework\src\traditional\proc\p18f2550.asm
               LVDCONbits   0x000fd2       data     extern D:\3.43\pic18-lt\cxx-framework\src\traditional\proc\p18f2550.asm
                   LVDCON   0x000fd2       data     extern D:\3.43\pic18-lt\cxx-framework\src\traditional\proc\p18f2550.asm
              HLVDCONbits   0x000fd2       data     extern D:\3.43\pic18-lt\cxx-framework\src\traditional\proc\p18f2550.asm
                  HLVDCON   0x000fd2       data     extern D:\3.43\pic18-lt\cxx-framework\src\traditional\proc\p18f2550.asm
               OSCCONbits   0x000fd3       data     extern D:\3.43\pic18-lt\cxx-framework\src\traditional\proc\p18f2550.asm
                   OSCCON   0x000fd3       data     extern D:\3.43\pic18-lt\cxx-framework\src\traditional\proc\p18f2550.asm
                T0CONbits   0x000fd5       data     extern D:\3.43\pic18-lt\cxx-framework\src\traditional\proc\p18f2550.asm
                    T0CON   0x000fd5       data     extern D:\3.43\pic18-lt\cxx-framework\src\traditional\proc\p18f2550.asm
                    TMR0L   0x000fd6       data     extern D:\3.43\pic18-lt\cxx-framework\src\traditional\proc\p18f2550.asm
                    TMR0H   0x000fd7       data     extern D:\3.43\pic18-lt\cxx-framework\src\traditional\proc\p18f2550.asm
               STATUSbits   0x000fd8       data     extern D:\3.43\pic18-lt\cxx-framework\src\traditional\proc\p18f2550.asm
                   STATUS   0x000fd8       data     extern D:\3.43\pic18-lt\cxx-framework\src\traditional\proc\p18f2550.asm
                    FSR2L   0x000fd9       data     extern D:\3.43\pic18-lt\cxx-framework\src\traditional\proc\p18f2550.asm
                     FSR2   0x000fd9       data     extern D:\3.43\pic18-lt\cxx-framework\src\traditional\proc\p18f2550.asm
                    FSR2H   0x000fda       data     extern D:\3.43\pic18-lt\cxx-framework\src\traditional\proc\p18f2550.asm
                   PLUSW2   0x000fdb       data     extern D:\3.43\pic18-lt\cxx-framework\src\traditional\proc\p18f2550.asm
                  PREINC2   0x000fdc       data     extern D:\3.43\pic18-lt\cxx-framework\src\traditional\proc\p18f2550.asm
                 POSTDEC2   0x000fdd       data     extern D:\3.43\pic18-lt\cxx-framework\src\traditional\proc\p18f2550.asm
                 POSTINC2   0x000fde       data     extern D:\3.43\pic18-lt\cxx-framework\src\traditional\proc\p18f2550.asm
                    INDF2   0x000fdf       data     extern D:\3.43\pic18-lt\cxx-framework\src\traditional\proc\p18f2550.asm
                      BSR   0x000fe0       data     extern D:\3.43\pic18-lt\cxx-framework\src\traditional\proc\p18f2550.asm
                    FSR1L   0x000fe1       data     extern D:\3.43\pic18-lt\cxx-framework\src\traditional\proc\p18f2550.asm
                     FSR1   0x000fe1       data     extern D:\3.43\pic18-lt\cxx-framework\src\traditional\proc\p18f2550.asm
                    FSR1H   0x000fe2       data     extern D:\3.43\pic18-lt\cxx-framework\src\traditional\proc\p18f2550.asm
                   PLUSW1   0x000fe3       data     extern D:\3.43\pic18-lt\cxx-framework\src\traditional\proc\p18f2550.asm
                  PREINC1   0x000fe4       data     extern D:\3.43\pic18-lt\cxx-framework\src\traditional\proc\p18f2550.asm
                 POSTDEC1   0x000fe5       data     extern D:\3.43\pic18-lt\cxx-framework\src\traditional\proc\p18f2550.asm
                 POSTINC1   0x000fe6       data     extern D:\3.43\pic18-lt\cxx-framework\src\traditional\proc\p18f2550.asm
                    INDF1   0x000fe7       data     extern D:\3.43\pic18-lt\cxx-framework\src\traditional\proc\p18f2550.asm
                     WREG   0x000fe8       data     extern D:\3.43\pic18-lt\cxx-framework\src\traditional\proc\p18f2550.asm
                     FSR0   0x000fe9       data     extern D:\3.43\pic18-lt\cxx-framework\src\traditional\proc\p18f2550.asm
                    FSR0L   0x000fe9       data     extern D:\3.43\pic18-lt\cxx-framework\src\traditional\proc\p18f2550.asm
                    FSR0H   0x000fea       data     extern D:\3.43\pic18-lt\cxx-framework\src\traditional\proc\p18f2550.asm
                   PLUSW0   0x000feb       data     extern D:\3.43\pic18-lt\cxx-framework\src\traditional\proc\p18f2550.asm
                  PREINC0   0x000fec       data     extern D:\3.43\pic18-lt\cxx-framework\src\traditional\proc\p18f2550.asm
                 POSTDEC0   0x000fed       data     extern D:\3.43\pic18-lt\cxx-framework\src\traditional\proc\p18f2550.asm
                 POSTINC0   0x000fee       data     extern D:\3.43\pic18-lt\cxx-framework\src\traditional\proc\p18f2550.asm
                    INDF0   0x000fef       data     extern D:\3.43\pic18-lt\cxx-framework\src\traditional\proc\p18f2550.asm
              INTCON3bits   0x000ff0       data     extern D:\3.43\pic18-lt\cxx-framework\src\traditional\proc\p18f2550.asm
                  INTCON3   0x000ff0       data     extern D:\3.43\pic18-lt\cxx-framework\src\traditional\proc\p18f2550.asm
              INTCON2bits   0x000ff1       data     extern D:\3.43\pic18-lt\cxx-framework\src\traditional\proc\p18f2550.asm
                  INTCON2   0x000ff1       data     extern D:\3.43\pic18-lt\cxx-framework\src\traditional\proc\p18f2550.asm
               INTCONbits   0x000ff2       data     extern D:\3.43\pic18-lt\cxx-framework\src\traditional\proc\p18f2550.asm
                   INTCON   0x000ff2       data     extern D:\3.43\pic18-lt\cxx-framework\src\traditional\proc\p18f2550.asm
                     PROD   0x000ff3       data     extern D:\3.43\pic18-lt\cxx-framework\src\traditional\proc\p18f2550.asm
                    PRODL   0x000ff3       data     extern D:\3.43\pic18-lt\cxx-framework\src\traditional\proc\p18f2550.asm
                    PRODH   0x000ff4       data     extern D:\3.43\pic18-lt\cxx-framework\src\traditional\proc\p18f2550.asm
                   TABLAT   0x000ff5       data     extern D:\3.43\pic18-lt\cxx-framework\src\traditional\proc\p18f2550.asm
                   TBLPTR   0x000ff6       data     extern D:\3.43\pic18-lt\cxx-framework\src\traditional\proc\p18f2550.asm
                  TBLPTRL   0x000ff6       data     extern D:\3.43\pic18-lt\cxx-framework\src\traditional\proc\p18f2550.asm
                  TBLPTRH   0x000ff7       data     extern D:\3.43\pic18-lt\cxx-framework\src\traditional\proc\p18f2550.asm
                  TBLPTRU   0x000ff8       data     extern D:\3.43\pic18-lt\cxx-framework\src\traditional\proc\p18f2550.asm
                      PCL   0x000ff9       data     extern D:\3.43\pic18-lt\cxx-framework\src\traditional\proc\p18f2550.asm
                       PC   0x000ff9       data     extern D:\3.43\pic18-lt\cxx-framework\src\traditional\proc\p18f2550.asm
                   PCLATH   0x000ffa       data     extern D:\3.43\pic18-lt\cxx-framework\src\traditional\proc\p18f2550.asm
                   PCLATU   0x000ffb       data     extern D:\3.43\pic18-lt\cxx-framework\src\traditional\proc\p18f2550.asm
                   STKPTR   0x000ffc       data     extern D:\3.43\pic18-lt\cxx-framework\src\traditional\proc\p18f2550.asm
               STKPTRbits   0x000ffc       data     extern D:\3.43\pic18-lt\cxx-framework\src\traditional\proc\p18f2550.asm
                      TOS   0x000ffd       data     extern D:\3.43\pic18-lt\cxx-framework\src\traditional\proc\p18f2550.asm
                     TOSL   0x000ffd       data     extern D:\3.43\pic18-lt\cxx-framework\src\traditional\proc\p18f2550.asm
                     TOSH   0x000ffe       data     extern D:\3.43\pic18-lt\cxx-framework\src\traditional\proc\p18f2550.asm
                     TOSU   0x000fff       data     extern D:\3.43\pic18-lt\cxx-framework\src\traditional\proc\p18f2550.asm


