CCS PCM C Compiler, Version 3.185, 22500

               Filename: C:\Users\FMV\Dropbox\PIC-project\PIC CCS\pic12f683\SW\SW.LST

               ROM used: 172 (8%)
                         Largest free fragment is 1876
               RAM used: 15 (12%) at main() level
                         16 (12%) worst case
               Stack:    2 worst case (1 in main + 1 for interrupts)

*
0000:  MOVLW  00
0001:  MOVWF  0A
0002:  GOTO   042
0003:  NOP
0004:  BTFSC  03.5
0005:  GOTO   00A
0006:  MOVWF  25
0007:  SWAPF  03,W
0008:  MOVWF  26
0009:  GOTO   00F
000A:  BCF    03.5
000B:  MOVWF  25
000C:  SWAPF  03,W
000D:  MOVWF  26
000E:  BSF    26.1
000F:  MOVF   0A,W
0010:  MOVWF  2D
0011:  CLRF   0A
0012:  BCF    03.7
0013:  SWAPF  25,F
0014:  MOVF   04,W
0015:  MOVWF  27
0016:  MOVF   20,W
0017:  MOVWF  28
0018:  MOVF   21,W
0019:  MOVWF  29
001A:  MOVF   22,W
001B:  MOVWF  2A
001C:  MOVF   23,W
001D:  MOVWF  2B
001E:  MOVF   24,W
001F:  MOVWF  2C
0020:  BCF    03.5
0021:  MOVLW  8C
0022:  MOVWF  04
0023:  BTFSS  00.0
0024:  GOTO   027
0025:  BTFSC  0C.0
0026:  GOTO   04E
0027:  MOVLW  8C
0028:  MOVWF  04
0029:  BTFSS  00.5
002A:  GOTO   02D
002B:  BTFSC  0C.5
002C:  GOTO   04A
002D:  MOVF   27,W
002E:  MOVWF  04
002F:  MOVF   28,W
0030:  MOVWF  20
0031:  MOVF   29,W
0032:  MOVWF  21
0033:  MOVF   2A,W
0034:  MOVWF  22
0035:  MOVF   2B,W
0036:  MOVWF  23
0037:  MOVF   2C,W
0038:  MOVWF  24
0039:  MOVF   2D,W
003A:  MOVWF  0A
003B:  SWAPF  26,W
003C:  MOVWF  03
003D:  BCF    03.5
003E:  SWAPF  25,W
003F:  BTFSC  26.1
0040:  BSF    03.5
0041:  RETFIE
0042:  MOVLW  07
0043:  MOVWF  0A
0044:  CALL   7FF
0045:  BSF    03.5
0046:  MOVWF  10
0047:  MOVLW  00
0048:  MOVWF  0A
0049:  GOTO   069
....................  #include <12f683.h> 
....................  //////// Standard Header file for the PIC12F683 device ////////////////  
.................... #device PIC12F683  
.................... #list  
....................  
.................... #fuses INTRC_IO,NOWDT,NOCPD,NOPROTECT,PUT,NOMCLR,NOBROWNOUT  
.................... #use delay(clock = 8000000)					 // clock 8MHz  
*
0056:  MOVLW  2F
0057:  MOVWF  04
0058:  MOVF   00,W
0059:  BTFSC  03.2
005A:  GOTO   068
005B:  MOVLW  02
005C:  MOVWF  21
005D:  CLRF   20
005E:  DECFSZ 20,F
005F:  GOTO   05E
0060:  DECFSZ 21,F
0061:  GOTO   05D
0062:  MOVLW  97
0063:  MOVWF  20
0064:  DECFSZ 20,F
0065:  GOTO   064
0066:  DECFSZ 00,F
0067:  GOTO   05B
0068:  RETLW  00
.................... void ccp1_int(void);						 // プロトタイプ  
.................... void intval();  
.................... //********PINマクロ  
.................... #byte GP=5			//GPは0～5の6ポート  
.................... #bit SorvoPIN=GP.1		//サーボ用PIN   
.................... #bit AD_PIN=GP.0		//可変抵抗接続  
.................... #bit M1=GP.5		//モーター信号線１  
.................... #bit M2=GP.2		//モーター信号線２  
.................... #bit SW1=GP.4		//タクトスイッチ１  
.................... #bit SW2=GP.3		//タクトスイッチ２  
.................... //****************//  
.................... #define HIGH 1  
.................... #define LOW 0  
.................... #define TimerTIME 45536  
.................... //メイン関数////////////////////////////////////  
.................... main()  
.................... {  
0069:  CLRF   04
006A:  MOVLW  1F
006B:  ANDWF  03,F
006C:  BSF    03.5
006D:  MOVF   1F,W
006E:  ANDLW  F0
006F:  MOVWF  1F
0070:  BCF    03.5
0071:  BCF    1F.6
0072:  MOVLW  07
0073:  MOVWF  1F
0074:  MOVLW  70
0075:  BSF    03.5
0076:  MOVWF  0F
.................... 	//ポート設定  
.................... 	//set_tris_a(0b00011001);  
.................... 	set_tris_a(0);	  
0077:  MOVLW  00
0078:  TRIS   5
.................... 	//内部クロック指定  
.................... 	setup_oscillator(OSC_8MHZ);  
0079:  MOVLW  70
007A:  MOVWF  0F
.................... /*	//AD変換器初期化  
.................... 	setup_adc_ports(0b11111110);  
.................... 	setup_adc(ADC_CLOCK_DIV_32);  
.................... 	//サーボ用PWM初期化  
.................... 	setup_timer_1( T1_INTERNAL| T1_DIV_BY_2);	//1カウントに1usかかる  
.................... 	setup_ccp1(CCP_COMPARE_INT);		  // CCP1コンペアマッチ割込み設定  
.................... 	set_timer1(TimerTIME);						//周期を20msに設定  
.................... 	  
.................... 	CCP_1 = 1500+TimerTIME;									  // パルス幅 0	  
.................... 	enable_interrupts(INT_CCP1);			   //CCP1コンペアマッチチ割込み許可  
.................... 	enable_interrupts(INT_TIMER1);  
.................... 	enable_interrupts(GLOBAL);			  //全設定割込み許可  
.................... */  
.................... 	  
.................... 	SorvoPIN = HIGH;  
007B:  BCF    03.5
007C:  BSF    05.1
.................... 	delay_ms(500);  
007D:  MOVLW  02
007E:  MOVWF  2E
007F:  MOVLW  FA
0080:  MOVWF  2F
0081:  CALL   056
0082:  DECFSZ 2E,F
0083:  GOTO   07F
.................... 	SorvoPIN = LOW;  
0084:  BCF    05.1
.................... 	delay_ms(500);  
0085:  MOVLW  02
0086:  MOVWF  2E
0087:  MOVLW  FA
0088:  MOVWF  2F
0089:  CALL   056
008A:  DECFSZ 2E,F
008B:  GOTO   087
.................... 	SorvoPIN = HIGH;  
008C:  BSF    05.1
.................... 	delay_ms(500);  
008D:  MOVLW  02
008E:  MOVWF  2E
008F:  MOVLW  FA
0090:  MOVWF  2F
0091:  CALL   056
0092:  DECFSZ 2E,F
0093:  GOTO   08F
.................... 	SorvoPIN = LOW;  
0094:  BCF    05.1
.................... 	delay_ms(500);  
0095:  MOVLW  02
0096:  MOVWF  2E
0097:  MOVLW  FA
0098:  MOVWF  2F
0099:  CALL   056
009A:  DECFSZ 2E,F
009B:  GOTO   097
.................... 	  
.................... 	while(1)  
.................... 	{  
.................... 		//set_adc_channel(0);  //0チャンネルを使用  
.................... 		/*  
.................... 			CCP_1 = 1500+TimerTIME;						  //パルス幅 1.5mS  
.................... 			delay_ms(1000);  
.................... 			CCP_1 = 1000+TimerTIME;						  //パルス幅 1.0mS  
.................... 			delay_ms(1000);  
.................... 			CCP_1 = 2000+TimerTIME;						  //パルス幅 2.0mS  
.................... 			delay_ms(1000);  
.................... 		*/  
.................... 		  
.................... 		if(SW1 == HIGH)  
.................... 		{  
009C:  MOVLW  00
009D:  BTFSC  05.4
009E:  MOVLW  01
009F:  SUBLW  01
00A0:  BTFSS  03.2
00A1:  GOTO   0A3
.................... 			SorvoPIN = HIGH;  
00A2:  BSF    05.1
.................... 		}  
.................... 		  
.................... 		if(SW2 == HIGH)  
.................... 		{  
00A3:  MOVLW  00
00A4:  BTFSC  05.3
00A5:  MOVLW  01
00A6:  SUBLW  01
00A7:  BTFSS  03.2
00A8:  GOTO   0AA
.................... 			SorvoPIN = LOW;  
00A9:  BCF    05.1
.................... 		}  
.................... 		  
.................... 	}  
00AA:  GOTO   09C
.................... }  
....................   
.................... //パルスクリア///////////////////////////////////  
.................... #INT_CCP1  
.................... void ccp1_int()  
00AB:  SLEEP
.................... {  
.................... 	SorvoPIN=LOW;  
*
004A:  BCF    05.1
.................... }  
....................   
.................... //	timer1割り込み関数  
004B:  BCF    0C.5
004C:  BCF    0A.3
004D:  GOTO   02D
.................... #int_timer1  
.................... void intval()   
.................... {  
.................... 	  
.................... 	set_timer1(TimerTIME);  
004E:  MOVLW  B1
004F:  MOVWF  0F
0050:  MOVLW  E0
0051:  MOVWF  0E
.................... 	SorvoPIN=HIGH;  
0052:  BSF    05.1
.................... 	  
.................... }  
....................   
.................... /*	備考  
.................... 周期を20msにするために、timer1の値に45536を入れているので、  
.................... そこからカウントアップされる。  
.................... つまりサーボの角度を0度にしようとすれば、1msにすればよいので、  
.................... 1カウント 1usなので　1000カウント必要  
.................... よって、45536 + 1000 値をCCP_1に入れればよい  
....................   
....................   
.................... */  
....................  
0053:  BCF    0C.0
0054:  BCF    0A.3
0055:  GOTO   02D

Configuration Fuses:
   Word  1: 3CC4   NOWDT NOCPD NOPROTECT NOMCLR PUT INTRC_IO NOBROWNOUT IESO FCMEN
