MPLINK 4.38, Linker
Linker Map File - Created Sat Mar 09 11:34:18 2013

                                 Section Info
                  Section       Type    Address   Location Size(Bytes)
                ---------  ---------  ---------  ---------  ---------
                   .org_0       code   0x000000    program   0x000002
                   .cinit    romdata   0x000001    program   0x000004
                   .org_1       code   0x000004    program   0x0000fa
    .config_2007_TIMER0.O       code   0x002007    program   0x000002



                              Program Memory Usage 
                               Start         End      
                           ---------   ---------      
                            0x000000    0x000002      
                            0x000004    0x000080      
                            0x002007    0x002007      
            129 out of 8454 program addresses used, program memory utilization is 1%



                              Symbols - Sorted by Name
                     Name    Address   Location    Storage File                     
                ---------  ---------  ---------  --------- ---------                
              DELAY_100US   0x00005d    program     static D:\Erectric Enginiaring\PIC-project\ASEMBRA\PIC16F\Timer0\Timer0.asm
              DELAY_595US   0x000062    program     static D:\Erectric Enginiaring\PIC-project\ASEMBRA\PIC16F\Timer0\Timer0.asm
                END_POINT   0x00007b    program     static D:\Erectric Enginiaring\PIC-project\ASEMBRA\PIC16F\Timer0\Timer0.asm
                     INIT   0x00000c    program     static D:\Erectric Enginiaring\PIC-project\ASEMBRA\PIC16F\Timer0\Timer0.asm
                    LLBAL   0x00006b    program     static D:\Erectric Enginiaring\PIC-project\ASEMBRA\PIC16F\Timer0\Timer0.asm
                 LPLPLPLP   0x00005f    program     static D:\Erectric Enginiaring\PIC-project\ASEMBRA\PIC16F\Timer0\Timer0.asm
                 MAINLOOP   0x000053    program     static D:\Erectric Enginiaring\PIC-project\ASEMBRA\PIC16F\Timer0\Timer0.asm
                   NOP_10   0x00006e    program     static D:\Erectric Enginiaring\PIC-project\ASEMBRA\PIC16F\Timer0\Timer0.asm
                   TXLOOP   0x000058    program     static D:\Erectric Enginiaring\PIC-project\ASEMBRA\PIC16F\Timer0\Timer0.asm
                TX_CHEACK   0x000056    program     static D:\Erectric Enginiaring\PIC-project\ASEMBRA\PIC16F\Timer0\Timer0.asm
              Time1_ROTIN   0x00007c    program     static D:\Erectric Enginiaring\PIC-project\ASEMBRA\PIC16F\Timer0\Timer0.asm
               Timer0_ISR   0x000075    program     static D:\Erectric Enginiaring\PIC-project\ASEMBRA\PIC16F\Timer0\Timer0.asm



                              Symbols - Sorted by Address
                     Name    Address   Location    Storage File                     
                ---------  ---------  ---------  --------- ---------                
                     INIT   0x00000c    program     static D:\Erectric Enginiaring\PIC-project\ASEMBRA\PIC16F\Timer0\Timer0.asm
                 MAINLOOP   0x000053    program     static D:\Erectric Enginiaring\PIC-project\ASEMBRA\PIC16F\Timer0\Timer0.asm
                TX_CHEACK   0x000056    program     static D:\Erectric Enginiaring\PIC-project\ASEMBRA\PIC16F\Timer0\Timer0.asm
                   TXLOOP   0x000058    program     static D:\Erectric Enginiaring\PIC-project\ASEMBRA\PIC16F\Timer0\Timer0.asm
              DELAY_100US   0x00005d    program     static D:\Erectric Enginiaring\PIC-project\ASEMBRA\PIC16F\Timer0\Timer0.asm
                 LPLPLPLP   0x00005f    program     static D:\Erectric Enginiaring\PIC-project\ASEMBRA\PIC16F\Timer0\Timer0.asm
              DELAY_595US   0x000062    program     static D:\Erectric Enginiaring\PIC-project\ASEMBRA\PIC16F\Timer0\Timer0.asm
                    LLBAL   0x00006b    program     static D:\Erectric Enginiaring\PIC-project\ASEMBRA\PIC16F\Timer0\Timer0.asm
                   NOP_10   0x00006e    program     static D:\Erectric Enginiaring\PIC-project\ASEMBRA\PIC16F\Timer0\Timer0.asm
               Timer0_ISR   0x000075    program     static D:\Erectric Enginiaring\PIC-project\ASEMBRA\PIC16F\Timer0\Timer0.asm
                END_POINT   0x00007b    program     static D:\Erectric Enginiaring\PIC-project\ASEMBRA\PIC16F\Timer0\Timer0.asm
              Time1_ROTIN   0x00007c    program     static D:\Erectric Enginiaring\PIC-project\ASEMBRA\PIC16F\Timer0\Timer0.asm


