MPLINK 4.44, Linker
Linker Map File - Created Fri May 03 16:36:58 2013

                                 Section Info
                  Section       Type    Address   Location Size(Bytes)
                ---------  ---------  ---------  ---------  ---------
               _entry_scn       code   0x000000    program   0x000006
                   .cinit    romdata   0x000006    program   0x000002
    HIGH_INTERRUPT_VECTOR       code   0x000008    program   0x000002
           .code___init.o       code   0x00000a    program   0x000002
        .romdata___init.o    romdata   0x00000c    program   0x000000
        .idata___init.o_i    romdata   0x00000c    program   0x000000
    .romdata_usb_device.o    romdata   0x00000c    program   0x000000
    .idata_usb_device.o_i    romdata   0x00000c    program   0x000000
.romdata_usb_function_hid.o    romdata   0x00000c    program   0x000000
.idata_usb_function_hid.o_i    romdata   0x00000c    program   0x000000
         .idata_c018i.o_i    romdata   0x00000c    program   0x000000
         .romdata_c018i.o    romdata   0x00000c    program   0x000000
            .code_c018i.o       code   0x00000c    program   0x000000
.idata_usb_descriptors.o_i    romdata   0x00000c    program   0x000000
  .code_usb_descriptors.o       code   0x00000c    program   0x000000
      .romdata_Keyboard.o    romdata   0x00000c    program   0x000000
      .idata_Keyboard.o_i    romdata   0x00000c    program   0x000000
     LOW_INTERRUPT_VECTOR       code   0x000018    program   0x000002
       .code_usb_device.o       code   0x00001a    program   0x00120c
         .code_Keyboard.o       code   0x001226    program   0x00023a
.romdata_usb_descriptors.o    romdata   0x001460    program   0x0000e8
 .code_usb_function_hid.o       code   0x001548    program   0x0000cc
               _cinit_scn       code   0x001614    program   0x00009e
                   STRING       code   0x0016b2    program   0x000034
                    .code       code   0x0016e6    program   0x000020
             _startup_scn       code   0x001706    program   0x00001c
.config_300000_Keyboard.o    romdata   0x300000    program   0x000001
.config_300001_Keyboard.o    romdata   0x300001    program   0x000001
.config_300002_Keyboard.o    romdata   0x300002    program   0x000001
.config_300003_Keyboard.o    romdata   0x300003    program   0x000001
.config_300005_Keyboard.o    romdata   0x300005    program   0x000001
.config_300006_Keyboard.o    romdata   0x300006    program   0x000001
.config_300008_Keyboard.o    romdata   0x300008    program   0x000001
.config_300009_Keyboard.o    romdata   0x300009    program   0x000001
.config_30000a_Keyboard.o    romdata   0x30000a    program   0x000001
.config_30000b_Keyboard.o    romdata   0x30000b    program   0x000001
.config_30000c_Keyboard.o    romdata   0x30000c    program   0x000001
.config_30000d_Keyboard.o    romdata   0x30000d    program   0x000001
                MATH_DATA      udata   0x000000       data   0x00000b
                 .tmpdata      udata   0x00000b       data   0x000003
      .udata_usb_device.o      udata   0x000060       data   0x00002e
        .udata_Keyboard.o      udata   0x00008e       data   0x00001e
           .udata_c018i.o      udata   0x0000ac       data   0x00000a
.udata_usb_function_hid.o      udata   0x0000b6       data   0x000002
 .idata_usb_descriptors.o      idata   0x0000b8       data   0x000000
        .idata_Keyboard.o      idata   0x0000b8       data   0x000000
 .udata_usb_descriptors.o      udata   0x0000b8       data   0x000000
.idata_usb_function_hid.o      idata   0x0000b8       data   0x000000
           .idata_c018i.o      idata   0x0000b8       data   0x000000
      .idata_usb_device.o      idata   0x0000b8       data   0x000000
          .udata___init.o      udata   0x0000b8       data   0x000000
          .idata___init.o      idata   0x0000b8       data   0x000000
                   .stack      udata   0x000300       data   0x000100
                  USB_BDT      udata   0x000400       data   0x000039
            SFR_UNBANKED0      udata   0x000f66       data   0x00009a



                              Program Memory Usage 
                               Start         End      
                           ---------   ---------      
                            0x000000    0x00000b      
                            0x000018    0x001721      
                            0x300000    0x300003      
                            0x300005    0x300006      
                            0x300008    0x30000d      
            5922 out of 33048 program addresses used, program memory utilization is 17%



                              Symbols - Sorted by Name
                     Name    Address   Location    Storage File                     
                ---------  ---------  ---------  --------- ---------                
                 High_ISR   0x000008    program     extern D:\Erectric\PIC-project\PIC-project\PIC 18f\pic18f2550\2550_keyboard_3\2550_keyboard\keyboard\Keyboard.c
         InitializeSystem   0x001230    program     static D:\Erectric\PIC-project\PIC-project\PIC 18f\pic18f2550\2550_keyboard_3\2550_keyboard\keyboard\Keyboard.c
                 Keyboard   0x00126e    program     extern D:\Erectric\PIC-project\PIC-project\PIC 18f\pic18f2550\2550_keyboard_3\2550_keyboard\keyboard\Keyboard.c
                  Low_ISR   0x000018    program     extern D:\Erectric\PIC-project\PIC-project\PIC 18f\pic18f2550\2550_keyboard_3\2550_keyboard\keyboard\Keyboard.c
                ProcessIO   0x00124c    program     extern D:\Erectric\PIC-project\PIC-project\PIC 18f\pic18f2550\2550_keyboard_3\2550_keyboard\keyboard\Keyboard.c
         Switch2IsPressed   0x00130e    program     extern D:\Erectric\PIC-project\PIC-project\PIC 18f\pic18f2550\2550_keyboard_3\2550_keyboard\keyboard\Keyboard.c
         Switch3IsPressed   0x001310    program     extern D:\Erectric\PIC-project\PIC-project\PIC 18f\pic18f2550\2550_keyboard_3\2550_keyboard\keyboard\Keyboard.c
       USBCBCheckOtherReq   0x00131a    program     extern D:\Erectric\PIC-project\PIC-project\PIC 18f\pic18f2550\2550_keyboard_3\2550_keyboard\keyboard\Keyboard.c
        USBCBErrorHandler   0x001318    program     extern D:\Erectric\PIC-project\PIC-project\PIC 18f\pic18f2550\2550_keyboard_3\2550_keyboard\keyboard\Keyboard.c
              USBCBInitEP   0x001320    program     extern D:\Erectric\PIC-project\PIC-project\PIC 18f\pic18f2550\2550_keyboard_3\2550_keyboard\keyboard\Keyboard.c
          USBCBSendResume   0x001358    program     extern D:\Erectric\PIC-project\PIC-project\PIC 18f\pic18f2550\2550_keyboard_3\2550_keyboard\keyboard\Keyboard.c
    USBCBStdSetDscHandler   0x00131e    program     extern D:\Erectric\PIC-project\PIC-project\PIC 18f\pic18f2550\2550_keyboard_3\2550_keyboard\keyboard\Keyboard.c
             USBCBSuspend   0x001312    program     extern D:\Erectric\PIC-project\PIC-project\PIC 18f\pic18f2550\2550_keyboard_3\2550_keyboard\keyboard\Keyboard.c
     USBCBWakeFromSuspend   0x001314    program     extern D:\Erectric\PIC-project\PIC-project\PIC 18f\pic18f2550\2550_keyboard_3\2550_keyboard\keyboard\Keyboard.c
        USBCB_SOF_Handler   0x001316    program     extern D:\Erectric\PIC-project\PIC-project\PIC 18f\pic18f2550\2550_keyboard_3\2550_keyboard\keyboard\Keyboard.c
              USBCancelIO   0x001176    program     extern D:\Erectric\PIC-project\PIC-project\PIC 18f\pic18f4550\Microchip\Microchip\USB\usb_device.c
       USBCheckHIDRequest   0x001548    program     extern D:\Erectric\PIC-project\PIC-project\PIC 18f\pic18f4550\Microchip\Microchip\USB\HID Device Driver\usb_function_hid.c
       USBCheckStdRequest   0x000562    program     static D:\Erectric\PIC-project\PIC-project\PIC 18f\pic18f4550\Microchip\Microchip\USB\usb_device.c
     USBConfigureEndpoint   0x000e8e    program     static D:\Erectric\PIC-project\PIC-project\PIC 18f\pic18f4550\Microchip\Microchip\USB\usb_device.c
  USBCtrlEPAllowDataStage   0x000916    program     extern D:\Erectric\PIC-project\PIC-project\PIC 18f\pic18f4550\Microchip\Microchip\USB\usb_device.c
USBCtrlEPAllowStatusStage   0x000874    program     extern D:\Erectric\PIC-project\PIC-project\PIC 18f\pic18f4550\Microchip\Microchip\USB\usb_device.c
         USBCtrlEPService   0x00033c    program     static D:\Erectric\PIC-project\PIC-project\PIC 18f\pic18f4550\Microchip\Microchip\USB\usb_device.c
 USBCtrlEPServiceComplete   0x000b00    program     static D:\Erectric\PIC-project\PIC-project\PIC 18f\pic18f4550\Microchip\Microchip\USB\usb_device.c
      USBCtrlTrfInHandler   0x0004b4    program     static D:\Erectric\PIC-project\PIC-project\PIC 18f\pic18f4550\Microchip\Microchip\USB\usb_device.c
     USBCtrlTrfOutHandler   0x00046a    program     static D:\Erectric\PIC-project\PIC-project\PIC 18f\pic18f4550\Microchip\Microchip\USB\usb_device.c
      USBCtrlTrfRxService   0x000c80    program     static D:\Erectric\PIC-project\PIC-project\PIC 18f\pic18f4550\Microchip\Microchip\USB\usb_device.c
   USBCtrlTrfSetupHandler   0x00040c    program     static D:\Erectric\PIC-project\PIC-project\PIC 18f\pic18f4550\Microchip\Microchip\USB\usb_device.c
      USBCtrlTrfTxService   0x000bc2    program     static D:\Erectric\PIC-project\PIC-project\PIC 18f\pic18f4550\Microchip\Microchip\USB\usb_device.c
            USBDeviceInit   0x00001a    program     extern D:\Erectric\PIC-project\PIC-project\PIC 18f\pic18f4550\Microchip\Microchip\USB\usb_device.c
           USBDeviceTasks   0x000132    program     extern D:\Erectric\PIC-project\PIC-project\PIC 18f\pic18f4550\Microchip\Microchip\USB\usb_device.c
        USBEnableEndpoint   0x000f3a    program     extern D:\Erectric\PIC-project\PIC-project\PIC 18f\pic18f4550\Microchip\Microchip\USB\usb_device.c
USBHIDCBSetReportComplete   0x00144c    program     extern D:\Erectric\PIC-project\PIC-project\PIC 18f\pic18f2550\2550_keyboard_3\2550_keyboard\keyboard\Keyboard.c
 USBHIDCBSetReportHandler   0x001430    program     extern D:\Erectric\PIC-project\PIC-project\PIC 18f\pic18f2550\2550_keyboard_3\2550_keyboard\keyboard\Keyboard.c
         USBStallEndpoint   0x000fa8    program     extern D:\Erectric\PIC-project\PIC-project\PIC 18f\pic18f4550\Microchip\Microchip\USB\usb_device.c
          USBStallHandler   0x0002b2    program     static D:\Erectric\PIC-project\PIC-project\PIC 18f\pic18f4550\Microchip\Microchip\USB\usb_device.c
  USBStdFeatureReqHandler   0x000620    program     static D:\Erectric\PIC-project\PIC-project\PIC 18f\pic18f4550\Microchip\Microchip\USB\usb_device.c
      USBStdGetDscHandler   0x000992    program     static D:\Erectric\PIC-project\PIC-project\PIC 18f\pic18f4550\Microchip\Microchip\USB\usb_device.c
   USBStdGetStatusHandler   0x000a4c    program     static D:\Erectric\PIC-project\PIC-project\PIC 18f\pic18f4550\Microchip\Microchip\USB\usb_device.c
      USBStdSetCfgHandler   0x000dbe    program     static D:\Erectric\PIC-project\PIC-project\PIC 18f\pic18f4550\Microchip\Microchip\USB\usb_device.c
               USBSuspend   0x0002e4    program     static D:\Erectric\PIC-project\PIC-project\PIC 18f\pic18f4550\Microchip\Microchip\USB\usb_device.c
     USBTransferOnePacket   0x001084    program     extern D:\Erectric\PIC-project\PIC-project\PIC 18f\pic18f4550\Microchip\Microchip\USB\usb_device.c
       USBWakeFromSuspend   0x00030e    program     static D:\Erectric\PIC-project\PIC-project\PIC 18f\pic18f4550\Microchip\Microchip\USB\usb_device.c
               USB_CD_Ptr   0x001540    program     extern D:\Erectric\PIC-project\PIC-project\PIC 18f\pic18f2550\2550_keyboard_3\2550_keyboard\keyboard\usb_descriptors.c
               USB_SD_Ptr   0x001542    program     extern D:\Erectric\PIC-project\PIC-project\PIC 18f\pic18f2550\2550_keyboard_3\2550_keyboard\keyboard\usb_descriptors.c
USER_USB_CALLBACK_EVENT_HANDLER   0x00139c    program     extern D:\Erectric\PIC-project\PIC-project\PIC 18f\pic18f2550\2550_keyboard_3\2550_keyboard\keyboard\Keyboard.c
                 UserInit   0x001240    program     extern D:\Erectric\PIC-project\PIC-project\PIC 18f\pic18f2550\2550_keyboard_3\2550_keyboard\keyboard\Keyboard.c
              _2jContinue   0x0016d2    program     static D:\3.43\pic18-lt\cxx-framework\src\traditional\stdclib\memset.asm
                   _3jEnd   0x0016dc    program     static D:\3.43\pic18-lt\cxx-framework\src\traditional\stdclib\memset.asm
       ___return_lbl00000   0x000004    program     static                          
       ___return_lbl00001   0x001720    program     static                          
       ___return_lbl00002   0x0016b0    program     static                          
               __config_0   0x300000    program     static D:\Erectric\PIC-project\PIC-project\PIC 18f\pic18f2550\2550_keyboard_3\2550_keyboard\keyboard\Keyboard.c
               __config_1   0x300001    program     static D:\Erectric\PIC-project\PIC-project\PIC 18f\pic18f2550\2550_keyboard_3\2550_keyboard\keyboard\Keyboard.c
              __config_10   0x30000c    program     static D:\Erectric\PIC-project\PIC-project\PIC 18f\pic18f2550\2550_keyboard_3\2550_keyboard\keyboard\Keyboard.c
              __config_11   0x30000d    program     static D:\Erectric\PIC-project\PIC-project\PIC 18f\pic18f2550\2550_keyboard_3\2550_keyboard\keyboard\Keyboard.c
               __config_2   0x300002    program     static D:\Erectric\PIC-project\PIC-project\PIC 18f\pic18f2550\2550_keyboard_3\2550_keyboard\keyboard\Keyboard.c
               __config_3   0x300003    program     static D:\Erectric\PIC-project\PIC-project\PIC 18f\pic18f2550\2550_keyboard_3\2550_keyboard\keyboard\Keyboard.c
               __config_4   0x300005    program     static D:\Erectric\PIC-project\PIC-project\PIC 18f\pic18f2550\2550_keyboard_3\2550_keyboard\keyboard\Keyboard.c
               __config_5   0x300006    program     static D:\Erectric\PIC-project\PIC-project\PIC 18f\pic18f2550\2550_keyboard_3\2550_keyboard\keyboard\Keyboard.c
               __config_6   0x300008    program     static D:\Erectric\PIC-project\PIC-project\PIC 18f\pic18f2550\2550_keyboard_3\2550_keyboard\keyboard\Keyboard.c
               __config_7   0x300009    program     static D:\Erectric\PIC-project\PIC-project\PIC 18f\pic18f2550\2550_keyboard_3\2550_keyboard\keyboard\Keyboard.c
               __config_8   0x30000a    program     static D:\Erectric\PIC-project\PIC-project\PIC 18f\pic18f2550\2550_keyboard_3\2550_keyboard\keyboard\Keyboard.c
               __config_9   0x30000b    program     static D:\Erectric\PIC-project\PIC-project\PIC 18f\pic18f2550\2550_keyboard_3\2550_keyboard\keyboard\Keyboard.c
                   __init   0x00000a    program     extern D:\3.43\pic18-lt\cxx-framework\src\traditional\stdclib\__init.c
            __zero_memory   0x0016e6    program     extern D:\3.43\pic18-lt\cxx-framework\src\traditional\proc\p18f2550.asm
                _do_cinit   0x001614    program     extern D:\3.43\pic18-lt\cxx-framework\src\traditional\startup\c018i.c
                   _entry   0x000000    program     extern D:\3.43\pic18-lt\cxx-framework\src\traditional\startup\c018i.c
                 _startup   0x001706    program     extern D:\3.43\pic18-lt\cxx-framework\src\traditional\startup\c018i.c
                compare_l   0x0016fc    program     static D:\3.43\pic18-lt\cxx-framework\src\traditional\proc\p18f2550.asm
        configDescriptor1   0x001472    program     extern D:\Erectric\PIC-project\PIC-project\PIC 18f\pic18f2550\2550_keyboard_3\2550_keyboard\keyboard\usb_descriptors.c
                copy_loop   0x001686    program     static                          
            copy_one_byte   0x00168c    program     static                          
               device_dsc   0x001460    program     extern D:\Erectric\PIC-project\PIC-project\PIC 18f\pic18f2550\2550_keyboard_3\2550_keyboard\keyboard\usb_descriptors.c
                     done   0x0016b0    program     static                          
             done_copying   0x00169a    program     static                          
                hid_rpt01   0x001501    program     extern D:\Erectric\PIC-project\PIC-project\PIC 18f\pic18f2550\2550_keyboard_3\2550_keyboard\keyboard\usb_descriptors.c
                     jEnd   0x0016e4    program     static D:\3.43\pic18-lt\cxx-framework\src\traditional\stdclib\memset.asm
                    jLoop   0x0016c6    program     static D:\3.43\pic18-lt\cxx-framework\src\traditional\stdclib\memset.asm
                     loop   0x001716    program     static                          
                   loop_h   0x0016f4    program     static D:\3.43\pic18-lt\cxx-framework\src\traditional\proc\p18f2550.asm
                   loop_l   0x0016fe    program     static D:\3.43\pic18-lt\cxx-framework\src\traditional\proc\p18f2550.asm
                     main   0x001226    program     extern D:\Erectric\PIC-project\PIC-project\PIC 18f\pic18f2550\2550_keyboard_3\2550_keyboard\keyboard\Keyboard.c
                   memset   0x0016b2    program     extern D:\3.43\pic18-lt\cxx-framework\src\traditional\stdclib\memset.asm
                    sd000   0x00149b    program     extern D:\Erectric\PIC-project\PIC-project\PIC 18f\pic18f2550\2550_keyboard_3\2550_keyboard\keyboard\usb_descriptors.c
                    sd001   0x00149f    program     extern D:\Erectric\PIC-project\PIC-project\PIC 18f\pic18f2550\2550_keyboard_3\2550_keyboard\keyboard\usb_descriptors.c
                    sd002   0x0014d3    program     extern D:\Erectric\PIC-project\PIC-project\PIC 18f\pic18f2550\2550_keyboard_3\2550_keyboard\keyboard\usb_descriptors.c
                     test   0x00162e    program     static                          
               zero_block   0x0016f4    program     static D:\3.43\pic18-lt\cxx-framework\src\traditional\proc\p18f2550.asm
                   ADCON0   0x000fc2       data     extern D:\3.43\pic18-lt\cxx-framework\src\traditional\proc\p18f2550.asm
               ADCON0bits   0x000fc2       data     extern D:\3.43\pic18-lt\cxx-framework\src\traditional\proc\p18f2550.asm
                   ADCON1   0x000fc1       data     extern D:\3.43\pic18-lt\cxx-framework\src\traditional\proc\p18f2550.asm
               ADCON1bits   0x000fc1       data     extern D:\3.43\pic18-lt\cxx-framework\src\traditional\proc\p18f2550.asm
                   ADCON2   0x000fc0       data     extern D:\3.43\pic18-lt\cxx-framework\src\traditional\proc\p18f2550.asm
               ADCON2bits   0x000fc0       data     extern D:\3.43\pic18-lt\cxx-framework\src\traditional\proc\p18f2550.asm
                    ADRES   0x000fc3       data     extern D:\3.43\pic18-lt\cxx-framework\src\traditional\proc\p18f2550.asm
                   ADRESH   0x000fc4       data     extern D:\3.43\pic18-lt\cxx-framework\src\traditional\proc\p18f2550.asm
                   ADRESL   0x000fc3       data     extern D:\3.43\pic18-lt\cxx-framework\src\traditional\proc\p18f2550.asm
                  BAUDCON   0x000fb8       data     extern D:\3.43\pic18-lt\cxx-framework\src\traditional\proc\p18f2550.asm
              BAUDCONbits   0x000fb8       data     extern D:\3.43\pic18-lt\cxx-framework\src\traditional\proc\p18f2550.asm
                  BAUDCTL   0x000fb8       data     extern D:\3.43\pic18-lt\cxx-framework\src\traditional\proc\p18f2550.asm
              BAUDCTLbits   0x000fb8       data     extern D:\3.43\pic18-lt\cxx-framework\src\traditional\proc\p18f2550.asm
                      BDT   0x000400       data     extern D:\Erectric\PIC-project\PIC-project\PIC 18f\pic18f4550\Microchip\Microchip\USB\usb_device.c
                      BSR   0x000fe0       data     extern D:\3.43\pic18-lt\cxx-framework\src\traditional\proc\p18f2550.asm
         BlinkStatusValid   0x0000a5       data     extern D:\Erectric\PIC-project\PIC-project\PIC 18f\pic18f2550\2550_keyboard_3\2550_keyboard\keyboard\Keyboard.c
       BothEP0OutUOWNsSet   0x000083       data     extern D:\Erectric\PIC-project\PIC-project\PIC 18f\pic18f4550\Microchip\Microchip\USB\usb_device.c
                   CCP1AS   0x000fb6       data     extern D:\3.43\pic18-lt\cxx-framework\src\traditional\proc\p18f2550.asm
               CCP1ASbits   0x000fb6       data     extern D:\3.43\pic18-lt\cxx-framework\src\traditional\proc\p18f2550.asm
                  CCP1CON   0x000fbd       data     extern D:\3.43\pic18-lt\cxx-framework\src\traditional\proc\p18f2550.asm
              CCP1CONbits   0x000fbd       data     extern D:\3.43\pic18-lt\cxx-framework\src\traditional\proc\p18f2550.asm
                  CCP1DEL   0x000fb7       data     extern D:\3.43\pic18-lt\cxx-framework\src\traditional\proc\p18f2550.asm
              CCP1DELbits   0x000fb7       data     extern D:\3.43\pic18-lt\cxx-framework\src\traditional\proc\p18f2550.asm
                  CCP2CON   0x000fba       data     extern D:\3.43\pic18-lt\cxx-framework\src\traditional\proc\p18f2550.asm
              CCP2CONbits   0x000fba       data     extern D:\3.43\pic18-lt\cxx-framework\src\traditional\proc\p18f2550.asm
                    CCPR1   0x000fbe       data     extern D:\3.43\pic18-lt\cxx-framework\src\traditional\proc\p18f2550.asm
                   CCPR1H   0x000fbf       data     extern D:\3.43\pic18-lt\cxx-framework\src\traditional\proc\p18f2550.asm
                   CCPR1L   0x000fbe       data     extern D:\3.43\pic18-lt\cxx-framework\src\traditional\proc\p18f2550.asm
                    CCPR2   0x000fbb       data     extern D:\3.43\pic18-lt\cxx-framework\src\traditional\proc\p18f2550.asm
                   CCPR2H   0x000fbc       data     extern D:\3.43\pic18-lt\cxx-framework\src\traditional\proc\p18f2550.asm
                   CCPR2L   0x000fbb       data     extern D:\3.43\pic18-lt\cxx-framework\src\traditional\proc\p18f2550.asm
                    CMCON   0x000fb4       data     extern D:\3.43\pic18-lt\cxx-framework\src\traditional\proc\p18f2550.asm
                CMCONbits   0x000fb4       data     extern D:\3.43\pic18-lt\cxx-framework\src\traditional\proc\p18f2550.asm
                   CVRCON   0x000fb5       data     extern D:\3.43\pic18-lt\cxx-framework\src\traditional\proc\p18f2550.asm
               CVRCONbits   0x000fb5       data     extern D:\3.43\pic18-lt\cxx-framework\src\traditional\proc\p18f2550.asm
CountdownTimerToShowUSBStatusOnLEDs   0x0000a6       data     extern D:\Erectric\PIC-project\PIC-project\PIC 18f\pic18f2550\2550_keyboard_3\2550_keyboard\keyboard\Keyboard.c
              CtrlTrfData   0x000428       data     extern D:\Erectric\PIC-project\PIC-project\PIC 18f\pic18f4550\Microchip\Microchip\USB\usb_device.c
                     DDRA   0x000f92       data     extern D:\3.43\pic18-lt\cxx-framework\src\traditional\proc\p18f2550.asm
                 DDRAbits   0x000f92       data     extern D:\3.43\pic18-lt\cxx-framework\src\traditional\proc\p18f2550.asm
                     DDRB   0x000f93       data     extern D:\3.43\pic18-lt\cxx-framework\src\traditional\proc\p18f2550.asm
                 DDRBbits   0x000f93       data     extern D:\3.43\pic18-lt\cxx-framework\src\traditional\proc\p18f2550.asm
                     DDRC   0x000f94       data     extern D:\3.43\pic18-lt\cxx-framework\src\traditional\proc\p18f2550.asm
                 DDRCbits   0x000f94       data     extern D:\3.43\pic18-lt\cxx-framework\src\traditional\proc\p18f2550.asm
                  ECCP1AS   0x000fb6       data     extern D:\3.43\pic18-lt\cxx-framework\src\traditional\proc\p18f2550.asm
              ECCP1ASbits   0x000fb6       data     extern D:\3.43\pic18-lt\cxx-framework\src\traditional\proc\p18f2550.asm
                 ECCP1DEL   0x000fb7       data     extern D:\3.43\pic18-lt\cxx-framework\src\traditional\proc\p18f2550.asm
             ECCP1DELbits   0x000fb7       data     extern D:\3.43\pic18-lt\cxx-framework\src\traditional\proc\p18f2550.asm
                    EEADR   0x000fa9       data     extern D:\3.43\pic18-lt\cxx-framework\src\traditional\proc\p18f2550.asm
                   EECON1   0x000fa6       data     extern D:\3.43\pic18-lt\cxx-framework\src\traditional\proc\p18f2550.asm
               EECON1bits   0x000fa6       data     extern D:\3.43\pic18-lt\cxx-framework\src\traditional\proc\p18f2550.asm
                   EECON2   0x000fa7       data     extern D:\3.43\pic18-lt\cxx-framework\src\traditional\proc\p18f2550.asm
                   EEDATA   0x000fa8       data     extern D:\3.43\pic18-lt\cxx-framework\src\traditional\proc\p18f2550.asm
                     FSR0   0x000fe9       data     extern D:\3.43\pic18-lt\cxx-framework\src\traditional\proc\p18f2550.asm
                    FSR0H   0x000fea       data     extern D:\3.43\pic18-lt\cxx-framework\src\traditional\proc\p18f2550.asm
                    FSR0L   0x000fe9       data     extern D:\3.43\pic18-lt\cxx-framework\src\traditional\proc\p18f2550.asm
                     FSR1   0x000fe1       data     extern D:\3.43\pic18-lt\cxx-framework\src\traditional\proc\p18f2550.asm
                    FSR1H   0x000fe2       data     extern D:\3.43\pic18-lt\cxx-framework\src\traditional\proc\p18f2550.asm
                    FSR1L   0x000fe1       data     extern D:\3.43\pic18-lt\cxx-framework\src\traditional\proc\p18f2550.asm
                     FSR2   0x000fd9       data     extern D:\3.43\pic18-lt\cxx-framework\src\traditional\proc\p18f2550.asm
                    FSR2H   0x000fda       data     extern D:\3.43\pic18-lt\cxx-framework\src\traditional\proc\p18f2550.asm
                    FSR2L   0x000fd9       data     extern D:\3.43\pic18-lt\cxx-framework\src\traditional\proc\p18f2550.asm
                  HLVDCON   0x000fd2       data     extern D:\3.43\pic18-lt\cxx-framework\src\traditional\proc\p18f2550.asm
              HLVDCONbits   0x000fd2       data     extern D:\3.43\pic18-lt\cxx-framework\src\traditional\proc\p18f2550.asm
                    INDF0   0x000fef       data     extern D:\3.43\pic18-lt\cxx-framework\src\traditional\proc\p18f2550.asm
                    INDF1   0x000fe7       data     extern D:\3.43\pic18-lt\cxx-framework\src\traditional\proc\p18f2550.asm
                    INDF2   0x000fdf       data     extern D:\3.43\pic18-lt\cxx-framework\src\traditional\proc\p18f2550.asm
                   INTCON   0x000ff2       data     extern D:\3.43\pic18-lt\cxx-framework\src\traditional\proc\p18f2550.asm
                  INTCON2   0x000ff1       data     extern D:\3.43\pic18-lt\cxx-framework\src\traditional\proc\p18f2550.asm
              INTCON2bits   0x000ff1       data     extern D:\3.43\pic18-lt\cxx-framework\src\traditional\proc\p18f2550.asm
                  INTCON3   0x000ff0       data     extern D:\3.43\pic18-lt\cxx-framework\src\traditional\proc\p18f2550.asm
              INTCON3bits   0x000ff0       data     extern D:\3.43\pic18-lt\cxx-framework\src\traditional\proc\p18f2550.asm
               INTCONbits   0x000ff2       data     extern D:\3.43\pic18-lt\cxx-framework\src\traditional\proc\p18f2550.asm
                     IPR1   0x000f9f       data     extern D:\3.43\pic18-lt\cxx-framework\src\traditional\proc\p18f2550.asm
                 IPR1bits   0x000f9f       data     extern D:\3.43\pic18-lt\cxx-framework\src\traditional\proc\p18f2550.asm
                     IPR2   0x000fa2       data     extern D:\3.43\pic18-lt\cxx-framework\src\traditional\proc\p18f2550.asm
                 IPR2bits   0x000fa2       data     extern D:\3.43\pic18-lt\cxx-framework\src\traditional\proc\p18f2550.asm
             Keyboard_out   0x0000a4       data     extern D:\Erectric\PIC-project\PIC-project\PIC 18f\pic18f2550\2550_keyboard_3\2550_keyboard\keyboard\Keyboard.c
                     LATA   0x000f89       data     extern D:\3.43\pic18-lt\cxx-framework\src\traditional\proc\p18f2550.asm
                 LATAbits   0x000f89       data     extern D:\3.43\pic18-lt\cxx-framework\src\traditional\proc\p18f2550.asm
                     LATB   0x000f8a       data     extern D:\3.43\pic18-lt\cxx-framework\src\traditional\proc\p18f2550.asm
                 LATBbits   0x000f8a       data     extern D:\3.43\pic18-lt\cxx-framework\src\traditional\proc\p18f2550.asm
                     LATC   0x000f8b       data     extern D:\3.43\pic18-lt\cxx-framework\src\traditional\proc\p18f2550.asm
                 LATCbits   0x000f8b       data     extern D:\3.43\pic18-lt\cxx-framework\src\traditional\proc\p18f2550.asm
                   LVDCON   0x000fd2       data     extern D:\3.43\pic18-lt\cxx-framework\src\traditional\proc\p18f2550.asm
               LVDCONbits   0x000fd2       data     extern D:\3.43\pic18-lt\cxx-framework\src\traditional\proc\p18f2550.asm
                   OSCCON   0x000fd3       data     extern D:\3.43\pic18-lt\cxx-framework\src\traditional\proc\p18f2550.asm
               OSCCONbits   0x000fd3       data     extern D:\3.43\pic18-lt\cxx-framework\src\traditional\proc\p18f2550.asm
                  OSCTUNE   0x000f9b       data     extern D:\3.43\pic18-lt\cxx-framework\src\traditional\proc\p18f2550.asm
              OSCTUNEbits   0x000f9b       data     extern D:\3.43\pic18-lt\cxx-framework\src\traditional\proc\p18f2550.asm
                OutBuffer   0x000098       data     extern D:\Erectric\PIC-project\PIC-project\PIC 18f\pic18f2550\2550_keyboard_3\2550_keyboard\keyboard\Keyboard.c
                       PC   0x000ff9       data     extern D:\3.43\pic18-lt\cxx-framework\src\traditional\proc\p18f2550.asm
                      PCL   0x000ff9       data     extern D:\3.43\pic18-lt\cxx-framework\src\traditional\proc\p18f2550.asm
                   PCLATH   0x000ffa       data     extern D:\3.43\pic18-lt\cxx-framework\src\traditional\proc\p18f2550.asm
                   PCLATU   0x000ffb       data     extern D:\3.43\pic18-lt\cxx-framework\src\traditional\proc\p18f2550.asm
                     PIE1   0x000f9d       data     extern D:\3.43\pic18-lt\cxx-framework\src\traditional\proc\p18f2550.asm
                 PIE1bits   0x000f9d       data     extern D:\3.43\pic18-lt\cxx-framework\src\traditional\proc\p18f2550.asm
                     PIE2   0x000fa0       data     extern D:\3.43\pic18-lt\cxx-framework\src\traditional\proc\p18f2550.asm
                 PIE2bits   0x000fa0       data     extern D:\3.43\pic18-lt\cxx-framework\src\traditional\proc\p18f2550.asm
                     PIR1   0x000f9e       data     extern D:\3.43\pic18-lt\cxx-framework\src\traditional\proc\p18f2550.asm
                 PIR1bits   0x000f9e       data     extern D:\3.43\pic18-lt\cxx-framework\src\traditional\proc\p18f2550.asm
                     PIR2   0x000fa1       data     extern D:\3.43\pic18-lt\cxx-framework\src\traditional\proc\p18f2550.asm
                 PIR2bits   0x000fa1       data     extern D:\3.43\pic18-lt\cxx-framework\src\traditional\proc\p18f2550.asm
                   PLUSW0   0x000feb       data     extern D:\3.43\pic18-lt\cxx-framework\src\traditional\proc\p18f2550.asm
                   PLUSW1   0x000fe3       data     extern D:\3.43\pic18-lt\cxx-framework\src\traditional\proc\p18f2550.asm
                   PLUSW2   0x000fdb       data     extern D:\3.43\pic18-lt\cxx-framework\src\traditional\proc\p18f2550.asm
                    PORTA   0x000f80       data     extern D:\3.43\pic18-lt\cxx-framework\src\traditional\proc\p18f2550.asm
                PORTAbits   0x000f80       data     extern D:\3.43\pic18-lt\cxx-framework\src\traditional\proc\p18f2550.asm
                    PORTB   0x000f81       data     extern D:\3.43\pic18-lt\cxx-framework\src\traditional\proc\p18f2550.asm
                PORTBbits   0x000f81       data     extern D:\3.43\pic18-lt\cxx-framework\src\traditional\proc\p18f2550.asm
                    PORTC   0x000f82       data     extern D:\3.43\pic18-lt\cxx-framework\src\traditional\proc\p18f2550.asm
                PORTCbits   0x000f82       data     extern D:\3.43\pic18-lt\cxx-framework\src\traditional\proc\p18f2550.asm
                    PORTE   0x000f84       data     extern D:\3.43\pic18-lt\cxx-framework\src\traditional\proc\p18f2550.asm
                PORTEbits   0x000f84       data     extern D:\3.43\pic18-lt\cxx-framework\src\traditional\proc\p18f2550.asm
                 POSTDEC0   0x000fed       data     extern D:\3.43\pic18-lt\cxx-framework\src\traditional\proc\p18f2550.asm
                 POSTDEC1   0x000fe5       data     extern D:\3.43\pic18-lt\cxx-framework\src\traditional\proc\p18f2550.asm
                 POSTDEC2   0x000fdd       data     extern D:\3.43\pic18-lt\cxx-framework\src\traditional\proc\p18f2550.asm
                 POSTINC0   0x000fee       data     extern D:\3.43\pic18-lt\cxx-framework\src\traditional\proc\p18f2550.asm
                 POSTINC1   0x000fe6       data     extern D:\3.43\pic18-lt\cxx-framework\src\traditional\proc\p18f2550.asm
                 POSTINC2   0x000fde       data     extern D:\3.43\pic18-lt\cxx-framework\src\traditional\proc\p18f2550.asm
                      PR2   0x000fcb       data     extern D:\3.43\pic18-lt\cxx-framework\src\traditional\proc\p18f2550.asm
                  PREINC0   0x000fec       data     extern D:\3.43\pic18-lt\cxx-framework\src\traditional\proc\p18f2550.asm
                  PREINC1   0x000fe4       data     extern D:\3.43\pic18-lt\cxx-framework\src\traditional\proc\p18f2550.asm
                  PREINC2   0x000fdc       data     extern D:\3.43\pic18-lt\cxx-framework\src\traditional\proc\p18f2550.asm
                     PROD   0x000ff3       data     extern D:\3.43\pic18-lt\cxx-framework\src\traditional\proc\p18f2550.asm
                    PRODH   0x000ff4       data     extern D:\3.43\pic18-lt\cxx-framework\src\traditional\proc\p18f2550.asm
                    PRODL   0x000ff3       data     extern D:\3.43\pic18-lt\cxx-framework\src\traditional\proc\p18f2550.asm
                     RCON   0x000fd0       data     extern D:\3.43\pic18-lt\cxx-framework\src\traditional\proc\p18f2550.asm
                 RCONbits   0x000fd0       data     extern D:\3.43\pic18-lt\cxx-framework\src\traditional\proc\p18f2550.asm
                    RCREG   0x000fae       data     extern D:\3.43\pic18-lt\cxx-framework\src\traditional\proc\p18f2550.asm
                    RCSTA   0x000fab       data     extern D:\3.43\pic18-lt\cxx-framework\src\traditional\proc\p18f2550.asm
                RCSTAbits   0x000fab       data     extern D:\3.43\pic18-lt\cxx-framework\src\traditional\proc\p18f2550.asm
             RemoteWakeup   0x00007f       data     extern D:\Erectric\PIC-project\PIC-project\PIC 18f\pic18f4550\Microchip\Microchip\USB\usb_device.c
                     SIGN   0x000009       data     extern D:\3.43\pic18-lt\cxx-framework\src\traditional\math\cmath18.asm
                    SPBRG   0x000faf       data     extern D:\3.43\pic18-lt\cxx-framework\src\traditional\proc\p18f2550.asm
                   SPBRGH   0x000fb0       data     extern D:\3.43\pic18-lt\cxx-framework\src\traditional\proc\p18f2550.asm
                   SSPADD   0x000fc8       data     extern D:\3.43\pic18-lt\cxx-framework\src\traditional\proc\p18f2550.asm
                   SSPBUF   0x000fc9       data     extern D:\3.43\pic18-lt\cxx-framework\src\traditional\proc\p18f2550.asm
                  SSPCON1   0x000fc6       data     extern D:\3.43\pic18-lt\cxx-framework\src\traditional\proc\p18f2550.asm
              SSPCON1bits   0x000fc6       data     extern D:\3.43\pic18-lt\cxx-framework\src\traditional\proc\p18f2550.asm
                  SSPCON2   0x000fc5       data     extern D:\3.43\pic18-lt\cxx-framework\src\traditional\proc\p18f2550.asm
              SSPCON2bits   0x000fc5       data     extern D:\3.43\pic18-lt\cxx-framework\src\traditional\proc\p18f2550.asm
                  SSPSTAT   0x000fc7       data     extern D:\3.43\pic18-lt\cxx-framework\src\traditional\proc\p18f2550.asm
              SSPSTATbits   0x000fc7       data     extern D:\3.43\pic18-lt\cxx-framework\src\traditional\proc\p18f2550.asm
                   STATUS   0x000fd8       data     extern D:\3.43\pic18-lt\cxx-framework\src\traditional\proc\p18f2550.asm
               STATUSbits   0x000fd8       data     extern D:\3.43\pic18-lt\cxx-framework\src\traditional\proc\p18f2550.asm
                   STKPTR   0x000ffc       data     extern D:\3.43\pic18-lt\cxx-framework\src\traditional\proc\p18f2550.asm
               STKPTRbits   0x000ffc       data     extern D:\3.43\pic18-lt\cxx-framework\src\traditional\proc\p18f2550.asm
                 SetupPkt   0x000420       data     extern D:\Erectric\PIC-project\PIC-project\PIC 18f\pic18f4550\Microchip\Microchip\USB\usb_device.c
                    T0CON   0x000fd5       data     extern D:\3.43\pic18-lt\cxx-framework\src\traditional\proc\p18f2550.asm
                T0CONbits   0x000fd5       data     extern D:\3.43\pic18-lt\cxx-framework\src\traditional\proc\p18f2550.asm
                    T1CON   0x000fcd       data     extern D:\3.43\pic18-lt\cxx-framework\src\traditional\proc\p18f2550.asm
                T1CONbits   0x000fcd       data     extern D:\3.43\pic18-lt\cxx-framework\src\traditional\proc\p18f2550.asm
                    T2CON   0x000fca       data     extern D:\3.43\pic18-lt\cxx-framework\src\traditional\proc\p18f2550.asm
                T2CONbits   0x000fca       data     extern D:\3.43\pic18-lt\cxx-framework\src\traditional\proc\p18f2550.asm
                    T3CON   0x000fb1       data     extern D:\3.43\pic18-lt\cxx-framework\src\traditional\proc\p18f2550.asm
                T3CONbits   0x000fb1       data     extern D:\3.43\pic18-lt\cxx-framework\src\traditional\proc\p18f2550.asm
                   TABLAT   0x000ff5       data     extern D:\3.43\pic18-lt\cxx-framework\src\traditional\proc\p18f2550.asm
                   TBLPTR   0x000ff6       data     extern D:\3.43\pic18-lt\cxx-framework\src\traditional\proc\p18f2550.asm
                  TBLPTRH   0x000ff7       data     extern D:\3.43\pic18-lt\cxx-framework\src\traditional\proc\p18f2550.asm
                  TBLPTRL   0x000ff6       data     extern D:\3.43\pic18-lt\cxx-framework\src\traditional\proc\p18f2550.asm
                  TBLPTRU   0x000ff8       data     extern D:\3.43\pic18-lt\cxx-framework\src\traditional\proc\p18f2550.asm
                    TMR0H   0x000fd7       data     extern D:\3.43\pic18-lt\cxx-framework\src\traditional\proc\p18f2550.asm
                    TMR0L   0x000fd6       data     extern D:\3.43\pic18-lt\cxx-framework\src\traditional\proc\p18f2550.asm
                    TMR1H   0x000fcf       data     extern D:\3.43\pic18-lt\cxx-framework\src\traditional\proc\p18f2550.asm
                    TMR1L   0x000fce       data     extern D:\3.43\pic18-lt\cxx-framework\src\traditional\proc\p18f2550.asm
                     TMR2   0x000fcc       data     extern D:\3.43\pic18-lt\cxx-framework\src\traditional\proc\p18f2550.asm
                    TMR3H   0x000fb3       data     extern D:\3.43\pic18-lt\cxx-framework\src\traditional\proc\p18f2550.asm
                    TMR3L   0x000fb2       data     extern D:\3.43\pic18-lt\cxx-framework\src\traditional\proc\p18f2550.asm
                      TOS   0x000ffd       data     extern D:\3.43\pic18-lt\cxx-framework\src\traditional\proc\p18f2550.asm
                     TOSH   0x000ffe       data     extern D:\3.43\pic18-lt\cxx-framework\src\traditional\proc\p18f2550.asm
                     TOSL   0x000ffd       data     extern D:\3.43\pic18-lt\cxx-framework\src\traditional\proc\p18f2550.asm
                     TOSU   0x000fff       data     extern D:\3.43\pic18-lt\cxx-framework\src\traditional\proc\p18f2550.asm
                    TRISA   0x000f92       data     extern D:\3.43\pic18-lt\cxx-framework\src\traditional\proc\p18f2550.asm
                TRISAbits   0x000f92       data     extern D:\3.43\pic18-lt\cxx-framework\src\traditional\proc\p18f2550.asm
                    TRISB   0x000f93       data     extern D:\3.43\pic18-lt\cxx-framework\src\traditional\proc\p18f2550.asm
                TRISBbits   0x000f93       data     extern D:\3.43\pic18-lt\cxx-framework\src\traditional\proc\p18f2550.asm
                    TRISC   0x000f94       data     extern D:\3.43\pic18-lt\cxx-framework\src\traditional\proc\p18f2550.asm
                TRISCbits   0x000f94       data     extern D:\3.43\pic18-lt\cxx-framework\src\traditional\proc\p18f2550.asm
                    TXREG   0x000fad       data     extern D:\3.43\pic18-lt\cxx-framework\src\traditional\proc\p18f2550.asm
                    TXSTA   0x000fac       data     extern D:\3.43\pic18-lt\cxx-framework\src\traditional\proc\p18f2550.asm
                TXSTAbits   0x000fac       data     extern D:\3.43\pic18-lt\cxx-framework\src\traditional\proc\p18f2550.asm
                    UADDR   0x000f6e       data     extern D:\3.43\pic18-lt\cxx-framework\src\traditional\proc\p18f2550.asm
                UADDRbits   0x000f6e       data     extern D:\3.43\pic18-lt\cxx-framework\src\traditional\proc\p18f2550.asm
                     UCFG   0x000f6f       data     extern D:\3.43\pic18-lt\cxx-framework\src\traditional\proc\p18f2550.asm
                 UCFGbits   0x000f6f       data     extern D:\3.43\pic18-lt\cxx-framework\src\traditional\proc\p18f2550.asm
                     UCON   0x000f6d       data     extern D:\3.43\pic18-lt\cxx-framework\src\traditional\proc\p18f2550.asm
                 UCONbits   0x000f6d       data     extern D:\3.43\pic18-lt\cxx-framework\src\traditional\proc\p18f2550.asm
                     UEIE   0x000f6b       data     extern D:\3.43\pic18-lt\cxx-framework\src\traditional\proc\p18f2550.asm
                 UEIEbits   0x000f6b       data     extern D:\3.43\pic18-lt\cxx-framework\src\traditional\proc\p18f2550.asm
                     UEIR   0x000f6a       data     extern D:\3.43\pic18-lt\cxx-framework\src\traditional\proc\p18f2550.asm
                 UEIRbits   0x000f6a       data     extern D:\3.43\pic18-lt\cxx-framework\src\traditional\proc\p18f2550.asm
                     UEP0   0x000f70       data     extern D:\3.43\pic18-lt\cxx-framework\src\traditional\proc\p18f2550.asm
                 UEP0bits   0x000f70       data     extern D:\3.43\pic18-lt\cxx-framework\src\traditional\proc\p18f2550.asm
                     UEP1   0x000f71       data     extern D:\3.43\pic18-lt\cxx-framework\src\traditional\proc\p18f2550.asm
                    UEP10   0x000f7a       data     extern D:\3.43\pic18-lt\cxx-framework\src\traditional\proc\p18f2550.asm
                UEP10bits   0x000f7a       data     extern D:\3.43\pic18-lt\cxx-framework\src\traditional\proc\p18f2550.asm
                    UEP11   0x000f7b       data     extern D:\3.43\pic18-lt\cxx-framework\src\traditional\proc\p18f2550.asm
                UEP11bits   0x000f7b       data     extern D:\3.43\pic18-lt\cxx-framework\src\traditional\proc\p18f2550.asm
                    UEP12   0x000f7c       data     extern D:\3.43\pic18-lt\cxx-framework\src\traditional\proc\p18f2550.asm
                UEP12bits   0x000f7c       data     extern D:\3.43\pic18-lt\cxx-framework\src\traditional\proc\p18f2550.asm
                    UEP13   0x000f7d       data     extern D:\3.43\pic18-lt\cxx-framework\src\traditional\proc\p18f2550.asm
                UEP13bits   0x000f7d       data     extern D:\3.43\pic18-lt\cxx-framework\src\traditional\proc\p18f2550.asm
                    UEP14   0x000f7e       data     extern D:\3.43\pic18-lt\cxx-framework\src\traditional\proc\p18f2550.asm
                UEP14bits   0x000f7e       data     extern D:\3.43\pic18-lt\cxx-framework\src\traditional\proc\p18f2550.asm
                    UEP15   0x000f7f       data     extern D:\3.43\pic18-lt\cxx-framework\src\traditional\proc\p18f2550.asm
                UEP15bits   0x000f7f       data     extern D:\3.43\pic18-lt\cxx-framework\src\traditional\proc\p18f2550.asm
                 UEP1bits   0x000f71       data     extern D:\3.43\pic18-lt\cxx-framework\src\traditional\proc\p18f2550.asm
                     UEP2   0x000f72       data     extern D:\3.43\pic18-lt\cxx-framework\src\traditional\proc\p18f2550.asm
                 UEP2bits   0x000f72       data     extern D:\3.43\pic18-lt\cxx-framework\src\traditional\proc\p18f2550.asm
                     UEP3   0x000f73       data     extern D:\3.43\pic18-lt\cxx-framework\src\traditional\proc\p18f2550.asm
                 UEP3bits   0x000f73       data     extern D:\3.43\pic18-lt\cxx-framework\src\traditional\proc\p18f2550.asm
                     UEP4   0x000f74       data     extern D:\3.43\pic18-lt\cxx-framework\src\traditional\proc\p18f2550.asm
                 UEP4bits   0x000f74       data     extern D:\3.43\pic18-lt\cxx-framework\src\traditional\proc\p18f2550.asm
                     UEP5   0x000f75       data     extern D:\3.43\pic18-lt\cxx-framework\src\traditional\proc\p18f2550.asm
                 UEP5bits   0x000f75       data     extern D:\3.43\pic18-lt\cxx-framework\src\traditional\proc\p18f2550.asm
                     UEP6   0x000f76       data     extern D:\3.43\pic18-lt\cxx-framework\src\traditional\proc\p18f2550.asm
                 UEP6bits   0x000f76       data     extern D:\3.43\pic18-lt\cxx-framework\src\traditional\proc\p18f2550.asm
                     UEP7   0x000f77       data     extern D:\3.43\pic18-lt\cxx-framework\src\traditional\proc\p18f2550.asm
                 UEP7bits   0x000f77       data     extern D:\3.43\pic18-lt\cxx-framework\src\traditional\proc\p18f2550.asm
                     UEP8   0x000f78       data     extern D:\3.43\pic18-lt\cxx-framework\src\traditional\proc\p18f2550.asm
                 UEP8bits   0x000f78       data     extern D:\3.43\pic18-lt\cxx-framework\src\traditional\proc\p18f2550.asm
                     UEP9   0x000f79       data     extern D:\3.43\pic18-lt\cxx-framework\src\traditional\proc\p18f2550.asm
                 UEP9bits   0x000f79       data     extern D:\3.43\pic18-lt\cxx-framework\src\traditional\proc\p18f2550.asm
                     UFRM   0x000f66       data     extern D:\3.43\pic18-lt\cxx-framework\src\traditional\proc\p18f2550.asm
                    UFRMH   0x000f67       data     extern D:\3.43\pic18-lt\cxx-framework\src\traditional\proc\p18f2550.asm
                UFRMHbits   0x000f67       data     extern D:\3.43\pic18-lt\cxx-framework\src\traditional\proc\p18f2550.asm
                    UFRML   0x000f66       data     extern D:\3.43\pic18-lt\cxx-framework\src\traditional\proc\p18f2550.asm
                UFRMLbits   0x000f66       data     extern D:\3.43\pic18-lt\cxx-framework\src\traditional\proc\p18f2550.asm
                      UIE   0x000f69       data     extern D:\3.43\pic18-lt\cxx-framework\src\traditional\proc\p18f2550.asm
                  UIEbits   0x000f69       data     extern D:\3.43\pic18-lt\cxx-framework\src\traditional\proc\p18f2550.asm
                      UIR   0x000f68       data     extern D:\3.43\pic18-lt\cxx-framework\src\traditional\proc\p18f2550.asm
                  UIRbits   0x000f68       data     extern D:\3.43\pic18-lt\cxx-framework\src\traditional\proc\p18f2550.asm
   USBActiveConfiguration   0x000061       data     extern D:\Erectric\PIC-project\PIC-project\PIC 18f\pic18f4550\Microchip\Microchip\USB\usb_device.c
    USBAlternateInterface   0x000062       data     extern D:\Erectric\PIC-project\PIC-project\PIC 18f\pic18f4550\Microchip\Microchip\USB\usb_device.c
        USBBusIsSuspended   0x000080       data     extern D:\Erectric\PIC-project\PIC-project\PIC 18f\pic18f4550\Microchip\Microchip\USB\usb_device.c
USBDeferINDataStagePackets   0x00008c       data     extern D:\Erectric\PIC-project\PIC-project\PIC 18f\pic18f4550\Microchip\Microchip\USB\usb_device.c
USBDeferOUTDataStagePackets   0x00008d       data     extern D:\Erectric\PIC-project\PIC-project\PIC 18f\pic18f4550\Microchip\Microchip\USB\usb_device.c
USBDeferStatusStagePacket   0x000089       data     extern D:\Erectric\PIC-project\PIC-project\PIC 18f\pic18f4550\Microchip\Microchip\USB\usb_device.c
           USBDeviceState   0x000060       data     extern D:\Erectric\PIC-project\PIC-project\PIC 18f\pic18f4550\Microchip\Microchip\USB\usb_device.c
USBStatusStageEnabledFlag1   0x00008a       data     extern D:\Erectric\PIC-project\PIC-project\PIC 18f\pic18f4550\Microchip\Microchip\USB\usb_device.c
USBStatusStageEnabledFlag2   0x00008b       data     extern D:\Erectric\PIC-project\PIC-project\PIC 18f\pic18f4550\Microchip\Microchip\USB\usb_device.c
USBStatusStageTimeoutCounter   0x000088       data     extern D:\Erectric\PIC-project\PIC-project\PIC 18f\pic18f4550\Microchip\Microchip\USB\usb_device.c
                    USTAT   0x000f6c       data     extern D:\3.43\pic18-lt\cxx-framework\src\traditional\proc\p18f2550.asm
                USTATbits   0x000f6c       data     extern D:\3.43\pic18-lt\cxx-framework\src\traditional\proc\p18f2550.asm
                USTATcopy   0x000081       data     extern D:\Erectric\PIC-project\PIC-project\PIC 18f\pic18f4550\Microchip\Microchip\USB\usb_device.c
                   WDTCON   0x000fd1       data     extern D:\3.43\pic18-lt\cxx-framework\src\traditional\proc\p18f2550.asm
               WDTCONbits   0x000fd1       data     extern D:\3.43\pic18-lt\cxx-framework\src\traditional\proc\p18f2550.asm
                     WREG   0x000fe8       data     extern D:\3.43\pic18-lt\cxx-framework\src\traditional\proc\p18f2550.asm
                 __AARGB0   0x000007       data     extern D:\3.43\pic18-lt\cxx-framework\src\traditional\math\aarg.asm
                 __AARGB1   0x000006       data     extern D:\3.43\pic18-lt\cxx-framework\src\traditional\math\aarg.asm
                 __AARGB2   0x000005       data     extern D:\3.43\pic18-lt\cxx-framework\src\traditional\math\aarg.asm
                 __AARGB3   0x000004       data     extern D:\3.43\pic18-lt\cxx-framework\src\traditional\math\aarg.asm
                 __AARGB4   0x000003       data     extern D:\3.43\pic18-lt\cxx-framework\src\traditional\math\aarg.asm
                 __AARGB5   0x000002       data     extern D:\3.43\pic18-lt\cxx-framework\src\traditional\math\aarg.asm
                 __AARGB6   0x000001       data     extern D:\3.43\pic18-lt\cxx-framework\src\traditional\math\aarg.asm
                 __AARGB7   0x000000       data     extern D:\3.43\pic18-lt\cxx-framework\src\traditional\math\aarg.asm
                   __AEXP   0x000008       data     extern D:\3.43\pic18-lt\cxx-framework\src\traditional\math\aarg.asm
                __FPFLAGS   0x00000a       data     extern D:\3.43\pic18-lt\cxx-framework\src\traditional\math\cmath18.asm
            __FPFLAGSbits   0x00000a       data     extern D:\3.43\pic18-lt\cxx-framework\src\traditional\math\cmath18.asm
                  __REMB0   0x000003       data     extern D:\3.43\pic18-lt\cxx-framework\src\traditional\math\aarg.asm
                  __REMB1   0x000002       data     extern D:\3.43\pic18-lt\cxx-framework\src\traditional\math\aarg.asm
                  __REMB2   0x000001       data     extern D:\3.43\pic18-lt\cxx-framework\src\traditional\math\aarg.asm
                  __REMB3   0x000000       data     extern D:\3.43\pic18-lt\cxx-framework\src\traditional\math\aarg.asm
                  __tmp_0   0x00000b       data     static D:\Erectric\PIC-project\PIC-project\PIC 18f\pic18f2550\2550_keyboard_3\2550_keyboard\keyboard\Keyboard.c
                  __tmp_0   0x00000b       data     static D:\Erectric\PIC-project\PIC-project\PIC 18f\pic18f4550\Microchip\Microchip\USB\usb_device.c
          active_protocol   0x0000b7       data     extern D:\Erectric\PIC-project\PIC-project\PIC 18f\pic18f4550\Microchip\Microchip\USB\HID Device Driver\usb_function_hid.c
                   buffer   0x000090       data     extern D:\Erectric\PIC-project\PIC-project\PIC 18f\pic18f2550\2550_keyboard_3\2550_keyboard\keyboard\Keyboard.c
     controlTransferState   0x000070       data     extern D:\Erectric\PIC-project\PIC-project\PIC 18f\pic18f4550\Microchip\Microchip\USB\usb_device.c
                curr_byte   0x0000af       data     static D:\3.43\pic18-lt\cxx-framework\src\traditional\startup\c018i.c
               curr_entry   0x0000b1       data     static D:\3.43\pic18-lt\cxx-framework\src\traditional\startup\c018i.c
                 data_ptr   0x0000b3       data     static D:\3.43\pic18-lt\cxx-framework\src\traditional\startup\c018i.c
              delay_count   0x0000aa       data     static D:\Erectric\PIC-project\PIC-project\PIC 18f\pic18f2550\2550_keyboard_3\2550_keyboard\keyboard\Keyboard.c
          endpoint_number   0x000082       data     extern D:\Erectric\PIC-project\PIC-project\PIC 18f\pic18f4550\Microchip\Microchip\USB\usb_device.c
               ep_data_in   0x000084       data     extern D:\Erectric\PIC-project\PIC-project\PIC 18f\pic18f4550\Microchip\Microchip\USB\usb_device.c
              ep_data_out   0x000086       data     extern D:\Erectric\PIC-project\PIC-project\PIC 18f\pic18f4550\Microchip\Microchip\USB\usb_device.c
            hid_report_in   0x000431       data     extern D:\Erectric\PIC-project\PIC-project\PIC 18f\pic18f4550\Microchip\Microchip\USB\usb_device.c
           hid_report_out   0x000430       data     extern D:\Erectric\PIC-project\PIC-project\PIC 18f\pic18f4550\Microchip\Microchip\USB\usb_device.c
                idle_rate   0x0000b6       data     extern D:\Erectric\PIC-project\PIC-project\PIC 18f\pic18f4550\Microchip\Microchip\USB\HID Device Driver\usb_function_hid.c
                  inPipes   0x000071       data     extern D:\Erectric\PIC-project\PIC-project\PIC 18f\pic18f4550\Microchip\Microchip\USB\usb_device.c
       lastINTransmission   0x0000a0       data     extern D:\Erectric\PIC-project\PIC-project\PIC 18f\pic18f2550\2550_keyboard_3\2550_keyboard\keyboard\Keyboard.c
      lastOUTTransmission   0x0000a2       data     extern D:\Erectric\PIC-project\PIC-project\PIC 18f\pic18f2550\2550_keyboard_3\2550_keyboard\keyboard\Keyboard.c
                  old_sw2   0x00008e       data     extern D:\Erectric\PIC-project\PIC-project\PIC 18f\pic18f2550\2550_keyboard_3\2550_keyboard\keyboard\Keyboard.c
                  old_sw3   0x00008f       data     extern D:\Erectric\PIC-project\PIC-project\PIC 18f\pic18f2550\2550_keyboard_3\2550_keyboard\keyboard\Keyboard.c
                 outPipes   0x000076       data     extern D:\Erectric\PIC-project\PIC-project\PIC 18f\pic18f4550\Microchip\Microchip\USB\usb_device.c
   pBDTEntryEP0OutCurrent   0x000063       data     extern D:\Erectric\PIC-project\PIC-project\PIC 18f\pic18f4550\Microchip\Microchip\USB\usb_device.c
      pBDTEntryEP0OutNext   0x000065       data     extern D:\Erectric\PIC-project\PIC-project\PIC 18f\pic18f4550\Microchip\Microchip\USB\usb_device.c
              pBDTEntryIn   0x00006b       data     extern D:\Erectric\PIC-project\PIC-project\PIC 18f\pic18f4550\Microchip\Microchip\USB\usb_device.c
             pBDTEntryOut   0x000067       data     extern D:\Erectric\PIC-project\PIC-project\PIC 18f\pic18f4550\Microchip\Microchip\USB\usb_device.c
                     pDst   0x00007d       data     extern D:\Erectric\PIC-project\PIC-project\PIC 18f\pic18f4550\Microchip\Microchip\USB\usb_device.c
                     prom   0x0000ac       data     static D:\3.43\pic18-lt\cxx-framework\src\traditional\startup\c018i.c
        shortPacketStatus   0x00006f       data     extern D:\Erectric\PIC-project\PIC-project\PIC 18f\pic18f4550\Microchip\Microchip\USB\usb_device.c



                              Symbols - Sorted by Address
                     Name    Address   Location    Storage File                     
                ---------  ---------  ---------  --------- ---------                
                   _entry   0x000000    program     extern D:\3.43\pic18-lt\cxx-framework\src\traditional\startup\c018i.c
       ___return_lbl00000   0x000004    program     static                          
                 High_ISR   0x000008    program     extern D:\Erectric\PIC-project\PIC-project\PIC 18f\pic18f2550\2550_keyboard_3\2550_keyboard\keyboard\Keyboard.c
                   __init   0x00000a    program     extern D:\3.43\pic18-lt\cxx-framework\src\traditional\stdclib\__init.c
                  Low_ISR   0x000018    program     extern D:\Erectric\PIC-project\PIC-project\PIC 18f\pic18f2550\2550_keyboard_3\2550_keyboard\keyboard\Keyboard.c
            USBDeviceInit   0x00001a    program     extern D:\Erectric\PIC-project\PIC-project\PIC 18f\pic18f4550\Microchip\Microchip\USB\usb_device.c
           USBDeviceTasks   0x000132    program     extern D:\Erectric\PIC-project\PIC-project\PIC 18f\pic18f4550\Microchip\Microchip\USB\usb_device.c
          USBStallHandler   0x0002b2    program     static D:\Erectric\PIC-project\PIC-project\PIC 18f\pic18f4550\Microchip\Microchip\USB\usb_device.c
               USBSuspend   0x0002e4    program     static D:\Erectric\PIC-project\PIC-project\PIC 18f\pic18f4550\Microchip\Microchip\USB\usb_device.c
       USBWakeFromSuspend   0x00030e    program     static D:\Erectric\PIC-project\PIC-project\PIC 18f\pic18f4550\Microchip\Microchip\USB\usb_device.c
         USBCtrlEPService   0x00033c    program     static D:\Erectric\PIC-project\PIC-project\PIC 18f\pic18f4550\Microchip\Microchip\USB\usb_device.c
   USBCtrlTrfSetupHandler   0x00040c    program     static D:\Erectric\PIC-project\PIC-project\PIC 18f\pic18f4550\Microchip\Microchip\USB\usb_device.c
     USBCtrlTrfOutHandler   0x00046a    program     static D:\Erectric\PIC-project\PIC-project\PIC 18f\pic18f4550\Microchip\Microchip\USB\usb_device.c
      USBCtrlTrfInHandler   0x0004b4    program     static D:\Erectric\PIC-project\PIC-project\PIC 18f\pic18f4550\Microchip\Microchip\USB\usb_device.c
       USBCheckStdRequest   0x000562    program     static D:\Erectric\PIC-project\PIC-project\PIC 18f\pic18f4550\Microchip\Microchip\USB\usb_device.c
  USBStdFeatureReqHandler   0x000620    program     static D:\Erectric\PIC-project\PIC-project\PIC 18f\pic18f4550\Microchip\Microchip\USB\usb_device.c
USBCtrlEPAllowStatusStage   0x000874    program     extern D:\Erectric\PIC-project\PIC-project\PIC 18f\pic18f4550\Microchip\Microchip\USB\usb_device.c
  USBCtrlEPAllowDataStage   0x000916    program     extern D:\Erectric\PIC-project\PIC-project\PIC 18f\pic18f4550\Microchip\Microchip\USB\usb_device.c
      USBStdGetDscHandler   0x000992    program     static D:\Erectric\PIC-project\PIC-project\PIC 18f\pic18f4550\Microchip\Microchip\USB\usb_device.c
   USBStdGetStatusHandler   0x000a4c    program     static D:\Erectric\PIC-project\PIC-project\PIC 18f\pic18f4550\Microchip\Microchip\USB\usb_device.c
 USBCtrlEPServiceComplete   0x000b00    program     static D:\Erectric\PIC-project\PIC-project\PIC 18f\pic18f4550\Microchip\Microchip\USB\usb_device.c
      USBCtrlTrfTxService   0x000bc2    program     static D:\Erectric\PIC-project\PIC-project\PIC 18f\pic18f4550\Microchip\Microchip\USB\usb_device.c
      USBCtrlTrfRxService   0x000c80    program     static D:\Erectric\PIC-project\PIC-project\PIC 18f\pic18f4550\Microchip\Microchip\USB\usb_device.c
      USBStdSetCfgHandler   0x000dbe    program     static D:\Erectric\PIC-project\PIC-project\PIC 18f\pic18f4550\Microchip\Microchip\USB\usb_device.c
     USBConfigureEndpoint   0x000e8e    program     static D:\Erectric\PIC-project\PIC-project\PIC 18f\pic18f4550\Microchip\Microchip\USB\usb_device.c
        USBEnableEndpoint   0x000f3a    program     extern D:\Erectric\PIC-project\PIC-project\PIC 18f\pic18f4550\Microchip\Microchip\USB\usb_device.c
         USBStallEndpoint   0x000fa8    program     extern D:\Erectric\PIC-project\PIC-project\PIC 18f\pic18f4550\Microchip\Microchip\USB\usb_device.c
     USBTransferOnePacket   0x001084    program     extern D:\Erectric\PIC-project\PIC-project\PIC 18f\pic18f4550\Microchip\Microchip\USB\usb_device.c
              USBCancelIO   0x001176    program     extern D:\Erectric\PIC-project\PIC-project\PIC 18f\pic18f4550\Microchip\Microchip\USB\usb_device.c
                     main   0x001226    program     extern D:\Erectric\PIC-project\PIC-project\PIC 18f\pic18f2550\2550_keyboard_3\2550_keyboard\keyboard\Keyboard.c
         InitializeSystem   0x001230    program     static D:\Erectric\PIC-project\PIC-project\PIC 18f\pic18f2550\2550_keyboard_3\2550_keyboard\keyboard\Keyboard.c
                 UserInit   0x001240    program     extern D:\Erectric\PIC-project\PIC-project\PIC 18f\pic18f2550\2550_keyboard_3\2550_keyboard\keyboard\Keyboard.c
                ProcessIO   0x00124c    program     extern D:\Erectric\PIC-project\PIC-project\PIC 18f\pic18f2550\2550_keyboard_3\2550_keyboard\keyboard\Keyboard.c
                 Keyboard   0x00126e    program     extern D:\Erectric\PIC-project\PIC-project\PIC 18f\pic18f2550\2550_keyboard_3\2550_keyboard\keyboard\Keyboard.c
         Switch2IsPressed   0x00130e    program     extern D:\Erectric\PIC-project\PIC-project\PIC 18f\pic18f2550\2550_keyboard_3\2550_keyboard\keyboard\Keyboard.c
         Switch3IsPressed   0x001310    program     extern D:\Erectric\PIC-project\PIC-project\PIC 18f\pic18f2550\2550_keyboard_3\2550_keyboard\keyboard\Keyboard.c
             USBCBSuspend   0x001312    program     extern D:\Erectric\PIC-project\PIC-project\PIC 18f\pic18f2550\2550_keyboard_3\2550_keyboard\keyboard\Keyboard.c
     USBCBWakeFromSuspend   0x001314    program     extern D:\Erectric\PIC-project\PIC-project\PIC 18f\pic18f2550\2550_keyboard_3\2550_keyboard\keyboard\Keyboard.c
        USBCB_SOF_Handler   0x001316    program     extern D:\Erectric\PIC-project\PIC-project\PIC 18f\pic18f2550\2550_keyboard_3\2550_keyboard\keyboard\Keyboard.c
        USBCBErrorHandler   0x001318    program     extern D:\Erectric\PIC-project\PIC-project\PIC 18f\pic18f2550\2550_keyboard_3\2550_keyboard\keyboard\Keyboard.c
       USBCBCheckOtherReq   0x00131a    program     extern D:\Erectric\PIC-project\PIC-project\PIC 18f\pic18f2550\2550_keyboard_3\2550_keyboard\keyboard\Keyboard.c
    USBCBStdSetDscHandler   0x00131e    program     extern D:\Erectric\PIC-project\PIC-project\PIC 18f\pic18f2550\2550_keyboard_3\2550_keyboard\keyboard\Keyboard.c
              USBCBInitEP   0x001320    program     extern D:\Erectric\PIC-project\PIC-project\PIC 18f\pic18f2550\2550_keyboard_3\2550_keyboard\keyboard\Keyboard.c
          USBCBSendResume   0x001358    program     extern D:\Erectric\PIC-project\PIC-project\PIC 18f\pic18f2550\2550_keyboard_3\2550_keyboard\keyboard\Keyboard.c
USER_USB_CALLBACK_EVENT_HANDLER   0x00139c    program     extern D:\Erectric\PIC-project\PIC-project\PIC 18f\pic18f2550\2550_keyboard_3\2550_keyboard\keyboard\Keyboard.c
 USBHIDCBSetReportHandler   0x001430    program     extern D:\Erectric\PIC-project\PIC-project\PIC 18f\pic18f2550\2550_keyboard_3\2550_keyboard\keyboard\Keyboard.c
USBHIDCBSetReportComplete   0x00144c    program     extern D:\Erectric\PIC-project\PIC-project\PIC 18f\pic18f2550\2550_keyboard_3\2550_keyboard\keyboard\Keyboard.c
               device_dsc   0x001460    program     extern D:\Erectric\PIC-project\PIC-project\PIC 18f\pic18f2550\2550_keyboard_3\2550_keyboard\keyboard\usb_descriptors.c
        configDescriptor1   0x001472    program     extern D:\Erectric\PIC-project\PIC-project\PIC 18f\pic18f2550\2550_keyboard_3\2550_keyboard\keyboard\usb_descriptors.c
                    sd000   0x00149b    program     extern D:\Erectric\PIC-project\PIC-project\PIC 18f\pic18f2550\2550_keyboard_3\2550_keyboard\keyboard\usb_descriptors.c
                    sd001   0x00149f    program     extern D:\Erectric\PIC-project\PIC-project\PIC 18f\pic18f2550\2550_keyboard_3\2550_keyboard\keyboard\usb_descriptors.c
                    sd002   0x0014d3    program     extern D:\Erectric\PIC-project\PIC-project\PIC 18f\pic18f2550\2550_keyboard_3\2550_keyboard\keyboard\usb_descriptors.c
                hid_rpt01   0x001501    program     extern D:\Erectric\PIC-project\PIC-project\PIC 18f\pic18f2550\2550_keyboard_3\2550_keyboard\keyboard\usb_descriptors.c
               USB_CD_Ptr   0x001540    program     extern D:\Erectric\PIC-project\PIC-project\PIC 18f\pic18f2550\2550_keyboard_3\2550_keyboard\keyboard\usb_descriptors.c
               USB_SD_Ptr   0x001542    program     extern D:\Erectric\PIC-project\PIC-project\PIC 18f\pic18f2550\2550_keyboard_3\2550_keyboard\keyboard\usb_descriptors.c
       USBCheckHIDRequest   0x001548    program     extern D:\Erectric\PIC-project\PIC-project\PIC 18f\pic18f4550\Microchip\Microchip\USB\HID Device Driver\usb_function_hid.c
                _do_cinit   0x001614    program     extern D:\3.43\pic18-lt\cxx-framework\src\traditional\startup\c018i.c
                     test   0x00162e    program     static                          
                copy_loop   0x001686    program     static                          
            copy_one_byte   0x00168c    program     static                          
             done_copying   0x00169a    program     static                          
                     done   0x0016b0    program     static                          
       ___return_lbl00002   0x0016b0    program     static                          
                   memset   0x0016b2    program     extern D:\3.43\pic18-lt\cxx-framework\src\traditional\stdclib\memset.asm
                    jLoop   0x0016c6    program     static D:\3.43\pic18-lt\cxx-framework\src\traditional\stdclib\memset.asm
              _2jContinue   0x0016d2    program     static D:\3.43\pic18-lt\cxx-framework\src\traditional\stdclib\memset.asm
                   _3jEnd   0x0016dc    program     static D:\3.43\pic18-lt\cxx-framework\src\traditional\stdclib\memset.asm
                     jEnd   0x0016e4    program     static D:\3.43\pic18-lt\cxx-framework\src\traditional\stdclib\memset.asm
            __zero_memory   0x0016e6    program     extern D:\3.43\pic18-lt\cxx-framework\src\traditional\proc\p18f2550.asm
                   loop_h   0x0016f4    program     static D:\3.43\pic18-lt\cxx-framework\src\traditional\proc\p18f2550.asm
               zero_block   0x0016f4    program     static D:\3.43\pic18-lt\cxx-framework\src\traditional\proc\p18f2550.asm
                compare_l   0x0016fc    program     static D:\3.43\pic18-lt\cxx-framework\src\traditional\proc\p18f2550.asm
                   loop_l   0x0016fe    program     static D:\3.43\pic18-lt\cxx-framework\src\traditional\proc\p18f2550.asm
                 _startup   0x001706    program     extern D:\3.43\pic18-lt\cxx-framework\src\traditional\startup\c018i.c
                     loop   0x001716    program     static                          
       ___return_lbl00001   0x001720    program     static                          
               __config_0   0x300000    program     static D:\Erectric\PIC-project\PIC-project\PIC 18f\pic18f2550\2550_keyboard_3\2550_keyboard\keyboard\Keyboard.c
               __config_1   0x300001    program     static D:\Erectric\PIC-project\PIC-project\PIC 18f\pic18f2550\2550_keyboard_3\2550_keyboard\keyboard\Keyboard.c
               __config_2   0x300002    program     static D:\Erectric\PIC-project\PIC-project\PIC 18f\pic18f2550\2550_keyboard_3\2550_keyboard\keyboard\Keyboard.c
               __config_3   0x300003    program     static D:\Erectric\PIC-project\PIC-project\PIC 18f\pic18f2550\2550_keyboard_3\2550_keyboard\keyboard\Keyboard.c
               __config_4   0x300005    program     static D:\Erectric\PIC-project\PIC-project\PIC 18f\pic18f2550\2550_keyboard_3\2550_keyboard\keyboard\Keyboard.c
               __config_5   0x300006    program     static D:\Erectric\PIC-project\PIC-project\PIC 18f\pic18f2550\2550_keyboard_3\2550_keyboard\keyboard\Keyboard.c
               __config_6   0x300008    program     static D:\Erectric\PIC-project\PIC-project\PIC 18f\pic18f2550\2550_keyboard_3\2550_keyboard\keyboard\Keyboard.c
               __config_7   0x300009    program     static D:\Erectric\PIC-project\PIC-project\PIC 18f\pic18f2550\2550_keyboard_3\2550_keyboard\keyboard\Keyboard.c
               __config_8   0x30000a    program     static D:\Erectric\PIC-project\PIC-project\PIC 18f\pic18f2550\2550_keyboard_3\2550_keyboard\keyboard\Keyboard.c
               __config_9   0x30000b    program     static D:\Erectric\PIC-project\PIC-project\PIC 18f\pic18f2550\2550_keyboard_3\2550_keyboard\keyboard\Keyboard.c
              __config_10   0x30000c    program     static D:\Erectric\PIC-project\PIC-project\PIC 18f\pic18f2550\2550_keyboard_3\2550_keyboard\keyboard\Keyboard.c
              __config_11   0x30000d    program     static D:\Erectric\PIC-project\PIC-project\PIC 18f\pic18f2550\2550_keyboard_3\2550_keyboard\keyboard\Keyboard.c
                 __AARGB7   0x000000       data     extern D:\3.43\pic18-lt\cxx-framework\src\traditional\math\aarg.asm
                  __REMB3   0x000000       data     extern D:\3.43\pic18-lt\cxx-framework\src\traditional\math\aarg.asm
                 __AARGB6   0x000001       data     extern D:\3.43\pic18-lt\cxx-framework\src\traditional\math\aarg.asm
                  __REMB2   0x000001       data     extern D:\3.43\pic18-lt\cxx-framework\src\traditional\math\aarg.asm
                  __REMB1   0x000002       data     extern D:\3.43\pic18-lt\cxx-framework\src\traditional\math\aarg.asm
                 __AARGB5   0x000002       data     extern D:\3.43\pic18-lt\cxx-framework\src\traditional\math\aarg.asm
                  __REMB0   0x000003       data     extern D:\3.43\pic18-lt\cxx-framework\src\traditional\math\aarg.asm
                 __AARGB4   0x000003       data     extern D:\3.43\pic18-lt\cxx-framework\src\traditional\math\aarg.asm
                 __AARGB3   0x000004       data     extern D:\3.43\pic18-lt\cxx-framework\src\traditional\math\aarg.asm
                 __AARGB2   0x000005       data     extern D:\3.43\pic18-lt\cxx-framework\src\traditional\math\aarg.asm
                 __AARGB1   0x000006       data     extern D:\3.43\pic18-lt\cxx-framework\src\traditional\math\aarg.asm
                 __AARGB0   0x000007       data     extern D:\3.43\pic18-lt\cxx-framework\src\traditional\math\aarg.asm
                   __AEXP   0x000008       data     extern D:\3.43\pic18-lt\cxx-framework\src\traditional\math\aarg.asm
                     SIGN   0x000009       data     extern D:\3.43\pic18-lt\cxx-framework\src\traditional\math\cmath18.asm
                __FPFLAGS   0x00000a       data     extern D:\3.43\pic18-lt\cxx-framework\src\traditional\math\cmath18.asm
            __FPFLAGSbits   0x00000a       data     extern D:\3.43\pic18-lt\cxx-framework\src\traditional\math\cmath18.asm
                  __tmp_0   0x00000b       data     static D:\Erectric\PIC-project\PIC-project\PIC 18f\pic18f2550\2550_keyboard_3\2550_keyboard\keyboard\Keyboard.c
                  __tmp_0   0x00000b       data     static D:\Erectric\PIC-project\PIC-project\PIC 18f\pic18f4550\Microchip\Microchip\USB\usb_device.c
           USBDeviceState   0x000060       data     extern D:\Erectric\PIC-project\PIC-project\PIC 18f\pic18f4550\Microchip\Microchip\USB\usb_device.c
   USBActiveConfiguration   0x000061       data     extern D:\Erectric\PIC-project\PIC-project\PIC 18f\pic18f4550\Microchip\Microchip\USB\usb_device.c
    USBAlternateInterface   0x000062       data     extern D:\Erectric\PIC-project\PIC-project\PIC 18f\pic18f4550\Microchip\Microchip\USB\usb_device.c
   pBDTEntryEP0OutCurrent   0x000063       data     extern D:\Erectric\PIC-project\PIC-project\PIC 18f\pic18f4550\Microchip\Microchip\USB\usb_device.c
      pBDTEntryEP0OutNext   0x000065       data     extern D:\Erectric\PIC-project\PIC-project\PIC 18f\pic18f4550\Microchip\Microchip\USB\usb_device.c
             pBDTEntryOut   0x000067       data     extern D:\Erectric\PIC-project\PIC-project\PIC 18f\pic18f4550\Microchip\Microchip\USB\usb_device.c
              pBDTEntryIn   0x00006b       data     extern D:\Erectric\PIC-project\PIC-project\PIC 18f\pic18f4550\Microchip\Microchip\USB\usb_device.c
        shortPacketStatus   0x00006f       data     extern D:\Erectric\PIC-project\PIC-project\PIC 18f\pic18f4550\Microchip\Microchip\USB\usb_device.c
     controlTransferState   0x000070       data     extern D:\Erectric\PIC-project\PIC-project\PIC 18f\pic18f4550\Microchip\Microchip\USB\usb_device.c
                  inPipes   0x000071       data     extern D:\Erectric\PIC-project\PIC-project\PIC 18f\pic18f4550\Microchip\Microchip\USB\usb_device.c
                 outPipes   0x000076       data     extern D:\Erectric\PIC-project\PIC-project\PIC 18f\pic18f4550\Microchip\Microchip\USB\usb_device.c
                     pDst   0x00007d       data     extern D:\Erectric\PIC-project\PIC-project\PIC 18f\pic18f4550\Microchip\Microchip\USB\usb_device.c
             RemoteWakeup   0x00007f       data     extern D:\Erectric\PIC-project\PIC-project\PIC 18f\pic18f4550\Microchip\Microchip\USB\usb_device.c
        USBBusIsSuspended   0x000080       data     extern D:\Erectric\PIC-project\PIC-project\PIC 18f\pic18f4550\Microchip\Microchip\USB\usb_device.c
                USTATcopy   0x000081       data     extern D:\Erectric\PIC-project\PIC-project\PIC 18f\pic18f4550\Microchip\Microchip\USB\usb_device.c
          endpoint_number   0x000082       data     extern D:\Erectric\PIC-project\PIC-project\PIC 18f\pic18f4550\Microchip\Microchip\USB\usb_device.c
       BothEP0OutUOWNsSet   0x000083       data     extern D:\Erectric\PIC-project\PIC-project\PIC 18f\pic18f4550\Microchip\Microchip\USB\usb_device.c
               ep_data_in   0x000084       data     extern D:\Erectric\PIC-project\PIC-project\PIC 18f\pic18f4550\Microchip\Microchip\USB\usb_device.c
              ep_data_out   0x000086       data     extern D:\Erectric\PIC-project\PIC-project\PIC 18f\pic18f4550\Microchip\Microchip\USB\usb_device.c
USBStatusStageTimeoutCounter   0x000088       data     extern D:\Erectric\PIC-project\PIC-project\PIC 18f\pic18f4550\Microchip\Microchip\USB\usb_device.c
USBDeferStatusStagePacket   0x000089       data     extern D:\Erectric\PIC-project\PIC-project\PIC 18f\pic18f4550\Microchip\Microchip\USB\usb_device.c
USBStatusStageEnabledFlag1   0x00008a       data     extern D:\Erectric\PIC-project\PIC-project\PIC 18f\pic18f4550\Microchip\Microchip\USB\usb_device.c
USBStatusStageEnabledFlag2   0x00008b       data     extern D:\Erectric\PIC-project\PIC-project\PIC 18f\pic18f4550\Microchip\Microchip\USB\usb_device.c
USBDeferINDataStagePackets   0x00008c       data     extern D:\Erectric\PIC-project\PIC-project\PIC 18f\pic18f4550\Microchip\Microchip\USB\usb_device.c
USBDeferOUTDataStagePackets   0x00008d       data     extern D:\Erectric\PIC-project\PIC-project\PIC 18f\pic18f4550\Microchip\Microchip\USB\usb_device.c
                  old_sw2   0x00008e       data     extern D:\Erectric\PIC-project\PIC-project\PIC 18f\pic18f2550\2550_keyboard_3\2550_keyboard\keyboard\Keyboard.c
                  old_sw3   0x00008f       data     extern D:\Erectric\PIC-project\PIC-project\PIC 18f\pic18f2550\2550_keyboard_3\2550_keyboard\keyboard\Keyboard.c
                   buffer   0x000090       data     extern D:\Erectric\PIC-project\PIC-project\PIC 18f\pic18f2550\2550_keyboard_3\2550_keyboard\keyboard\Keyboard.c
                OutBuffer   0x000098       data     extern D:\Erectric\PIC-project\PIC-project\PIC 18f\pic18f2550\2550_keyboard_3\2550_keyboard\keyboard\Keyboard.c
       lastINTransmission   0x0000a0       data     extern D:\Erectric\PIC-project\PIC-project\PIC 18f\pic18f2550\2550_keyboard_3\2550_keyboard\keyboard\Keyboard.c
      lastOUTTransmission   0x0000a2       data     extern D:\Erectric\PIC-project\PIC-project\PIC 18f\pic18f2550\2550_keyboard_3\2550_keyboard\keyboard\Keyboard.c
             Keyboard_out   0x0000a4       data     extern D:\Erectric\PIC-project\PIC-project\PIC 18f\pic18f2550\2550_keyboard_3\2550_keyboard\keyboard\Keyboard.c
         BlinkStatusValid   0x0000a5       data     extern D:\Erectric\PIC-project\PIC-project\PIC 18f\pic18f2550\2550_keyboard_3\2550_keyboard\keyboard\Keyboard.c
CountdownTimerToShowUSBStatusOnLEDs   0x0000a6       data     extern D:\Erectric\PIC-project\PIC-project\PIC 18f\pic18f2550\2550_keyboard_3\2550_keyboard\keyboard\Keyboard.c
              delay_count   0x0000aa       data     static D:\Erectric\PIC-project\PIC-project\PIC 18f\pic18f2550\2550_keyboard_3\2550_keyboard\keyboard\Keyboard.c
                     prom   0x0000ac       data     static D:\3.43\pic18-lt\cxx-framework\src\traditional\startup\c018i.c
                curr_byte   0x0000af       data     static D:\3.43\pic18-lt\cxx-framework\src\traditional\startup\c018i.c
               curr_entry   0x0000b1       data     static D:\3.43\pic18-lt\cxx-framework\src\traditional\startup\c018i.c
                 data_ptr   0x0000b3       data     static D:\3.43\pic18-lt\cxx-framework\src\traditional\startup\c018i.c
                idle_rate   0x0000b6       data     extern D:\Erectric\PIC-project\PIC-project\PIC 18f\pic18f4550\Microchip\Microchip\USB\HID Device Driver\usb_function_hid.c
          active_protocol   0x0000b7       data     extern D:\Erectric\PIC-project\PIC-project\PIC 18f\pic18f4550\Microchip\Microchip\USB\HID Device Driver\usb_function_hid.c
                      BDT   0x000400       data     extern D:\Erectric\PIC-project\PIC-project\PIC 18f\pic18f4550\Microchip\Microchip\USB\usb_device.c
                 SetupPkt   0x000420       data     extern D:\Erectric\PIC-project\PIC-project\PIC 18f\pic18f4550\Microchip\Microchip\USB\usb_device.c
              CtrlTrfData   0x000428       data     extern D:\Erectric\PIC-project\PIC-project\PIC 18f\pic18f4550\Microchip\Microchip\USB\usb_device.c
           hid_report_out   0x000430       data     extern D:\Erectric\PIC-project\PIC-project\PIC 18f\pic18f4550\Microchip\Microchip\USB\usb_device.c
            hid_report_in   0x000431       data     extern D:\Erectric\PIC-project\PIC-project\PIC 18f\pic18f4550\Microchip\Microchip\USB\usb_device.c
                     UFRM   0x000f66       data     extern D:\3.43\pic18-lt\cxx-framework\src\traditional\proc\p18f2550.asm
                    UFRML   0x000f66       data     extern D:\3.43\pic18-lt\cxx-framework\src\traditional\proc\p18f2550.asm
                UFRMLbits   0x000f66       data     extern D:\3.43\pic18-lt\cxx-framework\src\traditional\proc\p18f2550.asm
                    UFRMH   0x000f67       data     extern D:\3.43\pic18-lt\cxx-framework\src\traditional\proc\p18f2550.asm
                UFRMHbits   0x000f67       data     extern D:\3.43\pic18-lt\cxx-framework\src\traditional\proc\p18f2550.asm
                      UIR   0x000f68       data     extern D:\3.43\pic18-lt\cxx-framework\src\traditional\proc\p18f2550.asm
                  UIRbits   0x000f68       data     extern D:\3.43\pic18-lt\cxx-framework\src\traditional\proc\p18f2550.asm
                      UIE   0x000f69       data     extern D:\3.43\pic18-lt\cxx-framework\src\traditional\proc\p18f2550.asm
                  UIEbits   0x000f69       data     extern D:\3.43\pic18-lt\cxx-framework\src\traditional\proc\p18f2550.asm
                     UEIR   0x000f6a       data     extern D:\3.43\pic18-lt\cxx-framework\src\traditional\proc\p18f2550.asm
                 UEIRbits   0x000f6a       data     extern D:\3.43\pic18-lt\cxx-framework\src\traditional\proc\p18f2550.asm
                     UEIE   0x000f6b       data     extern D:\3.43\pic18-lt\cxx-framework\src\traditional\proc\p18f2550.asm
                 UEIEbits   0x000f6b       data     extern D:\3.43\pic18-lt\cxx-framework\src\traditional\proc\p18f2550.asm
                    USTAT   0x000f6c       data     extern D:\3.43\pic18-lt\cxx-framework\src\traditional\proc\p18f2550.asm
                USTATbits   0x000f6c       data     extern D:\3.43\pic18-lt\cxx-framework\src\traditional\proc\p18f2550.asm
                 UCONbits   0x000f6d       data     extern D:\3.43\pic18-lt\cxx-framework\src\traditional\proc\p18f2550.asm
                     UCON   0x000f6d       data     extern D:\3.43\pic18-lt\cxx-framework\src\traditional\proc\p18f2550.asm
                UADDRbits   0x000f6e       data     extern D:\3.43\pic18-lt\cxx-framework\src\traditional\proc\p18f2550.asm
                    UADDR   0x000f6e       data     extern D:\3.43\pic18-lt\cxx-framework\src\traditional\proc\p18f2550.asm
[...]
                 LATCbits   0x000f8b       data     extern D:\3.43\pic18-lt\cxx-framework\src\traditional\proc\p18f2550.asm
                TRISAbits   0x000f92       data     extern D:\3.43\pic18-lt\cxx-framework\src\traditional\proc\p18f2550.asm
                    TRISA   0x000f92       data     extern D:\3.43\pic18-lt\cxx-framework\src\traditional\proc\p18f2550.asm
                     DDRA   0x000f92       data     extern D:\3.43\pic18-lt\cxx-framework\src\traditional\proc\p18f2550.asm
                 DDRAbits   0x000f92       data     extern D:\3.43\pic18-lt\cxx-framework\src\traditional\proc\p18f2550.asm
                 DDRBbits   0x000f93       data     extern D:\3.43\pic18-lt\cxx-framework\src\traditional\proc\p18f2550.asm
                     DDRB   0x000f93       data     extern D:\3.43\pic18-lt\cxx-framework\src\traditional\proc\p18f2550.asm
                    TRISB   0x000f93       data     extern D:\3.43\pic18-lt\cxx-framework\src\traditional\proc\p18f2550.asm
                TRISBbits   0x000f93       data     extern D:\3.43\pic18-lt\cxx-framework\src\traditional\proc\p18f2550.asm
                     DDRC   0x000f94       data     extern D:\3.43\pic18-lt\cxx-framework\src\traditional\proc\p18f2550.asm
                    TRISC   0x000f94       data     extern D:\3.43\pic18-lt\cxx-framework\src\traditional\proc\p18f2550.asm
                TRISCbits   0x000f94       data     extern D:\3.43\pic18-lt\cxx-framework\src\traditional\proc\p18f2550.asm
                 DDRCbits   0x000f94       data     extern D:\3.43\pic18-lt\cxx-framework\src\traditional\proc\p18f2550.asm
              OSCTUNEbits   0x000f9b       data     extern D:\3.43\pic18-lt\cxx-framework\src\traditional\proc\p18f2550.asm
                  OSCTUNE   0x000f9b       data     extern D:\3.43\pic18-lt\cxx-framework\src\traditional\proc\p18f2550.asm
                     PIE1   0x000f9d       data     extern D:\3.43\pic18-lt\cxx-framework\src\traditional\proc\p18f2550.asm
                 PIE1bits   0x000f9d       data     extern D:\3.43\pic18-lt\cxx-framework\src\traditional\proc\p18f2550.asm
                 PIR1bits   0x000f9e       data     extern D:\3.43\pic18-lt\cxx-framework\src\traditional\proc\p18f2550.asm
                     PIR1   0x000f9e       data     extern D:\3.43\pic18-lt\cxx-framework\src\traditional\proc\p18f2550.asm
                 IPR1bits   0x000f9f       data     extern D:\3.43\pic18-lt\cxx-framework\src\traditional\proc\p18f2550.asm
                     IPR1   0x000f9f       data     extern D:\3.43\pic18-lt\cxx-framework\src\traditional\proc\p18f2550.asm
                 PIE2bits   0x000fa0       data     extern D:\3.43\pic18-lt\cxx-framework\src\traditional\proc\p18f2550.asm
                     PIE2   0x000fa0       data     extern D:\3.43\pic18-lt\cxx-framework\src\traditional\proc\p18f2550.asm
                 PIR2bits   0x000fa1       data     extern D:\3.43\pic18-lt\cxx-framework\src\traditional\proc\p18f2550.asm
                     PIR2   0x000fa1       data     extern D:\3.43\pic18-lt\cxx-framework\src\traditional\proc\p18f2550.asm
                 IPR2bits   0x000fa2       data     extern D:\3.43\pic18-lt\cxx-framework\src\traditional\proc\p18f2550.asm
                     IPR2   0x000fa2       data     extern D:\3.43\pic18-lt\cxx-framework\src\traditional\proc\p18f2550.asm
               EECON1bits   0x000fa6       data     extern D:\3.43\pic18-lt\cxx-framework\src\traditional\proc\p18f2550.asm
                   EECON1   0x000fa6       data     extern D:\3.43\pic18-lt\cxx-framework\src\traditional\proc\p18f2550.asm
                   EECON2   0x000fa7       data     extern D:\3.43\pic18-lt\cxx-framework\src\traditional\proc\p18f2550.asm
                   EEDATA   0x000fa8       data     extern D:\3.43\pic18-lt\cxx-framework\src\traditional\proc\p18f2550.asm
                    EEADR   0x000fa9       data     extern D:\3.43\pic18-lt\cxx-framework\src\traditional\proc\p18f2550.asm
                    RCSTA   0x000fab       data     extern D:\3.43\pic18-lt\cxx-framework\src\traditional\proc\p18f2550.asm
                RCSTAbits   0x000fab       data     extern D:\3.43\pic18-lt\cxx-framework\src\traditional\proc\p18f2550.asm
                    TXSTA   0x000fac       data     extern D:\3.43\pic18-lt\cxx-framework\src\traditional\proc\p18f2550.asm
                TXSTAbits   0x000fac       data     extern D:\3.43\pic18-lt\cxx-framework\src\traditional\proc\p18f2550.asm
                    TXREG   0x000fad       data     extern D:\3.43\pic18-lt\cxx-framework\src\traditional\proc\p18f2550.asm
                    RCREG   0x000fae       data     extern D:\3.43\pic18-lt\cxx-framework\src\traditional\proc\p18f2550.asm
                    SPBRG   0x000faf       data     extern D:\3.43\pic18-lt\cxx-framework\src\traditional\proc\p18f2550.asm
                   SPBRGH   0x000fb0       data     extern D:\3.43\pic18-lt\cxx-framework\src\traditional\proc\p18f2550.asm
                    T3CON   0x000fb1       data     extern D:\3.43\pic18-lt\cxx-framework\src\traditional\proc\p18f2550.asm
                T3CONbits   0x000fb1       data     extern D:\3.43\pic18-lt\cxx-framework\src\traditional\proc\p18f2550.asm
                    TMR3L   0x000fb2       data     extern D:\3.43\pic18-lt\cxx-framework\src\traditional\proc\p18f2550.asm
                    TMR3H   0x000fb3       data     extern D:\3.43\pic18-lt\cxx-framework\src\traditional\proc\p18f2550.asm
                CMCONbits   0x000fb4       data     extern D:\3.43\pic18-lt\cxx-framework\src\traditional\proc\p18f2550.asm
                    CMCON   0x000fb4       data     extern D:\3.43\pic18-lt\cxx-framework\src\traditional\proc\p18f2550.asm
               CVRCONbits   0x000fb5       data     extern D:\3.43\pic18-lt\cxx-framework\src\traditional\proc\p18f2550.asm
                   CVRCON   0x000fb5       data     extern D:\3.43\pic18-lt\cxx-framework\src\traditional\proc\p18f2550.asm
                   CCP1AS   0x000fb6       data     extern D:\3.43\pic18-lt\cxx-framework\src\traditional\proc\p18f2550.asm
               CCP1ASbits   0x000fb6       data     extern D:\3.43\pic18-lt\cxx-framework\src\traditional\proc\p18f2550.asm
                  ECCP1AS   0x000fb6       data     extern D:\3.43\pic18-lt\cxx-framework\src\traditional\proc\p18f2550.asm
              ECCP1ASbits   0x000fb6       data     extern D:\3.43\pic18-lt\cxx-framework\src\traditional\proc\p18f2550.asm
             ECCP1DELbits   0x000fb7       data     extern D:\3.43\pic18-lt\cxx-framework\src\traditional\proc\p18f2550.asm
                 ECCP1DEL   0x000fb7       data     extern D:\3.43\pic18-lt\cxx-framework\src\traditional\proc\p18f2550.asm
                  CCP1DEL   0x000fb7       data     extern D:\3.43\pic18-lt\cxx-framework\src\traditional\proc\p18f2550.asm
              CCP1DELbits   0x000fb7       data     extern D:\3.43\pic18-lt\cxx-framework\src\traditional\proc\p18f2550.asm
                  BAUDCON   0x000fb8       data     extern D:\3.43\pic18-lt\cxx-framework\src\traditional\proc\p18f2550.asm
              BAUDCONbits   0x000fb8       data     extern D:\3.43\pic18-lt\cxx-framework\src\traditional\proc\p18f2550.asm
                  BAUDCTL   0x000fb8       data     extern D:\3.43\pic18-lt\cxx-framework\src\traditional\proc\p18f2550.asm
              BAUDCTLbits   0x000fb8       data     extern D:\3.43\pic18-lt\cxx-framework\src\traditional\proc\p18f2550.asm
                  CCP2CON   0x000fba       data     extern D:\3.43\pic18-lt\cxx-framework\src\traditional\proc\p18f2550.asm
              CCP2CONbits   0x000fba       data     extern D:\3.43\pic18-lt\cxx-framework\src\traditional\proc\p18f2550.asm
                    CCPR2   0x000fbb       data     extern D:\3.43\pic18-lt\cxx-framework\src\traditional\proc\p18f2550.asm
                   CCPR2L   0x000fbb       data     extern D:\3.43\pic18-lt\cxx-framework\src\traditional\proc\p18f2550.asm
                   CCPR2H   0x000fbc       data     extern D:\3.43\pic18-lt\cxx-framework\src\traditional\proc\p18f2550.asm
                  CCP1CON   0x000fbd       data     extern D:\3.43\pic18-lt\cxx-framework\src\traditional\proc\p18f2550.asm
              CCP1CONbits   0x000fbd       data     extern D:\3.43\pic18-lt\cxx-framework\src\traditional\proc\p18f2550.asm
                    CCPR1   0x000fbe       data     extern D:\3.43\pic18-lt\cxx-framework\src\traditional\proc\p18f2550.asm
                   CCPR1L   0x000fbe       data     extern D:\3.43\pic18-lt\cxx-framework\src\traditional\proc\p18f2550.asm
                   CCPR1H   0x000fbf       data     extern D:\3.43\pic18-lt\cxx-framework\src\traditional\proc\p18f2550.asm
               ADCON2bits   0x000fc0       data     extern D:\3.43\pic18-lt\cxx-framework\src\traditional\proc\p18f2550.asm
                   ADCON2   0x000fc0       data     extern D:\3.43\pic18-lt\cxx-framework\src\traditional\proc\p18f2550.asm
               ADCON1bits   0x000fc1       data     extern D:\3.43\pic18-lt\cxx-framework\src\traditional\proc\p18f2550.asm
                   ADCON1   0x000fc1       data     extern D:\3.43\pic18-lt\cxx-framework\src\traditional\proc\p18f2550.asm
                   ADCON0   0x000fc2       data     extern D:\3.43\pic18-lt\cxx-framework\src\traditional\proc\p18f2550.asm
               ADCON0bits   0x000fc2       data     extern D:\3.43\pic18-lt\cxx-framework\src\traditional\proc\p18f2550.asm
                    ADRES   0x000fc3       data     extern D:\3.43\pic18-lt\cxx-framework\src\traditional\proc\p18f2550.asm
                   ADRESL   0x000fc3       data     extern D:\3.43\pic18-lt\cxx-framework\src\traditional\proc\p18f2550.asm
                   ADRESH   0x000fc4       data     extern D:\3.43\pic18-lt\cxx-framework\src\traditional\proc\p18f2550.asm
                  SSPCON2   0x000fc5       data     extern D:\3.43\pic18-lt\cxx-framework\src\traditional\proc\p18f2550.asm
              SSPCON2bits   0x000fc5       data     extern D:\3.43\pic18-lt\cxx-framework\src\traditional\proc\p18f2550.asm
                  SSPCON1   0x000fc6       data     extern D:\3.43\pic18-lt\cxx-framework\src\traditional\proc\p18f2550.asm
              SSPCON1bits   0x000fc6       data     extern D:\3.43\pic18-lt\cxx-framework\src\traditional\proc\p18f2550.asm
              SSPSTATbits   0x000fc7       data     extern D:\3.43\pic18-lt\cxx-framework\src\traditional\proc\p18f2550.asm
                  SSPSTAT   0x000fc7       data     extern D:\3.43\pic18-lt\cxx-framework\src\traditional\proc\p18f2550.asm
                   SSPADD   0x000fc8       data     extern D:\3.43\pic18-lt\cxx-framework\src\traditional\proc\p18f2550.asm
                   SSPBUF   0x000fc9       data     extern D:\3.43\pic18-lt\cxx-framework\src\traditional\proc\p18f2550.asm
                T2CONbits   0x000fca       data     extern D:\3.43\pic18-lt\cxx-framework\src\traditional\proc\p18f2550.asm
                    T2CON   0x000fca       data     extern D:\3.43\pic18-lt\cxx-framework\src\traditional\proc\p18f2550.asm
                      PR2   0x000fcb       data     extern D:\3.43\pic18-lt\cxx-framework\src\traditional\proc\p18f2550.asm
                     TMR2   0x000fcc       data     extern D:\3.43\pic18-lt\cxx-framework\src\traditional\proc\p18f2550.asm
                T1CONbits   0x000fcd       data     extern D:\3.43\pic18-lt\cxx-framework\src\traditional\proc\p18f2550.asm
                    T1CON   0x000fcd       data     extern D:\3.43\pic18-lt\cxx-framework\src\traditional\proc\p18f2550.asm
                    TMR1L   0x000fce       data     extern D:\3.43\pic18-lt\cxx-framework\src\traditional\proc\p18f2550.asm
                    TMR1H   0x000fcf       data     extern D:\3.43\pic18-lt\cxx-framework\src\traditional\proc\p18f2550.asm
                     RCON   0x000fd0       data     extern D:\3.43\pic18-lt\cxx-framework\src\traditional\proc\p18f2550.asm
                 RCONbits   0x000fd0       data     extern D:\3.43\pic18-lt\cxx-framework\src\traditional\proc\p18f2550.asm
               WDTCONbits   0x000fd1       data     extern D:\3.43\pic18-lt\cxx-framework\src\traditional\proc\p18f2550.asm
                   WDTCON   0x000fd1       data     extern D:\3.43\pic18-lt\cxx-framework\src\traditional\proc\p18f2550.asm
                  HLVDCON   0x000fd2       data     extern D:\3.43\pic18-lt\cxx-framework\src\traditional\proc\p18f2550.asm
              HLVDCONbits   0x000fd2       data     extern D:\3.43\pic18-lt\cxx-framework\src\traditional\proc\p18f2550.asm
                   LVDCON   0x000fd2       data     extern D:\3.43\pic18-lt\cxx-framework\src\traditional\proc\p18f2550.asm
               LVDCONbits   0x000fd2       data     extern D:\3.43\pic18-lt\cxx-framework\src\traditional\proc\p18f2550.asm
                   OSCCON   0x000fd3       data     extern D:\3.43\pic18-lt\cxx-framework\src\traditional\proc\p18f2550.asm
               OSCCONbits   0x000fd3       data     extern D:\3.43\pic18-lt\cxx-framework\src\traditional\proc\p18f2550.asm
                T0CONbits   0x000fd5       data     extern D:\3.43\pic18-lt\cxx-framework\src\traditional\proc\p18f2550.asm
                    T0CON   0x000fd5       data     extern D:\3.43\pic18-lt\cxx-framework\src\traditional\proc\p18f2550.asm
                    TMR0L   0x000fd6       data     extern D:\3.43\pic18-lt\cxx-framework\src\traditional\proc\p18f2550.asm
                    TMR0H   0x000fd7       data     extern D:\3.43\pic18-lt\cxx-framework\src\traditional\proc\p18f2550.asm
                   STATUS   0x000fd8       data     extern D:\3.43\pic18-lt\cxx-framework\src\traditional\proc\p18f2550.asm
               STATUSbits   0x000fd8       data     extern D:\3.43\pic18-lt\cxx-framework\src\traditional\proc\p18f2550.asm
                     FSR2   0x000fd9       data     extern D:\3.43\pic18-lt\cxx-framework\src\traditional\proc\p18f2550.asm
                    FSR2L   0x000fd9       data     extern D:\3.43\pic18-lt\cxx-framework\src\traditional\proc\p18f2550.asm
                    FSR2H   0x000fda       data     extern D:\3.43\pic18-lt\cxx-framework\src\traditional\proc\p18f2550.asm
                   PLUSW2   0x000fdb       data     extern D:\3.43\pic18-lt\cxx-framework\src\traditional\proc\p18f2550.asm
                  PREINC2   0x000fdc       data     extern D:\3.43\pic18-lt\cxx-framework\src\traditional\proc\p18f2550.asm
                 POSTDEC2   0x000fdd       data     extern D:\3.43\pic18-lt\cxx-framework\src\traditional\proc\p18f2550.asm
                 POSTINC2   0x000fde       data     extern D:\3.43\pic18-lt\cxx-framework\src\traditional\proc\p18f2550.asm
                    INDF2   0x000fdf       data     extern D:\3.43\pic18-lt\cxx-framework\src\traditional\proc\p18f2550.asm
                      BSR   0x000fe0       data     extern D:\3.43\pic18-lt\cxx-framework\src\traditional\proc\p18f2550.asm
                    FSR1L   0x000fe1       data     extern D:\3.43\pic18-lt\cxx-framework\src\traditional\proc\p18f2550.asm
                     FSR1   0x000fe1       data     extern D:\3.43\pic18-lt\cxx-framework\src\traditional\proc\p18f2550.asm
                    FSR1H   0x000fe2       data     extern D:\3.43\pic18-lt\cxx-framework\src\traditional\proc\p18f2550.asm
                   PLUSW1   0x000fe3       data     extern D:\3.43\pic18-lt\cxx-framework\src\traditional\proc\p18f2550.asm
                  PREINC1   0x000fe4       data     extern D:\3.43\pic18-lt\cxx-framework\src\traditional\proc\p18f2550.asm
                 POSTDEC1   0x000fe5       data     extern D:\3.43\pic18-lt\cxx-framework\src\traditional\proc\p18f2550.asm
                 POSTINC1   0x000fe6       data     extern D:\3.43\pic18-lt\cxx-framework\src\traditional\proc\p18f2550.asm
                    INDF1   0x000fe7       data     extern D:\3.43\pic18-lt\cxx-framework\src\traditional\proc\p18f2550.asm
                     WREG   0x000fe8       data     extern D:\3.43\pic18-lt\cxx-framework\src\traditional\proc\p18f2550.asm
                    FSR0L   0x000fe9       data     extern D:\3.43\pic18-lt\cxx-framework\src\traditional\proc\p18f2550.asm
                     FSR0   0x000fe9       data     extern D:\3.43\pic18-lt\cxx-framework\src\traditional\proc\p18f2550.asm
                    FSR0H   0x000fea       data     extern D:\3.43\pic18-lt\cxx-framework\src\traditional\proc\p18f2550.asm
                   PLUSW0   0x000feb       data     extern D:\3.43\pic18-lt\cxx-framework\src\traditional\proc\p18f2550.asm
                  PREINC0   0x000fec       data     extern D:\3.43\pic18-lt\cxx-framework\src\traditional\proc\p18f2550.asm
                 POSTDEC0   0x000fed       data     extern D:\3.43\pic18-lt\cxx-framework\src\traditional\proc\p18f2550.asm
                 POSTINC0   0x000fee       data     extern D:\3.43\pic18-lt\cxx-framework\src\traditional\proc\p18f2550.asm
                    INDF0   0x000fef       data     extern D:\3.43\pic18-lt\cxx-framework\src\traditional\proc\p18f2550.asm
              INTCON3bits   0x000ff0       data     extern D:\3.43\pic18-lt\cxx-framework\src\traditional\proc\p18f2550.asm
                  INTCON3   0x000ff0       data     extern D:\3.43\pic18-lt\cxx-framework\src\traditional\proc\p18f2550.asm
              INTCON2bits   0x000ff1       data     extern D:\3.43\pic18-lt\cxx-framework\src\traditional\proc\p18f2550.asm
                  INTCON2   0x000ff1       data     extern D:\3.43\pic18-lt\cxx-framework\src\traditional\proc\p18f2550.asm
                   INTCON   0x000ff2       data     extern D:\3.43\pic18-lt\cxx-framework\src\traditional\proc\p18f2550.asm
               INTCONbits   0x000ff2       data     extern D:\3.43\pic18-lt\cxx-framework\src\traditional\proc\p18f2550.asm
                     PROD   0x000ff3       data     extern D:\3.43\pic18-lt\cxx-framework\src\traditional\proc\p18f2550.asm
                    PRODL   0x000ff3       data     extern D:\3.43\pic18-lt\cxx-framework\src\traditional\proc\p18f2550.asm
                    PRODH   0x000ff4       data     extern D:\3.43\pic18-lt\cxx-framework\src\traditional\proc\p18f2550.asm
                   TABLAT   0x000ff5       data     extern D:\3.43\pic18-lt\cxx-framework\src\traditional\proc\p18f2550.asm
                  TBLPTRL   0x000ff6       data     extern D:\3.43\pic18-lt\cxx-framework\src\traditional\proc\p18f2550.asm
                   TBLPTR   0x000ff6       data     extern D:\3.43\pic18-lt\cxx-framework\src\traditional\proc\p18f2550.asm
                  TBLPTRH   0x000ff7       data     extern D:\3.43\pic18-lt\cxx-framework\src\traditional\proc\p18f2550.asm
                  TBLPTRU   0x000ff8       data     extern D:\3.43\pic18-lt\cxx-framework\src\traditional\proc\p18f2550.asm
                       PC   0x000ff9       data     extern D:\3.43\pic18-lt\cxx-framework\src\traditional\proc\p18f2550.asm
                      PCL   0x000ff9       data     extern D:\3.43\pic18-lt\cxx-framework\src\traditional\proc\p18f2550.asm
                   PCLATH   0x000ffa       data     extern D:\3.43\pic18-lt\cxx-framework\src\traditional\proc\p18f2550.asm
                   PCLATU   0x000ffb       data     extern D:\3.43\pic18-lt\cxx-framework\src\traditional\proc\p18f2550.asm
               STKPTRbits   0x000ffc       data     extern D:\3.43\pic18-lt\cxx-framework\src\traditional\proc\p18f2550.asm
                   STKPTR   0x000ffc       data     extern D:\3.43\pic18-lt\cxx-framework\src\traditional\proc\p18f2550.asm
                      TOS   0x000ffd       data     extern D:\3.43\pic18-lt\cxx-framework\src\traditional\proc\p18f2550.asm
                     TOSL   0x000ffd       data     extern D:\3.43\pic18-lt\cxx-framework\src\traditional\proc\p18f2550.asm
                     TOSH   0x000ffe       data     extern D:\3.43\pic18-lt\cxx-framework\src\traditional\proc\p18f2550.asm
                     TOSU   0x000fff       data     extern D:\3.43\pic18-lt\cxx-framework\src\traditional\proc\p18f2550.asm


