MPLINK 4.20, Linker
Linker Map File - Created Fri Jun 06 08:16:03 2008

                                 Section Info
                  Section       Type    Address   Location Size(Bytes)
                ---------  ---------  ---------  ---------  ---------
               _entry_scn       code   0x000000    program   0x000006
               highVector       code   0x000008    program   0x000006
                lowVector       code   0x000018    program   0x000006
                   .cinit    romdata   0x00002a    program   0x000062
              .code_UDP.o       code   0x00008c    program   0x000f22
          .code_Helpers.o       code   0x000fae    program   0x000edc
         .code_ETH97J60.o       code   0x001e8a    program   0x000d7c
             .code_DHCP.o       code   0x002c06    program   0x000bce
        .code_SpeakMain.o       code   0x0037d4    program   0x000898
             .code_NBNS.o       code   0x00406c    program   0x0005c2
               .code_IP.o       code   0x00462e    program   0x0003fa
              .code_ARP.o       code   0x004a28    program   0x0003b4
      .code_LCDBlocking.o       code   0x004ddc    program   0x00033c
         .code_StackTsk.o       code   0x005118    program   0x000230
                   STRING       code   0x005348    program   0x0001e4
             .code_ICMP.o       code   0x00552c    program   0x000146
             .code_Tick.o       code   0x005672    program   0x000140
               _cinit_scn       code   0x0057b2    program   0x00009e
         .code_fxd3232u.o       code   0x005850    program   0x000048
                   STDLIB       code   0x005898    program   0x00003c
                     PROG       code   0x0058d4    program   0x00003c
         .code_fxd1616u.o       code   0x005910    program   0x00002c
             .stringtable    romdata   0x00593c    program   0x000029
      .romdata_fxd1616u.o    romdata   0x005965    program   0x000000
      .idata_fxd1616u.o_i    romdata   0x005965    program   0x000000
        .idata___init.o_i    romdata   0x005965    program   0x000000
          .romdata_Tick.o    romdata   0x005965    program   0x000000
      .idata_fxd3232u.o_i    romdata   0x005965    program   0x000000
      .romdata_StackTsk.o    romdata   0x005965    program   0x000000
        .romdata___init.o    romdata   0x005965    program   0x000000
      .idata_StackTsk.o_i    romdata   0x005965    program   0x000000
      .romdata_fxd3232u.o    romdata   0x005965    program   0x000000
          .romdata_NBNS.o    romdata   0x005965    program   0x000000
          .idata_NBNS.o_i    romdata   0x005965    program   0x000001
         .idata_c018i.o_i    romdata   0x005965    program   0x000000
         .romdata_c018i.o    romdata   0x005965    program   0x000000
           .romdata_UDP.o    romdata   0x005965    program   0x000000
           .romdata_ARP.o    romdata   0x005965    program   0x000000
          .romdata_DHCP.o    romdata   0x005965    program   0x000000
      .romdata_ETH97J60.o    romdata   0x005965    program   0x000000
   .romdata_LCDBlocking.o    romdata   0x005965    program   0x000000
            .romdata_IP.o    romdata   0x005965    program   0x000000
          .romdata_ICMP.o    romdata   0x005965    program   0x000000
       .romdata_Helpers.o    romdata   0x005965    program   0x000000
              D1KTCYXCODE       code   0x005966    program   0x000020
             _startup_scn       code   0x005986    program   0x00001c
              D10TCYXCODE       code   0x0059a2    program   0x000016
                    .code       code   0x0059b8    program   0x00000e
     .romdata_SpeakMain.o    romdata   0x0059c6    program   0x000006
           .code___init.o       code   0x0059cc    program   0x000002
              SEED_DATA_i    romdata   0x0059ce    program   0x000002
           .idata_UDP.o_i    romdata   0x0059d0    program   0x000002
          .idata_Tick.o_i    romdata   0x0059d2    program   0x000004
     .idata_SpeakMain.o_i    romdata   0x0059d6    program   0x000023
   .idata_LCDBlocking.o_i    romdata   0x0059f9    program   0x000000
            .idata_IP.o_i    romdata   0x0059f9    program   0x000002
       .idata_Helpers.o_i    romdata   0x0059fb    program   0x000000
          .idata_DHCP.o_i    romdata   0x0059fb    program   0x000004
      .idata_ETH97J60.o_i    romdata   0x0059fb    program   0x000000
          .idata_ICMP.o_i    romdata   0x0059fb    program   0x000000
           .idata_ARP.o_i    romdata   0x0059ff    program   0x000001
            .code_c018i.o       code   0x005a00    program   0x000000
                MATH_DATA      udata   0x000000       data   0x000014
                 .tmpdata      udata   0x000014       data   0x00000e
                DELAYDAT1      udata   0x000022       data   0x000001
             .udata_UDP.o      udata   0x000060       data   0x000098
        .udata_ETH97J60.o      udata   0x0000f8       data   0x000007
            .udata_NBNS.o      udata   0x0000ff       data   0x000001
                   PINPON      udata   0x000300       data   0x00096b
                   .stack      udata   0x000d00       data   0x000100
     .udata_LCDBlocking.o      udata   0x000e00       data   0x000021
            .udata_DHCP.o      udata   0x000e21       data   0x000019
        .udata_StackTsk.o      udata   0x000e3a       data   0x00000b
           .udata_c018i.o      udata   0x000e45       data   0x00000a
             .udata_ARP.o      udata   0x000e4f       data   0x00000a
            .udata_Tick.o      udata   0x000e59       data   0x000006
            .idata_Tick.o      idata   0x000e5f       data   0x000004
            .idata_DHCP.o      idata   0x000e63       data   0x000004
                SEED_DATA      idata   0x000e67       data   0x000002
             .idata_UDP.o      idata   0x000e69       data   0x000002
              .idata_IP.o      idata   0x000e6b       data   0x000002
              .udata_IP.o      udata   0x000e6d       data   0x000001
            .idata_NBNS.o      idata   0x000e6e       data   0x000001
             .idata_ARP.o      idata   0x000e6f       data   0x000001
          .idata___init.o      idata   0x000e70       data   0x000000
          .udata___init.o      udata   0x000e70       data   0x000000
        .idata_fxd3232u.o      idata   0x000e70       data   0x000000
        .udata_fxd3232u.o      udata   0x000e70       data   0x000000
        .idata_fxd1616u.o      idata   0x000e70       data   0x000000
        .udata_fxd1616u.o      udata   0x000e70       data   0x000000
           .idata_c018i.o      idata   0x000e70       data   0x000000
        .idata_ETH97J60.o      idata   0x000e70       data   0x000000
        .idata_StackTsk.o      idata   0x000e70       data   0x000000
     .idata_LCDBlocking.o      idata   0x000e70       data   0x000000
         .idata_Helpers.o      idata   0x000e70       data   0x000000
            .idata_ICMP.o      idata   0x000e70       data   0x000000
            .udata_ICMP.o      udata   0x000e70       data   0x000000
              SFR_BANKED0      udata   0x000e80       data   0x000006
              SFR_BANKED1      udata   0x000e8a       data   0x000001
              SFR_BANKED2      udata   0x000e97       data   0x000003
              SFR_BANKED3      udata   0x000ea0       data   0x000001
              SFR_BANKED4      udata   0x000ea2       data   0x000003
              SFR_BANKED5      udata   0x000ea6       data   0x000002
              SFR_BANKED6      udata   0x000eaa       data   0x000002
              SFR_BANKED7      udata   0x000eb2       data   0x000001
              SFR_BANKED8      udata   0x000eb4       data   0x000001
              SFR_BANKED9      udata   0x000eb6       data   0x000004
             SFR_BANKED10      udata   0x000ec0       data   0x000012
             SFR_BANKED11      udata   0x000ed4       data   0x000002
             SFR_BANKED12      udata   0x000ed8       data   0x000002
             SFR_BANKED13      udata   0x000ee2       data   0x000016
             SFR_BANKED14      udata   0x000efb       data   0x000001
             SFR_BANKED15      udata   0x000efd       data   0x000002
       .udata_SpeakMain.o      udata   0x000f00       data   0x000039
       .idata_SpeakMain.o      idata   0x000f39       data   0x000023
         .udata_Helpers.o      udata   0x000f5c       data   0x000004
            SFR_UNBANKED0      udata   0x000f60       data   0x0000a0



                              Program Memory Usage 
                               Start         End      
                           ---------   ---------      
                            0x000000    0x000005      
                            0x000008    0x00000d      
                            0x000018    0x00001d      
                            0x00002a    0x0059ff      
            23016 out of 131072 program addresses used, program memory utilization is 17%



                              Symbols - Sorted by Name
                     Name    Address   Location    Storage File                     
                ---------  ---------  ---------  --------- ---------                
               ARPProcess   0x004b82    program     extern F:\LANSpeak\TCPIP Stack\ARP.c
                   ARPPut   0x004a28    program     static F:\LANSpeak\TCPIP Stack\ARP.c
     CalcIPBufferChecksum   0x002574    program     extern F:\LANSpeak\TCPIP Stack\ETH97J60.c
           CalcIPChecksum   0x001bec    program     extern F:\LANSpeak\TCPIP Stack\Helpers.c
                    D10_1   0x0059b2    program     static C:\MCC18\src\traditional\delays\d10tcyx.asm
                     D10x   0x0059aa    program     static C:\MCC18\src\traditional\delays\d10tcyx.asm
                    D1K_1   0x005972    program     static C:\MCC18\src\traditional\delays\d1ktcyx.asm
                     D1Kx   0x005970    program     static C:\MCC18\src\traditional\delays\d1ktcyx.asm
              DHCPDisable   0x002c24    program     extern F:\LANSpeak\TCPIP Stack\DHCP.c
               DHCPEnable   0x002c42    program     extern F:\LANSpeak\TCPIP Stack\DHCP.c
                DHCPReset   0x002c06    program     extern F:\LANSpeak\TCPIP Stack\DHCP.c
                 DHCPTask   0x002c58    program     extern F:\LANSpeak\TCPIP Stack\DHCP.c
              Delay10TCYx   0x0059a2    program     extern C:\MCC18\src\traditional\delays\d10tcyx.asm
              Delay1KTCYx   0x005966    program     extern C:\MCC18\src\traditional\delays\d1ktcyx.asm
           DisplayIPValue   0x003b42    program     static F:\LANSpeak\SpeakMain.c  
                 FXD1616U   0x005910    program     extern C:\MCC18\src\traditional\math\fxd1616u.c
                 FXD3232U   0x005850    program     extern C:\MCC18\src\traditional\math\fxd3232u.c
                 FXM1616U   0x0058d4    program     extern C:\MCC18\src\traditional\math\fxm1616u.asm
       FindMatchingSocket   0x000d70    program     static F:\LANSpeak\TCPIP Stack\UDP.c
        FormatNetBIOSName   0x001df8    program     extern F:\LANSpeak\TCPIP Stack\Helpers.c
      GenerateRandomDWORD   0x000fae    program     extern F:\LANSpeak\TCPIP Stack\Helpers.c
              GetTickCopy   0x005682    program     static F:\LANSpeak\TCPIP Stack\Tick.c
                  HighISR   0x00388e    program     extern F:\LANSpeak\SpeakMain.c  
               HighVector   0x000008    program     extern F:\LANSpeak\SpeakMain.c  
              ICMPProcess   0x00552c    program     extern F:\LANSpeak\TCPIP Stack\ICMP.c
              IPGetHeader   0x00462e    program     extern F:\LANSpeak\TCPIP Stack\IP.c
              IPPutHeader   0x0047a2    program     extern F:\LANSpeak\TCPIP Stack\IP.c
            IPSetRxBuffer   0x004906    program     extern F:\LANSpeak\TCPIP Stack\IP.c
            InitAppConfig   0x003fa4    program     static F:\LANSpeak\SpeakMain.c  
          InitializeBoard   0x003f52    program     static F:\LANSpeak\SpeakMain.c  
                 LCDErase   0x0050a8    program     extern F:\LANSpeak\TCPIP Stack\LCDBlocking.c
                  LCDInit   0x004e2e    program     extern F:\LANSpeak\TCPIP Stack\LCDBlocking.c
                LCDUpdate   0x004f58    program     extern F:\LANSpeak\TCPIP Stack\LCDBlocking.c
                 LCDWrite   0x004ddc    program     static F:\LANSpeak\TCPIP Stack\LCDBlocking.c
                   LowISR   0x0037d4    program     extern F:\LANSpeak\SpeakMain.c  
                LowVector   0x000018    program     extern F:\LANSpeak\SpeakMain.c  
        MACCalcRxChecksum   0x0024b2    program     extern F:\LANSpeak\TCPIP Stack\ETH97J60.c
             MACDiscardRx   0x001fee    program     extern F:\LANSpeak\TCPIP Stack\ETH97J60.c
                 MACFlush   0x002370    program     extern F:\LANSpeak\TCPIP Stack\ETH97J60.c
                   MACGet   0x0029ee    program     extern F:\LANSpeak\TCPIP Stack\ETH97J60.c
              MACGetArray   0x0029f4    program     extern F:\LANSpeak\TCPIP Stack\ETH97J60.c
         MACGetFreeRxSize   0x002068    program     extern F:\LANSpeak\TCPIP Stack\ETH97J60.c
             MACGetHeader   0x002160    program     extern F:\LANSpeak\TCPIP Stack\ETH97J60.c
                  MACInit   0x001e8a    program     extern F:\LANSpeak\TCPIP Stack\ETH97J60.c
              MACIsLinked   0x001f94    program     extern F:\LANSpeak\TCPIP Stack\ETH97J60.c
         MACIsMemCopyDone   0x0029e0    program     extern F:\LANSpeak\TCPIP Stack\ETH97J60.c
             MACIsTxReady   0x001fb4    program     extern F:\LANSpeak\TCPIP Stack\ETH97J60.c
          MACMemCopyAsync   0x002778    program     extern F:\LANSpeak\TCPIP Stack\ETH97J60.c
             MACPowerDown   0x002be6    program     extern F:\LANSpeak\TCPIP Stack\ETH97J60.c
               MACPowerUp   0x002bf8    program     extern F:\LANSpeak\TCPIP Stack\ETH97J60.c
                   MACPut   0x002a94    program     extern F:\LANSpeak\TCPIP Stack\ETH97J60.c
              MACPutArray   0x002aae    program     extern F:\LANSpeak\TCPIP Stack\ETH97J60.c
             MACPutHeader   0x0022e8    program     extern F:\LANSpeak\TCPIP Stack\ETH97J60.c
           MACPutROMArray   0x002af2    program     extern F:\LANSpeak\TCPIP Stack\ETH97J60.c
            MACSetReadPtr   0x00246c    program     extern F:\LANSpeak\TCPIP Stack\ETH97J60.c
        MACSetReadPtrInRx   0x0023a6    program     extern F:\LANSpeak\TCPIP Stack\ETH97J60.c
           MACSetWritePtr   0x002426    program     extern F:\LANSpeak\TCPIP Stack\ETH97J60.c
              NBNSGetName   0x00451a    program     static F:\LANSpeak\TCPIP Stack\NBNS.c
              NBNSPutName   0x0044a6    program     static F:\LANSpeak\TCPIP Stack\NBNS.c
                 NBNSTask   0x00406c    program     extern F:\LANSpeak\TCPIP Stack\NBNS.c
     ROMStringToIPAddress   0x001506    program     extern F:\LANSpeak\TCPIP Stack\Helpers.c
               ReadPHYReg   0x002b48    program     extern F:\LANSpeak\TCPIP Stack\ETH97J60.c
     SerializedMACAddress   0x0059c6    program     static F:\LANSpeak\SpeakMain.c  
           SpeakerControl   0x003932    program     extern F:\LANSpeak\SpeakMain.c  
        StackApplications   0x005344    program     extern F:\LANSpeak\TCPIP Stack\StackTsk.c
                StackInit   0x005118    program     extern F:\LANSpeak\TCPIP Stack\StackTsk.c
                StackTask   0x005150    program     extern F:\LANSpeak\TCPIP Stack\StackTsk.c
        StringToIPAddress   0x0012b2    program     extern F:\LANSpeak\TCPIP Stack\Helpers.c
            SwapARPPacket   0x004d04    program     static F:\LANSpeak\TCPIP Stack\ARP.c
             SwapIPHeader   0x004940    program     static F:\LANSpeak\TCPIP Stack\IP.c
TickConvertToMilliseconds   0x00575a    program     extern F:\LANSpeak\TCPIP Stack\Tick.c
                  TickGet   0x0056a8    program     extern F:\LANSpeak\TCPIP Stack\Tick.c
            TickGetDiv256   0x0056be    program     extern F:\LANSpeak\TCPIP Stack\Tick.c
            TickGetDiv64K   0x00570c    program     extern F:\LANSpeak\TCPIP Stack\Tick.c
                 TickInit   0x005672    program     extern F:\LANSpeak\TCPIP Stack\Tick.c
               TickUpdate   0x00579e    program     extern F:\LANSpeak\TCPIP Stack\Tick.c
                 UDPClose   0x000264    program     extern F:\LANSpeak\TCPIP Stack\UDP.c
           UDPControlTask   0x003c7c    program     extern F:\LANSpeak\SpeakMain.c  
               UDPDiscard   0x000b28    program     extern F:\LANSpeak\TCPIP Stack\UDP.c
                 UDPFlush   0x000738    program     extern F:\LANSpeak\TCPIP Stack\UDP.c
                   UDPGet   0x0009fe    program     extern F:\LANSpeak\TCPIP Stack\UDP.c
              UDPGetArray   0x000a4a    program     extern F:\LANSpeak\TCPIP Stack\UDP.c
                  UDPInit   0x00008c    program     extern F:\LANSpeak\TCPIP Stack\UDP.c
            UDPIsGetReady   0x0009bc    program     extern F:\LANSpeak\TCPIP Stack\UDP.c
            UDPIsPutReady   0x000370    program     extern F:\LANSpeak\TCPIP Stack\UDP.c
                  UDPOpen   0x0000be    program     extern F:\LANSpeak\TCPIP Stack\UDP.c
               UDPProcess   0x000b3c    program     extern F:\LANSpeak\TCPIP Stack\UDP.c
                   UDPPut   0x0003f0    program     extern F:\LANSpeak\TCPIP Stack\UDP.c
              UDPPutArray   0x00044c    program     extern F:\LANSpeak\TCPIP Stack\UDP.c
           UDPPutROMArray   0x000538    program     extern F:\LANSpeak\TCPIP Stack\UDP.c
          UDPPutROMString   0x0006aa    program     extern F:\LANSpeak\TCPIP Stack\UDP.c
             UDPPutString   0x00062a    program     extern F:\LANSpeak\TCPIP Stack\UDP.c
           UDPSetRxBuffer   0x00032c    program     extern F:\LANSpeak\TCPIP Stack\UDP.c
           UDPSetTxBuffer   0x0002be    program     extern F:\LANSpeak\TCPIP Stack\UDP.c
                  UDPTask   0x0000b8    program     extern F:\LANSpeak\TCPIP Stack\UDP.c
              WritePHYReg   0x002ba2    program     extern F:\LANSpeak\TCPIP Stack\ETH97J60.c
              _2jContinue   0x005456    program     static C:\MCC18\src\traditional\stdclib\memset.asm
                   _2jEnd   0x0054ec    program     static C:\MCC18\src\traditional\stdclib\slenpgm.asm
              _3jContinue   0x005422    program     static C:\MCC18\src\traditional\stdclib\mcpyp2r.asm
                   _3jEnd   0x005460    program     static C:\MCC18\src\traditional\stdclib\memset.asm
              _4jContinue   0x005374    program     static C:\MCC18\src\traditional\stdclib\memcmp.asm
              _4jContinue   0x0053ce    program     static C:\MCC18\src\traditional\stdclib\memcpy.asm
                   _4jEnd   0x00542c    program     static C:\MCC18\src\traditional\stdclib\mcpyp2r.asm
                   _5jEnd   0x00537e    program     static C:\MCC18\src\traditional\stdclib\memcmp.asm
                   _5jEnd   0x0053d8    program     static C:\MCC18\src\traditional\stdclib\memcpy.asm
        _D10TCYXCODE_000A   0x0059ac    program     static C:\MCC18\src\traditional\delays\d10tcyx.asm
        _D10TCYXCODE_000C   0x0059ae    program     static C:\MCC18\src\traditional\delays\d10tcyx.asm
        _D10TCYXCODE_000E   0x0059b0    program     static C:\MCC18\src\traditional\delays\d10tcyx.asm
        _D1KTCYXCODE_0010   0x005976    program     static C:\MCC18\src\traditional\delays\d1ktcyx.asm
        _D1KTCYXCODE_0016   0x00597c    program     static C:\MCC18\src\traditional\delays\d1ktcyx.asm
             _DHCPReceive   0x00306c    program     static F:\LANSpeak\TCPIP Stack\DHCP.c
                _DHCPSend   0x003530    program     static F:\LANSpeak\TCPIP Stack\DHCP.c
           ___do_lbl00002   0x0056a0    program     static                          
           ___do_lbl00002   0x004e90    program     static                          
           ___do_lbl00003   0x004e90    program     static                          
           ___do_lbl00003   0x0056a4    program     static                          
           ___do_lbl00004   0x005682    program     static                          
           ___do_lbl00006   0x004e5e    program     static                          
           ___do_lbl00010   0x004f44    program     static                          
           ___do_lbl00011   0x004f44    program     static                          
           ___do_lbl00014   0x004f12    program     static                          
          ___for_lbl00007   0x004eb8    program     static                          
          ___for_lbl00008   0x004ebc    program     static                          
          ___for_lbl00009   0x004e9a    program     static                          
          ___for_lbl00091   0x001db4    program     static                          
          ___for_lbl00092   0x001dba    program     static                          
          ___for_lbl00093   0x001d96    program     static                          
          ___for_lbl00094   0x001dce    program     static                          
          ___for_lbl00095   0x001dd2    program     static                          
          ___for_lbl00096   0x001dba    program     static                          
           ___if_lbl00005   0x00119a    program     static                          
           ___if_lbl00006   0x0011b8    program     static                          
           ___if_lbl00007   0x00124e    program     static                          
           ___if_lbl00008   0x001254    program     static                          
           ___if_lbl00019   0x002176    program     static                          
           ___if_lbl00020   0x002182    program     static                          
           ___if_lbl00026   0x002250    program     static                          
           ___if_lbl00029   0x0022c8    program     static                          
       ___return_lbl00000   0x00129e    program     static                          
       ___return_lbl00000   0x000004    program     static                          
       ___return_lbl00000   0x00593a    program     static                          
       ___return_lbl00000   0x005896    program     static                          
       ___return_lbl00000   0x004e26    program     static                          
       ___return_lbl00000   0x001f8a    program     static                          
       ___return_lbl00001   0x004f44    program     static                          
       ___return_lbl00001   0x00001c    program     static                          
       ___return_lbl00001   0x0059a0    program     static                          
       ___return_lbl00001   0x0056a6    program     static                          
       ___return_lbl00002   0x00584e    program     static                          
       ___return_lbl00003   0x00000c    program     static                          
       ___return_lbl00018   0x0022d0    program     static                          
       ___return_lbl00078   0x002aa6    program     static                          
       ___return_lbl00079   0x002aea    program     static                          
       ___return_lbl00082   0x002b40    program     static                          
       ___return_lbl00085   0x002b8e    program     static                          
       ___return_lbl00088   0x002bdc    program     static                          
       ___return_lbl00090   0x001de4    program     static                          
        ___while_lbl00001   0x00102e    program     static                          
        ___while_lbl00001   0x001e9c    program     static                          
        ___while_lbl00002   0x001ea2    program     static                          
        ___while_lbl00002   0x001256    program     static                          
        ___while_lbl00003   0x001036    program     static                          
        ___while_lbl00004   0x004e6c    program     static                          
        ___while_lbl00004   0x00103a    program     static                          
        ___while_lbl00005   0x004e90    program     static                          
        ___while_lbl00012   0x004f20    program     static                          
        ___while_lbl00013   0x004f44    program     static                          
        ___while_lbl00080   0x002ab6    program     static                          
        ___while_lbl00081   0x002aea    program     static                          
        ___while_lbl00083   0x002afa    program     static                          
        ___while_lbl00084   0x002b40    program     static                          
        ___while_lbl00086   0x002b64    program     static                          
        ___while_lbl00087   0x002b6a    program     static                          
        ___while_lbl00089   0x002bd6    program     static                          
        ___while_lbl00090   0x002bdc    program     static                          
                   __init   0x0059cc    program     extern C:\MCC18\src\traditional\stdclib\__init.c
               __string_0   0x005944    program     static F:\LANSpeak\SpeakMain.c  
               __string_3   0x00593c    program     static F:\LANSpeak\SpeakMain.c  
               __tmplbl_0   0x00109a    program     static                          
              __tmplbl_10   0x0022a8    program     static                          
              __tmplbl_11   0x0022ae    program     static                          
               __tmplbl_2   0x00224e    program     static                          
              __tmplbl_27   0x001016    program     static                          
              __tmplbl_28   0x0010b6    program     static                          
              __tmplbl_29   0x0010f6    program     static                          
               __tmplbl_3   0x00223a    program     static                          
              __tmplbl_30   0x00115a    program     static                          
               __tmplbl_4   0x002224    program     static                          
               __tmplbl_5   0x002210    program     static                          
               __tmplbl_6   0x0021fa    program     static                          
               __tmplbl_7   0x0021ec    program     static                          
               __tmplbl_8   0x0021ea    program     static                          
               __tmplbl_9   0x0022b6    program     static                          
            __zero_memory   0x0059b8    program     extern C:\MCC18\src\traditional\proc\p18F67J60.asm
                _do_cinit   0x0057b2    program     extern C:\MCC18\src\traditional\startup\c018i.c
                   _entry   0x000000    program     extern C:\MCC18\src\traditional\startup\c018i.c
                   _false   0x005892    program     static                          
                 _startup   0x005986    program     extern C:\MCC18\src\traditional\startup\c018i.c
             btohexa_high   0x001972    program     extern F:\LANSpeak\TCPIP Stack\Helpers.c
              btohexa_low   0x0019a8    program     extern F:\LANSpeak\TCPIP Stack\Helpers.c
               clear_loop   0x0059be    program     static C:\MCC18\src\traditional\proc\p18F67J60.asm
                copy_loop   0x005824    program     static                          
            copy_one_byte   0x00582a    program     static                          
                     done   0x00584e    program     static                          
             done_copying   0x005838    program     static                          
                  endloop   0x005936    program     static                          
                  hexatob   0x0018b6    program     extern F:\LANSpeak\TCPIP Stack\Helpers.c
                     jEnd   0x00549a    program     static C:\MCC18\src\traditional\stdclib\scpyp2r.asm
                     jEnd   0x0054b6    program     static C:\MCC18\src\traditional\stdclib\strlen.asm
                     jEnd   0x005468    program     static C:\MCC18\src\traditional\stdclib\memset.asm
                     jEnd   0x0054ee    program     static C:\MCC18\src\traditional\stdclib\slenpgm.asm
                     jEnd   0x00552a    program     static C:\MCC18\src\traditional\stdclib\strupr.asm
                     jEnd   0x005434    program     static C:\MCC18\src\traditional\stdclib\mcpyp2r.asm
                     jEnd   0x0053de    program     static C:\MCC18\src\traditional\stdclib\memcpy.asm
                     jEnd   0x005384    program     static C:\MCC18\src\traditional\stdclib\memcmp.asm
                    jLoop   0x0053c2    program     static C:\MCC18\src\traditional\stdclib\memcpy.asm
                    jLoop   0x005516    program     static C:\MCC18\src\traditional\stdclib\strupr.asm
                    jLoop   0x005416    program     static C:\MCC18\src\traditional\stdclib\mcpyp2r.asm
                    jLoop   0x005368    program     static C:\MCC18\src\traditional\stdclib\memcmp.asm
                    jLoop   0x0054d6    program     static C:\MCC18\src\traditional\stdclib\slenpgm.asm
                    jLoop   0x0054ac    program     static C:\MCC18\src\traditional\stdclib\strlen.asm
                    jLoop   0x005490    program     static C:\MCC18\src\traditional\stdclib\scpyp2r.asm
                    jLoop   0x00544a    program     static C:\MCC18\src\traditional\stdclib\memset.asm
                    jSkip   0x005526    program     static C:\MCC18\src\traditional\stdclib\strupr.asm
          leftRotateDWORD   0x001d6c    program     extern F:\LANSpeak\TCPIP Stack\Helpers.c
                     loop   0x005996    program     static                          
                     loop   0x00585e    program     static                          
                     loop   0x00591a    program     static                          
                     main   0x003a74    program     extern F:\LANSpeak\SpeakMain.c  
                   memcmp   0x005348    program     extern C:\MCC18\src\traditional\stdclib\memcmp.asm
                   memcpy   0x00539a    program     extern C:\MCC18\src\traditional\stdclib\memcpy.asm
            memcpypgm2ram   0x0053f0    program     extern C:\MCC18\src\traditional\stdclib\mcpyp2r.asm
                   memset   0x005436    program     extern C:\MCC18\src\traditional\stdclib\memset.asm
                     rand   0x0058a6    program     extern C:\MCC18\src\traditional\stdclib\rand.asm
                    srand   0x005898    program     extern C:\MCC18\src\traditional\stdclib\rand.asm
            strcpypgm2ram   0x00546a    program     extern C:\MCC18\src\traditional\stdclib\scpyp2r.asm
           stricmppgm2ram   0x0019dc    program     extern F:\LANSpeak\TCPIP Stack\Helpers.c
                   strlen   0x00549c    program     extern C:\MCC18\src\traditional\stdclib\strlen.asm
                strlenpgm   0x0054b8    program     extern C:\MCC18\src\traditional\stdclib\slenpgm.asm
                   strupr   0x005502    program     extern C:\MCC18\src\traditional\stdclib\strupr.asm
                    swapl   0x001b46    program     extern F:\LANSpeak\TCPIP Stack\Helpers.c
                    swaps   0x001af2    program     extern F:\LANSpeak\TCPIP Stack\Helpers.c
                     test   0x0057cc    program     static                          
                    uitoa   0x00176a    program     extern F:\LANSpeak\TCPIP Stack\Helpers.c
                   ADCON0   0x000fc2       data     extern C:\MCC18\src\traditional\proc\p18F67J60.asm
               ADCON0bits   0x000fc2       data     extern C:\MCC18\src\traditional\proc\p18F67J60.asm
                   ADCON1   0x000fc1       data     extern C:\MCC18\src\traditional\proc\p18F67J60.asm
               ADCON1bits   0x000fc1       data     extern C:\MCC18\src\traditional\proc\p18F67J60.asm
                   ADCON2   0x000fc0       data     extern C:\MCC18\src\traditional\proc\p18F67J60.asm
               ADCON2bits   0x000fc0       data     extern C:\MCC18\src\traditional\proc\p18F67J60.asm
                    ADRES   0x000fc3       data     extern C:\MCC18\src\traditional\proc\p18F67J60.asm
                   ADRESH   0x000fc4       data     extern C:\MCC18\src\traditional\proc\p18F67J60.asm
                   ADRESL   0x000fc3       data     extern C:\MCC18\src\traditional\proc\p18F67J60.asm
                AppConfig   0x000f00       data     extern F:\LANSpeak\SpeakMain.c  
                  AppMode   0x000f33       data     static F:\LANSpeak\SpeakMain.c  
                  BAUDCON   0x000f7e       data     extern C:\MCC18\src\traditional\proc\p18F67J60.asm
                 BAUDCON1   0x000f7e       data     extern C:\MCC18\src\traditional\proc\p18F67J60.asm
             BAUDCON1bits   0x000f7e       data     extern C:\MCC18\src\traditional\proc\p18F67J60.asm
              BAUDCONbits   0x000f7e       data     extern C:\MCC18\src\traditional\proc\p18F67J60.asm
                  BAUDCTL   0x000f7e       data     extern C:\MCC18\src\traditional\proc\p18F67J60.asm
                 BAUDCTL1   0x000f7e       data     extern C:\MCC18\src\traditional\proc\p18F67J60.asm
             BAUDCTL1bits   0x000f7e       data     extern C:\MCC18\src\traditional\proc\p18F67J60.asm
              BAUDCTLbits   0x000f7e       data     extern C:\MCC18\src\traditional\proc\p18F67J60.asm
                      BSR   0x000fe0       data     extern C:\MCC18\src\traditional\proc\p18F67J60.asm
                 BufIndex   0x000f37       data     static F:\LANSpeak\SpeakMain.c  
                  BufferA   0x000300       data     static F:\LANSpeak\SpeakMain.c  
                  BufferB   0x000620       data     static F:\LANSpeak\SpeakMain.c  
                  CCP1CON   0x000fbd       data     extern C:\MCC18\src\traditional\proc\p18F67J60.asm
              CCP1CONbits   0x000fbd       data     extern C:\MCC18\src\traditional\proc\p18F67J60.asm
                  CCP2CON   0x000fba       data     extern C:\MCC18\src\traditional\proc\p18F67J60.asm
              CCP2CONbits   0x000fba       data     extern C:\MCC18\src\traditional\proc\p18F67J60.asm
                  CCP3CON   0x000fb7       data     extern C:\MCC18\src\traditional\proc\p18F67J60.asm
              CCP3CONbits   0x000fb7       data     extern C:\MCC18\src\traditional\proc\p18F67J60.asm
                  CCP4CON   0x000f73       data     extern C:\MCC18\src\traditional\proc\p18F67J60.asm
              CCP4CONbits   0x000f73       data     extern C:\MCC18\src\traditional\proc\p18F67J60.asm
                  CCP5CON   0x000f70       data     extern C:\MCC18\src\traditional\proc\p18F67J60.asm
              CCP5CONbits   0x000f70       data     extern C:\MCC18\src\traditional\proc\p18F67J60.asm
                    CCPR1   0x000fbe       data     extern C:\MCC18\src\traditional\proc\p18F67J60.asm
                   CCPR1H   0x000fbf       data     extern C:\MCC18\src\traditional\proc\p18F67J60.asm
                   CCPR1L   0x000fbe       data     extern C:\MCC18\src\traditional\proc\p18F67J60.asm
                    CCPR2   0x000fbb       data     extern C:\MCC18\src\traditional\proc\p18F67J60.asm
                   CCPR2H   0x000fbc       data     extern C:\MCC18\src\traditional\proc\p18F67J60.asm
                   CCPR2L   0x000fbb       data     extern C:\MCC18\src\traditional\proc\p18F67J60.asm
                    CCPR3   0x000fb8       data     extern C:\MCC18\src\traditional\proc\p18F67J60.asm
                   CCPR3H   0x000fb9       data     extern C:\MCC18\src\traditional\proc\p18F67J60.asm
                   CCPR3L   0x000fb8       data     extern C:\MCC18\src\traditional\proc\p18F67J60.asm
                    CCPR4   0x000f74       data     extern C:\MCC18\src\traditional\proc\p18F67J60.asm
                   CCPR4H   0x000f75       data     extern C:\MCC18\src\traditional\proc\p18F67J60.asm
                   CCPR4L   0x000f74       data     extern C:\MCC18\src\traditional\proc\p18F67J60.asm
                    CCPR5   0x000f71       data     extern C:\MCC18\src\traditional\proc\p18F67J60.asm
                   CCPR5H   0x000f72       data     extern C:\MCC18\src\traditional\proc\p18F67J60.asm
                   CCPR5L   0x000f71       data     extern C:\MCC18\src\traditional\proc\p18F67J60.asm
                    CMCON   0x000fb4       data     extern C:\MCC18\src\traditional\proc\p18F67J60.asm
                CMCONbits   0x000fb4       data     extern C:\MCC18\src\traditional\proc\p18F67J60.asm
                   CVRCON   0x000fb5       data     extern C:\MCC18\src\traditional\proc\p18F67J60.asm
               CVRCONbits   0x000fb5       data     extern C:\MCC18\src\traditional\proc\p18F67J60.asm
                   ContSM   0x000f5b       data     static F:\LANSpeak\SpeakMain.c  
    CurrentPacketLocation   0x0000fa       data     static F:\LANSpeak\TCPIP Stack\ETH97J60.c
                     DDRA   0x000f92       data     extern C:\MCC18\src\traditional\proc\p18F67J60.asm
                 DDRAbits   0x000f92       data     extern C:\MCC18\src\traditional\proc\p18F67J60.asm
                     DDRB   0x000f93       data     extern C:\MCC18\src\traditional\proc\p18F67J60.asm
                 DDRBbits   0x000f93       data     extern C:\MCC18\src\traditional\proc\p18F67J60.asm
                     DDRC   0x000f94       data     extern C:\MCC18\src\traditional\proc\p18F67J60.asm
                 DDRCbits   0x000f94       data     extern C:\MCC18\src\traditional\proc\p18F67J60.asm
                     DDRD   0x000f95       data     extern C:\MCC18\src\traditional\proc\p18F67J60.asm
                 DDRDbits   0x000f95       data     extern C:\MCC18\src\traditional\proc\p18F67J60.asm
                     DDRE   0x000f96       data     extern C:\MCC18\src\traditional\proc\p18F67J60.asm
                 DDREbits   0x000f96       data     extern C:\MCC18\src\traditional\proc\p18F67J60.asm
                     DDRF   0x000f97       data     extern C:\MCC18\src\traditional\proc\p18F67J60.asm
                 DDRFbits   0x000f97       data     extern C:\MCC18\src\traditional\proc\p18F67J60.asm
                     DDRG   0x000f98       data     extern C:\MCC18\src\traditional\proc\p18F67J60.asm
                 DDRGbits   0x000f98       data     extern C:\MCC18\src\traditional\proc\p18F67J60.asm
            DHCPBindCount   0x000e66       data     extern F:\LANSpeak\TCPIP Stack\DHCP.c
                DHCPFlags   0x000e64       data     extern F:\LANSpeak\TCPIP Stack\DHCP.c
            DHCPLeaseTime   0x000e25       data     static F:\LANSpeak\TCPIP Stack\DHCP.c
             DHCPServerID   0x000e21       data     static F:\LANSpeak\TCPIP Stack\DHCP.c
               DHCPSocket   0x000e65       data     static F:\LANSpeak\TCPIP Stack\DHCP.c
            DelayCounter1   0x000022       data     extern C:\MCC18\src\traditional\delays\delayd1.asm
                  ECCP1AS   0x000fb6       data     extern C:\MCC18\src\traditional\proc\p18F67J60.asm
              ECCP1ASbits   0x000fb6       data     extern C:\MCC18\src\traditional\proc\p18F67J60.asm
                 ECCP1CON   0x000fbd       data     extern C:\MCC18\src\traditional\proc\p18F67J60.asm
             ECCP1CONbits   0x000fbd       data     extern C:\MCC18\src\traditional\proc\p18F67J60.asm
                 ECCP1DEL   0x000f79       data     extern C:\MCC18\src\traditional\proc\p18F67J60.asm
             ECCP1DELbits   0x000f79       data     extern C:\MCC18\src\traditional\proc\p18F67J60.asm
                  ECCP2AS   0x000f68       data     extern C:\MCC18\src\traditional\proc\p18F67J60.asm
              ECCP2ASbits   0x000f68       data     extern C:\MCC18\src\traditional\proc\p18F67J60.asm
                 ECCP2CON   0x000fba       data     extern C:\MCC18\src\traditional\proc\p18F67J60.asm
             ECCP2CONbits   0x000fba       data     extern C:\MCC18\src\traditional\proc\p18F67J60.asm
                 ECCP2DEL   0x000f67       data     extern C:\MCC18\src\traditional\proc\p18F67J60.asm
             ECCP2DELbits   0x000f67       data     extern C:\MCC18\src\traditional\proc\p18F67J60.asm
                  ECCP3AS   0x000f6a       data     extern C:\MCC18\src\traditional\proc\p18F67J60.asm
              ECCP3ASbits   0x000f6a       data     extern C:\MCC18\src\traditional\proc\p18F67J60.asm
                 ECCP3CON   0x000fb7       data     extern C:\MCC18\src\traditional\proc\p18F67J60.asm
             ECCP3CONbits   0x000fb7       data     extern C:\MCC18\src\traditional\proc\p18F67J60.asm
                 ECCP3DEL   0x000f69       data     extern C:\MCC18\src\traditional\proc\p18F67J60.asm
             ECCP3DELbits   0x000f69       data     extern C:\MCC18\src\traditional\proc\p18F67J60.asm
                    ECON1   0x000fd2       data     extern C:\MCC18\src\traditional\proc\p18F67J60.asm
                ECON1bits   0x000fd2       data     extern C:\MCC18\src\traditional\proc\p18F67J60.asm
                    ECON2   0x000efe       data     extern C:\MCC18\src\traditional\proc\p18F67J60.asm
                ECON2bits   0x000efe       data     extern C:\MCC18\src\traditional\proc\p18F67J60.asm
                    EDATA   0x000f61       data     extern C:\MCC18\src\traditional\proc\p18F67J60.asm
                EDATAbits   0x000f61       data     extern C:\MCC18\src\traditional\proc\p18F67J60.asm
                   EDMACS   0x000ef6       data     extern C:\MCC18\src\traditional\proc\p18F67J60.asm
                  EDMACSH   0x000ef7       data     extern C:\MCC18\src\traditional\proc\p18F67J60.asm
                  EDMACSL   0x000ef6       data     extern C:\MCC18\src\traditional\proc\p18F67J60.asm
                  EDMADST   0x000ef4       data     extern C:\MCC18\src\traditional\proc\p18F67J60.asm
                 EDMADSTH   0x000ef5       data     extern C:\MCC18\src\traditional\proc\p18F67J60.asm
                 EDMADSTL   0x000ef4       data     extern C:\MCC18\src\traditional\proc\p18F67J60.asm
                   EDMAND   0x000ef2       data     extern C:\MCC18\src\traditional\proc\p18F67J60.asm
                  EDMANDH   0x000ef3       data     extern C:\MCC18\src\traditional\proc\p18F67J60.asm
                  EDMANDL   0x000ef2       data     extern C:\MCC18\src\traditional\proc\p18F67J60.asm
                   EDMAST   0x000ef0       data     extern C:\MCC18\src\traditional\proc\p18F67J60.asm
                  EDMASTH   0x000ef1       data     extern C:\MCC18\src\traditional\proc\p18F67J60.asm
                  EDMASTL   0x000ef0       data     extern C:\MCC18\src\traditional\proc\p18F67J60.asm
                   EECON1   0x000fa6       data     extern C:\MCC18\src\traditional\proc\p18F67J60.asm
               EECON1bits   0x000fa6       data     extern C:\MCC18\src\traditional\proc\p18F67J60.asm
                   EECON2   0x000fa7       data     extern C:\MCC18\src\traditional\proc\p18F67J60.asm
                  EFLOCON   0x000e97       data     extern C:\MCC18\src\traditional\proc\p18F67J60.asm
              EFLOCONbits   0x000e97       data     extern C:\MCC18\src\traditional\proc\p18F67J60.asm
                     EHT0   0x000ec0       data     extern C:\MCC18\src\traditional\proc\p18F67J60.asm
                     EHT1   0x000ec1       data     extern C:\MCC18\src\traditional\proc\p18F67J60.asm
                     EHT2   0x000ec2       data     extern C:\MCC18\src\traditional\proc\p18F67J60.asm
                     EHT3   0x000ec3       data     extern C:\MCC18\src\traditional\proc\p18F67J60.asm
                     EHT4   0x000ec4       data     extern C:\MCC18\src\traditional\proc\p18F67J60.asm
                     EHT5   0x000ec5       data     extern C:\MCC18\src\traditional\proc\p18F67J60.asm
                     EHT6   0x000ec6       data     extern C:\MCC18\src\traditional\proc\p18F67J60.asm
                     EHT7   0x000ec7       data     extern C:\MCC18\src\traditional\proc\p18F67J60.asm
                      EIE   0x000efb       data     extern C:\MCC18\src\traditional\proc\p18F67J60.asm
                  EIEbits   0x000efb       data     extern C:\MCC18\src\traditional\proc\p18F67J60.asm
                      EIR   0x000f60       data     extern C:\MCC18\src\traditional\proc\p18F67J60.asm
                  EIRbits   0x000f60       data     extern C:\MCC18\src\traditional\proc\p18F67J60.asm
                      END   0x000f57       data     extern F:\LANSpeak\SpeakMain.c  
                    EPAUS   0x000e98       data     extern C:\MCC18\src\traditional\proc\p18F67J60.asm
                   EPAUSH   0x000e99       data     extern C:\MCC18\src\traditional\proc\p18F67J60.asm
                   EPAUSL   0x000e98       data     extern C:\MCC18\src\traditional\proc\p18F67J60.asm
                  EPKTCNT   0x000ed9       data     extern C:\MCC18\src\traditional\proc\p18F67J60.asm
                    EPMCS   0x000ed0       data     extern C:\MCC18\src\traditional\proc\p18F67J60.asm
                   EPMCSH   0x000ed1       data     extern C:\MCC18\src\traditional\proc\p18F67J60.asm
                   EPMCSL   0x000ed0       data     extern C:\MCC18\src\traditional\proc\p18F67J60.asm
                    EPMM0   0x000ec8       data     extern C:\MCC18\src\traditional\proc\p18F67J60.asm
                    EPMM1   0x000ec9       data     extern C:\MCC18\src\traditional\proc\p18F67J60.asm
                    EPMM2   0x000eca       data     extern C:\MCC18\src\traditional\proc\p18F67J60.asm
                    EPMM3   0x000ecb       data     extern C:\MCC18\src\traditional\proc\p18F67J60.asm
                    EPMM4   0x000ecc       data     extern C:\MCC18\src\traditional\proc\p18F67J60.asm
                    EPMM5   0x000ecd       data     extern C:\MCC18\src\traditional\proc\p18F67J60.asm
                    EPMM6   0x000ece       data     extern C:\MCC18\src\traditional\proc\p18F67J60.asm
                    EPMM7   0x000ecf       data     extern C:\MCC18\src\traditional\proc\p18F67J60.asm
                     EPMO   0x000ed4       data     extern C:\MCC18\src\traditional\proc\p18F67J60.asm
                    EPMOH   0x000ed5       data     extern C:\MCC18\src\traditional\proc\p18F67J60.asm
                    EPMOL   0x000ed4       data     extern C:\MCC18\src\traditional\proc\p18F67J60.asm
                    ERDPT   0x000f7a       data     extern C:\MCC18\src\traditional\proc\p18F67J60.asm
                   ERDPTH   0x000f7b       data     extern C:\MCC18\src\traditional\proc\p18F67J60.asm
                   ERDPTL   0x000f7a       data     extern C:\MCC18\src\traditional\proc\p18F67J60.asm
                  ERXFCON   0x000ed8       data     extern C:\MCC18\src\traditional\proc\p18F67J60.asm
              ERXFCONbits   0x000ed8       data     extern C:\MCC18\src\traditional\proc\p18F67J60.asm
                    ERXND   0x000eea       data     extern C:\MCC18\src\traditional\proc\p18F67J60.asm
                   ERXNDH   0x000eeb       data     extern C:\MCC18\src\traditional\proc\p18F67J60.asm
                   ERXNDL   0x000eea       data     extern C:\MCC18\src\traditional\proc\p18F67J60.asm
                  ERXRDPT   0x000eec       data     extern C:\MCC18\src\traditional\proc\p18F67J60.asm
                 ERXRDPTH   0x000eed       data     extern C:\MCC18\src\traditional\proc\p18F67J60.asm
                 ERXRDPTL   0x000eec       data     extern C:\MCC18\src\traditional\proc\p18F67J60.asm
                    ERXST   0x000ee8       data     extern C:\MCC18\src\traditional\proc\p18F67J60.asm
                   ERXSTH   0x000ee9       data     extern C:\MCC18\src\traditional\proc\p18F67J60.asm
                   ERXSTL   0x000ee8       data     extern C:\MCC18\src\traditional\proc\p18F67J60.asm
                  ERXWRPT   0x000eee       data     extern C:\MCC18\src\traditional\proc\p18F67J60.asm
                 ERXWRPTH   0x000eef       data     extern C:\MCC18\src\traditional\proc\p18F67J60.asm
                 ERXWRPTL   0x000eee       data     extern C:\MCC18\src\traditional\proc\p18F67J60.asm
                    ESTAT   0x000efd       data     extern C:\MCC18\src\traditional\proc\p18F67J60.asm
                ESTATbits   0x000efd       data     extern C:\MCC18\src\traditional\proc\p18F67J60.asm
                    ETXND   0x000ee6       data     extern C:\MCC18\src\traditional\proc\p18F67J60.asm
                   ETXNDH   0x000ee7       data     extern C:\MCC18\src\traditional\proc\p18F67J60.asm
                   ETXNDL   0x000ee6       data     extern C:\MCC18\src\traditional\proc\p18F67J60.asm
                    ETXST   0x000ee4       data     extern C:\MCC18\src\traditional\proc\p18F67J60.asm
                   ETXSTH   0x000ee5       data     extern C:\MCC18\src\traditional\proc\p18F67J60.asm
                   ETXSTL   0x000ee4       data     extern C:\MCC18\src\traditional\proc\p18F67J60.asm
                    EWRPT   0x000ee2       data     extern C:\MCC18\src\traditional\proc\p18F67J60.asm
                   EWRPTH   0x000ee3       data     extern C:\MCC18\src\traditional\proc\p18F67J60.asm
                   EWRPTL   0x000ee2       data     extern C:\MCC18\src\traditional\proc\p18F67J60.asm
                     FSR0   0x000fe9       data     extern C:\MCC18\src\traditional\proc\p18F67J60.asm
                    FSR0H   0x000fea       data     extern C:\MCC18\src\traditional\proc\p18F67J60.asm
                    FSR0L   0x000fe9       data     extern C:\MCC18\src\traditional\proc\p18F67J60.asm
                     FSR1   0x000fe1       data     extern C:\MCC18\src\traditional\proc\p18F67J60.asm
                    FSR1H   0x000fe2       data     extern C:\MCC18\src\traditional\proc\p18F67J60.asm
                    FSR1L   0x000fe1       data     extern C:\MCC18\src\traditional\proc\p18F67J60.asm
                     FSR2   0x000fd9       data     extern C:\MCC18\src\traditional\proc\p18F67J60.asm
                    FSR2H   0x000fda       data     extern C:\MCC18\src\traditional\proc\p18F67J60.asm
                    FSR2L   0x000fd9       data     extern C:\MCC18\src\traditional\proc\p18F67J60.asm
                    First   0x000f36       data     static F:\LANSpeak\SpeakMain.c  
                    Flags   0x0000f5       data     static F:\LANSpeak\TCPIP Stack\UDP.c
                Full_Flag   0x000f35       data     static F:\LANSpeak\SpeakMain.c  
                    INDF0   0x000fef       data     extern C:\MCC18\src\traditional\proc\p18F67J60.asm
                    INDF1   0x000fe7       data     extern C:\MCC18\src\traditional\proc\p18F67J60.asm
                    INDF2   0x000fdf       data     extern C:\MCC18\src\traditional\proc\p18F67J60.asm
                   INTCON   0x000ff2       data     extern C:\MCC18\src\traditional\proc\p18F67J60.asm
                  INTCON2   0x000ff1       data     extern C:\MCC18\src\traditional\proc\p18F67J60.asm
              INTCON2bits   0x000ff1       data     extern C:\MCC18\src\traditional\proc\p18F67J60.asm
                  INTCON3   0x000ff0       data     extern C:\MCC18\src\traditional\proc\p18F67J60.asm
              INTCON3bits   0x000ff0       data     extern C:\MCC18\src\traditional\proc\p18F67J60.asm
               INTCONbits   0x000ff2       data     extern C:\MCC18\src\traditional\proc\p18F67J60.asm
              IPHeaderLen   0x000e6d       data     static F:\LANSpeak\TCPIP Stack\IP.c
                     IPR1   0x000f9f       data     extern C:\MCC18\src\traditional\proc\p18F67J60.asm
                 IPR1bits   0x000f9f       data     extern C:\MCC18\src\traditional\proc\p18F67J60.asm
                     IPR2   0x000fa2       data     extern C:\MCC18\src\traditional\proc\p18F67J60.asm
                 IPR2bits   0x000fa2       data     extern C:\MCC18\src\traditional\proc\p18F67J60.asm
                     IPR3   0x000fa5       data     extern C:\MCC18\src\traditional\proc\p18F67J60.asm
                 IPR3bits   0x000fa5       data     extern C:\MCC18\src\traditional\proc\p18F67J60.asm
                     LATA   0x000f89       data     extern C:\MCC18\src\traditional\proc\p18F67J60.asm
                 LATAbits   0x000f89       data     extern C:\MCC18\src\traditional\proc\p18F67J60.asm
                     LATB   0x000f8a       data     extern C:\MCC18\src\traditional\proc\p18F67J60.asm
                 LATBbits   0x000f8a       data     extern C:\MCC18\src\traditional\proc\p18F67J60.asm
                     LATC   0x000f8b       data     extern C:\MCC18\src\traditional\proc\p18F67J60.asm
                 LATCbits   0x000f8b       data     extern C:\MCC18\src\traditional\proc\p18F67J60.asm
                     LATD   0x000f8c       data     extern C:\MCC18\src\traditional\proc\p18F67J60.asm
                 LATDbits   0x000f8c       data     extern C:\MCC18\src\traditional\proc\p18F67J60.asm
                     LATE   0x000f8d       data     extern C:\MCC18\src\traditional\proc\p18F67J60.asm
                 LATEbits   0x000f8d       data     extern C:\MCC18\src\traditional\proc\p18F67J60.asm
                     LATF   0x000f8e       data     extern C:\MCC18\src\traditional\proc\p18F67J60.asm
                 LATFbits   0x000f8e       data     extern C:\MCC18\src\traditional\proc\p18F67J60.asm
                     LATG   0x000f8f       data     extern C:\MCC18\src\traditional\proc\p18F67J60.asm
                 LATGbits   0x000f8f       data     extern C:\MCC18\src\traditional\proc\p18F67J60.asm
                  LCDText   0x000e00       data     extern F:\LANSpeak\TCPIP Stack\LCDBlocking.c
            LastPutSocket   0x000e69       data     static F:\LANSpeak\TCPIP Stack\UDP.c
                   MAADR1   0x000e84       data     extern C:\MCC18\src\traditional\proc\p18F67J60.asm
                   MAADR2   0x000e85       data     extern C:\MCC18\src\traditional\proc\p18F67J60.asm
                   MAADR3   0x000e82       data     extern C:\MCC18\src\traditional\proc\p18F67J60.asm
                   MAADR4   0x000e83       data     extern C:\MCC18\src\traditional\proc\p18F67J60.asm
                   MAADR5   0x000e80       data     extern C:\MCC18\src\traditional\proc\p18F67J60.asm
                   MAADR6   0x000e81       data     extern C:\MCC18\src\traditional\proc\p18F67J60.asm
                  MABBIPG   0x000ea4       data     extern C:\MCC18\src\traditional\proc\p18F67J60.asm
                   MACON1   0x000ea0       data     extern C:\MCC18\src\traditional\proc\p18F67J60.asm
               MACON1bits   0x000ea0       data     extern C:\MCC18\src\traditional\proc\p18F67J60.asm
                   MACON3   0x000ea2       data     extern C:\MCC18\src\traditional\proc\p18F67J60.asm
               MACON3bits   0x000ea2       data     extern C:\MCC18\src\traditional\proc\p18F67J60.asm
                   MACON4   0x000ea3       data     extern C:\MCC18\src\traditional\proc\p18F67J60.asm
               MACON4bits   0x000ea3       data     extern C:\MCC18\src\traditional\proc\p18F67J60.asm
                    MAIPG   0x000ea6       data     extern C:\MCC18\src\traditional\proc\p18F67J60.asm
                   MAIPGH   0x000ea7       data     extern C:\MCC18\src\traditional\proc\p18F67J60.asm
                   MAIPGL   0x000ea6       data     extern C:\MCC18\src\traditional\proc\p18F67J60.asm
                   MAMXFL   0x000eaa       data     extern C:\MCC18\src\traditional\proc\p18F67J60.asm
                  MAMXFLH   0x000eab       data     extern C:\MCC18\src\traditional\proc\p18F67J60.asm
                  MAMXFLL   0x000eaa       data     extern C:\MCC18\src\traditional\proc\p18F67J60.asm
                       MD   0x000f52       data     extern F:\LANSpeak\SpeakMain.c  
                    MICMD   0x000eb2       data     extern C:\MCC18\src\traditional\proc\p18F67J60.asm
                MICMDbits   0x000eb2       data     extern C:\MCC18\src\traditional\proc\p18F67J60.asm
                     MIRD   0x000eb8       data     extern C:\MCC18\src\traditional\proc\p18F67J60.asm
                    MIRDH   0x000eb9       data     extern C:\MCC18\src\traditional\proc\p18F67J60.asm
                    MIRDL   0x000eb8       data     extern C:\MCC18\src\traditional\proc\p18F67J60.asm
                 MIREGADR   0x000eb4       data     extern C:\MCC18\src\traditional\proc\p18F67J60.asm
                   MISTAT   0x000e8a       data     extern C:\MCC18\src\traditional\proc\p18F67J60.asm
               MISTATbits   0x000e8a       data     extern C:\MCC18\src\traditional\proc\p18F67J60.asm
                     MIWR   0x000eb6       data     extern C:\MCC18\src\traditional\proc\p18F67J60.asm
                    MIWRH   0x000eb7       data     extern C:\MCC18\src\traditional\proc\p18F67J60.asm
                    MIWRL   0x000eb6       data     extern C:\MCC18\src\traditional\proc\p18F67J60.asm
                 MySocket   0x000c6a       data     static F:\LANSpeak\SpeakMain.c  
                 MySocket   0x0000ff       data     static F:\LANSpeak\TCPIP Stack\NBNS.c
       NextPacketLocation   0x0000f8       data     static F:\LANSpeak\TCPIP Stack\ETH97J60.c
                 NextPort   0x0000f6       data     static F:\LANSpeak\TCPIP Stack\UDP.c
                   OSCCON   0x000fd3       data     extern C:\MCC18\src\traditional\proc\p18F67J60.asm
               OSCCONbits   0x000fd3       data     extern C:\MCC18\src\traditional\proc\p18F67J60.asm
                  OSCTUNE   0x000f9b       data     extern C:\MCC18\src\traditional\proc\p18F67J60.asm
              OSCTUNEbits   0x000f9b       data     extern C:\MCC18\src\traditional\proc\p18F67J60.asm
                       PC   0x000ff9       data     extern C:\MCC18\src\traditional\proc\p18F67J60.asm
                      PCL   0x000ff9       data     extern C:\MCC18\src\traditional\proc\p18F67J60.asm
                   PCLATH   0x000ffa       data     extern C:\MCC18\src\traditional\proc\p18F67J60.asm
                   PCLATU   0x000ffb       data     extern C:\MCC18\src\traditional\proc\p18F67J60.asm
                     PIE1   0x000f9d       data     extern C:\MCC18\src\traditional\proc\p18F67J60.asm
                 PIE1bits   0x000f9d       data     extern C:\MCC18\src\traditional\proc\p18F67J60.asm
                     PIE2   0x000fa0       data     extern C:\MCC18\src\traditional\proc\p18F67J60.asm
                 PIE2bits   0x000fa0       data     extern C:\MCC18\src\traditional\proc\p18F67J60.asm
                     PIE3   0x000fa3       data     extern C:\MCC18\src\traditional\proc\p18F67J60.asm
                 PIE3bits   0x000fa3       data     extern C:\MCC18\src\traditional\proc\p18F67J60.asm
                     PIR1   0x000f9e       data     extern C:\MCC18\src\traditional\proc\p18F67J60.asm
                 PIR1bits   0x000f9e       data     extern C:\MCC18\src\traditional\proc\p18F67J60.asm
                     PIR2   0x000fa1       data     extern C:\MCC18\src\traditional\proc\p18F67J60.asm
                 PIR2bits   0x000fa1       data     extern C:\MCC18\src\traditional\proc\p18F67J60.asm
                     PIR3   0x000fa4       data     extern C:\MCC18\src\traditional\proc\p18F67J60.asm
                 PIR3bits   0x000fa4       data     extern C:\MCC18\src\traditional\proc\p18F67J60.asm
                   PLUSW0   0x000feb       data     extern C:\MCC18\src\traditional\proc\p18F67J60.asm
                   PLUSW1   0x000fe3       data     extern C:\MCC18\src\traditional\proc\p18F67J60.asm
                   PLUSW2   0x000fdb       data     extern C:\MCC18\src\traditional\proc\p18F67J60.asm
                    PORTA   0x000f80       data     extern C:\MCC18\src\traditional\proc\p18F67J60.asm
                PORTAbits   0x000f80       data     extern C:\MCC18\src\traditional\proc\p18F67J60.asm
                    PORTB   0x000f81       data     extern C:\MCC18\src\traditional\proc\p18F67J60.asm
                PORTBbits   0x000f81       data     extern C:\MCC18\src\traditional\proc\p18F67J60.asm
                    PORTC   0x000f82       data     extern C:\MCC18\src\traditional\proc\p18F67J60.asm
                PORTCbits   0x000f82       data     extern C:\MCC18\src\traditional\proc\p18F67J60.asm
                    PORTD   0x000f83       data     extern C:\MCC18\src\traditional\proc\p18F67J60.asm
                PORTDbits   0x000f83       data     extern C:\MCC18\src\traditional\proc\p18F67J60.asm
                    PORTE   0x000f84       data     extern C:\MCC18\src\traditional\proc\p18F67J60.asm
                PORTEbits   0x000f84       data     extern C:\MCC18\src\traditional\proc\p18F67J60.asm
                    PORTF   0x000f85       data     extern C:\MCC18\src\traditional\proc\p18F67J60.asm
                PORTFbits   0x000f85       data     extern C:\MCC18\src\traditional\proc\p18F67J60.asm
                    PORTG   0x000f86       data     extern C:\MCC18\src\traditional\proc\p18F67J60.asm
                PORTGbits   0x000f86       data     extern C:\MCC18\src\traditional\proc\p18F67J60.asm
                 POSTDEC0   0x000fed       data     extern C:\MCC18\src\traditional\proc\p18F67J60.asm
                 POSTDEC1   0x000fe5       data     extern C:\MCC18\src\traditional\proc\p18F67J60.asm
                 POSTDEC2   0x000fdd       data     extern C:\MCC18\src\traditional\proc\p18F67J60.asm
                 POSTINC0   0x000fee       data     extern C:\MCC18\src\traditional\proc\p18F67J60.asm
                 POSTINC1   0x000fe6       data     extern C:\MCC18\src\traditional\proc\p18F67J60.asm
                 POSTINC2   0x000fde       data     extern C:\MCC18\src\traditional\proc\p18F67J60.asm
                      PR2   0x000fcb       data     extern C:\MCC18\src\traditional\proc\p18F67J60.asm
                      PR4   0x000f77       data     extern C:\MCC18\src\traditional\proc\p18F67J60.asm
                  PREINC0   0x000fec       data     extern C:\MCC18\src\traditional\proc\p18F67J60.asm
                  PREINC1   0x000fe4       data     extern C:\MCC18\src\traditional\proc\p18F67J60.asm
                  PREINC2   0x000fdc       data     extern C:\MCC18\src\traditional\proc\p18F67J60.asm
                     PROD   0x000ff3       data     extern C:\MCC18\src\traditional\proc\p18F67J60.asm
                    PRODH   0x000ff4       data     extern C:\MCC18\src\traditional\proc\p18F67J60.asm
                    PRODL   0x000ff3       data     extern C:\MCC18\src\traditional\proc\p18F67J60.asm
                     RCON   0x000fd0       data     extern C:\MCC18\src\traditional\proc\p18F67J60.asm
                 RCONbits   0x000fd0       data     extern C:\MCC18\src\traditional\proc\p18F67J60.asm
                    RCREG   0x000fae       data     extern C:\MCC18\src\traditional\proc\p18F67J60.asm
                   RCREG1   0x000fae       data     extern C:\MCC18\src\traditional\proc\p18F67J60.asm
                    RCSTA   0x000fab       data     extern C:\MCC18\src\traditional\proc\p18F67J60.asm
                   RCSTA1   0x000fab       data     extern C:\MCC18\src\traditional\proc\p18F67J60.asm
               RCSTA1bits   0x000fab       data     extern C:\MCC18\src\traditional\proc\p18F67J60.asm
                RCSTAbits   0x000fab       data     extern C:\MCC18\src\traditional\proc\p18F67J60.asm
                     SIGN   0x000000       data     extern C:\MCC18\src\traditional\math\cmath18.asm
                    SPBRG   0x000faf       data     extern C:\MCC18\src\traditional\proc\p18F67J60.asm
                   SPBRG1   0x000faf       data     extern C:\MCC18\src\traditional\proc\p18F67J60.asm
                   SPBRGH   0x000f7f       data     extern C:\MCC18\src\traditional\proc\p18F67J60.asm
                  SPBRGH1   0x000f7f       data     extern C:\MCC18\src\traditional\proc\p18F67J60.asm
                  SSP1ADD   0x000fc8       data     extern C:\MCC18\src\traditional\proc\p18F67J60.asm
                  SSP1BUF   0x000fc9       data     extern C:\MCC18\src\traditional\proc\p18F67J60.asm
                 SSP1CON1   0x000fc6       data     extern C:\MCC18\src\traditional\proc\p18F67J60.asm
             SSP1CON1bits   0x000fc6       data     extern C:\MCC18\src\traditional\proc\p18F67J60.asm
                 SSP1CON2   0x000fc5       data     extern C:\MCC18\src\traditional\proc\p18F67J60.asm
             SSP1CON2bits   0x000fc5       data     extern C:\MCC18\src\traditional\proc\p18F67J60.asm
                 SSP1STAT   0x000fc7       data     extern C:\MCC18\src\traditional\proc\p18F67J60.asm
             SSP1STATbits   0x000fc7       data     extern C:\MCC18\src\traditional\proc\p18F67J60.asm
                   SSPADD   0x000fc8       data     extern C:\MCC18\src\traditional\proc\p18F67J60.asm
                   SSPBUF   0x000fc9       data     extern C:\MCC18\src\traditional\proc\p18F67J60.asm
                  SSPCON1   0x000fc6       data     extern C:\MCC18\src\traditional\proc\p18F67J60.asm
              SSPCON1bits   0x000fc6       data     extern C:\MCC18\src\traditional\proc\p18F67J60.asm
                  SSPCON2   0x000fc5       data     extern C:\MCC18\src\traditional\proc\p18F67J60.asm
              SSPCON2bits   0x000fc5       data     extern C:\MCC18\src\traditional\proc\p18F67J60.asm
                  SSPSTAT   0x000fc7       data     extern C:\MCC18\src\traditional\proc\p18F67J60.asm
              SSPSTATbits   0x000fc7       data     extern C:\MCC18\src\traditional\proc\p18F67J60.asm
                   STATUS   0x000fd8       data     extern C:\MCC18\src\traditional\proc\p18F67J60.asm
               STATUSbits   0x000fd8       data     extern C:\MCC18\src\traditional\proc\p18F67J60.asm
                   STKPTR   0x000ffc       data     extern C:\MCC18\src\traditional\proc\p18F67J60.asm
               STKPTRbits   0x000ffc       data     extern C:\MCC18\src\traditional\proc\p18F67J60.asm
                  SW_Flag   0x000f34       data     static F:\LANSpeak\SpeakMain.c  
                     Seed   0x000e67       data     static C:\MCC18\src\traditional\stdclib\rand.asm
                  SinData   0x000f3a       data     extern F:\LANSpeak\SpeakMain.c  
         SocketWithRxData   0x000e6a       data     static F:\LANSpeak\TCPIP Stack\UDP.c
                    T0CON   0x000fd5       data     extern C:\MCC18\src\traditional\proc\p18F67J60.asm
                T0CONbits   0x000fd5       data     extern C:\MCC18\src\traditional\proc\p18F67J60.asm
                    T1CON   0x000fcd       data     extern C:\MCC18\src\traditional\proc\p18F67J60.asm
                T1CONbits   0x000fcd       data     extern C:\MCC18\src\traditional\proc\p18F67J60.asm
                    T2CON   0x000fca       data     extern C:\MCC18\src\traditional\proc\p18F67J60.asm
                T2CONbits   0x000fca       data     extern C:\MCC18\src\traditional\proc\p18F67J60.asm
                    T3CON   0x000fb1       data     extern C:\MCC18\src\traditional\proc\p18F67J60.asm
                T3CONbits   0x000fb1       data     extern C:\MCC18\src\traditional\proc\p18F67J60.asm
                    T4CON   0x000f76       data     extern C:\MCC18\src\traditional\proc\p18F67J60.asm
                T4CONbits   0x000f76       data     extern C:\MCC18\src\traditional\proc\p18F67J60.asm
                   TABLAT   0x000ff5       data     extern C:\MCC18\src\traditional\proc\p18F67J60.asm
                   TBLPTR   0x000ff6       data     extern C:\MCC18\src\traditional\proc\p18F67J60.asm
                  TBLPTRH   0x000ff7       data     extern C:\MCC18\src\traditional\proc\p18F67J60.asm
                  TBLPTRL   0x000ff6       data     extern C:\MCC18\src\traditional\proc\p18F67J60.asm
                  TBLPTRU   0x000ff8       data     extern C:\MCC18\src\traditional\proc\p18F67J60.asm
                    TMR0H   0x000fd7       data     extern C:\MCC18\src\traditional\proc\p18F67J60.asm
                    TMR0L   0x000fd6       data     extern C:\MCC18\src\traditional\proc\p18F67J60.asm
                    TMR1H   0x000fcf       data     extern C:\MCC18\src\traditional\proc\p18F67J60.asm
                    TMR1L   0x000fce       data     extern C:\MCC18\src\traditional\proc\p18F67J60.asm
                     TMR2   0x000fcc       data     extern C:\MCC18\src\traditional\proc\p18F67J60.asm
                    TMR3H   0x000fb3       data     extern C:\MCC18\src\traditional\proc\p18F67J60.asm
                    TMR3L   0x000fb2       data     extern C:\MCC18\src\traditional\proc\p18F67J60.asm
                     TMR4   0x000f78       data     extern C:\MCC18\src\traditional\proc\p18F67J60.asm
                      TOS   0x000ffd       data     extern C:\MCC18\src\traditional\proc\p18F67J60.asm
                     TOSH   0x000ffe       data     extern C:\MCC18\src\traditional\proc\p18F67J60.asm
                     TOSL   0x000ffd       data     extern C:\MCC18\src\traditional\proc\p18F67J60.asm
                     TOSU   0x000fff       data     extern C:\MCC18\src\traditional\proc\p18F67J60.asm
                    TRISA   0x000f92       data     extern C:\MCC18\src\traditional\proc\p18F67J60.asm
                TRISAbits   0x000f92       data     extern C:\MCC18\src\traditional\proc\p18F67J60.asm
                    TRISB   0x000f93       data     extern C:\MCC18\src\traditional\proc\p18F67J60.asm
                TRISBbits   0x000f93       data     extern C:\MCC18\src\traditional\proc\p18F67J60.asm
                    TRISC   0x000f94       data     extern C:\MCC18\src\traditional\proc\p18F67J60.asm
                TRISCbits   0x000f94       data     extern C:\MCC18\src\traditional\proc\p18F67J60.asm
                    TRISD   0x000f95       data     extern C:\MCC18\src\traditional\proc\p18F67J60.asm
                TRISDbits   0x000f95       data     extern C:\MCC18\src\traditional\proc\p18F67J60.asm
                    TRISE   0x000f96       data     extern C:\MCC18\src\traditional\proc\p18F67J60.asm
                TRISEbits   0x000f96       data     extern C:\MCC18\src\traditional\proc\p18F67J60.asm
                    TRISF   0x000f97       data     extern C:\MCC18\src\traditional\proc\p18F67J60.asm
                TRISFbits   0x000f97       data     extern C:\MCC18\src\traditional\proc\p18F67J60.asm
                    TRISG   0x000f98       data     extern C:\MCC18\src\traditional\proc\p18F67J60.asm
                TRISGbits   0x000f98       data     extern C:\MCC18\src\traditional\proc\p18F67J60.asm
                    TXREG   0x000fad       data     extern C:\MCC18\src\traditional\proc\p18F67J60.asm
                   TXREG1   0x000fad       data     extern C:\MCC18\src\traditional\proc\p18F67J60.asm
                    TXSTA   0x000fac       data     extern C:\MCC18\src\traditional\proc\p18F67J60.asm
                   TXSTA1   0x000fac       data     extern C:\MCC18\src\traditional\proc\p18F67J60.asm
               TXSTA1bits   0x000fac       data     extern C:\MCC18\src\traditional\proc\p18F67J60.asm
                TXSTAbits   0x000fac       data     extern C:\MCC18\src\traditional\proc\p18F67J60.asm
                   Target   0x000e4f       data     static F:\LANSpeak\TCPIP Stack\ARP.c
               TempBuffer   0x000940       data     static F:\LANSpeak\SpeakMain.c  
               UDPRxCount   0x0000ef       data     extern F:\LANSpeak\TCPIP Stack\UDP.c
            UDPSocketInfo   0x000060       data     extern F:\LANSpeak\TCPIP Stack\UDP.c
               UDPTxCount   0x0000ed       data     extern F:\LANSpeak\TCPIP Stack\UDP.c
              ValidValues   0x000e35       data     static F:\LANSpeak\TCPIP Stack\DHCP.c
                   WDTCON   0x000fd1       data     extern C:\MCC18\src\traditional\proc\p18F67J60.asm
               WDTCONbits   0x000fd1       data     extern C:\MCC18\src\traditional\proc\p18F67J60.asm
                     WREG   0x000fe8       data     extern C:\MCC18\src\traditional\proc\p18F67J60.asm
             WasDiscarded   0x0000fc       data     static F:\LANSpeak\TCPIP Stack\ETH97J60.c
              _Identifier   0x000e6b       data     static F:\LANSpeak\TCPIP Stack\IP.c
                 __AARGB0   0x000009       data     extern C:\MCC18\src\traditional\math\aarg.asm
                 __AARGB1   0x000008       data     extern C:\MCC18\src\traditional\math\aarg.asm
                 __AARGB2   0x000007       data     extern C:\MCC18\src\traditional\math\aarg.asm
                 __AARGB3   0x000006       data     extern C:\MCC18\src\traditional\math\aarg.asm
                 __AARGB4   0x000005       data     extern C:\MCC18\src\traditional\math\aarg.asm
                 __AARGB5   0x000004       data     extern C:\MCC18\src\traditional\math\aarg.asm
                 __AARGB6   0x000003       data     extern C:\MCC18\src\traditional\math\aarg.asm
                 __AARGB7   0x000002       data     extern C:\MCC18\src\traditional\math\aarg.asm
                   __AEXP   0x00000a       data     extern C:\MCC18\src\traditional\math\aarg.asm
                 __BARGB0   0x00000e       data     extern C:\MCC18\src\traditional\math\barg.asm
                 __BARGB1   0x00000d       data     extern C:\MCC18\src\traditional\math\barg.asm
                 __BARGB2   0x00000c       data     extern C:\MCC18\src\traditional\math\barg.asm
                 __BARGB3   0x00000b       data     extern C:\MCC18\src\traditional\math\barg.asm
                   __BEXP   0x00000f       data     extern C:\MCC18\src\traditional\math\barg.asm
                __FPFLAGS   0x000001       data     extern C:\MCC18\src\traditional\math\cmath18.asm
            __FPFLAGSbits   0x000001       data     extern C:\MCC18\src\traditional\math\cmath18.asm
                  __REMB0   0x000005       data     extern C:\MCC18\src\traditional\math\aarg.asm
                  __REMB1   0x000004       data     extern C:\MCC18\src\traditional\math\aarg.asm
                  __REMB2   0x000003       data     extern C:\MCC18\src\traditional\math\aarg.asm
                  __REMB3   0x000002       data     extern C:\MCC18\src\traditional\math\aarg.asm
                   __TEMP   0x000013       data     extern C:\MCC18\src\traditional\math\temparg.asm
                 __TEMPB0   0x000013       data     extern C:\MCC18\src\traditional\math\temparg.asm
                 __TEMPB1   0x000012       data     extern C:\MCC18\src\traditional\math\temparg.asm
                 __TEMPB2   0x000011       data     extern C:\MCC18\src\traditional\math\temparg.asm
                 __TEMPB3   0x000010       data     extern C:\MCC18\src\traditional\math\temparg.asm
                  __tmp_0   0x000014       data     static F:\LANSpeak\TCPIP Stack\Helpers.c
                  __tmp_0   0x000014       data     static F:\LANSpeak\TCPIP Stack\ICMP.c
                  __tmp_0   0x000014       data     static F:\LANSpeak\TCPIP Stack\ETH97J60.c
                  __tmp_0   0x000014       data     static F:\LANSpeak\SpeakMain.c  
                  __tmp_0   0x000014       data     static F:\LANSpeak\TCPIP Stack\StackTsk.c
                  __tmp_0   0x000014       data     static F:\LANSpeak\TCPIP Stack\NBNS.c
                  __tmp_0   0x000014       data     static F:\LANSpeak\TCPIP Stack\UDP.c
                  __tmp_0   0x000014       data     static F:\LANSpeak\TCPIP Stack\ARP.c
                  __tmp_0   0x000014       data     static F:\LANSpeak\TCPIP Stack\LCDBlocking.c
                  __tmp_0   0x000014       data     static F:\LANSpeak\TCPIP Stack\DHCP.c
                  __tmp_0   0x000014       data     static F:\LANSpeak\TCPIP Stack\IP.c
          activeUDPSocket   0x0000ec       data     extern F:\LANSpeak\TCPIP Stack\UDP.c
                curr_byte   0x000e48       data     static C:\MCC18\src\traditional\startup\c018i.c
               curr_entry   0x000e4a       data     static C:\MCC18\src\traditional\startup\c018i.c
                 data_ptr   0x000e4c       data     static C:\MCC18\src\traditional\startup\c018i.c
          dwInternalTicks   0x000e5f       data     static F:\LANSpeak\TCPIP Stack\Tick.c
                eventTime   0x000e36       data     static F:\LANSpeak\TCPIP Stack\DHCP.c
          myDHCPBindCount   0x000f39       data     extern F:\LANSpeak\SpeakMain.c  
                     prom   0x000e45       data     static C:\MCC18\src\traditional\startup\c018i.c
               remoteNode   0x000e3b       data     extern F:\LANSpeak\TCPIP Stack\StackTsk.c
                    smARP   0x000e6f       data     static F:\LANSpeak\TCPIP Stack\ARP.c
              smDHCPState   0x000e63       data     extern F:\LANSpeak\TCPIP Stack\DHCP.c
                   smNBNS   0x000e6e       data     static F:\LANSpeak\TCPIP Stack\NBNS.c
                  smStack   0x000e3a       data     static F:\LANSpeak\TCPIP Stack\StackTsk.c
                        t   0x000f4e       data     static F:\LANSpeak\SpeakMain.c  
              tempGateway   0x000e2d       data     static F:\LANSpeak\TCPIP Stack\DHCP.c
            tempIPAddress   0x000e29       data     static F:\LANSpeak\TCPIP Stack\DHCP.c
                 tempMask   0x000e31       data     static F:\LANSpeak\TCPIP Stack\DHCP.c
                 toRotate   0x000f5c       data     extern F:\LANSpeak\TCPIP Stack\Helpers.c
             vTickReading   0x000e59       data     static F:\LANSpeak\TCPIP Stack\Tick.c
               wGetOffset   0x0000f3       data     static F:\LANSpeak\TCPIP Stack\UDP.c
               wPutOffset   0x0000f1       data     static F:\LANSpeak\TCPIP Stack\UDP.c
              wTXWatchdog   0x0000fd       data     static F:\LANSpeak\TCPIP Stack\ETH97J60.c



                              Symbols - Sorted by Address
                     Name    Address   Location    Storage File                     
                ---------  ---------  ---------  --------- ---------                
                   _entry   0x000000    program     extern C:\MCC18\src\traditional\startup\c018i.c
       ___return_lbl00000   0x000004    program     static                          
               HighVector   0x000008    program     extern F:\LANSpeak\SpeakMain.c  
       ___return_lbl00003   0x00000c    program     static                          
                LowVector   0x000018    program     extern F:\LANSpeak\SpeakMain.c  
       ___return_lbl00001   0x00001c    program     static                          
                  UDPInit   0x00008c    program     extern F:\LANSpeak\TCPIP Stack\UDP.c
                  UDPTask   0x0000b8    program     extern F:\LANSpeak\TCPIP Stack\UDP.c
                  UDPOpen   0x0000be    program     extern F:\LANSpeak\TCPIP Stack\UDP.c
                 UDPClose   0x000264    program     extern F:\LANSpeak\TCPIP Stack\UDP.c
           UDPSetTxBuffer   0x0002be    program     extern F:\LANSpeak\TCPIP Stack\UDP.c
           UDPSetRxBuffer   0x00032c    program     extern F:\LANSpeak\TCPIP Stack\UDP.c
            UDPIsPutReady   0x000370    program     extern F:\LANSpeak\TCPIP Stack\UDP.c
                   UDPPut   0x0003f0    program     extern F:\LANSpeak\TCPIP Stack\UDP.c
              UDPPutArray   0x00044c    program     extern F:\LANSpeak\TCPIP Stack\UDP.c
           UDPPutROMArray   0x000538    program     extern F:\LANSpeak\TCPIP Stack\UDP.c
             UDPPutString   0x00062a    program     extern F:\LANSpeak\TCPIP Stack\UDP.c
          UDPPutROMString   0x0006aa    program     extern F:\LANSpeak\TCPIP Stack\UDP.c
                 UDPFlush   0x000738    program     extern F:\LANSpeak\TCPIP Stack\UDP.c
            UDPIsGetReady   0x0009bc    program     extern F:\LANSpeak\TCPIP Stack\UDP.c
                   UDPGet   0x0009fe    program     extern F:\LANSpeak\TCPIP Stack\UDP.c
              UDPGetArray   0x000a4a    program     extern F:\LANSpeak\TCPIP Stack\UDP.c
               UDPDiscard   0x000b28    program     extern F:\LANSpeak\TCPIP Stack\UDP.c
               UDPProcess   0x000b3c    program     extern F:\LANSpeak\TCPIP Stack\UDP.c
       FindMatchingSocket   0x000d70    program     static F:\LANSpeak\TCPIP Stack\UDP.c
[...]
                     LATG   0x000f8f       data     extern C:\MCC18\src\traditional\proc\p18F67J60.asm
                 DDRAbits   0x000f92       data     extern C:\MCC18\src\traditional\proc\p18F67J60.asm
                     DDRA   0x000f92       data     extern C:\MCC18\src\traditional\proc\p18F67J60.asm
                    TRISA   0x000f92       data     extern C:\MCC18\src\traditional\proc\p18F67J60.asm
                TRISAbits   0x000f92       data     extern C:\MCC18\src\traditional\proc\p18F67J60.asm
                 DDRBbits   0x000f93       data     extern C:\MCC18\src\traditional\proc\p18F67J60.asm
                     DDRB   0x000f93       data     extern C:\MCC18\src\traditional\proc\p18F67J60.asm
                    TRISB   0x000f93       data     extern C:\MCC18\src\traditional\proc\p18F67J60.asm
                TRISBbits   0x000f93       data     extern C:\MCC18\src\traditional\proc\p18F67J60.asm
                 DDRCbits   0x000f94       data     extern C:\MCC18\src\traditional\proc\p18F67J60.asm
                     DDRC   0x000f94       data     extern C:\MCC18\src\traditional\proc\p18F67J60.asm
                    TRISC   0x000f94       data     extern C:\MCC18\src\traditional\proc\p18F67J60.asm
                TRISCbits   0x000f94       data     extern C:\MCC18\src\traditional\proc\p18F67J60.asm
                     DDRD   0x000f95       data     extern C:\MCC18\src\traditional\proc\p18F67J60.asm
                 DDRDbits   0x000f95       data     extern C:\MCC18\src\traditional\proc\p18F67J60.asm
                TRISDbits   0x000f95       data     extern C:\MCC18\src\traditional\proc\p18F67J60.asm
                    TRISD   0x000f95       data     extern C:\MCC18\src\traditional\proc\p18F67J60.asm
                     DDRE   0x000f96       data     extern C:\MCC18\src\traditional\proc\p18F67J60.asm
                 DDREbits   0x000f96       data     extern C:\MCC18\src\traditional\proc\p18F67J60.asm
                TRISEbits   0x000f96       data     extern C:\MCC18\src\traditional\proc\p18F67J60.asm
                    TRISE   0x000f96       data     extern C:\MCC18\src\traditional\proc\p18F67J60.asm
                TRISFbits   0x000f97       data     extern C:\MCC18\src\traditional\proc\p18F67J60.asm
                    TRISF   0x000f97       data     extern C:\MCC18\src\traditional\proc\p18F67J60.asm
                 DDRFbits   0x000f97       data     extern C:\MCC18\src\traditional\proc\p18F67J60.asm
                     DDRF   0x000f97       data     extern C:\MCC18\src\traditional\proc\p18F67J60.asm
                     DDRG   0x000f98       data     extern C:\MCC18\src\traditional\proc\p18F67J60.asm
                 DDRGbits   0x000f98       data     extern C:\MCC18\src\traditional\proc\p18F67J60.asm
                    TRISG   0x000f98       data     extern C:\MCC18\src\traditional\proc\p18F67J60.asm
                TRISGbits   0x000f98       data     extern C:\MCC18\src\traditional\proc\p18F67J60.asm
                  OSCTUNE   0x000f9b       data     extern C:\MCC18\src\traditional\proc\p18F67J60.asm
              OSCTUNEbits   0x000f9b       data     extern C:\MCC18\src\traditional\proc\p18F67J60.asm
                 PIE1bits   0x000f9d       data     extern C:\MCC18\src\traditional\proc\p18F67J60.asm
                     PIE1   0x000f9d       data     extern C:\MCC18\src\traditional\proc\p18F67J60.asm
                     PIR1   0x000f9e       data     extern C:\MCC18\src\traditional\proc\p18F67J60.asm
                 PIR1bits   0x000f9e       data     extern C:\MCC18\src\traditional\proc\p18F67J60.asm
                 IPR1bits   0x000f9f       data     extern C:\MCC18\src\traditional\proc\p18F67J60.asm
                     IPR1   0x000f9f       data     extern C:\MCC18\src\traditional\proc\p18F67J60.asm
                     PIE2   0x000fa0       data     extern C:\MCC18\src\traditional\proc\p18F67J60.asm
                 PIE2bits   0x000fa0       data     extern C:\MCC18\src\traditional\proc\p18F67J60.asm
                     PIR2   0x000fa1       data     extern C:\MCC18\src\traditional\proc\p18F67J60.asm
                 PIR2bits   0x000fa1       data     extern C:\MCC18\src\traditional\proc\p18F67J60.asm
                 IPR2bits   0x000fa2       data     extern C:\MCC18\src\traditional\proc\p18F67J60.asm
                     IPR2   0x000fa2       data     extern C:\MCC18\src\traditional\proc\p18F67J60.asm
                     PIE3   0x000fa3       data     extern C:\MCC18\src\traditional\proc\p18F67J60.asm
                 PIE3bits   0x000fa3       data     extern C:\MCC18\src\traditional\proc\p18F67J60.asm
                     PIR3   0x000fa4       data     extern C:\MCC18\src\traditional\proc\p18F67J60.asm
                 PIR3bits   0x000fa4       data     extern C:\MCC18\src\traditional\proc\p18F67J60.asm
                     IPR3   0x000fa5       data     extern C:\MCC18\src\traditional\proc\p18F67J60.asm
                 IPR3bits   0x000fa5       data     extern C:\MCC18\src\traditional\proc\p18F67J60.asm
               EECON1bits   0x000fa6       data     extern C:\MCC18\src\traditional\proc\p18F67J60.asm
                   EECON1   0x000fa6       data     extern C:\MCC18\src\traditional\proc\p18F67J60.asm
                   EECON2   0x000fa7       data     extern C:\MCC18\src\traditional\proc\p18F67J60.asm
                RCSTAbits   0x000fab       data     extern C:\MCC18\src\traditional\proc\p18F67J60.asm
               RCSTA1bits   0x000fab       data     extern C:\MCC18\src\traditional\proc\p18F67J60.asm
                    RCSTA   0x000fab       data     extern C:\MCC18\src\traditional\proc\p18F67J60.asm
                   RCSTA1   0x000fab       data     extern C:\MCC18\src\traditional\proc\p18F67J60.asm
                TXSTAbits   0x000fac       data     extern C:\MCC18\src\traditional\proc\p18F67J60.asm
               TXSTA1bits   0x000fac       data     extern C:\MCC18\src\traditional\proc\p18F67J60.asm
                   TXSTA1   0x000fac       data     extern C:\MCC18\src\traditional\proc\p18F67J60.asm
                    TXSTA   0x000fac       data     extern C:\MCC18\src\traditional\proc\p18F67J60.asm
                    TXREG   0x000fad       data     extern C:\MCC18\src\traditional\proc\p18F67J60.asm
                   TXREG1   0x000fad       data     extern C:\MCC18\src\traditional\proc\p18F67J60.asm
                   RCREG1   0x000fae       data     extern C:\MCC18\src\traditional\proc\p18F67J60.asm
                    RCREG   0x000fae       data     extern C:\MCC18\src\traditional\proc\p18F67J60.asm
                   SPBRG1   0x000faf       data     extern C:\MCC18\src\traditional\proc\p18F67J60.asm
                    SPBRG   0x000faf       data     extern C:\MCC18\src\traditional\proc\p18F67J60.asm
                T3CONbits   0x000fb1       data     extern C:\MCC18\src\traditional\proc\p18F67J60.asm
                    T3CON   0x000fb1       data     extern C:\MCC18\src\traditional\proc\p18F67J60.asm
                    TMR3L   0x000fb2       data     extern C:\MCC18\src\traditional\proc\p18F67J60.asm
                    TMR3H   0x000fb3       data     extern C:\MCC18\src\traditional\proc\p18F67J60.asm
                    CMCON   0x000fb4       data     extern C:\MCC18\src\traditional\proc\p18F67J60.asm
                CMCONbits   0x000fb4       data     extern C:\MCC18\src\traditional\proc\p18F67J60.asm
                   CVRCON   0x000fb5       data     extern C:\MCC18\src\traditional\proc\p18F67J60.asm
               CVRCONbits   0x000fb5       data     extern C:\MCC18\src\traditional\proc\p18F67J60.asm
              ECCP1ASbits   0x000fb6       data     extern C:\MCC18\src\traditional\proc\p18F67J60.asm
                  ECCP1AS   0x000fb6       data     extern C:\MCC18\src\traditional\proc\p18F67J60.asm
              CCP3CONbits   0x000fb7       data     extern C:\MCC18\src\traditional\proc\p18F67J60.asm
                  CCP3CON   0x000fb7       data     extern C:\MCC18\src\traditional\proc\p18F67J60.asm
             ECCP3CONbits   0x000fb7       data     extern C:\MCC18\src\traditional\proc\p18F67J60.asm
                 ECCP3CON   0x000fb7       data     extern C:\MCC18\src\traditional\proc\p18F67J60.asm
                    CCPR3   0x000fb8       data     extern C:\MCC18\src\traditional\proc\p18F67J60.asm
                   CCPR3L   0x000fb8       data     extern C:\MCC18\src\traditional\proc\p18F67J60.asm
                   CCPR3H   0x000fb9       data     extern C:\MCC18\src\traditional\proc\p18F67J60.asm
              CCP2CONbits   0x000fba       data     extern C:\MCC18\src\traditional\proc\p18F67J60.asm
                  CCP2CON   0x000fba       data     extern C:\MCC18\src\traditional\proc\p18F67J60.asm
                 ECCP2CON   0x000fba       data     extern C:\MCC18\src\traditional\proc\p18F67J60.asm
             ECCP2CONbits   0x000fba       data     extern C:\MCC18\src\traditional\proc\p18F67J60.asm
                   CCPR2L   0x000fbb       data     extern C:\MCC18\src\traditional\proc\p18F67J60.asm
                    CCPR2   0x000fbb       data     extern C:\MCC18\src\traditional\proc\p18F67J60.asm
                   CCPR2H   0x000fbc       data     extern C:\MCC18\src\traditional\proc\p18F67J60.asm
                  CCP1CON   0x000fbd       data     extern C:\MCC18\src\traditional\proc\p18F67J60.asm
              CCP1CONbits   0x000fbd       data     extern C:\MCC18\src\traditional\proc\p18F67J60.asm
             ECCP1CONbits   0x000fbd       data     extern C:\MCC18\src\traditional\proc\p18F67J60.asm
                 ECCP1CON   0x000fbd       data     extern C:\MCC18\src\traditional\proc\p18F67J60.asm
                   CCPR1L   0x000fbe       data     extern C:\MCC18\src\traditional\proc\p18F67J60.asm
                    CCPR1   0x000fbe       data     extern C:\MCC18\src\traditional\proc\p18F67J60.asm
                   CCPR1H   0x000fbf       data     extern C:\MCC18\src\traditional\proc\p18F67J60.asm
                   ADCON2   0x000fc0       data     extern C:\MCC18\src\traditional\proc\p18F67J60.asm
               ADCON2bits   0x000fc0       data     extern C:\MCC18\src\traditional\proc\p18F67J60.asm
                   ADCON1   0x000fc1       data     extern C:\MCC18\src\traditional\proc\p18F67J60.asm
               ADCON1bits   0x000fc1       data     extern C:\MCC18\src\traditional\proc\p18F67J60.asm
               ADCON0bits   0x000fc2       data     extern C:\MCC18\src\traditional\proc\p18F67J60.asm
                   ADCON0   0x000fc2       data     extern C:\MCC18\src\traditional\proc\p18F67J60.asm
                   ADRESL   0x000fc3       data     extern C:\MCC18\src\traditional\proc\p18F67J60.asm
                    ADRES   0x000fc3       data     extern C:\MCC18\src\traditional\proc\p18F67J60.asm
                   ADRESH   0x000fc4       data     extern C:\MCC18\src\traditional\proc\p18F67J60.asm
                 SSP1CON2   0x000fc5       data     extern C:\MCC18\src\traditional\proc\p18F67J60.asm
             SSP1CON2bits   0x000fc5       data     extern C:\MCC18\src\traditional\proc\p18F67J60.asm
                  SSPCON2   0x000fc5       data     extern C:\MCC18\src\traditional\proc\p18F67J60.asm
              SSPCON2bits   0x000fc5       data     extern C:\MCC18\src\traditional\proc\p18F67J60.asm
                 SSP1CON1   0x000fc6       data     extern C:\MCC18\src\traditional\proc\p18F67J60.asm
              SSPCON1bits   0x000fc6       data     extern C:\MCC18\src\traditional\proc\p18F67J60.asm
                  SSPCON1   0x000fc6       data     extern C:\MCC18\src\traditional\proc\p18F67J60.asm
             SSP1CON1bits   0x000fc6       data     extern C:\MCC18\src\traditional\proc\p18F67J60.asm
                  SSPSTAT   0x000fc7       data     extern C:\MCC18\src\traditional\proc\p18F67J60.asm
              SSPSTATbits   0x000fc7       data     extern C:\MCC18\src\traditional\proc\p18F67J60.asm
             SSP1STATbits   0x000fc7       data     extern C:\MCC18\src\traditional\proc\p18F67J60.asm
                 SSP1STAT   0x000fc7       data     extern C:\MCC18\src\traditional\proc\p18F67J60.asm
                   SSPADD   0x000fc8       data     extern C:\MCC18\src\traditional\proc\p18F67J60.asm
                  SSP1ADD   0x000fc8       data     extern C:\MCC18\src\traditional\proc\p18F67J60.asm
                   SSPBUF   0x000fc9       data     extern C:\MCC18\src\traditional\proc\p18F67J60.asm
                  SSP1BUF   0x000fc9       data     extern C:\MCC18\src\traditional\proc\p18F67J60.asm
                T2CONbits   0x000fca       data     extern C:\MCC18\src\traditional\proc\p18F67J60.asm
                    T2CON   0x000fca       data     extern C:\MCC18\src\traditional\proc\p18F67J60.asm
                      PR2   0x000fcb       data     extern C:\MCC18\src\traditional\proc\p18F67J60.asm
                     TMR2   0x000fcc       data     extern C:\MCC18\src\traditional\proc\p18F67J60.asm
                T1CONbits   0x000fcd       data     extern C:\MCC18\src\traditional\proc\p18F67J60.asm
                    T1CON   0x000fcd       data     extern C:\MCC18\src\traditional\proc\p18F67J60.asm
                    TMR1L   0x000fce       data     extern C:\MCC18\src\traditional\proc\p18F67J60.asm
                    TMR1H   0x000fcf       data     extern C:\MCC18\src\traditional\proc\p18F67J60.asm
                 RCONbits   0x000fd0       data     extern C:\MCC18\src\traditional\proc\p18F67J60.asm
                     RCON   0x000fd0       data     extern C:\MCC18\src\traditional\proc\p18F67J60.asm
               WDTCONbits   0x000fd1       data     extern C:\MCC18\src\traditional\proc\p18F67J60.asm
                   WDTCON   0x000fd1       data     extern C:\MCC18\src\traditional\proc\p18F67J60.asm
                    ECON1   0x000fd2       data     extern C:\MCC18\src\traditional\proc\p18F67J60.asm
                ECON1bits   0x000fd2       data     extern C:\MCC18\src\traditional\proc\p18F67J60.asm
                   OSCCON   0x000fd3       data     extern C:\MCC18\src\traditional\proc\p18F67J60.asm
               OSCCONbits   0x000fd3       data     extern C:\MCC18\src\traditional\proc\p18F67J60.asm
                T0CONbits   0x000fd5       data     extern C:\MCC18\src\traditional\proc\p18F67J60.asm
                    T0CON   0x000fd5       data     extern C:\MCC18\src\traditional\proc\p18F67J60.asm
                    TMR0L   0x000fd6       data     extern C:\MCC18\src\traditional\proc\p18F67J60.asm
                    TMR0H   0x000fd7       data     extern C:\MCC18\src\traditional\proc\p18F67J60.asm
                   STATUS   0x000fd8       data     extern C:\MCC18\src\traditional\proc\p18F67J60.asm
               STATUSbits   0x000fd8       data     extern C:\MCC18\src\traditional\proc\p18F67J60.asm
                     FSR2   0x000fd9       data     extern C:\MCC18\src\traditional\proc\p18F67J60.asm
                    FSR2L   0x000fd9       data     extern C:\MCC18\src\traditional\proc\p18F67J60.asm
                    FSR2H   0x000fda       data     extern C:\MCC18\src\traditional\proc\p18F67J60.asm
                   PLUSW2   0x000fdb       data     extern C:\MCC18\src\traditional\proc\p18F67J60.asm
                  PREINC2   0x000fdc       data     extern C:\MCC18\src\traditional\proc\p18F67J60.asm
                 POSTDEC2   0x000fdd       data     extern C:\MCC18\src\traditional\proc\p18F67J60.asm
                 POSTINC2   0x000fde       data     extern C:\MCC18\src\traditional\proc\p18F67J60.asm
                    INDF2   0x000fdf       data     extern C:\MCC18\src\traditional\proc\p18F67J60.asm
                      BSR   0x000fe0       data     extern C:\MCC18\src\traditional\proc\p18F67J60.asm
                     FSR1   0x000fe1       data     extern C:\MCC18\src\traditional\proc\p18F67J60.asm
                    FSR1L   0x000fe1       data     extern C:\MCC18\src\traditional\proc\p18F67J60.asm
                    FSR1H   0x000fe2       data     extern C:\MCC18\src\traditional\proc\p18F67J60.asm
                   PLUSW1   0x000fe3       data     extern C:\MCC18\src\traditional\proc\p18F67J60.asm
                  PREINC1   0x000fe4       data     extern C:\MCC18\src\traditional\proc\p18F67J60.asm
                 POSTDEC1   0x000fe5       data     extern C:\MCC18\src\traditional\proc\p18F67J60.asm
                 POSTINC1   0x000fe6       data     extern C:\MCC18\src\traditional\proc\p18F67J60.asm
                    INDF1   0x000fe7       data     extern C:\MCC18\src\traditional\proc\p18F67J60.asm
                     WREG   0x000fe8       data     extern C:\MCC18\src\traditional\proc\p18F67J60.asm
                     FSR0   0x000fe9       data     extern C:\MCC18\src\traditional\proc\p18F67J60.asm
                    FSR0L   0x000fe9       data     extern C:\MCC18\src\traditional\proc\p18F67J60.asm
                    FSR0H   0x000fea       data     extern C:\MCC18\src\traditional\proc\p18F67J60.asm
                   PLUSW0   0x000feb       data     extern C:\MCC18\src\traditional\proc\p18F67J60.asm
                  PREINC0   0x000fec       data     extern C:\MCC18\src\traditional\proc\p18F67J60.asm
                 POSTDEC0   0x000fed       data     extern C:\MCC18\src\traditional\proc\p18F67J60.asm
                 POSTINC0   0x000fee       data     extern C:\MCC18\src\traditional\proc\p18F67J60.asm
                    INDF0   0x000fef       data     extern C:\MCC18\src\traditional\proc\p18F67J60.asm
              INTCON3bits   0x000ff0       data     extern C:\MCC18\src\traditional\proc\p18F67J60.asm
                  INTCON3   0x000ff0       data     extern C:\MCC18\src\traditional\proc\p18F67J60.asm
                  INTCON2   0x000ff1       data     extern C:\MCC18\src\traditional\proc\p18F67J60.asm
              INTCON2bits   0x000ff1       data     extern C:\MCC18\src\traditional\proc\p18F67J60.asm
               INTCONbits   0x000ff2       data     extern C:\MCC18\src\traditional\proc\p18F67J60.asm
                   INTCON   0x000ff2       data     extern C:\MCC18\src\traditional\proc\p18F67J60.asm
                    PRODL   0x000ff3       data     extern C:\MCC18\src\traditional\proc\p18F67J60.asm
                     PROD   0x000ff3       data     extern C:\MCC18\src\traditional\proc\p18F67J60.asm
                    PRODH   0x000ff4       data     extern C:\MCC18\src\traditional\proc\p18F67J60.asm
                   TABLAT   0x000ff5       data     extern C:\MCC18\src\traditional\proc\p18F67J60.asm
                   TBLPTR   0x000ff6       data     extern C:\MCC18\src\traditional\proc\p18F67J60.asm
                  TBLPTRL   0x000ff6       data     extern C:\MCC18\src\traditional\proc\p18F67J60.asm
                  TBLPTRH   0x000ff7       data     extern C:\MCC18\src\traditional\proc\p18F67J60.asm
                  TBLPTRU   0x000ff8       data     extern C:\MCC18\src\traditional\proc\p18F67J60.asm
                      PCL   0x000ff9       data     extern C:\MCC18\src\traditional\proc\p18F67J60.asm
                       PC   0x000ff9       data     extern C:\MCC18\src\traditional\proc\p18F67J60.asm
                   PCLATH   0x000ffa       data     extern C:\MCC18\src\traditional\proc\p18F67J60.asm
                   PCLATU   0x000ffb       data     extern C:\MCC18\src\traditional\proc\p18F67J60.asm
               STKPTRbits   0x000ffc       data     extern C:\MCC18\src\traditional\proc\p18F67J60.asm
                   STKPTR   0x000ffc       data     extern C:\MCC18\src\traditional\proc\p18F67J60.asm
                     TOSL   0x000ffd       data     extern C:\MCC18\src\traditional\proc\p18F67J60.asm
                      TOS   0x000ffd       data     extern C:\MCC18\src\traditional\proc\p18F67J60.asm
                     TOSH   0x000ffe       data     extern C:\MCC18\src\traditional\proc\p18F67J60.asm
                     TOSU   0x000fff       data     extern C:\MCC18\src\traditional\proc\p18F67J60.asm


